C:[03/11/2016 10:43:38.24][172.16.4.40][1641] SELECT pre_cod_asig1,pre_cod_asig2,pre_cod_asig3,pre_cod_asig4,pre_cod_asig5,pre_cod_asig6,pre_cod_asig7 FROM tblaca009 WHERE pensum='5' AND c_uni_ca='2' AND c_asigna='300228' [1][0] OK
C:[03/11/2016 10:43:38.24][172.16.4.40][1654] SELECT c_asigna FROM dace004 WHERE exp_e='13-23638953' AND c_asigna='300101' AND status IN ('0','3','B') [1][0] OK
C:[03/11/2016 10:43:38.24][172.16.4.40][1641] SELECT pre_cod_asig1,pre_cod_asig2,pre_cod_asig3,pre_cod_asig4,pre_cod_asig5,pre_cod_asig6,pre_cod_asig7 FROM tblaca009 WHERE pensum='5' AND c_uni_ca='2' AND c_asigna='300317' [1][0] OK
C:[03/11/2016 10:43:38.24][172.16.4.40][1654] SELECT c_asigna FROM dace004 WHERE exp_e='13-23638953' AND c_asigna='300207' AND status IN ('0','3','B') [1][0] OK
C:[03/11/2016 10:43:38.24][172.16.4.40][1654] SELECT c_asigna FROM dace004 WHERE exp_e='13-23638953' AND c_asigna='300209' AND status IN ('0','3','B') [1][0] OK
C:[03/11/2016 10:43:39.87][172.16.4.40][1685] SELECT par_cod_asig1,par_cod_asig2,par_cod_asig3 FROM tblaca009 WHERE pensum='5' AND c_uni_ca='2' AND c_asigna='300228' [1][0] OK
C:[03/11/2016 10:43:39.87][172.16.4.40][1685] SELECT par_cod_asig1,par_cod_asig2,par_cod_asig3 FROM tblaca009 WHERE pensum='5' AND c_uni_ca='2' AND c_asigna='300317' [1][0] OK
C:[03/11/2016 10:43:39.14][172.16.4.40][1815] SELECT horas_lab FROM tblaca008 WHERE c_asigna='300228' AND horas_teoricas > 0 [1][0] OK
C:[03/11/2016 10:43:39.14][172.16.4.40][1815] SELECT horas_lab FROM tblaca008 WHERE c_asigna='300317' AND horas_teoricas > 0 [1][0] OK
C:[03/11/2016 10:48:17.20][172.16.4.40][1445] SELECT pre_cod_asig1,pre_cod_asig2,pre_cod_asig3,pre_cod_asig4,pre_cod_asig5,pre_cod_asig6,pre_cod_asig7 FROM tblaca009 WHERE pensum='5' AND c_uni_ca='2' AND c_asigna='300228' [1][0] OK
C:[03/11/2016 10:48:17.20][172.16.4.40][1458] SELECT c_asigna FROM dace004 WHERE exp_e='13-23638953' AND c_asigna='300101' AND status IN ('0','3','B') [1][0] OK
C:[03/11/2016 10:48:17.20][172.16.4.40][1445] SELECT pre_cod_asig1,pre_cod_asig2,pre_cod_asig3,pre_cod_asig4,pre_cod_asig5,pre_cod_asig6,pre_cod_asig7 FROM tblaca009 WHERE pensum='5' AND c_uni_ca='2' AND c_asigna='300317' [1][0] OK
C:[03/11/2016 10:48:17.20][172.16.4.40][1458] SELECT c_asigna FROM dace004 WHERE exp_e='13-23638953' AND c_asigna='300207' AND status IN ('0','3','B') [1][0] OK
C:[03/11/2016 10:48:17.20][172.16.4.40][1458] SELECT c_asigna FROM dace004 WHERE exp_e='13-23638953' AND c_asigna='300209' AND status IN ('0','3','B') [1][0] OK
C:[03/11/2016 10:48:17.83][172.16.4.40][1489] SELECT par_cod_asig1,par_cod_asig2,par_cod_asig3 FROM tblaca009 WHERE pensum='5' AND c_uni_ca='2' AND c_asigna='300228' [1][0] OK
C:[03/11/2016 10:48:17.83][172.16.4.40][1489] SELECT par_cod_asig1,par_cod_asig2,par_cod_asig3 FROM tblaca009 WHERE pensum='5' AND c_uni_ca='2' AND c_asigna='300317' [1][0] OK
C:[03/11/2016 10:48:17.10][172.16.4.40][1619] SELECT horas_lab FROM tblaca008 WHERE c_asigna='300228' AND horas_teoricas > 0 [1][0] OK
C:[03/11/2016 10:48:17.10][172.16.4.40][1619] SELECT horas_lab FROM tblaca008 WHERE c_asigna='300317' AND horas_teoricas > 0 [1][0] OK
C:[03/11/2016 10:50:07.16][172.16.4.40][1445] SELECT pre_cod_asig1,pre_cod_asig2,pre_cod_asig3,pre_cod_asig4,pre_cod_asig5,pre_cod_asig6,pre_cod_asig7 FROM tblaca009 WHERE pensum='5' AND c_uni_ca='2' AND c_asigna='300228' [1][0] OK
C:[03/11/2016 10:50:07.16][172.16.4.40][1458] SELECT c_asigna FROM dace004 WHERE exp_e='13-23638953' AND c_asigna='300101' AND status IN ('0','3','B') [1][0] OK
C:[03/11/2016 10:50:07.16][172.16.4.40][1445] SELECT pre_cod_asig1,pre_cod_asig2,pre_cod_asig3,pre_cod_asig4,pre_cod_asig5,pre_cod_asig6,pre_cod_asig7 FROM tblaca009 WHERE pensum='5' AND c_uni_ca='2' AND c_asigna='300317' [1][0] OK
C:[03/11/2016 10:50:07.16][172.16.4.40][1458] SELECT c_asigna FROM dace004 WHERE exp_e='13-23638953' AND c_asigna='300207' AND status IN ('0','3','B') [1][0] OK
C:[03/11/2016 10:50:07.16][172.16.4.40][1458] SELECT c_asigna FROM dace004 WHERE exp_e='13-23638953' AND c_asigna='300209' AND status IN ('0','3','B') [1][0] OK
C:[03/11/2016 10:50:07.79][172.16.4.40][1489] SELECT par_cod_asig1,par_cod_asig2,par_cod_asig3 FROM tblaca009 WHERE pensum='5' AND c_uni_ca='2' AND c_asigna='300228' [1][0] OK
C:[03/11/2016 10:50:07.79][172.16.4.40][1489] SELECT par_cod_asig1,par_cod_asig2,par_cod_asig3 FROM tblaca009 WHERE pensum='5' AND c_uni_ca='2' AND c_asigna='300317' [1][0] OK
C:[03/11/2016 10:50:07.05][172.16.4.40][1619] SELECT horas_lab FROM tblaca008 WHERE c_asigna='300228' AND horas_teoricas > 0 [1][0] OK
C:[03/11/2016 10:50:07.05][172.16.4.40][1619] SELECT horas_lab FROM tblaca008 WHERE c_asigna='300317' AND horas_teoricas > 0 [1][0] OK
C:[03/11/2016 10:54:54.74][172.16.4.40][1446] SELECT pre_cod_asig1,pre_cod_asig2,pre_cod_asig3,pre_cod_asig4,pre_cod_asig5,pre_cod_asig6,pre_cod_asig7 FROM tblaca009 WHERE pensum='5' AND c_uni_ca='2' AND c_asigna='300228' [1][0] OK
C:[03/11/2016 10:54:54.74][172.16.4.40][1459] SELECT c_asigna FROM dace004 WHERE exp_e='13-23638953' AND c_asigna='300101' AND status IN ('0','3','B') [1][0] OK
C:[03/11/2016 10:54:54.74][172.16.4.40][1446] SELECT pre_cod_asig1,pre_cod_asig2,pre_cod_asig3,pre_cod_asig4,pre_cod_asig5,pre_cod_asig6,pre_cod_asig7 FROM tblaca009 WHERE pensum='5' AND c_uni_ca='2' AND c_asigna='300317' [1][0] OK
C:[03/11/2016 10:54:54.74][172.16.4.40][1459] SELECT c_asigna FROM dace004 WHERE exp_e='13-23638953' AND c_asigna='300207' AND status IN ('0','3','B') [1][0] OK
C:[03/11/2016 10:54:54.74][172.16.4.40][1459] SELECT c_asigna FROM dace004 WHERE exp_e='13-23638953' AND c_asigna='300209' AND status IN ('0','3','B') [1][0] OK
C:[03/11/2016 10:54:54.37][172.16.4.40][1490] SELECT par_cod_asig1,par_cod_asig2,par_cod_asig3 FROM tblaca009 WHERE pensum='5' AND c_uni_ca='2' AND c_asigna='300228' [1][0] OK
C:[03/11/2016 10:54:54.37][172.16.4.40][1490] SELECT par_cod_asig1,par_cod_asig2,par_cod_asig3 FROM tblaca009 WHERE pensum='5' AND c_uni_ca='2' AND c_asigna='300317' [1][0] OK
C:[03/11/2016 10:54:54.64][172.16.4.40][1620] SELECT horas_lab FROM tblaca008 WHERE c_asigna='300228' AND horas_teoricas > 0 [1][0] OK
C:[03/11/2016 10:54:54.64][172.16.4.40][1620] SELECT horas_lab FROM tblaca008 WHERE c_asigna='300317' AND horas_teoricas > 0 [1][0] OK
C:[03/11/2016 11:10:34.42][172.16.4.40][1357] SELECT pre_cod_asig1,pre_cod_asig2,pre_cod_asig3,pre_cod_asig4,pre_cod_asig5,pre_cod_asig6,pre_cod_asig7 FROM tblaca009 WHERE pensum='5' AND c_uni_ca='2' AND c_asigna='300228' [1][0] OK
C:[03/11/2016 11:10:34.42][172.16.4.40][1370] SELECT c_asigna FROM dace004 WHERE exp_e='13-23638953' AND c_asigna='300101' AND status IN ('0','3','B') [1][0] OK
C:[03/11/2016 11:10:34.42][172.16.4.40][1357] SELECT pre_cod_asig1,pre_cod_asig2,pre_cod_asig3,pre_cod_asig4,pre_cod_asig5,pre_cod_asig6,pre_cod_asig7 FROM tblaca009 WHERE pensum='5' AND c_uni_ca='2' AND c_asigna='300317' [1][0] OK
C:[03/11/2016 11:10:34.42][172.16.4.40][1370] SELECT c_asigna FROM dace004 WHERE exp_e='13-23638953' AND c_asigna='300207' AND status IN ('0','3','B') [1][0] OK
C:[03/11/2016 11:10:34.42][172.16.4.40][1370] SELECT c_asigna FROM dace004 WHERE exp_e='13-23638953' AND c_asigna='300209' AND status IN ('0','3','B') [1][0] OK
C:[03/11/2016 11:10:34.61][172.16.4.40][1401] SELECT par_cod_asig1,par_cod_asig2,par_cod_asig3 FROM tblaca009 WHERE pensum='5' AND c_uni_ca='2' AND c_asigna='300228' [1][0] OK
C:[03/11/2016 11:10:34.61][172.16.4.40][1401] SELECT par_cod_asig1,par_cod_asig2,par_cod_asig3 FROM tblaca009 WHERE pensum='5' AND c_uni_ca='2' AND c_asigna='300317' [1][0] OK
C:[03/11/2016 11:10:34.89][172.16.4.40][1531] SELECT horas_lab FROM tblaca008 WHERE c_asigna='300228' AND horas_teoricas > 0 [1][0] OK
C:[03/11/2016 11:10:34.89][172.16.4.40][1531] SELECT horas_lab FROM tblaca008 WHERE c_asigna='300317' AND horas_teoricas > 0 [1][0] OK
C:[03/11/2016 11:14:10.91][172.16.4.40][1358] SELECT pre_cod_asig1,pre_cod_asig2,pre_cod_asig3,pre_cod_asig4,pre_cod_asig5,pre_cod_asig6,pre_cod_asig7 FROM tblaca009 WHERE pensum='5' AND c_uni_ca='2' AND c_asigna='300228' [1][0] OK
C:[03/11/2016 11:14:10.91][172.16.4.40][1371] SELECT c_asigna FROM dace004 WHERE exp_e='13-23638953' AND c_asigna='300101' AND status IN ('0','3','B') [1][0] OK
C:[03/11/2016 11:14:10.91][172.16.4.40][1358] SELECT pre_cod_asig1,pre_cod_asig2,pre_cod_asig3,pre_cod_asig4,pre_cod_asig5,pre_cod_asig6,pre_cod_asig7 FROM tblaca009 WHERE pensum='5' AND c_uni_ca='2' AND c_asigna='300317' [1][0] OK
C:[03/11/2016 11:14:10.91][172.16.4.40][1371] SELECT c_asigna FROM dace004 WHERE exp_e='13-23638953' AND c_asigna='300207' AND status IN ('0','3','B') [1][0] OK
C:[03/11/2016 11:14:10.91][172.16.4.40][1371] SELECT c_asigna FROM dace004 WHERE exp_e='13-23638953' AND c_asigna='300209' AND status IN ('0','3','B') [1][0] OK
C:[03/11/2016 11:14:10.53][172.16.4.40][1402] SELECT par_cod_asig1,par_cod_asig2,par_cod_asig3 FROM tblaca009 WHERE pensum='5' AND c_uni_ca='2' AND c_asigna='300228' [1][0] OK
C:[03/11/2016 11:14:10.53][172.16.4.40][1402] SELECT par_cod_asig1,par_cod_asig2,par_cod_asig3 FROM tblaca009 WHERE pensum='5' AND c_uni_ca='2' AND c_asigna='300317' [1][0] OK
C:[03/11/2016 11:14:10.81][172.16.4.40][1532] SELECT horas_lab FROM tblaca008 WHERE c_asigna='300228' AND horas_teoricas > 0 [1][0] OK
C:[03/11/2016 11:14:10.81][172.16.4.40][1532] SELECT horas_lab FROM tblaca008 WHERE c_asigna='300317' AND horas_teoricas > 0 [1][0] OK
C:[03/11/2016 11:17:02.92][172.16.4.40][1357] SELECT pre_cod_asig1,pre_cod_asig2,pre_cod_asig3,pre_cod_asig4,pre_cod_asig5,pre_cod_asig6,pre_cod_asig7 FROM tblaca009 WHERE pensum='5' AND c_uni_ca='2' AND c_asigna='300228' [1][0] OK
C:[03/11/2016 11:17:02.92][172.16.4.40][1370] SELECT c_asigna FROM dace004 WHERE exp_e='13-23638953' AND c_asigna='300101' AND status IN ('0','3','B') [1][0] OK
C:[03/11/2016 11:17:02.92][172.16.4.40][1357] SELECT pre_cod_asig1,pre_cod_asig2,pre_cod_asig3,pre_cod_asig4,pre_cod_asig5,pre_cod_asig6,pre_cod_asig7 FROM tblaca009 WHERE pensum='5' AND c_uni_ca='2' AND c_asigna='300317' [1][0] OK
C:[03/11/2016 11:17:02.92][172.16.4.40][1370] SELECT c_asigna FROM dace004 WHERE exp_e='13-23638953' AND c_asigna='300207' AND status IN ('0','3','B') [1][0] OK
C:[03/11/2016 11:17:02.92][172.16.4.40][1370] SELECT c_asigna FROM dace004 WHERE exp_e='13-23638953' AND c_asigna='300209' AND status IN ('0','3','B') [1][0] OK
C:[03/11/2016 11:17:02.54][172.16.4.40][1401] SELECT par_cod_asig1,par_cod_asig2,par_cod_asig3 FROM tblaca009 WHERE pensum='5' AND c_uni_ca='2' AND c_asigna='300228' [1][0] OK
C:[03/11/2016 11:17:02.54][172.16.4.40][1401] SELECT par_cod_asig1,par_cod_asig2,par_cod_asig3 FROM tblaca009 WHERE pensum='5' AND c_uni_ca='2' AND c_asigna='300317' [1][0] OK
C:[03/11/2016 11:17:02.81][172.16.4.40][1531] SELECT horas_lab FROM tblaca008 WHERE c_asigna='300228' AND horas_teoricas > 0 [1][0] OK
C:[03/11/2016 11:17:02.81][172.16.4.40][1531] SELECT horas_lab FROM tblaca008 WHERE c_asigna='300317' AND horas_teoricas > 0 [1][0] OK
C:[03/11/2016 11:35:42.08][172.16.4.40][1363] SELECT pre_cod_asig1,pre_cod_asig2,pre_cod_asig3,pre_cod_asig4,pre_cod_asig5,pre_cod_asig6,pre_cod_asig7 FROM tblaca009 WHERE pensum='5' AND c_uni_ca='2' AND c_asigna='300228' [1][0] OK
C:[03/11/2016 11:35:42.08][172.16.4.40][1376] SELECT c_asigna FROM dace004 WHERE exp_e='13-23638953' AND c_asigna='300101' AND status IN ('0','3','B') [1][0] OK
C:[03/11/2016 11:35:42.08][172.16.4.40][1363] SELECT pre_cod_asig1,pre_cod_asig2,pre_cod_asig3,pre_cod_asig4,pre_cod_asig5,pre_cod_asig6,pre_cod_asig7 FROM tblaca009 WHERE pensum='5' AND c_uni_ca='2' AND c_asigna='300317' [1][0] OK
C:[03/11/2016 11:35:42.08][172.16.4.40][1376] SELECT c_asigna FROM dace004 WHERE exp_e='13-23638953' AND c_asigna='300207' AND status IN ('0','3','B') [1][0] OK
C:[03/11/2016 11:35:42.08][172.16.4.40][1376] SELECT c_asigna FROM dace004 WHERE exp_e='13-23638953' AND c_asigna='300209' AND status IN ('0','3','B') [1][0] OK
C:[03/11/2016 11:35:42.70][172.16.4.40][1407] SELECT par_cod_asig1,par_cod_asig2,par_cod_asig3 FROM tblaca009 WHERE pensum='5' AND c_uni_ca='2' AND c_asigna='300228' [1][0] OK
C:[03/11/2016 11:35:42.70][172.16.4.40][1407] SELECT par_cod_asig1,par_cod_asig2,par_cod_asig3 FROM tblaca009 WHERE pensum='5' AND c_uni_ca='2' AND c_asigna='300317' [1][0] OK
C:[03/11/2016 11:35:42.99][172.16.4.40][1537] SELECT horas_lab FROM tblaca008 WHERE c_asigna='300228' AND horas_teoricas > 0 [1][0] OK
C:[03/11/2016 11:35:42.99][172.16.4.40][1537] SELECT horas_lab FROM tblaca008 WHERE c_asigna='300317' AND horas_teoricas > 0 [1][0] OK
C:[03/11/2016 11:36:05.76][172.16.4.40][1363] SELECT pre_cod_asig1,pre_cod_asig2,pre_cod_asig3,pre_cod_asig4,pre_cod_asig5,pre_cod_asig6,pre_cod_asig7 FROM tblaca009 WHERE pensum='5' AND c_uni_ca='2' AND c_asigna='300228' [1][0] OK
C:[03/11/2016 11:36:05.76][172.16.4.40][1376] SELECT c_asigna FROM dace004 WHERE exp_e='13-23638953' AND c_asigna='300101' AND status IN ('0','3','B') [1][0] OK
C:[03/11/2016 11:36:05.76][172.16.4.40][1363] SELECT pre_cod_asig1,pre_cod_asig2,pre_cod_asig3,pre_cod_asig4,pre_cod_asig5,pre_cod_asig6,pre_cod_asig7 FROM tblaca009 WHERE pensum='5' AND c_uni_ca='2' AND c_asigna='300317' [1][0] OK
C:[03/11/2016 11:36:05.76][172.16.4.40][1376] SELECT c_asigna FROM dace004 WHERE exp_e='13-23638953' AND c_asigna='300207' AND status IN ('0','3','B') [1][0] OK
C:[03/11/2016 11:36:05.76][172.16.4.40][1376] SELECT c_asigna FROM dace004 WHERE exp_e='13-23638953' AND c_asigna='300209' AND status IN ('0','3','B') [1][0] OK
C:[03/11/2016 11:36:05.38][172.16.4.40][1407] SELECT par_cod_asig1,par_cod_asig2,par_cod_asig3 FROM tblaca009 WHERE pensum='5' AND c_uni_ca='2' AND c_asigna='300228' [1][0] OK
C:[03/11/2016 11:36:05.38][172.16.4.40][1407] SELECT par_cod_asig1,par_cod_asig2,par_cod_asig3 FROM tblaca009 WHERE pensum='5' AND c_uni_ca='2' AND c_asigna='300317' [1][0] OK
C:[03/11/2016 11:36:05.64][172.16.4.40][1537] SELECT horas_lab FROM tblaca008 WHERE c_asigna='300228' AND horas_teoricas > 0 [1][0] OK
C:[03/11/2016 11:36:05.64][172.16.4.40][1537] SELECT horas_lab FROM tblaca008 WHERE c_asigna='300317' AND horas_teoricas > 0 [1][0] OK
C:[03/11/2016 11:36:51.75][172.16.4.40][1365] SELECT pre_cod_asig1,pre_cod_asig2,pre_cod_asig3,pre_cod_asig4,pre_cod_asig5,pre_cod_asig6,pre_cod_asig7 FROM tblaca009 WHERE pensum='5' AND c_uni_ca='2' AND c_asigna='300228' [1][0] OK
C:[03/11/2016 11:36:51.75][172.16.4.40][1378] SELECT c_asigna FROM dace004 WHERE exp_e='13-23638953' AND c_asigna='300101' AND status IN ('0','3','B') [1][0] OK
C:[03/11/2016 11:36:51.75][172.16.4.40][1365] SELECT pre_cod_asig1,pre_cod_asig2,pre_cod_asig3,pre_cod_asig4,pre_cod_asig5,pre_cod_asig6,pre_cod_asig7 FROM tblaca009 WHERE pensum='5' AND c_uni_ca='2' AND c_asigna='300317' [1][0] OK
C:[03/11/2016 11:36:51.75][172.16.4.40][1378] SELECT c_asigna FROM dace004 WHERE exp_e='13-23638953' AND c_asigna='300207' AND status IN ('0','3','B') [1][0] OK
C:[03/11/2016 11:36:51.75][172.16.4.40][1378] SELECT c_asigna FROM dace004 WHERE exp_e='13-23638953' AND c_asigna='300209' AND status IN ('0','3','B') [1][0] OK
C:[03/11/2016 11:36:52.44][172.16.4.40][1409] SELECT par_cod_asig1,par_cod_asig2,par_cod_asig3 FROM tblaca009 WHERE pensum='5' AND c_uni_ca='2' AND c_asigna='300228' [1][0] OK
C:[03/11/2016 11:36:52.44][172.16.4.40][1409] SELECT par_cod_asig1,par_cod_asig2,par_cod_asig3 FROM tblaca009 WHERE pensum='5' AND c_uni_ca='2' AND c_asigna='300317' [1][0] OK
C:[03/11/2016 11:36:52.26][172.16.4.40][1539] SELECT horas_lab FROM tblaca008 WHERE c_asigna='300228' AND horas_teoricas > 0 [1][0] OK
C:[03/11/2016 11:36:52.26][172.16.4.40][1539] SELECT horas_lab FROM tblaca008 WHERE c_asigna='300317' AND horas_teoricas > 0 [1][0] OK
C:[03/11/2016 11:38:31.39][172.16.4.40][1365] SELECT pre_cod_asig1,pre_cod_asig2,pre_cod_asig3,pre_cod_asig4,pre_cod_asig5,pre_cod_asig6,pre_cod_asig7 FROM tblaca009 WHERE pensum='5' AND c_uni_ca='2' AND c_asigna='300228' [1][0] OK
C:[03/11/2016 11:38:31.39][172.16.4.40][1378] SELECT c_asigna FROM dace004 WHERE exp_e='13-23638953' AND c_asigna='300101' AND status IN ('0','3','B') [1][0] OK
C:[03/11/2016 11:38:31.39][172.16.4.40][1365] SELECT pre_cod_asig1,pre_cod_asig2,pre_cod_asig3,pre_cod_asig4,pre_cod_asig5,pre_cod_asig6,pre_cod_asig7 FROM tblaca009 WHERE pensum='5' AND c_uni_ca='2' AND c_asigna='300317' [1][0] OK
C:[03/11/2016 11:38:31.39][172.16.4.40][1378] SELECT c_asigna FROM dace004 WHERE exp_e='13-23638953' AND c_asigna='300207' AND status IN ('0','3','B') [1][0] OK
C:[03/11/2016 11:38:31.39][172.16.4.40][1378] SELECT c_asigna FROM dace004 WHERE exp_e='13-23638953' AND c_asigna='300209' AND status IN ('0','3','B') [1][0] OK
C:[03/11/2016 11:38:31.01][172.16.4.40][1409] SELECT par_cod_asig1,par_cod_asig2,par_cod_asig3 FROM tblaca009 WHERE pensum='5' AND c_uni_ca='2' AND c_asigna='300228' [1][0] OK
C:[03/11/2016 11:38:31.01][172.16.4.40][1409] SELECT par_cod_asig1,par_cod_asig2,par_cod_asig3 FROM tblaca009 WHERE pensum='5' AND c_uni_ca='2' AND c_asigna='300317' [1][0] OK
C:[03/11/2016 11:38:31.27][172.16.4.40][1539] SELECT horas_lab FROM tblaca008 WHERE c_asigna='300228' AND horas_teoricas > 0 [1][0] OK
C:[03/11/2016 11:38:31.27][172.16.4.40][1539] SELECT horas_lab FROM tblaca008 WHERE c_asigna='300317' AND horas_teoricas > 0 [1][0] OK
C:[03/11/2016 11:38:56.55][172.16.4.40][1365] SELECT pre_cod_asig1,pre_cod_asig2,pre_cod_asig3,pre_cod_asig4,pre_cod_asig5,pre_cod_asig6,pre_cod_asig7 FROM tblaca009 WHERE pensum='5' AND c_uni_ca='2' AND c_asigna='300228' [1][0] OK
C:[03/11/2016 11:38:56.55][172.16.4.40][1378] SELECT c_asigna FROM dace004 WHERE exp_e='13-23638953' AND c_asigna='300101' AND status IN ('0','3','B') [1][0] OK
C:[03/11/2016 11:38:56.55][172.16.4.40][1365] SELECT pre_cod_asig1,pre_cod_asig2,pre_cod_asig3,pre_cod_asig4,pre_cod_asig5,pre_cod_asig6,pre_cod_asig7 FROM tblaca009 WHERE pensum='5' AND c_uni_ca='2' AND c_asigna='300317' [1][0] OK
C:[03/11/2016 11:38:56.55][172.16.4.40][1378] SELECT c_asigna FROM dace004 WHERE exp_e='13-23638953' AND c_asigna='300207' AND status IN ('0','3','B') [1][0] OK
C:[03/11/2016 11:38:56.55][172.16.4.40][1378] SELECT c_asigna FROM dace004 WHERE exp_e='13-23638953' AND c_asigna='300209' AND status IN ('0','3','B') [1][0] OK
C:[03/11/2016 11:38:56.16][172.16.4.40][1409] SELECT par_cod_asig1,par_cod_asig2,par_cod_asig3 FROM tblaca009 WHERE pensum='5' AND c_uni_ca='2' AND c_asigna='300228' [1][0] OK
C:[03/11/2016 11:38:56.16][172.16.4.40][1409] SELECT par_cod_asig1,par_cod_asig2,par_cod_asig3 FROM tblaca009 WHERE pensum='5' AND c_uni_ca='2' AND c_asigna='300317' [1][0] OK
C:[03/11/2016 11:38:56.44][172.16.4.40][1539] SELECT horas_lab FROM tblaca008 WHERE c_asigna='300228' AND horas_teoricas > 0 [1][0] OK
C:[03/11/2016 11:38:56.44][172.16.4.40][1539] SELECT horas_lab FROM tblaca008 WHERE c_asigna='300317' AND horas_teoricas > 0 [1][0] OK
C:[03/11/2016 11:40:21.83][172.16.4.40][1365] SELECT pre_cod_asig1,pre_cod_asig2,pre_cod_asig3,pre_cod_asig4,pre_cod_asig5,pre_cod_asig6,pre_cod_asig7 FROM tblaca009 WHERE pensum='5' AND c_uni_ca='2' AND c_asigna='300228' [1][0] OK
C:[03/11/2016 11:40:21.83][172.16.4.40][1378] SELECT c_asigna FROM dace004 WHERE exp_e='13-23638953' AND c_asigna='300101' AND status IN ('0','3','B') [1][0] OK
C:[03/11/2016 11:40:21.83][172.16.4.40][1365] SELECT pre_cod_asig1,pre_cod_asig2,pre_cod_asig3,pre_cod_asig4,pre_cod_asig5,pre_cod_asig6,pre_cod_asig7 FROM tblaca009 WHERE pensum='5' AND c_uni_ca='2' AND c_asigna='300317' [1][0] OK
C:[03/11/2016 11:40:21.83][172.16.4.40][1378] SELECT c_asigna FROM dace004 WHERE exp_e='13-23638953' AND c_asigna='300207' AND status IN ('0','3','B') [1][0] OK
C:[03/11/2016 11:40:21.83][172.16.4.40][1378] SELECT c_asigna FROM dace004 WHERE exp_e='13-23638953' AND c_asigna='300209' AND status IN ('0','3','B') [1][0] OK
C:[03/11/2016 11:40:22.46][172.16.4.40][1409] SELECT par_cod_asig1,par_cod_asig2,par_cod_asig3 FROM tblaca009 WHERE pensum='5' AND c_uni_ca='2' AND c_asigna='300228' [1][0] OK
C:[03/11/2016 11:40:22.46][172.16.4.40][1409] SELECT par_cod_asig1,par_cod_asig2,par_cod_asig3 FROM tblaca009 WHERE pensum='5' AND c_uni_ca='2' AND c_asigna='300317' [1][0] OK
C:[03/11/2016 11:40:22.73][172.16.4.40][1539] SELECT horas_lab FROM tblaca008 WHERE c_asigna='300228' AND horas_teoricas > 0 [1][0] OK
C:[03/11/2016 11:40:22.73][172.16.4.40][1539] SELECT horas_lab FROM tblaca008 WHERE c_asigna='300317' AND horas_teoricas > 0 [1][0] OK
C:[03/11/2016 11:44:31.91][172.16.4.40][1365] SELECT pre_cod_asig1,pre_cod_asig2,pre_cod_asig3,pre_cod_asig4,pre_cod_asig5,pre_cod_asig6,pre_cod_asig7 FROM tblaca009 WHERE pensum='5' AND c_uni_ca='4' AND c_asigna='300112' [1][0] OK
C:[03/11/2016 11:44:31.91][172.16.4.40][1365] SELECT pre_cod_asig1,pre_cod_asig2,pre_cod_asig3,pre_cod_asig4,pre_cod_asig5,pre_cod_asig6,pre_cod_asig7 FROM tblaca009 WHERE pensum='5' AND c_uni_ca='4' AND c_asigna='300113' [1][0] OK
C:[03/11/2016 11:44:31.91][172.16.4.40][1365] SELECT pre_cod_asig1,pre_cod_asig2,pre_cod_asig3,pre_cod_asig4,pre_cod_asig5,pre_cod_asig6,pre_cod_asig7 FROM tblaca009 WHERE pensum='5' AND c_uni_ca='4' AND c_asigna='300116' [1][0] OK
C:[03/11/2016 11:44:31.91][172.16.4.40][1365] SELECT pre_cod_asig1,pre_cod_asig2,pre_cod_asig3,pre_cod_asig4,pre_cod_asig5,pre_cod_asig6,pre_cod_asig7 FROM tblaca009 WHERE pensum='5' AND c_uni_ca='4' AND c_asigna='300207' [1][0] OK
C:[03/11/2016 11:44:31.91][172.16.4.40][1378] SELECT c_asigna FROM dace004 WHERE exp_e='15-26060397' AND c_asigna='300101' AND status IN ('0','3','B') [1][0] OK
C:[03/11/2016 11:44:31.91][172.16.4.40][1365] SELECT pre_cod_asig1,pre_cod_asig2,pre_cod_asig3,pre_cod_asig4,pre_cod_asig5,pre_cod_asig6,pre_cod_asig7 FROM tblaca009 WHERE pensum='5' AND c_uni_ca='4' AND c_asigna='300209' [1][0] OK
C:[03/11/2016 11:44:31.91][172.16.4.40][1378] SELECT c_asigna FROM dace004 WHERE exp_e='15-26060397' AND c_asigna='300101' AND status IN ('0','3','B') [1][0] OK
C:[03/11/2016 11:44:31.78][172.16.4.40][1409] SELECT par_cod_asig1,par_cod_asig2,par_cod_asig3 FROM tblaca009 WHERE pensum='5' AND c_uni_ca='4' AND c_asigna='300112' [1][0] OK
C:[03/11/2016 11:44:31.78][172.16.4.40][1409] SELECT par_cod_asig1,par_cod_asig2,par_cod_asig3 FROM tblaca009 WHERE pensum='5' AND c_uni_ca='4' AND c_asigna='300113' [1][0] OK
C:[03/11/2016 11:44:31.78][172.16.4.40][1423] SELECT c_asigna FROM dace004 WHERE exp_e='15-26060397' AND c_asigna='300013' AND status IN ('0','3','B','C') [1][0] OK
C:[03/11/2016 11:44:31.78][172.16.4.40][1409] SELECT par_cod_asig1,par_cod_asig2,par_cod_asig3 FROM tblaca009 WHERE pensum='5' AND c_uni_ca='4' AND c_asigna='300116' [1][0] OK
C:[03/11/2016 11:44:31.78][172.16.4.40][1409] SELECT par_cod_asig1,par_cod_asig2,par_cod_asig3 FROM tblaca009 WHERE pensum='5' AND c_uni_ca='4' AND c_asigna='300207' [1][0] OK
C:[03/11/2016 11:44:31.78][172.16.4.40][1409] SELECT par_cod_asig1,par_cod_asig2,par_cod_asig3 FROM tblaca009 WHERE pensum='5' AND c_uni_ca='4' AND c_asigna='300209' [1][0] OK
C:[03/11/2016 11:44:31.55][172.16.4.40][1539] SELECT horas_lab FROM tblaca008 WHERE c_asigna='300112' AND horas_teoricas > 0 [1][0] OK
C:[03/11/2016 11:44:31.55][172.16.4.40][1539] SELECT horas_lab FROM tblaca008 WHERE c_asigna='300113' AND horas_teoricas > 0 [0][0] OK
C:[03/11/2016 11:44:31.55][172.16.4.40][1539] SELECT horas_lab FROM tblaca008 WHERE c_asigna='300116' AND horas_teoricas > 0 [1][0] OK
C:[03/11/2016 11:44:31.55][172.16.4.40][1539] SELECT horas_lab FROM tblaca008 WHERE c_asigna='300207' AND horas_teoricas > 0 [1][0] OK
C:[03/11/2016 11:44:31.55][172.16.4.40][1539] SELECT horas_lab FROM tblaca008 WHERE c_asigna='300209' AND horas_teoricas > 0 [1][0] OK
C:[03/11/2016 11:47:14.43][172.16.4.40][1365] SELECT pre_cod_asig1,pre_cod_asig2,pre_cod_asig3,pre_cod_asig4,pre_cod_asig5,pre_cod_asig6,pre_cod_asig7 FROM tblaca009 WHERE pensum='5' AND c_uni_ca='4' AND c_asigna='300112' [1][0] OK
C:[03/11/2016 11:47:14.43][172.16.4.40][1365] SELECT pre_cod_asig1,pre_cod_asig2,pre_cod_asig3,pre_cod_asig4,pre_cod_asig5,pre_cod_asig6,pre_cod_asig7 FROM tblaca009 WHERE pensum='5' AND c_uni_ca='4' AND c_asigna='300113' [1][0] OK
C:[03/11/2016 11:47:14.43][172.16.4.40][1365] SELECT pre_cod_asig1,pre_cod_asig2,pre_cod_asig3,pre_cod_asig4,pre_cod_asig5,pre_cod_asig6,pre_cod_asig7 FROM tblaca009 WHERE pensum='5' AND c_uni_ca='4' AND c_asigna='300116' [1][0] OK
C:[03/11/2016 11:47:14.43][172.16.4.40][1365] SELECT pre_cod_asig1,pre_cod_asig2,pre_cod_asig3,pre_cod_asig4,pre_cod_asig5,pre_cod_asig6,pre_cod_asig7 FROM tblaca009 WHERE pensum='5' AND c_uni_ca='4' AND c_asigna='300207' [1][0] OK
C:[03/11/2016 11:47:14.43][172.16.4.40][1378] SELECT c_asigna FROM dace004 WHERE exp_e='15-26060397' AND c_asigna='300101' AND status IN ('0','3','B') [1][0] OK
C:[03/11/2016 11:47:14.43][172.16.4.40][1365] SELECT pre_cod_asig1,pre_cod_asig2,pre_cod_asig3,pre_cod_asig4,pre_cod_asig5,pre_cod_asig6,pre_cod_asig7 FROM tblaca009 WHERE pensum='5' AND c_uni_ca='4' AND c_asigna='300209' [1][0] OK
C:[03/11/2016 11:47:14.43][172.16.4.40][1378] SELECT c_asigna FROM dace004 WHERE exp_e='15-26060397' AND c_asigna='300101' AND status IN ('0','3','B') [1][0] OK
C:[03/11/2016 11:47:14.30][172.16.4.40][1409] SELECT par_cod_asig1,par_cod_asig2,par_cod_asig3 FROM tblaca009 WHERE pensum='5' AND c_uni_ca='4' AND c_asigna='300112' [1][0] OK
C:[03/11/2016 11:47:14.30][172.16.4.40][1409] SELECT par_cod_asig1,par_cod_asig2,par_cod_asig3 FROM tblaca009 WHERE pensum='5' AND c_uni_ca='4' AND c_asigna='300113' [1][0] OK
C:[03/11/2016 11:47:14.30][172.16.4.40][1423] SELECT c_asigna FROM dace004 WHERE exp_e='15-26060397' AND c_asigna='300013' AND status IN ('0','3','B','C') [1][0] OK
C:[03/11/2016 11:47:14.30][172.16.4.40][1409] SELECT par_cod_asig1,par_cod_asig2,par_cod_asig3 FROM tblaca009 WHERE pensum='5' AND c_uni_ca='4' AND c_asigna='300116' [1][0] OK
C:[03/11/2016 11:47:14.30][172.16.4.40][1409] SELECT par_cod_asig1,par_cod_asig2,par_cod_asig3 FROM tblaca009 WHERE pensum='5' AND c_uni_ca='4' AND c_asigna='300207' [1][0] OK
C:[03/11/2016 11:47:14.30][172.16.4.40][1409] SELECT par_cod_asig1,par_cod_asig2,par_cod_asig3 FROM tblaca009 WHERE pensum='5' AND c_uni_ca='4' AND c_asigna='300209' [1][0] OK
C:[03/11/2016 11:47:14.08][172.16.4.40][1539] SELECT horas_lab FROM tblaca008 WHERE c_asigna='300112' AND horas_teoricas > 0 [1][0] OK
C:[03/11/2016 11:47:14.08][172.16.4.40][1539] SELECT horas_lab FROM tblaca008 WHERE c_asigna='300113' AND horas_teoricas > 0 [0][0] OK
C:[03/11/2016 11:47:14.08][172.16.4.40][1539] SELECT horas_lab FROM tblaca008 WHERE c_asigna='300116' AND horas_teoricas > 0 [1][0] OK
C:[03/11/2016 11:47:14.08][172.16.4.40][1539] SELECT horas_lab FROM tblaca008 WHERE c_asigna='300207' AND horas_teoricas > 0 [1][0] OK
C:[03/11/2016 11:47:14.08][172.16.4.40][1539] SELECT horas_lab FROM tblaca008 WHERE c_asigna='300209' AND horas_teoricas > 0 [1][0] OK
C:[03/11/2016 11:51:17.66][172.16.4.40][1373] SELECT pre_cod_asig1,pre_cod_asig2,pre_cod_asig3,pre_cod_asig4,pre_cod_asig5,pre_cod_asig6,pre_cod_asig7 FROM tblaca009 WHERE pensum='5' AND c_uni_ca='4' AND c_asigna='300112' [1][0] OK
C:[03/11/2016 11:51:17.66][172.16.4.40][1373] SELECT pre_cod_asig1,pre_cod_asig2,pre_cod_asig3,pre_cod_asig4,pre_cod_asig5,pre_cod_asig6,pre_cod_asig7 FROM tblaca009 WHERE pensum='5' AND c_uni_ca='4' AND c_asigna='300113' [1][0] OK
C:[03/11/2016 11:51:17.66][172.16.4.40][1373] SELECT pre_cod_asig1,pre_cod_asig2,pre_cod_asig3,pre_cod_asig4,pre_cod_asig5,pre_cod_asig6,pre_cod_asig7 FROM tblaca009 WHERE pensum='5' AND c_uni_ca='4' AND c_asigna='300116' [1][0] OK
C:[03/11/2016 11:51:17.66][172.16.4.40][1373] SELECT pre_cod_asig1,pre_cod_asig2,pre_cod_asig3,pre_cod_asig4,pre_cod_asig5,pre_cod_asig6,pre_cod_asig7 FROM tblaca009 WHERE pensum='5' AND c_uni_ca='4' AND c_asigna='300207' [1][0] OK
C:[03/11/2016 11:51:17.66][172.16.4.40][1386] SELECT c_asigna FROM dace004 WHERE exp_e='15-26060397' AND c_asigna='300101' AND status IN ('0','3','B') [1][0] OK
C:[03/11/2016 11:51:17.66][172.16.4.40][1373] SELECT pre_cod_asig1,pre_cod_asig2,pre_cod_asig3,pre_cod_asig4,pre_cod_asig5,pre_cod_asig6,pre_cod_asig7 FROM tblaca009 WHERE pensum='5' AND c_uni_ca='4' AND c_asigna='300209' [1][0] OK
C:[03/11/2016 11:51:17.66][172.16.4.40][1386] SELECT c_asigna FROM dace004 WHERE exp_e='15-26060397' AND c_asigna='300101' AND status IN ('0','3','B') [1][0] OK
C:[03/11/2016 11:51:18.53][172.16.4.40][1417] SELECT par_cod_asig1,par_cod_asig2,par_cod_asig3 FROM tblaca009 WHERE pensum='5' AND c_uni_ca='4' AND c_asigna='300112' [1][0] OK
C:[03/11/2016 11:51:18.53][172.16.4.40][1417] SELECT par_cod_asig1,par_cod_asig2,par_cod_asig3 FROM tblaca009 WHERE pensum='5' AND c_uni_ca='4' AND c_asigna='300113' [1][0] OK
C:[03/11/2016 11:51:18.53][172.16.4.40][1431] SELECT c_asigna FROM dace004 WHERE exp_e='15-26060397' AND c_asigna='300013' AND status IN ('0','3','B','C') [1][0] OK
C:[03/11/2016 11:51:18.53][172.16.4.40][1417] SELECT par_cod_asig1,par_cod_asig2,par_cod_asig3 FROM tblaca009 WHERE pensum='5' AND c_uni_ca='4' AND c_asigna='300116' [1][0] OK
C:[03/11/2016 11:51:18.53][172.16.4.40][1417] SELECT par_cod_asig1,par_cod_asig2,par_cod_asig3 FROM tblaca009 WHERE pensum='5' AND c_uni_ca='4' AND c_asigna='300207' [1][0] OK
C:[03/11/2016 11:51:18.53][172.16.4.40][1417] SELECT par_cod_asig1,par_cod_asig2,par_cod_asig3 FROM tblaca009 WHERE pensum='5' AND c_uni_ca='4' AND c_asigna='300209' [1][0] OK
C:[03/11/2016 11:51:18.31][172.16.4.40][1547] SELECT horas_lab FROM tblaca008 WHERE c_asigna='300112' AND horas_teoricas > 0 [1][0] OK
C:[03/11/2016 11:51:18.31][172.16.4.40][1547] SELECT horas_lab FROM tblaca008 WHERE c_asigna='300113' AND horas_teoricas > 0 [0][0] OK
C:[03/11/2016 11:51:18.31][172.16.4.40][1547] SELECT horas_lab FROM tblaca008 WHERE c_asigna='300116' AND horas_teoricas > 0 [1][0] OK
C:[03/11/2016 11:51:18.31][172.16.4.40][1547] SELECT horas_lab FROM tblaca008 WHERE c_asigna='300207' AND horas_teoricas > 0 [1][0] OK
C:[03/11/2016 11:51:18.31][172.16.4.40][1547] SELECT horas_lab FROM tblaca008 WHERE c_asigna='300209' AND horas_teoricas > 0 [1][0] OK
C:[03/11/2016 11:51:53.99][172.16.4.40][1373] SELECT pre_cod_asig1,pre_cod_asig2,pre_cod_asig3,pre_cod_asig4,pre_cod_asig5,pre_cod_asig6,pre_cod_asig7 FROM tblaca009 WHERE pensum='5' AND c_uni_ca='4' AND c_asigna='300112' [1][0] OK
C:[03/11/2016 11:51:53.99][172.16.4.40][1373] SELECT pre_cod_asig1,pre_cod_asig2,pre_cod_asig3,pre_cod_asig4,pre_cod_asig5,pre_cod_asig6,pre_cod_asig7 FROM tblaca009 WHERE pensum='5' AND c_uni_ca='4' AND c_asigna='300113' [1][0] OK
C:[03/11/2016 11:51:53.99][172.16.4.40][1373] SELECT pre_cod_asig1,pre_cod_asig2,pre_cod_asig3,pre_cod_asig4,pre_cod_asig5,pre_cod_asig6,pre_cod_asig7 FROM tblaca009 WHERE pensum='5' AND c_uni_ca='4' AND c_asigna='300116' [1][0] OK
C:[03/11/2016 11:51:53.99][172.16.4.40][1373] SELECT pre_cod_asig1,pre_cod_asig2,pre_cod_asig3,pre_cod_asig4,pre_cod_asig5,pre_cod_asig6,pre_cod_asig7 FROM tblaca009 WHERE pensum='5' AND c_uni_ca='4' AND c_asigna='300207' [1][0] OK
C:[03/11/2016 11:51:53.99][172.16.4.40][1386] SELECT c_asigna FROM dace004 WHERE exp_e='15-26060397' AND c_asigna='300101' AND status IN ('0','3','B') [1][0] OK
C:[03/11/2016 11:51:53.99][172.16.4.40][1373] SELECT pre_cod_asig1,pre_cod_asig2,pre_cod_asig3,pre_cod_asig4,pre_cod_asig5,pre_cod_asig6,pre_cod_asig7 FROM tblaca009 WHERE pensum='5' AND c_uni_ca='4' AND c_asigna='300209' [1][0] OK
C:[03/11/2016 11:51:53.99][172.16.4.40][1386] SELECT c_asigna FROM dace004 WHERE exp_e='15-26060397' AND c_asigna='300101' AND status IN ('0','3','B') [1][0] OK
C:[03/11/2016 11:51:53.86][172.16.4.40][1417] SELECT par_cod_asig1,par_cod_asig2,par_cod_asig3 FROM tblaca009 WHERE pensum='5' AND c_uni_ca='4' AND c_asigna='300112' [1][0] OK
C:[03/11/2016 11:51:53.86][172.16.4.40][1417] SELECT par_cod_asig1,par_cod_asig2,par_cod_asig3 FROM tblaca009 WHERE pensum='5' AND c_uni_ca='4' AND c_asigna='300113' [1][0] OK
C:[03/11/2016 11:51:53.86][172.16.4.40][1431] SELECT c_asigna FROM dace004 WHERE exp_e='15-26060397' AND c_asigna='300013' AND status IN ('0','3','B','C') [1][0] OK
C:[03/11/2016 11:51:53.86][172.16.4.40][1417] SELECT par_cod_asig1,par_cod_asig2,par_cod_asig3 FROM tblaca009 WHERE pensum='5' AND c_uni_ca='4' AND c_asigna='300116' [1][0] OK
C:[03/11/2016 11:51:53.86][172.16.4.40][1417] SELECT par_cod_asig1,par_cod_asig2,par_cod_asig3 FROM tblaca009 WHERE pensum='5' AND c_uni_ca='4' AND c_asigna='300207' [1][0] OK
C:[03/11/2016 11:51:53.86][172.16.4.40][1417] SELECT par_cod_asig1,par_cod_asig2,par_cod_asig3 FROM tblaca009 WHERE pensum='5' AND c_uni_ca='4' AND c_asigna='300209' [1][0] OK
C:[03/11/2016 11:51:54.64][172.16.4.40][1547] SELECT horas_lab FROM tblaca008 WHERE c_asigna='300112' AND horas_teoricas > 0 [1][0] OK
C:[03/11/2016 11:51:54.64][172.16.4.40][1547] SELECT horas_lab FROM tblaca008 WHERE c_asigna='300113' AND horas_teoricas > 0 [0][0] OK
C:[03/11/2016 11:51:54.64][172.16.4.40][1547] SELECT horas_lab FROM tblaca008 WHERE c_asigna='300116' AND horas_teoricas > 0 [1][0] OK
C:[03/11/2016 11:51:54.64][172.16.4.40][1547] SELECT horas_lab FROM tblaca008 WHERE c_asigna='300207' AND horas_teoricas > 0 [1][0] OK
C:[03/11/2016 11:51:54.64][172.16.4.40][1547] SELECT horas_lab FROM tblaca008 WHERE c_asigna='300209' AND horas_teoricas > 0 [1][0] OK
C:[03/11/2016 11:52:21.38][172.16.4.40][1373] SELECT pre_cod_asig1,pre_cod_asig2,pre_cod_asig3,pre_cod_asig4,pre_cod_asig5,pre_cod_asig6,pre_cod_asig7 FROM tblaca009 WHERE pensum='5' AND c_uni_ca='4' AND c_asigna='300112' [1][0] OK
C:[03/11/2016 11:52:21.38][172.16.4.40][1373] SELECT pre_cod_asig1,pre_cod_asig2,pre_cod_asig3,pre_cod_asig4,pre_cod_asig5,pre_cod_asig6,pre_cod_asig7 FROM tblaca009 WHERE pensum='5' AND c_uni_ca='4' AND c_asigna='300113' [1][0] OK
C:[03/11/2016 11:52:21.38][172.16.4.40][1373] SELECT pre_cod_asig1,pre_cod_asig2,pre_cod_asig3,pre_cod_asig4,pre_cod_asig5,pre_cod_asig6,pre_cod_asig7 FROM tblaca009 WHERE pensum='5' AND c_uni_ca='4' AND c_asigna='300116' [1][0] OK
C:[03/11/2016 11:52:21.38][172.16.4.40][1373] SELECT pre_cod_asig1,pre_cod_asig2,pre_cod_asig3,pre_cod_asig4,pre_cod_asig5,pre_cod_asig6,pre_cod_asig7 FROM tblaca009 WHERE pensum='5' AND c_uni_ca='4' AND c_asigna='300207' [1][0] OK
C:[03/11/2016 11:52:21.38][172.16.4.40][1386] SELECT c_asigna FROM dace004 WHERE exp_e='15-26060397' AND c_asigna='300101' AND status IN ('0','3','B') [1][0] OK
C:[03/11/2016 11:52:21.38][172.16.4.40][1373] SELECT pre_cod_asig1,pre_cod_asig2,pre_cod_asig3,pre_cod_asig4,pre_cod_asig5,pre_cod_asig6,pre_cod_asig7 FROM tblaca009 WHERE pensum='5' AND c_uni_ca='4' AND c_asigna='300209' [1][0] OK
C:[03/11/2016 11:52:21.38][172.16.4.40][1386] SELECT c_asigna FROM dace004 WHERE exp_e='15-26060397' AND c_asigna='300101' AND status IN ('0','3','B') [1][0] OK
C:[03/11/2016 11:52:21.28][172.16.4.40][1417] SELECT par_cod_asig1,par_cod_asig2,par_cod_asig3 FROM tblaca009 WHERE pensum='5' AND c_uni_ca='4' AND c_asigna='300112' [1][0] OK
C:[03/11/2016 11:52:21.28][172.16.4.40][1417] SELECT par_cod_asig1,par_cod_asig2,par_cod_asig3 FROM tblaca009 WHERE pensum='5' AND c_uni_ca='4' AND c_asigna='300113' [1][0] OK
C:[03/11/2016 11:52:21.28][172.16.4.40][1431] SELECT c_asigna FROM dace004 WHERE exp_e='15-26060397' AND c_asigna='300013' AND status IN ('0','3','B','C') [1][0] OK
C:[03/11/2016 11:52:21.28][172.16.4.40][1417] SELECT par_cod_asig1,par_cod_asig2,par_cod_asig3 FROM tblaca009 WHERE pensum='5' AND c_uni_ca='4' AND c_asigna='300116' [1][0] OK
C:[03/11/2016 11:52:21.28][172.16.4.40][1417] SELECT par_cod_asig1,par_cod_asig2,par_cod_asig3 FROM tblaca009 WHERE pensum='5' AND c_uni_ca='4' AND c_asigna='300207' [1][0] OK
C:[03/11/2016 11:52:21.28][172.16.4.40][1417] SELECT par_cod_asig1,par_cod_asig2,par_cod_asig3 FROM tblaca009 WHERE pensum='5' AND c_uni_ca='4' AND c_asigna='300209' [1][0] OK
C:[03/11/2016 11:52:21.05][172.16.4.40][1547] SELECT horas_lab FROM tblaca008 WHERE c_asigna='300112' AND horas_teoricas > 0 [1][0] OK
C:[03/11/2016 11:52:21.05][172.16.4.40][1547] SELECT horas_lab FROM tblaca008 WHERE c_asigna='300113' AND horas_teoricas > 0 [0][0] OK
C:[03/11/2016 11:52:21.05][172.16.4.40][1547] SELECT horas_lab FROM tblaca008 WHERE c_asigna='300116' AND horas_teoricas > 0 [1][0] OK
C:[03/11/2016 11:52:21.05][172.16.4.40][1547] SELECT horas_lab FROM tblaca008 WHERE c_asigna='300207' AND horas_teoricas > 0 [1][0] OK
C:[03/11/2016 11:52:21.05][172.16.4.40][1547] SELECT horas_lab FROM tblaca008 WHERE c_asigna='300209' AND horas_teoricas > 0 [1][0] OK
C:[03/11/2016 11:59:41.41][172.16.4.40][1394] SELECT pre_cod_asig1,pre_cod_asig2,pre_cod_asig3,pre_cod_asig4,pre_cod_asig5,pre_cod_asig6,pre_cod_asig7 FROM tblaca009 WHERE pensum='5' AND c_uni_ca='4' AND c_asigna='300112' [1][0] OK
C:[03/11/2016 11:59:41.41][172.16.4.40][1394] SELECT pre_cod_asig1,pre_cod_asig2,pre_cod_asig3,pre_cod_asig4,pre_cod_asig5,pre_cod_asig6,pre_cod_asig7 FROM tblaca009 WHERE pensum='5' AND c_uni_ca='4' AND c_asigna='300113' [1][0] OK
C:[03/11/2016 11:59:41.41][172.16.4.40][1394] SELECT pre_cod_asig1,pre_cod_asig2,pre_cod_asig3,pre_cod_asig4,pre_cod_asig5,pre_cod_asig6,pre_cod_asig7 FROM tblaca009 WHERE pensum='5' AND c_uni_ca='4' AND c_asigna='300116' [1][0] OK
C:[03/11/2016 11:59:41.41][172.16.4.40][1394] SELECT pre_cod_asig1,pre_cod_asig2,pre_cod_asig3,pre_cod_asig4,pre_cod_asig5,pre_cod_asig6,pre_cod_asig7 FROM tblaca009 WHERE pensum='5' AND c_uni_ca='4' AND c_asigna='300207' [1][0] OK
C:[03/11/2016 11:59:41.41][172.16.4.40][1407] SELECT c_asigna FROM dace004 WHERE exp_e='15-26060397' AND c_asigna='300101' AND status IN ('0','3','B') [1][0] OK
C:[03/11/2016 11:59:41.41][172.16.4.40][1394] SELECT pre_cod_asig1,pre_cod_asig2,pre_cod_asig3,pre_cod_asig4,pre_cod_asig5,pre_cod_asig6,pre_cod_asig7 FROM tblaca009 WHERE pensum='5' AND c_uni_ca='4' AND c_asigna='300209' [1][0] OK
C:[03/11/2016 11:59:41.41][172.16.4.40][1407] SELECT c_asigna FROM dace004 WHERE exp_e='15-26060397' AND c_asigna='300101' AND status IN ('0','3','B') [1][0] OK
C:[03/11/2016 11:59:42.29][172.16.4.40][1438] SELECT par_cod_asig1,par_cod_asig2,par_cod_asig3 FROM tblaca009 WHERE pensum='5' AND c_uni_ca='4' AND c_asigna='300112' [1][0] OK
C:[03/11/2016 11:59:42.29][172.16.4.40][1438] SELECT par_cod_asig1,par_cod_asig2,par_cod_asig3 FROM tblaca009 WHERE pensum='5' AND c_uni_ca='4' AND c_asigna='300113' [1][0] OK
C:[03/11/2016 11:59:42.29][172.16.4.40][1452] SELECT c_asigna FROM dace004 WHERE exp_e='15-26060397' AND c_asigna='300013' AND status IN ('0','3','B','C') [1][0] OK
C:[03/11/2016 11:59:42.29][172.16.4.40][1438] SELECT par_cod_asig1,par_cod_asig2,par_cod_asig3 FROM tblaca009 WHERE pensum='5' AND c_uni_ca='4' AND c_asigna='300116' [1][0] OK
C:[03/11/2016 11:59:42.29][172.16.4.40][1438] SELECT par_cod_asig1,par_cod_asig2,par_cod_asig3 FROM tblaca009 WHERE pensum='5' AND c_uni_ca='4' AND c_asigna='300207' [1][0] OK
C:[03/11/2016 11:59:42.29][172.16.4.40][1438] SELECT par_cod_asig1,par_cod_asig2,par_cod_asig3 FROM tblaca009 WHERE pensum='5' AND c_uni_ca='4' AND c_asigna='300209' [1][0] OK
C:[03/11/2016 11:59:42.07][172.16.4.40][1568] SELECT horas_lab FROM tblaca008 WHERE c_asigna='300112' AND horas_teoricas > 0 [1][0] OK
C:[03/11/2016 11:59:42.07][172.16.4.40][1568] SELECT horas_lab FROM tblaca008 WHERE c_asigna='300113' AND horas_teoricas > 0 [0][0] OK
C:[03/11/2016 11:59:42.07][172.16.4.40][1568] SELECT horas_lab FROM tblaca008 WHERE c_asigna='300116' AND horas_teoricas > 0 [1][0] OK
C:[03/11/2016 11:59:42.07][172.16.4.40][1568] SELECT horas_lab FROM tblaca008 WHERE c_asigna='300207' AND horas_teoricas > 0 [1][0] OK
C:[03/11/2016 11:59:42.07][172.16.4.40][1568] SELECT horas_lab FROM tblaca008 WHERE c_asigna='300209' AND horas_teoricas > 0 [1][0] OK
C:[03/11/2016 12:02:11.07][172.16.4.40][1394] SELECT pre_cod_asig1,pre_cod_asig2,pre_cod_asig3,pre_cod_asig4,pre_cod_asig5,pre_cod_asig6,pre_cod_asig7 FROM tblaca009 WHERE pensum='5' AND c_uni_ca='4' AND c_asigna='300112' [1][0] OK
C:[03/11/2016 12:02:11.07][172.16.4.40][1394] SELECT pre_cod_asig1,pre_cod_asig2,pre_cod_asig3,pre_cod_asig4,pre_cod_asig5,pre_cod_asig6,pre_cod_asig7 FROM tblaca009 WHERE pensum='5' AND c_uni_ca='4' AND c_asigna='300113' [1][0] OK
C:[03/11/2016 12:02:11.07][172.16.4.40][1394] SELECT pre_cod_asig1,pre_cod_asig2,pre_cod_asig3,pre_cod_asig4,pre_cod_asig5,pre_cod_asig6,pre_cod_asig7 FROM tblaca009 WHERE pensum='5' AND c_uni_ca='4' AND c_asigna='300116' [1][0] OK
C:[03/11/2016 12:02:11.07][172.16.4.40][1394] SELECT pre_cod_asig1,pre_cod_asig2,pre_cod_asig3,pre_cod_asig4,pre_cod_asig5,pre_cod_asig6,pre_cod_asig7 FROM tblaca009 WHERE pensum='5' AND c_uni_ca='4' AND c_asigna='300207' [1][0] OK
C:[03/11/2016 12:02:11.07][172.16.4.40][1407] SELECT c_asigna FROM dace004 WHERE exp_e='15-26060397' AND c_asigna='300101' AND status IN ('0','3','B') [1][0] OK
C:[03/11/2016 12:02:11.07][172.16.4.40][1394] SELECT pre_cod_asig1,pre_cod_asig2,pre_cod_asig3,pre_cod_asig4,pre_cod_asig5,pre_cod_asig6,pre_cod_asig7 FROM tblaca009 WHERE pensum='5' AND c_uni_ca='4' AND c_asigna='300209' [1][0] OK
C:[03/11/2016 12:02:11.07][172.16.4.40][1407] SELECT c_asigna FROM dace004 WHERE exp_e='15-26060397' AND c_asigna='300101' AND status IN ('0','3','B') [1][0] OK
C:[03/11/2016 12:02:12.94][172.16.4.40][1438] SELECT par_cod_asig1,par_cod_asig2,par_cod_asig3 FROM tblaca009 WHERE pensum='5' AND c_uni_ca='4' AND c_asigna='300112' [1][0] OK
C:[03/11/2016 12:02:12.94][172.16.4.40][1438] SELECT par_cod_asig1,par_cod_asig2,par_cod_asig3 FROM tblaca009 WHERE pensum='5' AND c_uni_ca='4' AND c_asigna='300113' [1][0] OK
C:[03/11/2016 12:02:12.94][172.16.4.40][1452] SELECT c_asigna FROM dace004 WHERE exp_e='15-26060397' AND c_asigna='300013' AND status IN ('0','3','B','C') [1][0] OK
C:[03/11/2016 12:02:12.94][172.16.4.40][1438] SELECT par_cod_asig1,par_cod_asig2,par_cod_asig3 FROM tblaca009 WHERE pensum='5' AND c_uni_ca='4' AND c_asigna='300116' [1][0] OK
C:[03/11/2016 12:02:12.94][172.16.4.40][1438] SELECT par_cod_asig1,par_cod_asig2,par_cod_asig3 FROM tblaca009 WHERE pensum='5' AND c_uni_ca='4' AND c_asigna='300207' [1][0] OK
C:[03/11/2016 12:02:12.94][172.16.4.40][1438] SELECT par_cod_asig1,par_cod_asig2,par_cod_asig3 FROM tblaca009 WHERE pensum='5' AND c_uni_ca='4' AND c_asigna='300209' [1][0] OK
C:[03/11/2016 12:02:12.90][172.16.4.40][1568] SELECT horas_lab FROM tblaca008 WHERE c_asigna='300112' AND horas_teoricas > 0 [1][0] OK
C:[03/11/2016 12:02:12.90][172.16.4.40][1568] SELECT horas_lab FROM tblaca008 WHERE c_asigna='300113' AND horas_teoricas > 0 [0][0] OK
C:[03/11/2016 12:02:12.90][172.16.4.40][1568] SELECT horas_lab FROM tblaca008 WHERE c_asigna='300116' AND horas_teoricas > 0 [1][0] OK
C:[03/11/2016 12:02:12.90][172.16.4.40][1568] SELECT horas_lab FROM tblaca008 WHERE c_asigna='300207' AND horas_teoricas > 0 [1][0] OK
C:[03/11/2016 12:02:12.90][172.16.4.40][1568] SELECT horas_lab FROM tblaca008 WHERE c_asigna='300209' AND horas_teoricas > 0 [1][0] OK
C:[03/11/2016 14:38:43.42][172.16.4.254][1366] SELECT pre_cod_asig1,pre_cod_asig2,pre_cod_asig3,pre_cod_asig4,pre_cod_asig5,pre_cod_asig6,pre_cod_asig7 FROM tblaca009 WHERE pensum='5' AND c_uni_ca='3' AND c_asigna='300113' [1][0] OK
C:[03/11/2016 14:38:43.42][172.16.4.254][1366] SELECT pre_cod_asig1,pre_cod_asig2,pre_cod_asig3,pre_cod_asig4,pre_cod_asig5,pre_cod_asig6,pre_cod_asig7 FROM tblaca009 WHERE pensum='5' AND c_uni_ca='3' AND c_asigna='300209' [1][0] OK
C:[03/11/2016 14:38:43.42][172.16.4.254][1379] SELECT c_asigna FROM dace004 WHERE exp_e='15-27010773' AND c_asigna='300101' AND status IN ('0','3','B') [1][0] OK
C:[03/11/2016 14:38:43.42][172.16.4.254][1366] SELECT pre_cod_asig1,pre_cod_asig2,pre_cod_asig3,pre_cod_asig4,pre_cod_asig5,pre_cod_asig6,pre_cod_asig7 FROM tblaca009 WHERE pensum='5' AND c_uni_ca='3' AND c_asigna='300213' [1][0] OK
C:[03/11/2016 14:38:43.42][172.16.4.254][1379] SELECT c_asigna FROM dace004 WHERE exp_e='15-27010773' AND c_asigna='300101' AND status IN ('0','3','B') [1][0] OK
C:[03/11/2016 14:38:43.42][172.16.4.254][1366] SELECT pre_cod_asig1,pre_cod_asig2,pre_cod_asig3,pre_cod_asig4,pre_cod_asig5,pre_cod_asig6,pre_cod_asig7 FROM tblaca009 WHERE pensum='5' AND c_uni_ca='3' AND c_asigna='300218' [1][0] OK
C:[03/11/2016 14:38:43.42][172.16.4.254][1379] SELECT c_asigna FROM dace004 WHERE exp_e='15-27010773' AND c_asigna='300101' AND status IN ('0','3','B') [1][0] OK
C:[03/11/2016 14:38:43.42][172.16.4.254][1366] SELECT pre_cod_asig1,pre_cod_asig2,pre_cod_asig3,pre_cod_asig4,pre_cod_asig5,pre_cod_asig6,pre_cod_asig7 FROM tblaca009 WHERE pensum='5' AND c_uni_ca='3' AND c_asigna='300222' [1][0] OK
C:[03/11/2016 14:38:43.42][172.16.4.254][1379] SELECT c_asigna FROM dace004 WHERE exp_e='15-27010773' AND c_asigna='300112' AND status IN ('0','3','B') [1][0] OK
C:[03/11/2016 14:38:43.42][172.16.4.254][1366] SELECT pre_cod_asig1,pre_cod_asig2,pre_cod_asig3,pre_cod_asig4,pre_cod_asig5,pre_cod_asig6,pre_cod_asig7 FROM tblaca009 WHERE pensum='5' AND c_uni_ca='3' AND c_asigna='300226' [1][0] OK
C:[03/11/2016 14:38:43.42][172.16.4.254][1379] SELECT c_asigna FROM dace004 WHERE exp_e='15-27010773' AND c_asigna='300116' AND status IN ('0','3','B') [1][0] OK
C:[03/11/2016 14:38:43.42][172.16.4.254][1366] SELECT pre_cod_asig1,pre_cod_asig2,pre_cod_asig3,pre_cod_asig4,pre_cod_asig5,pre_cod_asig6,pre_cod_asig7 FROM tblaca009 WHERE pensum='5' AND c_uni_ca='3' AND c_asigna='300228' [1][0] OK
C:[03/11/2016 14:38:43.42][172.16.4.254][1379] SELECT c_asigna FROM dace004 WHERE exp_e='15-27010773' AND c_asigna='300101' AND status IN ('0','3','B') [1][0] OK
C:[03/11/2016 14:38:43.04][172.16.4.254][1410] SELECT par_cod_asig1,par_cod_asig2,par_cod_asig3 FROM tblaca009 WHERE pensum='5' AND c_uni_ca='3' AND c_asigna='300113' [1][0] OK
C:[03/11/2016 14:38:43.04][172.16.4.254][1424] SELECT c_asigna FROM dace004 WHERE exp_e='15-27010773' AND c_asigna='300013' AND status IN ('0','3','B','C') [1][0] OK
C:[03/11/2016 14:38:43.04][172.16.4.254][1410] SELECT par_cod_asig1,par_cod_asig2,par_cod_asig3 FROM tblaca009 WHERE pensum='5' AND c_uni_ca='3' AND c_asigna='300209' [1][0] OK
C:[03/11/2016 14:38:43.04][172.16.4.254][1410] SELECT par_cod_asig1,par_cod_asig2,par_cod_asig3 FROM tblaca009 WHERE pensum='5' AND c_uni_ca='3' AND c_asigna='300213' [1][0] OK
C:[03/11/2016 14:38:43.04][172.16.4.254][1424] SELECT c_asigna FROM dace004 WHERE exp_e='15-27010773' AND c_asigna='300209' AND status IN ('0','3','B','C') [0][0] OK
C:[03/11/2016 14:38:43.04][172.16.4.254][1410] SELECT par_cod_asig1,par_cod_asig2,par_cod_asig3 FROM tblaca009 WHERE pensum='5' AND c_uni_ca='3' AND c_asigna='300218' [1][0] OK
C:[03/11/2016 14:38:43.04][172.16.4.254][1424] SELECT c_asigna FROM dace004 WHERE exp_e='15-27010773' AND c_asigna='300228' AND status IN ('0','3','B','C') [0][0] OK
C:[03/11/2016 14:38:43.04][172.16.4.254][1410] SELECT par_cod_asig1,par_cod_asig2,par_cod_asig3 FROM tblaca009 WHERE pensum='5' AND c_uni_ca='3' AND c_asigna='300222' [1][0] OK
C:[03/11/2016 14:38:43.04][172.16.4.254][1410] SELECT par_cod_asig1,par_cod_asig2,par_cod_asig3 FROM tblaca009 WHERE pensum='5' AND c_uni_ca='3' AND c_asigna='300226' [1][0] OK
C:[03/11/2016 14:38:43.04][172.16.4.254][1410] SELECT par_cod_asig1,par_cod_asig2,par_cod_asig3 FROM tblaca009 WHERE pensum='5' AND c_uni_ca='3' AND c_asigna='300228' [1][0] OK
C:[03/11/2016 14:38:44.85][172.16.4.254][1540] SELECT horas_lab FROM tblaca008 WHERE c_asigna='300113' AND horas_teoricas > 0 [0][0] OK
C:[03/11/2016 14:38:44.85][172.16.4.254][1540] SELECT horas_lab FROM tblaca008 WHERE c_asigna='300209' AND horas_teoricas > 0 [1][0] OK
C:[03/11/2016 14:38:44.85][172.16.4.254][1540] SELECT horas_lab FROM tblaca008 WHERE c_asigna='300213' AND horas_teoricas > 0 [1][0] OK
C:[03/11/2016 14:38:44.85][172.16.4.254][1540] SELECT horas_lab FROM tblaca008 WHERE c_asigna='300218' AND horas_teoricas > 0 [0][0] OK
C:[03/11/2016 14:38:44.85][172.16.4.254][1540] SELECT horas_lab FROM tblaca008 WHERE c_asigna='300222' AND horas_teoricas > 0 [1][0] OK
C:[03/11/2016 14:38:44.85][172.16.4.254][1540] SELECT horas_lab FROM tblaca008 WHERE c_asigna='300226' AND horas_teoricas > 0 [1][0] OK
C:[03/11/2016 14:38:44.85][172.16.4.254][1540] SELECT horas_lab FROM tblaca008 WHERE c_asigna='300228' AND horas_teoricas > 0 [1][0] OK
C:[04/11/2016 10:45:41.12][172.16.4.40][1366] SELECT pre_cod_asig1,pre_cod_asig2,pre_cod_asig3,pre_cod_asig4,pre_cod_asig5,pre_cod_asig6,pre_cod_asig7 FROM tblaca009 WHERE pensum='5' AND c_uni_ca='6' AND c_asigna='300105' [1][0] OK
C:[04/11/2016 10:45:41.12][172.16.4.40][1366] SELECT pre_cod_asig1,pre_cod_asig2,pre_cod_asig3,pre_cod_asig4,pre_cod_asig5,pre_cod_asig6,pre_cod_asig7 FROM tblaca009 WHERE pensum='5' AND c_uni_ca='6' AND c_asigna='300106' [1][0] OK
C:[04/11/2016 10:45:41.12][172.16.4.40][1366] SELECT pre_cod_asig1,pre_cod_asig2,pre_cod_asig3,pre_cod_asig4,pre_cod_asig5,pre_cod_asig6,pre_cod_asig7 FROM tblaca009 WHERE pensum='5' AND c_uni_ca='6' AND c_asigna='300226' [1][0] OK
C:[04/11/2016 10:45:41.12][172.16.4.40][1379] SELECT c_asigna FROM dace004 WHERE exp_e='13-22617460' AND c_asigna='300116' AND status IN ('0','3','B') [1][0] OK
C:[04/11/2016 10:45:41.12][172.16.4.40][1366] SELECT pre_cod_asig1,pre_cod_asig2,pre_cod_asig3,pre_cod_asig4,pre_cod_asig5,pre_cod_asig6,pre_cod_asig7 FROM tblaca009 WHERE pensum='5' AND c_uni_ca='6' AND c_asigna='300317' [1][0] OK
C:[04/11/2016 10:45:41.12][172.16.4.40][1379] SELECT c_asigna FROM dace004 WHERE exp_e='13-22617460' AND c_asigna='300207' AND status IN ('0','3','B') [1][0] OK
C:[04/11/2016 10:45:41.12][172.16.4.40][1379] SELECT c_asigna FROM dace004 WHERE exp_e='13-22617460' AND c_asigna='300209' AND status IN ('0','3','B') [1][0] OK
C:[04/11/2016 10:45:41.12][172.16.4.40][1366] SELECT pre_cod_asig1,pre_cod_asig2,pre_cod_asig3,pre_cod_asig4,pre_cod_asig5,pre_cod_asig6,pre_cod_asig7 FROM tblaca009 WHERE pensum='5' AND c_uni_ca='6' AND c_asigna='340323' [1][0] OK
C:[04/11/2016 10:45:41.12][172.16.4.40][1379] SELECT c_asigna FROM dace004 WHERE exp_e='13-22617460' AND c_asigna='300228' AND status IN ('0','3','B') [1][0] OK
C:[04/11/2016 10:45:41.12][172.16.4.40][1379] SELECT c_asigna FROM dace004 WHERE exp_e='13-22617460' AND c_asigna='300207' AND status IN ('0','3','B') [1][0] OK
C:[04/11/2016 10:45:41.12][172.16.4.40][1366] SELECT pre_cod_asig1,pre_cod_asig2,pre_cod_asig3,pre_cod_asig4,pre_cod_asig5,pre_cod_asig6,pre_cod_asig7 FROM tblaca009 WHERE pensum='5' AND c_uni_ca='6' AND c_asigna='300213' [1][0] OK
C:[04/11/2016 10:45:41.12][172.16.4.40][1379] SELECT c_asigna FROM dace004 WHERE exp_e='13-22617460' AND c_asigna='300101' AND status IN ('0','3','B') [1][0] OK
C:[04/11/2016 10:45:42.76][172.16.4.40][1410] SELECT par_cod_asig1,par_cod_asig2,par_cod_asig3 FROM tblaca009 WHERE pensum='5' AND c_uni_ca='6' AND c_asigna='300105' [1][0] OK
C:[04/11/2016 10:45:42.76][172.16.4.40][1410] SELECT par_cod_asig1,par_cod_asig2,par_cod_asig3 FROM tblaca009 WHERE pensum='5' AND c_uni_ca='6' AND c_asigna='300106' [1][0] OK
C:[04/11/2016 10:45:42.76][172.16.4.40][1410] SELECT par_cod_asig1,par_cod_asig2,par_cod_asig3 FROM tblaca009 WHERE pensum='5' AND c_uni_ca='6' AND c_asigna='300226' [1][0] OK
C:[04/11/2016 10:45:42.76][172.16.4.40][1410] SELECT par_cod_asig1,par_cod_asig2,par_cod_asig3 FROM tblaca009 WHERE pensum='5' AND c_uni_ca='6' AND c_asigna='300317' [1][0] OK
C:[04/11/2016 10:45:42.76][172.16.4.40][1410] SELECT par_cod_asig1,par_cod_asig2,par_cod_asig3 FROM tblaca009 WHERE pensum='5' AND c_uni_ca='6' AND c_asigna='340323' [1][0] OK
C:[04/11/2016 10:45:42.76][172.16.4.40][1410] SELECT par_cod_asig1,par_cod_asig2,par_cod_asig3 FROM tblaca009 WHERE pensum='5' AND c_uni_ca='6' AND c_asigna='300213' [1][0] OK
C:[04/11/2016 10:45:42.76][172.16.4.40][1424] SELECT c_asigna FROM dace004 WHERE exp_e='13-22617460' AND c_asigna='300209' AND status IN ('0','3','B','C') [1][0] OK
C:[04/11/2016 10:45:42.61][172.16.4.40][1540] SELECT horas_lab FROM tblaca008 WHERE c_asigna='300105' AND horas_teoricas > 0 [1][0] OK
C:[04/11/2016 10:45:42.61][172.16.4.40][1540] SELECT horas_lab FROM tblaca008 WHERE c_asigna='300106' AND horas_teoricas > 0 [0][0] OK
C:[04/11/2016 10:45:42.61][172.16.4.40][1540] SELECT horas_lab FROM tblaca008 WHERE c_asigna='300226' AND horas_teoricas > 0 [1][0] OK
C:[04/11/2016 10:45:42.61][172.16.4.40][1540] SELECT horas_lab FROM tblaca008 WHERE c_asigna='300317' AND horas_teoricas > 0 [1][0] OK
C:[04/11/2016 10:45:42.61][172.16.4.40][1540] SELECT horas_lab FROM tblaca008 WHERE c_asigna='340323' AND horas_teoricas > 0 [1][0] OK
C:[04/11/2016 14:14:52.73][172.16.4.254][1366] SELECT pre_cod_asig1,pre_cod_asig2,pre_cod_asig3,pre_cod_asig4,pre_cod_asig5,pre_cod_asig6,pre_cod_asig7 FROM tblaca009 WHERE pensum='5' AND c_uni_ca='3' AND c_asigna='300213' [1][0] OK
C:[04/11/2016 14:14:52.73][172.16.4.254][1379] SELECT c_asigna FROM dace004 WHERE exp_e='14-26262687' AND c_asigna='300101' AND status IN ('0','3','B') [1][0] OK
C:[04/11/2016 14:14:52.73][172.16.4.254][1366] SELECT pre_cod_asig1,pre_cod_asig2,pre_cod_asig3,pre_cod_asig4,pre_cod_asig5,pre_cod_asig6,pre_cod_asig7 FROM tblaca009 WHERE pensum='5' AND c_uni_ca='3' AND c_asigna='300218' [1][0] OK
C:[04/11/2016 14:14:52.73][172.16.4.254][1379] SELECT c_asigna FROM dace004 WHERE exp_e='14-26262687' AND c_asigna='300101' AND status IN ('0','3','B') [1][0] OK
C:[04/11/2016 14:14:52.73][172.16.4.254][1366] SELECT pre_cod_asig1,pre_cod_asig2,pre_cod_asig3,pre_cod_asig4,pre_cod_asig5,pre_cod_asig6,pre_cod_asig7 FROM tblaca009 WHERE pensum='5' AND c_uni_ca='3' AND c_asigna='300226' [1][0] OK
C:[04/11/2016 14:14:52.73][172.16.4.254][1379] SELECT c_asigna FROM dace004 WHERE exp_e='14-26262687' AND c_asigna='300116' AND status IN ('0','3','B') [1][0] OK
C:[04/11/2016 14:14:52.73][172.16.4.254][1366] SELECT pre_cod_asig1,pre_cod_asig2,pre_cod_asig3,pre_cod_asig4,pre_cod_asig5,pre_cod_asig6,pre_cod_asig7 FROM tblaca009 WHERE pensum='5' AND c_uni_ca='3' AND c_asigna='300228' [1][0] OK
C:[04/11/2016 14:14:52.73][172.16.4.254][1379] SELECT c_asigna FROM dace004 WHERE exp_e='14-26262687' AND c_asigna='300101' AND status IN ('0','3','B') [1][0] OK
C:[04/11/2016 14:14:52.30][172.16.4.254][1410] SELECT par_cod_asig1,par_cod_asig2,par_cod_asig3 FROM tblaca009 WHERE pensum='5' AND c_uni_ca='3' AND c_asigna='300213' [1][0] OK
C:[04/11/2016 14:14:52.30][172.16.4.254][1424] SELECT c_asigna FROM dace004 WHERE exp_e='14-26262687' AND c_asigna='300209' AND status IN ('0','3','B','C') [1][0] OK
C:[04/11/2016 14:14:52.30][172.16.4.254][1410] SELECT par_cod_asig1,par_cod_asig2,par_cod_asig3 FROM tblaca009 WHERE pensum='5' AND c_uni_ca='3' AND c_asigna='300218' [1][0] OK
C:[04/11/2016 14:14:52.30][172.16.4.254][1424] SELECT c_asigna FROM dace004 WHERE exp_e='14-26262687' AND c_asigna='300228' AND status IN ('0','3','B','C') [0][0] OK
C:[04/11/2016 14:14:52.30][172.16.4.254][1410] SELECT par_cod_asig1,par_cod_asig2,par_cod_asig3 FROM tblaca009 WHERE pensum='5' AND c_uni_ca='3' AND c_asigna='300226' [1][0] OK
C:[04/11/2016 14:14:52.30][172.16.4.254][1410] SELECT par_cod_asig1,par_cod_asig2,par_cod_asig3 FROM tblaca009 WHERE pensum='5' AND c_uni_ca='3' AND c_asigna='300228' [1][0] OK
C:[04/11/2016 14:14:52.07][172.16.4.254][1540] SELECT horas_lab FROM tblaca008 WHERE c_asigna='300213' AND horas_teoricas > 0 [1][0] OK
C:[04/11/2016 14:14:52.07][172.16.4.254][1540] SELECT horas_lab FROM tblaca008 WHERE c_asigna='300218' AND horas_teoricas > 0 [0][0] OK
C:[04/11/2016 14:14:52.07][172.16.4.254][1540] SELECT horas_lab FROM tblaca008 WHERE c_asigna='300226' AND horas_teoricas > 0 [1][0] OK
C:[04/11/2016 14:14:52.07][172.16.4.254][1540] SELECT horas_lab FROM tblaca008 WHERE c_asigna='300228' AND horas_teoricas > 0 [1][0] OK
C:[07/11/2016 09:00:00.83][172.16.4.40][1366] SELECT pre_cod_asig1,pre_cod_asig2,pre_cod_asig3,pre_cod_asig4,pre_cod_asig5,pre_cod_asig6,pre_cod_asig7 FROM tblaca009 WHERE pensum='5' AND c_uni_ca='3' AND c_asigna='300422' [1][0] OK
C:[07/11/2016 09:00:00.83][172.16.4.40][1379] SELECT c_asigna FROM dace004 WHERE exp_e='13-26264062' AND c_asigna='300105' AND status IN ('0','3','B') [1][0] OK
C:[07/11/2016 09:00:00.83][172.16.4.40][1379] SELECT c_asigna FROM dace004 WHERE exp_e='13-26264062' AND c_asigna='300314' AND status IN ('0','3','B') [1][0] OK
C:[07/11/2016 09:00:00.83][172.16.4.40][1366] SELECT pre_cod_asig1,pre_cod_asig2,pre_cod_asig3,pre_cod_asig4,pre_cod_asig5,pre_cod_asig6,pre_cod_asig7 FROM tblaca009 WHERE pensum='5' AND c_uni_ca='3' AND c_asigna='312444' [1][0] OK
C:[07/11/2016 09:00:00.83][172.16.4.40][1379] SELECT c_asigna FROM dace004 WHERE exp_e='13-26264062' AND c_asigna='312333' AND status IN ('0','3','B') [1][0] OK
C:[07/11/2016 09:00:00.83][172.16.4.40][1366] SELECT pre_cod_asig1,pre_cod_asig2,pre_cod_asig3,pre_cod_asig4,pre_cod_asig5,pre_cod_asig6,pre_cod_asig7 FROM tblaca009 WHERE pensum='5' AND c_uni_ca='3' AND c_asigna='310548' [1][0] OK
C:[07/11/2016 09:00:00.83][172.16.4.40][1379] SELECT c_asigna FROM dace004 WHERE exp_e='13-26264062' AND c_asigna='300428' AND status IN ('0','3','B') [1][0] OK
C:[07/11/2016 09:00:00.83][172.16.4.40][1379] SELECT c_asigna FROM dace004 WHERE exp_e='13-26264062' AND c_asigna='300313' AND status IN ('0','3','B') [1][0] OK
C:[07/11/2016 09:00:00.83][172.16.4.40][1379] SELECT c_asigna FROM dace004 WHERE exp_e='13-26264062' AND c_asigna='300222' AND status IN ('0','3','B') [1][0] OK
C:[07/11/2016 09:00:00.83][172.16.4.40][1379] SELECT c_asigna FROM dace004 WHERE exp_e='13-26264062' AND c_asigna='300226' AND status IN ('0','3','B') [1][0] OK
C:[07/11/2016 09:00:00.83][172.16.4.40][1379] SELECT c_asigna FROM dace004 WHERE exp_e='13-26264062' AND c_asigna='300209' AND status IN ('0','3','B') [1][0] OK
C:[07/11/2016 09:00:00.83][172.16.4.40][1366] SELECT pre_cod_asig1,pre_cod_asig2,pre_cod_asig3,pre_cod_asig4,pre_cod_asig5,pre_cod_asig6,pre_cod_asig7 FROM tblaca009 WHERE pensum='5' AND c_uni_ca='3' AND c_asigna='311551' [1][0] OK
C:[07/11/2016 09:00:00.83][172.16.4.40][1379] SELECT c_asigna FROM dace004 WHERE exp_e='13-26264062' AND c_asigna='311430' AND status IN ('0','3','B') [1][0] OK
C:[07/11/2016 09:00:00.83][172.16.4.40][1379] SELECT c_asigna FROM dace004 WHERE exp_e='13-26264062' AND c_asigna='311431' AND status IN ('0','3','B') [1][0] OK
C:[07/11/2016 09:00:00.83][172.16.4.40][1379] SELECT c_asigna FROM dace004 WHERE exp_e='13-26264062' AND c_asigna='300222' AND status IN ('0','3','B') [1][0] OK
C:[07/11/2016 09:00:00.83][172.16.4.40][1379] SELECT c_asigna FROM dace004 WHERE exp_e='13-26264062' AND c_asigna='300226' AND status IN ('0','3','B') [1][0] OK
C:[07/11/2016 09:00:00.83][172.16.4.40][1379] SELECT c_asigna FROM dace004 WHERE exp_e='13-26264062' AND c_asigna='300209' AND status IN ('0','3','B') [1][0] OK
C:[07/11/2016 09:00:00.83][172.16.4.40][1379] SELECT c_asigna FROM dace004 WHERE exp_e='13-26264062' AND c_asigna='311320' AND status IN ('0','3','B') [1][0] OK
C:[07/11/2016 09:00:00.83][172.16.4.40][1366] SELECT pre_cod_asig1,pre_cod_asig2,pre_cod_asig3,pre_cod_asig4,pre_cod_asig5,pre_cod_asig6,pre_cod_asig7 FROM tblaca009 WHERE pensum='5' AND c_uni_ca='3' AND c_asigna='311554' [1][0] OK
C:[07/11/2016 09:00:00.83][172.16.4.40][1379] SELECT c_asigna FROM dace004 WHERE exp_e='13-26264062' AND c_asigna='300318' AND status IN ('0','3','B') [1][0] OK
C:[07/11/2016 09:00:00.83][172.16.4.40][1379] SELECT c_asigna FROM dace004 WHERE exp_e='13-26264062' AND c_asigna='300428' AND status IN ('0','3','B') [1][0] OK
C:[07/11/2016 09:00:00.83][172.16.4.40][1366] SELECT pre_cod_asig1,pre_cod_asig2,pre_cod_asig3,pre_cod_asig4,pre_cod_asig5,pre_cod_asig6,pre_cod_asig7 FROM tblaca009 WHERE pensum='5' AND c_uni_ca='3' AND c_asigna='311556' [1][0] OK
C:[07/11/2016 09:00:00.83][172.16.4.40][1379] SELECT c_asigna FROM dace004 WHERE exp_e='13-26264062' AND c_asigna='311434' AND status IN ('0','3','B') [1][0] OK
C:[07/11/2016 09:00:00.83][172.16.4.40][1379] SELECT c_asigna FROM dace004 WHERE exp_e='13-26264062' AND c_asigna='311430' AND status IN ('0','3','B') [1][0] OK
C:[07/11/2016 09:00:00.83][172.16.4.40][1379] SELECT c_asigna FROM dace004 WHERE exp_e='13-26264062' AND c_asigna='300222' AND status IN ('0','3','B') [1][0] OK
C:[07/11/2016 09:00:00.83][172.16.4.40][1379] SELECT c_asigna FROM dace004 WHERE exp_e='13-26264062' AND c_asigna='300226' AND status IN ('0','3','B') [1][0] OK
C:[07/11/2016 09:00:00.83][172.16.4.40][1379] SELECT c_asigna FROM dace004 WHERE exp_e='13-26264062' AND c_asigna='300209' AND status IN ('0','3','B') [1][0] OK
C:[07/11/2016 09:00:00.83][172.16.4.40][1366] SELECT pre_cod_asig1,pre_cod_asig2,pre_cod_asig3,pre_cod_asig4,pre_cod_asig5,pre_cod_asig6,pre_cod_asig7 FROM tblaca009 WHERE pensum='5' AND c_uni_ca='3' AND c_asigna='315552' [1][0] OK
C:[07/11/2016 09:00:00.83][172.16.4.40][1379] SELECT c_asigna FROM dace004 WHERE exp_e='13-26264062' AND c_asigna='311430' AND status IN ('0','3','B') [1][0] OK
C:[07/11/2016 09:00:00.83][172.16.4.40][1379] SELECT c_asigna FROM dace004 WHERE exp_e='13-26264062' AND c_asigna='300222' AND status IN ('0','3','B') [1][0] OK
C:[07/11/2016 09:00:00.83][172.16.4.40][1379] SELECT c_asigna FROM dace004 WHERE exp_e='13-26264062' AND c_asigna='300226' AND status IN ('0','3','B') [1][0] OK
C:[07/11/2016 09:00:00.83][172.16.4.40][1379] SELECT c_asigna FROM dace004 WHERE exp_e='13-26264062' AND c_asigna='300209' AND status IN ('0','3','B') [1][0] OK
C:[07/11/2016 09:00:00.83][172.16.4.40][1366] SELECT pre_cod_asig1,pre_cod_asig2,pre_cod_asig3,pre_cod_asig4,pre_cod_asig5,pre_cod_asig6,pre_cod_asig7 FROM tblaca009 WHERE pensum='5' AND c_uni_ca='3' AND c_asigna='314662' [1][0] OK
C:[07/11/2016 09:00:00.83][172.16.4.40][1379] SELECT c_asigna FROM dace004 WHERE exp_e='13-26264062' AND c_asigna='311552' AND status IN ('0','3','B') [1][0] OK
C:[07/11/2016 09:00:01.08][172.16.4.40][1410] SELECT par_cod_asig1,par_cod_asig2,par_cod_asig3 FROM tblaca009 WHERE pensum='5' AND c_uni_ca='3' AND c_asigna='300422' [1][0] OK
C:[07/11/2016 09:00:01.08][172.16.4.40][1410] SELECT par_cod_asig1,par_cod_asig2,par_cod_asig3 FROM tblaca009 WHERE pensum='5' AND c_uni_ca='3' AND c_asigna='312444' [1][0] OK
C:[07/11/2016 09:00:01.08][172.16.4.40][1410] SELECT par_cod_asig1,par_cod_asig2,par_cod_asig3 FROM tblaca009 WHERE pensum='5' AND c_uni_ca='3' AND c_asigna='310548' [1][0] OK
C:[07/11/2016 09:00:01.08][172.16.4.40][1410] SELECT par_cod_asig1,par_cod_asig2,par_cod_asig3 FROM tblaca009 WHERE pensum='5' AND c_uni_ca='3' AND c_asigna='311551' [1][0] OK
C:[07/11/2016 09:00:01.08][172.16.4.40][1410] SELECT par_cod_asig1,par_cod_asig2,par_cod_asig3 FROM tblaca009 WHERE pensum='5' AND c_uni_ca='3' AND c_asigna='311554' [1][0] OK
C:[07/11/2016 09:00:01.08][172.16.4.40][1410] SELECT par_cod_asig1,par_cod_asig2,par_cod_asig3 FROM tblaca009 WHERE pensum='5' AND c_uni_ca='3' AND c_asigna='311556' [1][0] OK
C:[07/11/2016 09:00:01.08][172.16.4.40][1424] SELECT c_asigna FROM dace004 WHERE exp_e='13-26264062' AND c_asigna='311551' AND status IN ('0','3','B','C') [0][0] OK
C:[07/11/2016 09:00:01.08][172.16.4.40][1410] SELECT par_cod_asig1,par_cod_asig2,par_cod_asig3 FROM tblaca009 WHERE pensum='5' AND c_uni_ca='3' AND c_asigna='315552' [1][0] OK
C:[07/11/2016 09:00:01.08][172.16.4.40][1410] SELECT par_cod_asig1,par_cod_asig2,par_cod_asig3 FROM tblaca009 WHERE pensum='5' AND c_uni_ca='3' AND c_asigna='314662' [1][0] OK
C:[07/11/2016 09:00:01.24][172.16.4.40][1540] SELECT horas_lab FROM tblaca008 WHERE c_asigna='300422' AND horas_teoricas > 0 [0][0] OK
C:[07/11/2016 09:00:01.24][172.16.4.40][1540] SELECT horas_lab FROM tblaca008 WHERE c_asigna='312444' AND horas_teoricas > 0 [1][0] OK
C:[07/11/2016 09:00:01.24][172.16.4.40][1540] SELECT horas_lab FROM tblaca008 WHERE c_asigna='310548' AND horas_teoricas > 0 [1][0] OK
C:[07/11/2016 09:00:01.24][172.16.4.40][1540] SELECT horas_lab FROM tblaca008 WHERE c_asigna='311551' AND horas_teoricas > 0 [1][0] OK
C:[07/11/2016 09:00:01.24][172.16.4.40][1540] SELECT horas_lab FROM tblaca008 WHERE c_asigna='311554' AND horas_teoricas > 0 [1][0] OK
C:[07/11/2016 09:00:01.24][172.16.4.40][1540] SELECT horas_lab FROM tblaca008 WHERE c_asigna='311556' AND horas_teoricas > 0 [0][0] OK
C:[07/11/2016 09:00:01.24][172.16.4.40][1540] SELECT horas_lab FROM tblaca008 WHERE c_asigna='315552' AND horas_teoricas > 0 [1][0] OK
C:[07/11/2016 09:00:01.24][172.16.4.40][1540] SELECT horas_lab FROM tblaca008 WHERE c_asigna='314662' AND horas_teoricas > 0 [1][0] OK
C:[07/11/2016 09:02:40.03][172.16.4.40][1366] SELECT pre_cod_asig1,pre_cod_asig2,pre_cod_asig3,pre_cod_asig4,pre_cod_asig5,pre_cod_asig6,pre_cod_asig7 FROM tblaca009 WHERE pensum='5' AND c_uni_ca='3' AND c_asigna='300422' [1][0] OK
C:[07/11/2016 09:02:40.03][172.16.4.40][1379] SELECT c_asigna FROM dace004 WHERE exp_e='13-26264062' AND c_asigna='300105' AND status IN ('0','3','B') [1][0] OK
C:[07/11/2016 09:02:40.03][172.16.4.40][1379] SELECT c_asigna FROM dace004 WHERE exp_e='13-26264062' AND c_asigna='300314' AND status IN ('0','3','B') [1][0] OK
C:[07/11/2016 09:02:40.03][172.16.4.40][1366] SELECT pre_cod_asig1,pre_cod_asig2,pre_cod_asig3,pre_cod_asig4,pre_cod_asig5,pre_cod_asig6,pre_cod_asig7 FROM tblaca009 WHERE pensum='5' AND c_uni_ca='3' AND c_asigna='312444' [1][0] OK
C:[07/11/2016 09:02:40.03][172.16.4.40][1379] SELECT c_asigna FROM dace004 WHERE exp_e='13-26264062' AND c_asigna='312333' AND status IN ('0','3','B') [1][0] OK
C:[07/11/2016 09:02:40.03][172.16.4.40][1366] SELECT pre_cod_asig1,pre_cod_asig2,pre_cod_asig3,pre_cod_asig4,pre_cod_asig5,pre_cod_asig6,pre_cod_asig7 FROM tblaca009 WHERE pensum='5' AND c_uni_ca='3' AND c_asigna='310548' [1][0] OK
C:[07/11/2016 09:02:40.03][172.16.4.40][1379] SELECT c_asigna FROM dace004 WHERE exp_e='13-26264062' AND c_asigna='300428' AND status IN ('0','3','B') [1][0] OK
C:[07/11/2016 09:02:40.03][172.16.4.40][1379] SELECT c_asigna FROM dace004 WHERE exp_e='13-26264062' AND c_asigna='300313' AND status IN ('0','3','B') [1][0] OK
C:[07/11/2016 09:02:40.03][172.16.4.40][1379] SELECT c_asigna FROM dace004 WHERE exp_e='13-26264062' AND c_asigna='300222' AND status IN ('0','3','B') [1][0] OK
C:[07/11/2016 09:02:40.03][172.16.4.40][1379] SELECT c_asigna FROM dace004 WHERE exp_e='13-26264062' AND c_asigna='300226' AND status IN ('0','3','B') [1][0] OK
C:[07/11/2016 09:02:40.03][172.16.4.40][1379] SELECT c_asigna FROM dace004 WHERE exp_e='13-26264062' AND c_asigna='300209' AND status IN ('0','3','B') [1][0] OK
C:[07/11/2016 09:02:40.03][172.16.4.40][1366] SELECT pre_cod_asig1,pre_cod_asig2,pre_cod_asig3,pre_cod_asig4,pre_cod_asig5,pre_cod_asig6,pre_cod_asig7 FROM tblaca009 WHERE pensum='5' AND c_uni_ca='3' AND c_asigna='311551' [1][0] OK
C:[07/11/2016 09:02:40.03][172.16.4.40][1379] SELECT c_asigna FROM dace004 WHERE exp_e='13-26264062' AND c_asigna='311430' AND status IN ('0','3','B') [1][0] OK
C:[07/11/2016 09:02:40.03][172.16.4.40][1379] SELECT c_asigna FROM dace004 WHERE exp_e='13-26264062' AND c_asigna='311431' AND status IN ('0','3','B') [1][0] OK
C:[07/11/2016 09:02:40.03][172.16.4.40][1379] SELECT c_asigna FROM dace004 WHERE exp_e='13-26264062' AND c_asigna='300222' AND status IN ('0','3','B') [1][0] OK
C:[07/11/2016 09:02:40.03][172.16.4.40][1379] SELECT c_asigna FROM dace004 WHERE exp_e='13-26264062' AND c_asigna='300226' AND status IN ('0','3','B') [1][0] OK
C:[07/11/2016 09:02:40.03][172.16.4.40][1379] SELECT c_asigna FROM dace004 WHERE exp_e='13-26264062' AND c_asigna='300209' AND status IN ('0','3','B') [1][0] OK
C:[07/11/2016 09:02:40.03][172.16.4.40][1379] SELECT c_asigna FROM dace004 WHERE exp_e='13-26264062' AND c_asigna='311320' AND status IN ('0','3','B') [1][0] OK
C:[07/11/2016 09:02:40.03][172.16.4.40][1366] SELECT pre_cod_asig1,pre_cod_asig2,pre_cod_asig3,pre_cod_asig4,pre_cod_asig5,pre_cod_asig6,pre_cod_asig7 FROM tblaca009 WHERE pensum='5' AND c_uni_ca='3' AND c_asigna='311554' [1][0] OK
C:[07/11/2016 09:02:40.03][172.16.4.40][1379] SELECT c_asigna FROM dace004 WHERE exp_e='13-26264062' AND c_asigna='300318' AND status IN ('0','3','B') [1][0] OK
C:[07/11/2016 09:02:40.03][172.16.4.40][1379] SELECT c_asigna FROM dace004 WHERE exp_e='13-26264062' AND c_asigna='300428' AND status IN ('0','3','B') [1][0] OK
C:[07/11/2016 09:02:40.03][172.16.4.40][1366] SELECT pre_cod_asig1,pre_cod_asig2,pre_cod_asig3,pre_cod_asig4,pre_cod_asig5,pre_cod_asig6,pre_cod_asig7 FROM tblaca009 WHERE pensum='5' AND c_uni_ca='3' AND c_asigna='311556' [1][0] OK
C:[07/11/2016 09:02:40.03][172.16.4.40][1379] SELECT c_asigna FROM dace004 WHERE exp_e='13-26264062' AND c_asigna='311434' AND status IN ('0','3','B') [1][0] OK
C:[07/11/2016 09:02:40.03][172.16.4.40][1379] SELECT c_asigna FROM dace004 WHERE exp_e='13-26264062' AND c_asigna='311430' AND status IN ('0','3','B') [1][0] OK
C:[07/11/2016 09:02:40.03][172.16.4.40][1379] SELECT c_asigna FROM dace004 WHERE exp_e='13-26264062' AND c_asigna='300222' AND status IN ('0','3','B') [1][0] OK
C:[07/11/2016 09:02:40.03][172.16.4.40][1379] SELECT c_asigna FROM dace004 WHERE exp_e='13-26264062' AND c_asigna='300226' AND status IN ('0','3','B') [1][0] OK
C:[07/11/2016 09:02:40.03][172.16.4.40][1379] SELECT c_asigna FROM dace004 WHERE exp_e='13-26264062' AND c_asigna='300209' AND status IN ('0','3','B') [1][0] OK
C:[07/11/2016 09:02:40.03][172.16.4.40][1366] SELECT pre_cod_asig1,pre_cod_asig2,pre_cod_asig3,pre_cod_asig4,pre_cod_asig5,pre_cod_asig6,pre_cod_asig7 FROM tblaca009 WHERE pensum='5' AND c_uni_ca='3' AND c_asigna='315552' [1][0] OK
C:[07/11/2016 09:02:40.03][172.16.4.40][1379] SELECT c_asigna FROM dace004 WHERE exp_e='13-26264062' AND c_asigna='311430' AND status IN ('0','3','B') [1][0] OK
C:[07/11/2016 09:02:40.03][172.16.4.40][1379] SELECT c_asigna FROM dace004 WHERE exp_e='13-26264062' AND c_asigna='300222' AND status IN ('0','3','B') [1][0] OK
C:[07/11/2016 09:02:40.03][172.16.4.40][1379] SELECT c_asigna FROM dace004 WHERE exp_e='13-26264062' AND c_asigna='300226' AND status IN ('0','3','B') [1][0] OK
C:[07/11/2016 09:02:40.03][172.16.4.40][1379] SELECT c_asigna FROM dace004 WHERE exp_e='13-26264062' AND c_asigna='300209' AND status IN ('0','3','B') [1][0] OK
C:[07/11/2016 09:02:40.03][172.16.4.40][1366] SELECT pre_cod_asig1,pre_cod_asig2,pre_cod_asig3,pre_cod_asig4,pre_cod_asig5,pre_cod_asig6,pre_cod_asig7 FROM tblaca009 WHERE pensum='5' AND c_uni_ca='3' AND c_asigna='314662' [1][0] OK
C:[07/11/2016 09:02:40.03][172.16.4.40][1379] SELECT c_asigna FROM dace004 WHERE exp_e='13-26264062' AND c_asigna='311552' AND status IN ('0','3','B') [1][0] OK
C:[07/11/2016 09:02:41.51][172.16.4.40][1410] SELECT par_cod_asig1,par_cod_asig2,par_cod_asig3 FROM tblaca009 WHERE pensum='5' AND c_uni_ca='3' AND c_asigna='300422' [1][0] OK
C:[07/11/2016 09:02:41.51][172.16.4.40][1410] SELECT par_cod_asig1,par_cod_asig2,par_cod_asig3 FROM tblaca009 WHERE pensum='5' AND c_uni_ca='3' AND c_asigna='312444' [1][0] OK
C:[07/11/2016 09:02:41.51][172.16.4.40][1410] SELECT par_cod_asig1,par_cod_asig2,par_cod_asig3 FROM tblaca009 WHERE pensum='5' AND c_uni_ca='3' AND c_asigna='310548' [1][0] OK
C:[07/11/2016 09:02:41.51][172.16.4.40][1410] SELECT par_cod_asig1,par_cod_asig2,par_cod_asig3 FROM tblaca009 WHERE pensum='5' AND c_uni_ca='3' AND c_asigna='311551' [1][0] OK
C:[07/11/2016 09:02:41.51][172.16.4.40][1410] SELECT par_cod_asig1,par_cod_asig2,par_cod_asig3 FROM tblaca009 WHERE pensum='5' AND c_uni_ca='3' AND c_asigna='311554' [1][0] OK
C:[07/11/2016 09:02:41.51][172.16.4.40][1410] SELECT par_cod_asig1,par_cod_asig2,par_cod_asig3 FROM tblaca009 WHERE pensum='5' AND c_uni_ca='3' AND c_asigna='311556' [1][0] OK
C:[07/11/2016 09:02:41.51][172.16.4.40][1424] SELECT c_asigna FROM dace004 WHERE exp_e='13-26264062' AND c_asigna='311551' AND status IN ('0','3','B','C') [0][0] OK
C:[07/11/2016 09:02:41.51][172.16.4.40][1410] SELECT par_cod_asig1,par_cod_asig2,par_cod_asig3 FROM tblaca009 WHERE pensum='5' AND c_uni_ca='3' AND c_asigna='315552' [1][0] OK
C:[07/11/2016 09:02:41.51][172.16.4.40][1410] SELECT par_cod_asig1,par_cod_asig2,par_cod_asig3 FROM tblaca009 WHERE pensum='5' AND c_uni_ca='3' AND c_asigna='314662' [1][0] OK
C:[07/11/2016 09:02:42.67][172.16.4.40][1540] SELECT horas_lab FROM tblaca008 WHERE c_asigna='300422' AND horas_teoricas > 0 [0][0] OK
C:[07/11/2016 09:02:42.67][172.16.4.40][1540] SELECT horas_lab FROM tblaca008 WHERE c_asigna='312444' AND horas_teoricas > 0 [1][0] OK
C:[07/11/2016 09:02:42.67][172.16.4.40][1540] SELECT horas_lab FROM tblaca008 WHERE c_asigna='310548' AND horas_teoricas > 0 [1][0] OK
C:[07/11/2016 09:02:42.67][172.16.4.40][1540] SELECT horas_lab FROM tblaca008 WHERE c_asigna='311551' AND horas_teoricas > 0 [1][0] OK
C:[07/11/2016 09:02:42.67][172.16.4.40][1540] SELECT horas_lab FROM tblaca008 WHERE c_asigna='311554' AND horas_teoricas > 0 [1][0] OK
C:[07/11/2016 09:02:42.67][172.16.4.40][1540] SELECT horas_lab FROM tblaca008 WHERE c_asigna='311556' AND horas_teoricas > 0 [0][0] OK
C:[07/11/2016 09:02:42.67][172.16.4.40][1540] SELECT horas_lab FROM tblaca008 WHERE c_asigna='315552' AND horas_teoricas > 0 [1][0] OK
C:[07/11/2016 09:02:42.67][172.16.4.40][1540] SELECT horas_lab FROM tblaca008 WHERE c_asigna='314662' AND horas_teoricas > 0 [1][0] OK
C:[07/11/2016 09:58:38.45][172.16.4.40][1366] SELECT pre_cod_asig1,pre_cod_asig2,pre_cod_asig3,pre_cod_asig4,pre_cod_asig5,pre_cod_asig6,pre_cod_asig7 FROM tblaca009 WHERE pensum='5' AND c_uni_ca='6' AND c_asigna='342436' [1][0] OK
C:[07/11/2016 09:58:38.45][172.16.4.40][1379] SELECT c_asigna FROM dace004 WHERE exp_e='10-20805512' AND c_asigna='300318' AND status IN ('0','3','B') [1][0] OK
C:[07/11/2016 09:58:38.45][172.16.4.40][1379] SELECT c_asigna FROM dace004 WHERE exp_e='10-20805512' AND c_asigna='300317' AND status IN ('0','3','B') [1][0] OK
C:[07/11/2016 09:58:38.45][172.16.4.40][1366] SELECT pre_cod_asig1,pre_cod_asig2,pre_cod_asig3,pre_cod_asig4,pre_cod_asig5,pre_cod_asig6,pre_cod_asig7 FROM tblaca009 WHERE pensum='5' AND c_uni_ca='6' AND c_asigna='311561' [1][0] OK
C:[07/11/2016 09:58:38.45][172.16.4.40][1379] SELECT c_asigna FROM dace004 WHERE exp_e='10-20805512' AND c_asigna='300318' AND status IN ('0','3','B') [1][0] OK
C:[07/11/2016 09:58:38.45][172.16.4.40][1366] SELECT pre_cod_asig1,pre_cod_asig2,pre_cod_asig3,pre_cod_asig4,pre_cod_asig5,pre_cod_asig6,pre_cod_asig7 FROM tblaca009 WHERE pensum='5' AND c_uni_ca='6' AND c_asigna='300676' [1][0] OK
C:[07/11/2016 09:58:38.45][172.16.4.40][1366] SELECT pre_cod_asig1,pre_cod_asig2,pre_cod_asig3,pre_cod_asig4,pre_cod_asig5,pre_cod_asig6,pre_cod_asig7 FROM tblaca009 WHERE pensum='5' AND c_uni_ca='6' AND c_asigna='344687' [1][0] OK
C:[07/11/2016 09:58:38.45][172.16.4.40][1379] SELECT c_asigna FROM dace004 WHERE exp_e='10-20805512' AND c_asigna='344565' AND status IN ('0','3','B') [1][0] OK
C:[07/11/2016 09:58:38.45][172.16.4.40][1366] SELECT pre_cod_asig1,pre_cod_asig2,pre_cod_asig3,pre_cod_asig4,pre_cod_asig5,pre_cod_asig6,pre_cod_asig7 FROM tblaca009 WHERE pensum='5' AND c_uni_ca='6' AND c_asigna='344688' [1][0] OK
C:[07/11/2016 09:58:38.45][172.16.4.40][1379] SELECT c_asigna FROM dace004 WHERE exp_e='10-20805512' AND c_asigna='342567' AND status IN ('0','3','B') [1][0] OK
C:[07/11/2016 09:58:38.45][172.16.4.40][1379] SELECT c_asigna FROM dace004 WHERE exp_e='10-20805512' AND c_asigna='344565' AND status IN ('0','3','B') [1][0] OK
C:[07/11/2016 09:58:39.83][172.16.4.40][1410] SELECT par_cod_asig1,par_cod_asig2,par_cod_asig3 FROM tblaca009 WHERE pensum='5' AND c_uni_ca='6' AND c_asigna='342436' [1][0] OK
C:[07/11/2016 09:58:39.83][172.16.4.40][1410] SELECT par_cod_asig1,par_cod_asig2,par_cod_asig3 FROM tblaca009 WHERE pensum='5' AND c_uni_ca='6' AND c_asigna='311561' [1][0] OK
C:[07/11/2016 09:58:39.83][172.16.4.40][1410] SELECT par_cod_asig1,par_cod_asig2,par_cod_asig3 FROM tblaca009 WHERE pensum='5' AND c_uni_ca='6' AND c_asigna='300676' [1][0] OK
C:[07/11/2016 09:58:39.83][172.16.4.40][1410] SELECT par_cod_asig1,par_cod_asig2,par_cod_asig3 FROM tblaca009 WHERE pensum='5' AND c_uni_ca='6' AND c_asigna='344687' [1][0] OK
C:[07/11/2016 09:58:39.83][172.16.4.40][1410] SELECT par_cod_asig1,par_cod_asig2,par_cod_asig3 FROM tblaca009 WHERE pensum='5' AND c_uni_ca='6' AND c_asigna='344688' [1][0] OK
C:[07/11/2016 09:58:39.47][172.16.4.40][1540] SELECT horas_lab FROM tblaca008 WHERE c_asigna='342436' AND horas_teoricas > 0 [1][0] OK
C:[07/11/2016 09:58:39.47][172.16.4.40][1540] SELECT horas_lab FROM tblaca008 WHERE c_asigna='311561' AND horas_teoricas > 0 [1][0] OK
C:[07/11/2016 09:58:39.47][172.16.4.40][1540] SELECT horas_lab FROM tblaca008 WHERE c_asigna='300676' AND horas_teoricas > 0 [1][0] OK
C:[07/11/2016 09:58:39.47][172.16.4.40][1540] SELECT horas_lab FROM tblaca008 WHERE c_asigna='344687' AND horas_teoricas > 0 [1][0] OK
C:[07/11/2016 09:58:39.47][172.16.4.40][1540] SELECT horas_lab FROM tblaca008 WHERE c_asigna='344688' AND horas_teoricas > 0 [1][0] OK
C:[07/11/2016 09:59:21.34][172.16.4.40][1366] SELECT pre_cod_asig1,pre_cod_asig2,pre_cod_asig3,pre_cod_asig4,pre_cod_asig5,pre_cod_asig6,pre_cod_asig7 FROM tblaca009 WHERE pensum='5' AND c_uni_ca='6' AND c_asigna='342436' [1][0] OK
C:[07/11/2016 09:59:21.34][172.16.4.40][1379] SELECT c_asigna FROM dace004 WHERE exp_e='10-20805512' AND c_asigna='300318' AND status IN ('0','3','B') [1][0] OK
C:[07/11/2016 09:59:21.34][172.16.4.40][1379] SELECT c_asigna FROM dace004 WHERE exp_e='10-20805512' AND c_asigna='300317' AND status IN ('0','3','B') [1][0] OK
C:[07/11/2016 09:59:21.34][172.16.4.40][1366] SELECT pre_cod_asig1,pre_cod_asig2,pre_cod_asig3,pre_cod_asig4,pre_cod_asig5,pre_cod_asig6,pre_cod_asig7 FROM tblaca009 WHERE pensum='5' AND c_uni_ca='6' AND c_asigna='311561' [1][0] OK
C:[07/11/2016 09:59:21.34][172.16.4.40][1379] SELECT c_asigna FROM dace004 WHERE exp_e='10-20805512' AND c_asigna='300318' AND status IN ('0','3','B') [1][0] OK
C:[07/11/2016 09:59:21.34][172.16.4.40][1366] SELECT pre_cod_asig1,pre_cod_asig2,pre_cod_asig3,pre_cod_asig4,pre_cod_asig5,pre_cod_asig6,pre_cod_asig7 FROM tblaca009 WHERE pensum='5' AND c_uni_ca='6' AND c_asigna='300676' [1][0] OK
C:[07/11/2016 09:59:21.34][172.16.4.40][1366] SELECT pre_cod_asig1,pre_cod_asig2,pre_cod_asig3,pre_cod_asig4,pre_cod_asig5,pre_cod_asig6,pre_cod_asig7 FROM tblaca009 WHERE pensum='5' AND c_uni_ca='6' AND c_asigna='344687' [1][0] OK
C:[07/11/2016 09:59:21.34][172.16.4.40][1379] SELECT c_asigna FROM dace004 WHERE exp_e='10-20805512' AND c_asigna='344565' AND status IN ('0','3','B') [1][0] OK
C:[07/11/2016 09:59:21.34][172.16.4.40][1366] SELECT pre_cod_asig1,pre_cod_asig2,pre_cod_asig3,pre_cod_asig4,pre_cod_asig5,pre_cod_asig6,pre_cod_asig7 FROM tblaca009 WHERE pensum='5' AND c_uni_ca='6' AND c_asigna='344688' [1][0] OK
C:[07/11/2016 09:59:21.34][172.16.4.40][1379] SELECT c_asigna FROM dace004 WHERE exp_e='10-20805512' AND c_asigna='342567' AND status IN ('0','3','B') [1][0] OK
C:[07/11/2016 09:59:21.34][172.16.4.40][1379] SELECT c_asigna FROM dace004 WHERE exp_e='10-20805512' AND c_asigna='344565' AND status IN ('0','3','B') [1][0] OK
C:[07/11/2016 09:59:21.72][172.16.4.40][1410] SELECT par_cod_asig1,par_cod_asig2,par_cod_asig3 FROM tblaca009 WHERE pensum='5' AND c_uni_ca='6' AND c_asigna='342436' [1][0] OK
C:[07/11/2016 09:59:21.72][172.16.4.40][1410] SELECT par_cod_asig1,par_cod_asig2,par_cod_asig3 FROM tblaca009 WHERE pensum='5' AND c_uni_ca='6' AND c_asigna='311561' [1][0] OK
C:[07/11/2016 09:59:21.72][172.16.4.40][1410] SELECT par_cod_asig1,par_cod_asig2,par_cod_asig3 FROM tblaca009 WHERE pensum='5' AND c_uni_ca='6' AND c_asigna='300676' [1][0] OK
C:[07/11/2016 09:59:21.72][172.16.4.40][1410] SELECT par_cod_asig1,par_cod_asig2,par_cod_asig3 FROM tblaca009 WHERE pensum='5' AND c_uni_ca='6' AND c_asigna='344687' [1][0] OK
C:[07/11/2016 09:59:21.72][172.16.4.40][1410] SELECT par_cod_asig1,par_cod_asig2,par_cod_asig3 FROM tblaca009 WHERE pensum='5' AND c_uni_ca='6' AND c_asigna='344688' [1][0] OK
C:[07/11/2016 09:59:21.37][172.16.4.40][1540] SELECT horas_lab FROM tblaca008 WHERE c_asigna='342436' AND horas_teoricas > 0 [1][0] OK
C:[07/11/2016 09:59:21.37][172.16.4.40][1540] SELECT horas_lab FROM tblaca008 WHERE c_asigna='311561' AND horas_teoricas > 0 [1][0] OK
C:[07/11/2016 09:59:21.37][172.16.4.40][1540] SELECT horas_lab FROM tblaca008 WHERE c_asigna='300676' AND horas_teoricas > 0 [1][0] OK
C:[07/11/2016 09:59:21.37][172.16.4.40][1540] SELECT horas_lab FROM tblaca008 WHERE c_asigna='344687' AND horas_teoricas > 0 [1][0] OK
C:[07/11/2016 09:59:21.37][172.16.4.40][1540] SELECT horas_lab FROM tblaca008 WHERE c_asigna='344688' AND horas_teoricas > 0 [1][0] OK
C:[07/11/2016 10:04:16.20][172.16.4.40][1366] SELECT pre_cod_asig1,pre_cod_asig2,pre_cod_asig3,pre_cod_asig4,pre_cod_asig5,pre_cod_asig6,pre_cod_asig7 FROM tblaca009 WHERE pensum='5' AND c_uni_ca='5' AND c_asigna='300013' [1][0] OK
C:[07/11/2016 10:04:16.20][172.16.4.40][1366] SELECT pre_cod_asig1,pre_cod_asig2,pre_cod_asig3,pre_cod_asig4,pre_cod_asig5,pre_cod_asig6,pre_cod_asig7 FROM tblaca009 WHERE pensum='5' AND c_uni_ca='5' AND c_asigna='300218' [1][0] OK
C:[07/11/2016 10:04:16.20][172.16.4.40][1379] SELECT c_asigna FROM dace004 WHERE exp_e='15-25688763' AND c_asigna='300101' AND status IN ('0','3','B') [1][0] OK
C:[07/11/2016 10:04:16.20][172.16.4.40][1366] SELECT pre_cod_asig1,pre_cod_asig2,pre_cod_asig3,pre_cod_asig4,pre_cod_asig5,pre_cod_asig6,pre_cod_asig7 FROM tblaca009 WHERE pensum='5' AND c_uni_ca='5' AND c_asigna='300222' [1][0] OK
C:[07/11/2016 10:04:16.20][172.16.4.40][1379] SELECT c_asigna FROM dace004 WHERE exp_e='15-25688763' AND c_asigna='300112' AND status IN ('0','3','B') [1][0] OK
C:[07/11/2016 10:04:16.20][172.16.4.40][1366] SELECT pre_cod_asig1,pre_cod_asig2,pre_cod_asig3,pre_cod_asig4,pre_cod_asig5,pre_cod_asig6,pre_cod_asig7 FROM tblaca009 WHERE pensum='5' AND c_uni_ca='5' AND c_asigna='300228' [1][0] OK
C:[07/11/2016 10:04:16.20][172.16.4.40][1379] SELECT c_asigna FROM dace004 WHERE exp_e='15-25688763' AND c_asigna='300101' AND status IN ('0','3','B') [1][0] OK
C:[07/11/2016 10:04:16.20][172.16.4.40][1366] SELECT pre_cod_asig1,pre_cod_asig2,pre_cod_asig3,pre_cod_asig4,pre_cod_asig5,pre_cod_asig6,pre_cod_asig7 FROM tblaca009 WHERE pensum='5' AND c_uni_ca='5' AND c_asigna='300317' [1][0] OK
C:[07/11/2016 10:04:16.20][172.16.4.40][1379] SELECT c_asigna FROM dace004 WHERE exp_e='15-25688763' AND c_asigna='300207' AND status IN ('0','3','B') [1][0] OK
C:[07/11/2016 10:04:16.20][172.16.4.40][1379] SELECT c_asigna FROM dace004 WHERE exp_e='15-25688763' AND c_asigna='300209' AND status IN ('0','3','B') [1][0] OK
C:[07/11/2016 10:04:16.44][172.16.4.40][1410] SELECT par_cod_asig1,par_cod_asig2,par_cod_asig3 FROM tblaca009 WHERE pensum='5' AND c_uni_ca='5' AND c_asigna='300013' [1][0] OK
C:[07/11/2016 10:04:16.44][172.16.4.40][1410] SELECT par_cod_asig1,par_cod_asig2,par_cod_asig3 FROM tblaca009 WHERE pensum='5' AND c_uni_ca='5' AND c_asigna='300218' [1][0] OK
C:[07/11/2016 10:04:16.44][172.16.4.40][1424] SELECT c_asigna FROM dace004 WHERE exp_e='15-25688763' AND c_asigna='300228' AND status IN ('0','3','B','C') [0][0] OK
C:[07/11/2016 10:04:16.44][172.16.4.40][1410] SELECT par_cod_asig1,par_cod_asig2,par_cod_asig3 FROM tblaca009 WHERE pensum='5' AND c_uni_ca='5' AND c_asigna='300222' [1][0] OK
C:[07/11/2016 10:04:16.44][172.16.4.40][1410] SELECT par_cod_asig1,par_cod_asig2,par_cod_asig3 FROM tblaca009 WHERE pensum='5' AND c_uni_ca='5' AND c_asigna='300228' [1][0] OK
C:[07/11/2016 10:04:16.44][172.16.4.40][1410] SELECT par_cod_asig1,par_cod_asig2,par_cod_asig3 FROM tblaca009 WHERE pensum='5' AND c_uni_ca='5' AND c_asigna='300317' [1][0] OK
C:[07/11/2016 10:04:16.79][172.16.4.40][1540] SELECT horas_lab FROM tblaca008 WHERE c_asigna='300013' AND horas_teoricas > 0 [1][0] OK
C:[07/11/2016 10:04:16.79][172.16.4.40][1540] SELECT horas_lab FROM tblaca008 WHERE c_asigna='300218' AND horas_teoricas > 0 [0][0] OK
C:[07/11/2016 10:04:16.79][172.16.4.40][1540] SELECT horas_lab FROM tblaca008 WHERE c_asigna='300222' AND horas_teoricas > 0 [1][0] OK
C:[07/11/2016 10:04:16.79][172.16.4.40][1540] SELECT horas_lab FROM tblaca008 WHERE c_asigna='300228' AND horas_teoricas > 0 [1][0] OK
C:[07/11/2016 10:04:16.79][172.16.4.40][1540] SELECT horas_lab FROM tblaca008 WHERE c_asigna='300317' AND horas_teoricas > 0 [1][0] OK
C:[07/11/2016 11:01:41.82][172.16.4.254][1366] SELECT pre_cod_asig1,pre_cod_asig2,pre_cod_asig3,pre_cod_asig4,pre_cod_asig5,pre_cod_asig6,pre_cod_asig7 FROM tblaca009 WHERE pensum='5' AND c_uni_ca='5' AND c_asigna='300213' [1][0] OK
C:[07/11/2016 11:01:41.82][172.16.4.254][1379] SELECT c_asigna FROM dace004 WHERE exp_e='14-26098610' AND c_asigna='300101' AND status IN ('0','3','B') [1][0] OK
C:[07/11/2016 11:01:41.82][172.16.4.254][1366] SELECT pre_cod_asig1,pre_cod_asig2,pre_cod_asig3,pre_cod_asig4,pre_cod_asig5,pre_cod_asig6,pre_cod_asig7 FROM tblaca009 WHERE pensum='5' AND c_uni_ca='5' AND c_asigna='300218' [1][0] OK
C:[07/11/2016 11:01:41.82][172.16.4.254][1379] SELECT c_asigna FROM dace004 WHERE exp_e='14-26098610' AND c_asigna='300101' AND status IN ('0','3','B') [1][0] OK
C:[07/11/2016 11:01:41.82][172.16.4.254][1366] SELECT pre_cod_asig1,pre_cod_asig2,pre_cod_asig3,pre_cod_asig4,pre_cod_asig5,pre_cod_asig6,pre_cod_asig7 FROM tblaca009 WHERE pensum='5' AND c_uni_ca='5' AND c_asigna='300228' [1][0] OK
C:[07/11/2016 11:01:41.82][172.16.4.254][1379] SELECT c_asigna FROM dace004 WHERE exp_e='14-26098610' AND c_asigna='300101' AND status IN ('0','3','B') [1][0] OK
C:[07/11/2016 11:01:41.82][172.16.4.254][1366] SELECT pre_cod_asig1,pre_cod_asig2,pre_cod_asig3,pre_cod_asig4,pre_cod_asig5,pre_cod_asig6,pre_cod_asig7 FROM tblaca009 WHERE pensum='5' AND c_uni_ca='5' AND c_asigna='300317' [1][0] OK
C:[07/11/2016 11:01:41.82][172.16.4.254][1379] SELECT c_asigna FROM dace004 WHERE exp_e='14-26098610' AND c_asigna='300207' AND status IN ('0','3','B') [1][0] OK
C:[07/11/2016 11:01:41.82][172.16.4.254][1379] SELECT c_asigna FROM dace004 WHERE exp_e='14-26098610' AND c_asigna='300209' AND status IN ('0','3','B') [1][0] OK
C:[07/11/2016 11:01:41.52][172.16.4.254][1410] SELECT par_cod_asig1,par_cod_asig2,par_cod_asig3 FROM tblaca009 WHERE pensum='5' AND c_uni_ca='5' AND c_asigna='300213' [1][0] OK
C:[07/11/2016 11:01:41.52][172.16.4.254][1424] SELECT c_asigna FROM dace004 WHERE exp_e='14-26098610' AND c_asigna='300209' AND status IN ('0','3','B','C') [1][0] OK
C:[07/11/2016 11:01:41.52][172.16.4.254][1410] SELECT par_cod_asig1,par_cod_asig2,par_cod_asig3 FROM tblaca009 WHERE pensum='5' AND c_uni_ca='5' AND c_asigna='300218' [1][0] OK
C:[07/11/2016 11:01:41.52][172.16.4.254][1424] SELECT c_asigna FROM dace004 WHERE exp_e='14-26098610' AND c_asigna='300228' AND status IN ('0','3','B','C') [0][0] OK
C:[07/11/2016 11:01:41.52][172.16.4.254][1410] SELECT par_cod_asig1,par_cod_asig2,par_cod_asig3 FROM tblaca009 WHERE pensum='5' AND c_uni_ca='5' AND c_asigna='300228' [1][0] OK
C:[07/11/2016 11:01:41.52][172.16.4.254][1410] SELECT par_cod_asig1,par_cod_asig2,par_cod_asig3 FROM tblaca009 WHERE pensum='5' AND c_uni_ca='5' AND c_asigna='300317' [1][0] OK
C:[07/11/2016 11:01:41.28][172.16.4.254][1540] SELECT horas_lab FROM tblaca008 WHERE c_asigna='300213' AND horas_teoricas > 0 [1][0] OK
C:[07/11/2016 11:01:41.28][172.16.4.254][1540] SELECT horas_lab FROM tblaca008 WHERE c_asigna='300218' AND horas_teoricas > 0 [0][0] OK
C:[07/11/2016 11:01:41.28][172.16.4.254][1540] SELECT horas_lab FROM tblaca008 WHERE c_asigna='300228' AND horas_teoricas > 0 [1][0] OK
C:[07/11/2016 11:01:41.28][172.16.4.254][1540] SELECT horas_lab FROM tblaca008 WHERE c_asigna='300317' AND horas_teoricas > 0 [1][0] OK
C:[07/11/2016 13:30:23.36][172.16.4.254][1366] SELECT pre_cod_asig1,pre_cod_asig2,pre_cod_asig3,pre_cod_asig4,pre_cod_asig5,pre_cod_asig6,pre_cod_asig7 FROM tblaca009 WHERE pensum='5' AND c_uni_ca='5' AND c_asigna='300317' [1][0] OK
C:[07/11/2016 13:30:23.36][172.16.4.254][1379] SELECT c_asigna FROM dace004 WHERE exp_e='13-25084655' AND c_asigna='300207' AND status IN ('0','3','B') [1][0] OK
C:[07/11/2016 13:30:23.36][172.16.4.254][1379] SELECT c_asigna FROM dace004 WHERE exp_e='13-25084655' AND c_asigna='300209' AND status IN ('0','3','B') [1][0] OK
C:[07/11/2016 13:30:23.36][172.16.4.254][1366] SELECT pre_cod_asig1,pre_cod_asig2,pre_cod_asig3,pre_cod_asig4,pre_cod_asig5,pre_cod_asig6,pre_cod_asig7 FROM tblaca009 WHERE pensum='5' AND c_uni_ca='5' AND c_asigna='351330' [1][0] OK
C:[07/11/2016 13:30:23.36][172.16.4.254][1379] SELECT c_asigna FROM dace004 WHERE exp_e='13-25084655' AND c_asigna='300218' AND status IN ('0','3','B') [1][0] OK
C:[07/11/2016 13:30:23.36][172.16.4.254][1366] SELECT pre_cod_asig1,pre_cod_asig2,pre_cod_asig3,pre_cod_asig4,pre_cod_asig5,pre_cod_asig6,pre_cod_asig7 FROM tblaca009 WHERE pensum='5' AND c_uni_ca='5' AND c_asigna='355448' [1][0] OK
C:[07/11/2016 13:30:23.36][172.16.4.254][1379] SELECT c_asigna FROM dace004 WHERE exp_e='13-25084655' AND c_asigna='300313' AND status IN ('0','3','B') [1][0] OK
C:[07/11/2016 13:30:23.36][172.16.4.254][1379] SELECT c_asigna FROM dace004 WHERE exp_e='13-25084655' AND c_asigna='300209' AND status IN ('0','3','B') [1][0] OK
C:[07/11/2016 13:30:23.36][172.16.4.254][1379] SELECT c_asigna FROM dace004 WHERE exp_e='13-25084655' AND c_asigna='300226' AND status IN ('0','3','B') [1][0] OK
C:[07/11/2016 13:30:23.36][172.16.4.254][1379] SELECT c_asigna FROM dace004 WHERE exp_e='13-25084655' AND c_asigna='300222' AND status IN ('0','3','B') [1][0] OK
C:[07/11/2016 13:30:24.61][172.16.4.254][1410] SELECT par_cod_asig1,par_cod_asig2,par_cod_asig3 FROM tblaca009 WHERE pensum='5' AND c_uni_ca='5' AND c_asigna='300317' [1][0] OK
C:[07/11/2016 13:30:24.61][172.16.4.254][1410] SELECT par_cod_asig1,par_cod_asig2,par_cod_asig3 FROM tblaca009 WHERE pensum='5' AND c_uni_ca='5' AND c_asigna='351330' [1][0] OK
C:[07/11/2016 13:30:24.61][172.16.4.254][1424] SELECT c_asigna FROM dace004 WHERE exp_e='13-25084655' AND c_asigna='300318' AND status IN ('0','3','B','C') [1][0] OK
C:[07/11/2016 13:30:24.61][172.16.4.254][1424] SELECT c_asigna FROM dace004 WHERE exp_e='13-25084655' AND c_asigna='300317' AND status IN ('0','3','B','C') [0][0] OK
C:[07/11/2016 13:30:24.61][172.16.4.254][1410] SELECT par_cod_asig1,par_cod_asig2,par_cod_asig3 FROM tblaca009 WHERE pensum='5' AND c_uni_ca='5' AND c_asigna='355448' [1][0] OK
C:[07/11/2016 13:30:24.26][172.16.4.254][1540] SELECT horas_lab FROM tblaca008 WHERE c_asigna='300317' AND horas_teoricas > 0 [1][0] OK
C:[07/11/2016 13:30:24.26][172.16.4.254][1540] SELECT horas_lab FROM tblaca008 WHERE c_asigna='351330' AND horas_teoricas > 0 [1][0] OK
C:[07/11/2016 13:30:24.26][172.16.4.254][1540] SELECT horas_lab FROM tblaca008 WHERE c_asigna='355448' AND horas_teoricas > 0 [1][0] OK
C:[09/11/2016 10:44:29.13][172.16.4.254][1366] SELECT pre_cod_asig1,pre_cod_asig2,pre_cod_asig3,pre_cod_asig4,pre_cod_asig5,pre_cod_asig6,pre_cod_asig7 FROM tblaca009 WHERE pensum='5' AND c_uni_ca='6' AND c_asigna='300313' [1][0] OK
C:[09/11/2016 10:44:29.13][172.16.4.254][1379] SELECT c_asigna FROM dace004 WHERE exp_e='14-25636840' AND c_asigna='300213' AND status IN ('0','3','B') [1][0] OK
C:[09/11/2016 10:44:29.13][172.16.4.254][1379] SELECT c_asigna FROM dace004 WHERE exp_e='14-25636840' AND c_asigna='300226' AND status IN ('0','3','B') [1][0] OK
C:[09/11/2016 10:44:29.13][172.16.4.254][1379] SELECT c_asigna FROM dace004 WHERE exp_e='14-25636840' AND c_asigna='300222' AND status IN ('0','3','B') [1][0] OK
C:[09/11/2016 10:44:29.13][172.16.4.254][1379] SELECT c_asigna FROM dace004 WHERE exp_e='14-25636840' AND c_asigna='300209' AND status IN ('0','3','B') [1][0] OK
C:[09/11/2016 10:44:29.13][172.16.4.254][1366] SELECT pre_cod_asig1,pre_cod_asig2,pre_cod_asig3,pre_cod_asig4,pre_cod_asig5,pre_cod_asig6,pre_cod_asig7 FROM tblaca009 WHERE pensum='5' AND c_uni_ca='6' AND c_asigna='300318' [1][0] OK
C:[09/11/2016 10:44:29.13][172.16.4.254][1379] SELECT c_asigna FROM dace004 WHERE exp_e='14-25636840' AND c_asigna='300228' AND status IN ('0','3','B') [1][0] OK
C:[09/11/2016 10:44:29.13][172.16.4.254][1379] SELECT c_asigna FROM dace004 WHERE exp_e='14-25636840' AND c_asigna='300207' AND status IN ('0','3','B') [1][0] OK
C:[09/11/2016 10:44:29.13][172.16.4.254][1379] SELECT c_asigna FROM dace004 WHERE exp_e='14-25636840' AND c_asigna='300218' AND status IN ('0','3','B') [1][0] OK
C:[09/11/2016 10:44:29.13][172.16.4.254][1366] SELECT pre_cod_asig1,pre_cod_asig2,pre_cod_asig3,pre_cod_asig4,pre_cod_asig5,pre_cod_asig6,pre_cod_asig7 FROM tblaca009 WHERE pensum='5' AND c_uni_ca='6' AND c_asigna='340323' [1][0] OK
C:[09/11/2016 10:44:29.13][172.16.4.254][1379] SELECT c_asigna FROM dace004 WHERE exp_e='14-25636840' AND c_asigna='300228' AND status IN ('0','3','B') [1][0] OK
C:[09/11/2016 10:44:29.13][172.16.4.254][1379] SELECT c_asigna FROM dace004 WHERE exp_e='14-25636840' AND c_asigna='300207' AND status IN ('0','3','B') [1][0] OK
C:[09/11/2016 10:44:29.13][172.16.4.254][1366] SELECT pre_cod_asig1,pre_cod_asig2,pre_cod_asig3,pre_cod_asig4,pre_cod_asig5,pre_cod_asig6,pre_cod_asig7 FROM tblaca009 WHERE pensum='5' AND c_uni_ca='6' AND c_asigna='343568' [1][0] OK
C:[09/11/2016 10:44:29.13][172.16.4.254][1379] SELECT c_asigna FROM dace004 WHERE exp_e='14-25636840' AND c_asigna='340327' AND status IN ('0','3','B') [1][0] OK
C:[09/11/2016 10:44:29.13][172.16.4.254][1366] SELECT pre_cod_asig1,pre_cod_asig2,pre_cod_asig3,pre_cod_asig4,pre_cod_asig5,pre_cod_asig6,pre_cod_asig7 FROM tblaca009 WHERE pensum='5' AND c_uni_ca='6' AND c_asigna='300317' [1][0] OK
C:[09/11/2016 10:44:29.13][172.16.4.254][1379] SELECT c_asigna FROM dace004 WHERE exp_e='14-25636840' AND c_asigna='300207' AND status IN ('0','3','B') [1][0] OK
C:[09/11/2016 10:44:29.13][172.16.4.254][1379] SELECT c_asigna FROM dace004 WHERE exp_e='14-25636840' AND c_asigna='300209' AND status IN ('0','3','B') [1][0] OK
C:[09/11/2016 10:44:30.25][172.16.4.254][1410] SELECT par_cod_asig1,par_cod_asig2,par_cod_asig3 FROM tblaca009 WHERE pensum='5' AND c_uni_ca='6' AND c_asigna='300313' [1][0] OK
C:[09/11/2016 10:44:30.25][172.16.4.254][1410] SELECT par_cod_asig1,par_cod_asig2,par_cod_asig3 FROM tblaca009 WHERE pensum='5' AND c_uni_ca='6' AND c_asigna='300318' [1][0] OK
C:[09/11/2016 10:44:30.25][172.16.4.254][1410] SELECT par_cod_asig1,par_cod_asig2,par_cod_asig3 FROM tblaca009 WHERE pensum='5' AND c_uni_ca='6' AND c_asigna='340323' [1][0] OK
C:[09/11/2016 10:44:30.25][172.16.4.254][1410] SELECT par_cod_asig1,par_cod_asig2,par_cod_asig3 FROM tblaca009 WHERE pensum='5' AND c_uni_ca='6' AND c_asigna='343568' [1][0] OK
C:[09/11/2016 10:44:30.25][172.16.4.254][1410] SELECT par_cod_asig1,par_cod_asig2,par_cod_asig3 FROM tblaca009 WHERE pensum='5' AND c_uni_ca='6' AND c_asigna='300317' [1][0] OK
C:[09/11/2016 10:44:30.01][172.16.4.254][1540] SELECT horas_lab FROM tblaca008 WHERE c_asigna='300313' AND horas_teoricas > 0 [1][0] OK
C:[09/11/2016 10:44:30.01][172.16.4.254][1540] SELECT horas_lab FROM tblaca008 WHERE c_asigna='300318' AND horas_teoricas > 0 [1][0] OK
C:[09/11/2016 10:44:30.01][172.16.4.254][1540] SELECT horas_lab FROM tblaca008 WHERE c_asigna='340323' AND horas_teoricas > 0 [1][0] OK
C:[09/11/2016 10:44:30.01][172.16.4.254][1540] SELECT horas_lab FROM tblaca008 WHERE c_asigna='343568' AND horas_teoricas > 0 [1][0] OK
C:[09/11/2016 10:58:51.78][172.16.4.254][1366] SELECT pre_cod_asig1,pre_cod_asig2,pre_cod_asig3,pre_cod_asig4,pre_cod_asig5,pre_cod_asig6,pre_cod_asig7 FROM tblaca009 WHERE pensum='5' AND c_uni_ca='3' AND c_asigna='312333' [1][0] OK
C:[09/11/2016 10:58:51.78][172.16.4.254][1379] SELECT c_asigna FROM dace004 WHERE exp_e='12-23017007' AND c_asigna='300228' AND status IN ('0','3','B') [1][0] OK
C:[09/11/2016 10:58:51.78][172.16.4.254][1366] SELECT pre_cod_asig1,pre_cod_asig2,pre_cod_asig3,pre_cod_asig4,pre_cod_asig5,pre_cod_asig6,pre_cod_asig7 FROM tblaca009 WHERE pensum='5' AND c_uni_ca='3' AND c_asigna='300676' [1][0] OK
C:[09/11/2016 10:58:51.78][172.16.4.254][1366] SELECT pre_cod_asig1,pre_cod_asig2,pre_cod_asig3,pre_cod_asig4,pre_cod_asig5,pre_cod_asig6,pre_cod_asig7 FROM tblaca009 WHERE pensum='5' AND c_uni_ca='3' AND c_asigna='311655' [1][0] OK
C:[09/11/2016 10:58:51.78][172.16.4.254][1379] SELECT c_asigna FROM dace004 WHERE exp_e='12-23017007' AND c_asigna='311556' AND status IN ('0','3','B') [1][0] OK
C:[09/11/2016 10:58:51.78][172.16.4.254][1366] SELECT pre_cod_asig1,pre_cod_asig2,pre_cod_asig3,pre_cod_asig4,pre_cod_asig5,pre_cod_asig6,pre_cod_asig7 FROM tblaca009 WHERE pensum='5' AND c_uni_ca='3' AND c_asigna='311673' [1][0] OK
C:[09/11/2016 10:58:51.78][172.16.4.254][1379] SELECT c_asigna FROM dace004 WHERE exp_e='12-23017007' AND c_asigna='311551' AND status IN ('0','3','B') [1][0] OK
C:[09/11/2016 10:58:51.78][172.16.4.254][1379] SELECT c_asigna FROM dace004 WHERE exp_e='12-23017007' AND c_asigna='311554' AND status IN ('0','3','B') [1][0] OK
C:[09/11/2016 10:58:51.78][172.16.4.254][1379] SELECT c_asigna FROM dace004 WHERE exp_e='12-23017007' AND c_asigna='311320' AND status IN ('0','3','B') [1][0] OK
C:[09/11/2016 10:58:51.78][172.16.4.254][1366] SELECT pre_cod_asig1,pre_cod_asig2,pre_cod_asig3,pre_cod_asig4,pre_cod_asig5,pre_cod_asig6,pre_cod_asig7 FROM tblaca009 WHERE pensum='5' AND c_uni_ca='3' AND c_asigna='311674' [1][0] OK
C:[09/11/2016 10:58:51.78][172.16.4.254][1379] SELECT c_asigna FROM dace004 WHERE exp_e='12-23017007' AND c_asigna='310548' AND status IN ('0','3','B') [1][0] OK
C:[09/11/2016 10:58:51.78][172.16.4.254][1379] SELECT c_asigna FROM dace004 WHERE exp_e='12-23017007' AND c_asigna='311551' AND status IN ('0','3','B') [1][0] OK
C:[09/11/2016 10:58:51.78][172.16.4.254][1379] SELECT c_asigna FROM dace004 WHERE exp_e='12-23017007' AND c_asigna='311320' AND status IN ('0','3','B') [1][0] OK
C:[09/11/2016 10:58:51.78][172.16.4.254][1366] SELECT pre_cod_asig1,pre_cod_asig2,pre_cod_asig3,pre_cod_asig4,pre_cod_asig5,pre_cod_asig6,pre_cod_asig7 FROM tblaca009 WHERE pensum='5' AND c_uni_ca='3' AND c_asigna='311796' [1][0] OK
C:[09/11/2016 10:58:51.78][172.16.4.254][1379] SELECT c_asigna FROM dace004 WHERE exp_e='12-23017007' AND c_asigna='315671' AND status IN ('0','3','B') [1][0] OK
C:[09/11/2016 10:58:51.78][172.16.4.254][1366] SELECT pre_cod_asig1,pre_cod_asig2,pre_cod_asig3,pre_cod_asig4,pre_cod_asig5,pre_cod_asig6,pre_cod_asig7 FROM tblaca009 WHERE pensum='5' AND c_uni_ca='3' AND c_asigna='311827' [1][0] OK
C:[09/11/2016 10:58:51.78][172.16.4.254][1379] SELECT c_asigna FROM dace004 WHERE exp_e='12-23017007' AND c_asigna='311704' AND status IN ('0','3','B') [1][0] OK
C:[09/11/2016 10:58:52.89][172.16.4.254][1410] SELECT par_cod_asig1,par_cod_asig2,par_cod_asig3 FROM tblaca009 WHERE pensum='5' AND c_uni_ca='3' AND c_asigna='312333' [1][0] OK
C:[09/11/2016 10:58:52.89][172.16.4.254][1410] SELECT par_cod_asig1,par_cod_asig2,par_cod_asig3 FROM tblaca009 WHERE pensum='5' AND c_uni_ca='3' AND c_asigna='300676' [1][0] OK
C:[09/11/2016 10:58:52.89][172.16.4.254][1410] SELECT par_cod_asig1,par_cod_asig2,par_cod_asig3 FROM tblaca009 WHERE pensum='5' AND c_uni_ca='3' AND c_asigna='311655' [1][0] OK
C:[09/11/2016 10:58:52.89][172.16.4.254][1410] SELECT par_cod_asig1,par_cod_asig2,par_cod_asig3 FROM tblaca009 WHERE pensum='5' AND c_uni_ca='3' AND c_asigna='311673' [1][0] OK
C:[09/11/2016 10:58:52.89][172.16.4.254][1410] SELECT par_cod_asig1,par_cod_asig2,par_cod_asig3 FROM tblaca009 WHERE pensum='5' AND c_uni_ca='3' AND c_asigna='311674' [1][0] OK
C:[09/11/2016 10:58:52.89][172.16.4.254][1410] SELECT par_cod_asig1,par_cod_asig2,par_cod_asig3 FROM tblaca009 WHERE pensum='5' AND c_uni_ca='3' AND c_asigna='311796' [1][0] OK
C:[09/11/2016 10:58:52.89][172.16.4.254][1410] SELECT par_cod_asig1,par_cod_asig2,par_cod_asig3 FROM tblaca009 WHERE pensum='5' AND c_uni_ca='3' AND c_asigna='311827' [1][0] OK
C:[09/11/2016 10:58:52.79][172.16.4.254][1540] SELECT horas_lab FROM tblaca008 WHERE c_asigna='312333' AND horas_teoricas > 0 [1][0] OK
C:[09/11/2016 10:58:52.79][172.16.4.254][1540] SELECT horas_lab FROM tblaca008 WHERE c_asigna='300676' AND horas_teoricas > 0 [1][0] OK
C:[09/11/2016 10:58:52.79][172.16.4.254][1540] SELECT horas_lab FROM tblaca008 WHERE c_asigna='311655' AND horas_teoricas > 0 [1][0] OK
C:[09/11/2016 10:58:52.79][172.16.4.254][1540] SELECT horas_lab FROM tblaca008 WHERE c_asigna='311673' AND horas_teoricas > 0 [1][0] OK
C:[09/11/2016 10:58:52.79][172.16.4.254][1540] SELECT horas_lab FROM tblaca008 WHERE c_asigna='311674' AND horas_teoricas > 0 [1][0] OK
C:[09/11/2016 10:58:52.79][172.16.4.254][1540] SELECT horas_lab FROM tblaca008 WHERE c_asigna='311796' AND horas_teoricas > 0 [1][0] OK
C:[09/11/2016 10:58:52.79][172.16.4.254][1540] SELECT horas_lab FROM tblaca008 WHERE c_asigna='311827' AND horas_teoricas > 0 [1][0] OK
C:[09/11/2016 13:11:41.58][172.16.4.244][1366] SELECT pre_cod_asig1,pre_cod_asig2,pre_cod_asig3,pre_cod_asig4,pre_cod_asig5,pre_cod_asig6,pre_cod_asig7 FROM tblaca009 WHERE pensum='5' AND c_uni_ca='2' AND c_asigna='300013' [1][0] OK
C:[09/11/2016 13:11:41.58][172.16.4.244][1366] SELECT pre_cod_asig1,pre_cod_asig2,pre_cod_asig3,pre_cod_asig4,pre_cod_asig5,pre_cod_asig6,pre_cod_asig7 FROM tblaca009 WHERE pensum='5' AND c_uni_ca='2' AND c_asigna='300101' [1][0] OK
C:[09/11/2016 13:11:41.58][172.16.4.244][1366] SELECT pre_cod_asig1,pre_cod_asig2,pre_cod_asig3,pre_cod_asig4,pre_cod_asig5,pre_cod_asig6,pre_cod_asig7 FROM tblaca009 WHERE pensum='5' AND c_uni_ca='2' AND c_asigna='300105' [1][0] OK
C:[09/11/2016 13:11:41.58][172.16.4.244][1366] SELECT pre_cod_asig1,pre_cod_asig2,pre_cod_asig3,pre_cod_asig4,pre_cod_asig5,pre_cod_asig6,pre_cod_asig7 FROM tblaca009 WHERE pensum='5' AND c_uni_ca='2' AND c_asigna='300113' [1][0] OK
C:[09/11/2016 13:11:41.58][172.16.4.244][1366] SELECT pre_cod_asig1,pre_cod_asig2,pre_cod_asig3,pre_cod_asig4,pre_cod_asig5,pre_cod_asig6,pre_cod_asig7 FROM tblaca009 WHERE pensum='5' AND c_uni_ca='2' AND c_asigna='300116' [1][0] OK
C:[09/11/2016 13:11:41.58][172.16.4.244][1366] SELECT pre_cod_asig1,pre_cod_asig2,pre_cod_asig3,pre_cod_asig4,pre_cod_asig5,pre_cod_asig6,pre_cod_asig7 FROM tblaca009 WHERE pensum='5' AND c_uni_ca='2' AND c_asigna='300222' [1][0] OK
C:[09/11/2016 13:11:41.58][172.16.4.244][1379] SELECT c_asigna FROM dace004 WHERE exp_e='12-25083639' AND c_asigna='300112' AND status IN ('0','3','B') [1][0] OK
C:[09/11/2016 13:11:41.59][172.16.4.244][1410] SELECT par_cod_asig1,par_cod_asig2,par_cod_asig3 FROM tblaca009 WHERE pensum='5' AND c_uni_ca='2' AND c_asigna='300013' [1][0] OK
C:[09/11/2016 13:11:41.59][172.16.4.244][1410] SELECT par_cod_asig1,par_cod_asig2,par_cod_asig3 FROM tblaca009 WHERE pensum='5' AND c_uni_ca='2' AND c_asigna='300101' [1][0] OK
C:[09/11/2016 13:11:41.59][172.16.4.244][1410] SELECT par_cod_asig1,par_cod_asig2,par_cod_asig3 FROM tblaca009 WHERE pensum='5' AND c_uni_ca='2' AND c_asigna='300105' [1][0] OK
C:[09/11/2016 13:11:41.59][172.16.4.244][1410] SELECT par_cod_asig1,par_cod_asig2,par_cod_asig3 FROM tblaca009 WHERE pensum='5' AND c_uni_ca='2' AND c_asigna='300113' [1][0] OK
C:[09/11/2016 13:11:41.59][172.16.4.244][1424] SELECT c_asigna FROM dace004 WHERE exp_e='12-25083639' AND c_asigna='300013' AND status IN ('0','3','B','C') [0][0] OK
C:[09/11/2016 13:11:41.59][172.16.4.244][1410] SELECT par_cod_asig1,par_cod_asig2,par_cod_asig3 FROM tblaca009 WHERE pensum='5' AND c_uni_ca='2' AND c_asigna='300116' [1][0] OK
C:[09/11/2016 13:11:41.59][172.16.4.244][1410] SELECT par_cod_asig1,par_cod_asig2,par_cod_asig3 FROM tblaca009 WHERE pensum='5' AND c_uni_ca='2' AND c_asigna='300222' [1][0] OK
C:[09/11/2016 13:11:41.93][172.16.4.244][1540] SELECT horas_lab FROM tblaca008 WHERE c_asigna='300013' AND horas_teoricas > 0 [1][0] OK
C:[09/11/2016 13:11:41.93][172.16.4.244][1540] SELECT horas_lab FROM tblaca008 WHERE c_asigna='300101' AND horas_teoricas > 0 [1][0] OK
C:[09/11/2016 13:11:41.93][172.16.4.244][1540] SELECT horas_lab FROM tblaca008 WHERE c_asigna='300105' AND horas_teoricas > 0 [1][0] OK
C:[09/11/2016 13:11:41.93][172.16.4.244][1540] SELECT horas_lab FROM tblaca008 WHERE c_asigna='300113' AND horas_teoricas > 0 [0][0] OK
C:[09/11/2016 13:11:41.93][172.16.4.244][1540] SELECT horas_lab FROM tblaca008 WHERE c_asigna='300116' AND horas_teoricas > 0 [1][0] OK
C:[09/11/2016 13:11:41.93][172.16.4.244][1540] SELECT horas_lab FROM tblaca008 WHERE c_asigna='300222' AND horas_teoricas > 0 [1][0] OK
C:[14/11/2016 16:54:53.49][172.16.4.254][1366] SELECT pre_cod_asig1,pre_cod_asig2,pre_cod_asig3,pre_cod_asig4,pre_cod_asig5,pre_cod_asig6,pre_cod_asig7 FROM tblaca009 WHERE pensum='5' AND c_uni_ca='4' AND c_asigna='300207' [1][0] OK
C:[14/11/2016 16:54:53.49][172.16.4.254][1379] SELECT c_asigna FROM dace004 WHERE exp_e='15-27923846' AND c_asigna='300101' AND status IN ('0','3','B') [1][0] OK
C:[14/11/2016 16:54:53.49][172.16.4.254][1366] SELECT pre_cod_asig1,pre_cod_asig2,pre_cod_asig3,pre_cod_asig4,pre_cod_asig5,pre_cod_asig6,pre_cod_asig7 FROM tblaca009 WHERE pensum='5' AND c_uni_ca='4' AND c_asigna='300209' [1][0] OK
C:[14/11/2016 16:54:53.49][172.16.4.254][1379] SELECT c_asigna FROM dace004 WHERE exp_e='15-27923846' AND c_asigna='300101' AND status IN ('0','3','B') [1][0] OK
C:[14/11/2016 16:54:53.49][172.16.4.254][1366] SELECT pre_cod_asig1,pre_cod_asig2,pre_cod_asig3,pre_cod_asig4,pre_cod_asig5,pre_cod_asig6,pre_cod_asig7 FROM tblaca009 WHERE pensum='5' AND c_uni_ca='4' AND c_asigna='300218' [1][0] OK
C:[14/11/2016 16:54:53.49][172.16.4.254][1379] SELECT c_asigna FROM dace004 WHERE exp_e='15-27923846' AND c_asigna='300101' AND status IN ('0','3','B') [1][0] OK
C:[14/11/2016 16:54:53.49][172.16.4.254][1366] SELECT pre_cod_asig1,pre_cod_asig2,pre_cod_asig3,pre_cod_asig4,pre_cod_asig5,pre_cod_asig6,pre_cod_asig7 FROM tblaca009 WHERE pensum='5' AND c_uni_ca='4' AND c_asigna='300222' [1][0] OK
C:[14/11/2016 16:54:53.49][172.16.4.254][1379] SELECT c_asigna FROM dace004 WHERE exp_e='15-27923846' AND c_asigna='300112' AND status IN ('0','3','B') [1][0] OK
C:[14/11/2016 16:54:53.49][172.16.4.254][1366] SELECT pre_cod_asig1,pre_cod_asig2,pre_cod_asig3,pre_cod_asig4,pre_cod_asig5,pre_cod_asig6,pre_cod_asig7 FROM tblaca009 WHERE pensum='5' AND c_uni_ca='4' AND c_asigna='300226' [1][0] OK
C:[14/11/2016 16:54:53.49][172.16.4.254][1379] SELECT c_asigna FROM dace004 WHERE exp_e='15-27923846' AND c_asigna='300116' AND status IN ('0','3','B') [1][0] OK
C:[14/11/2016 16:54:53.49][172.16.4.254][1366] SELECT pre_cod_asig1,pre_cod_asig2,pre_cod_asig3,pre_cod_asig4,pre_cod_asig5,pre_cod_asig6,pre_cod_asig7 FROM tblaca009 WHERE pensum='5' AND c_uni_ca='4' AND c_asigna='300228' [1][0] OK
C:[14/11/2016 16:54:53.49][172.16.4.254][1379] SELECT c_asigna FROM dace004 WHERE exp_e='15-27923846' AND c_asigna='300101' AND status IN ('0','3','B') [1][0] OK
C:[14/11/2016 16:54:53.49][172.16.4.254][1366] SELECT pre_cod_asig1,pre_cod_asig2,pre_cod_asig3,pre_cod_asig4,pre_cod_asig5,pre_cod_asig6,pre_cod_asig7 FROM tblaca009 WHERE pensum='5' AND c_uni_ca='4' AND c_asigna='333326' [1][0] OK
C:[14/11/2016 16:54:54.81][172.16.4.254][1410] SELECT par_cod_asig1,par_cod_asig2,par_cod_asig3 FROM tblaca009 WHERE pensum='5' AND c_uni_ca='4' AND c_asigna='300207' [1][0] OK
C:[14/11/2016 16:54:54.81][172.16.4.254][1410] SELECT par_cod_asig1,par_cod_asig2,par_cod_asig3 FROM tblaca009 WHERE pensum='5' AND c_uni_ca='4' AND c_asigna='300209' [1][0] OK
C:[14/11/2016 16:54:54.81][172.16.4.254][1410] SELECT par_cod_asig1,par_cod_asig2,par_cod_asig3 FROM tblaca009 WHERE pensum='5' AND c_uni_ca='4' AND c_asigna='300218' [1][0] OK
C:[14/11/2016 16:54:54.81][172.16.4.254][1424] SELECT c_asigna FROM dace004 WHERE exp_e='15-27923846' AND c_asigna='300228' AND status IN ('0','3','B','C') [0][0] OK
C:[14/11/2016 16:54:54.81][172.16.4.254][1410] SELECT par_cod_asig1,par_cod_asig2,par_cod_asig3 FROM tblaca009 WHERE pensum='5' AND c_uni_ca='4' AND c_asigna='300222' [1][0] OK
C:[14/11/2016 16:54:54.81][172.16.4.254][1410] SELECT par_cod_asig1,par_cod_asig2,par_cod_asig3 FROM tblaca009 WHERE pensum='5' AND c_uni_ca='4' AND c_asigna='300226' [1][0] OK
C:[14/11/2016 16:54:54.81][172.16.4.254][1410] SELECT par_cod_asig1,par_cod_asig2,par_cod_asig3 FROM tblaca009 WHERE pensum='5' AND c_uni_ca='4' AND c_asigna='300228' [1][0] OK
C:[14/11/2016 16:54:54.81][172.16.4.254][1410] SELECT par_cod_asig1,par_cod_asig2,par_cod_asig3 FROM tblaca009 WHERE pensum='5' AND c_uni_ca='4' AND c_asigna='333326' [1][0] OK
C:[14/11/2016 16:54:54.39][172.16.4.254][1540] SELECT horas_lab FROM tblaca008 WHERE c_asigna='300207' AND horas_teoricas > 0 [1][0] OK
C:[14/11/2016 16:54:54.39][172.16.4.254][1540] SELECT horas_lab FROM tblaca008 WHERE c_asigna='300209' AND horas_teoricas > 0 [1][0] OK
C:[14/11/2016 16:54:54.39][172.16.4.254][1540] SELECT horas_lab FROM tblaca008 WHERE c_asigna='300218' AND horas_teoricas > 0 [0][0] OK
C:[14/11/2016 16:54:54.39][172.16.4.254][1540] SELECT horas_lab FROM tblaca008 WHERE c_asigna='300222' AND horas_teoricas > 0 [1][0] OK
C:[14/11/2016 16:54:54.39][172.16.4.254][1540] SELECT horas_lab FROM tblaca008 WHERE c_asigna='300226' AND horas_teoricas > 0 [1][0] OK
C:[14/11/2016 16:54:54.39][172.16.4.254][1540] SELECT horas_lab FROM tblaca008 WHERE c_asigna='300228' AND horas_teoricas > 0 [1][0] OK
C:[14/11/2016 16:54:54.39][172.16.4.254][1540] SELECT horas_lab FROM tblaca008 WHERE c_asigna='333326' AND horas_teoricas > 0 [1][0] OK
C:[16/11/2016 09:20:06.84][172.16.4.254][1366] SELECT pre_cod_asig1,pre_cod_asig2,pre_cod_asig3,pre_cod_asig4,pre_cod_asig5,pre_cod_asig6,pre_cod_asig7 FROM tblaca009 WHERE pensum='5' AND c_uni_ca='5' AND c_asigna='300013' [1][0] OK
C:[16/11/2016 09:20:06.84][172.16.4.254][1366] SELECT pre_cod_asig1,pre_cod_asig2,pre_cod_asig3,pre_cod_asig4,pre_cod_asig5,pre_cod_asig6,pre_cod_asig7 FROM tblaca009 WHERE pensum='5' AND c_uni_ca='5' AND c_asigna='300213' [1][0] OK
C:[16/11/2016 09:20:06.84][172.16.4.254][1379] SELECT c_asigna FROM dace004 WHERE exp_e='15-26382883' AND c_asigna='300101' AND status IN ('0','3','B') [1][0] OK
C:[16/11/2016 09:20:06.84][172.16.4.254][1366] SELECT pre_cod_asig1,pre_cod_asig2,pre_cod_asig3,pre_cod_asig4,pre_cod_asig5,pre_cod_asig6,pre_cod_asig7 FROM tblaca009 WHERE pensum='5' AND c_uni_ca='5' AND c_asigna='300218' [1][0] OK
C:[16/11/2016 09:20:06.84][172.16.4.254][1379] SELECT c_asigna FROM dace004 WHERE exp_e='15-26382883' AND c_asigna='300101' AND status IN ('0','3','B') [1][0] OK
C:[16/11/2016 09:20:06.84][172.16.4.254][1366] SELECT pre_cod_asig1,pre_cod_asig2,pre_cod_asig3,pre_cod_asig4,pre_cod_asig5,pre_cod_asig6,pre_cod_asig7 FROM tblaca009 WHERE pensum='5' AND c_uni_ca='5' AND c_asigna='300222' [1][0] OK
C:[16/11/2016 09:20:06.84][172.16.4.254][1379] SELECT c_asigna FROM dace004 WHERE exp_e='15-26382883' AND c_asigna='300112' AND status IN ('0','3','B') [1][0] OK
C:[16/11/2016 09:20:06.84][172.16.4.254][1366] SELECT pre_cod_asig1,pre_cod_asig2,pre_cod_asig3,pre_cod_asig4,pre_cod_asig5,pre_cod_asig6,pre_cod_asig7 FROM tblaca009 WHERE pensum='5' AND c_uni_ca='5' AND c_asigna='300317' [1][0] OK
C:[16/11/2016 09:20:06.84][172.16.4.254][1379] SELECT c_asigna FROM dace004 WHERE exp_e='15-26382883' AND c_asigna='300207' AND status IN ('0','3','B') [1][0] OK
C:[16/11/2016 09:20:06.84][172.16.4.254][1379] SELECT c_asigna FROM dace004 WHERE exp_e='15-26382883' AND c_asigna='300209' AND status IN ('0','3','B') [1][0] OK
C:[16/11/2016 09:20:06.84][172.16.4.254][1366] SELECT pre_cod_asig1,pre_cod_asig2,pre_cod_asig3,pre_cod_asig4,pre_cod_asig5,pre_cod_asig6,pre_cod_asig7 FROM tblaca009 WHERE pensum='5' AND c_uni_ca='5' AND c_asigna='355350' [1][0] OK
C:[16/11/2016 09:20:06.84][172.16.4.254][1379] SELECT c_asigna FROM dace004 WHERE exp_e='15-26382883' AND c_asigna='300207' AND status IN ('0','3','B') [1][0] OK
C:[16/11/2016 09:20:06.84][172.16.4.254][1379] SELECT c_asigna FROM dace004 WHERE exp_e='15-26382883' AND c_asigna='300228' AND status IN ('0','3','B') [1][0] OK
C:[16/11/2016 09:20:06.47][172.16.4.254][1410] SELECT par_cod_asig1,par_cod_asig2,par_cod_asig3 FROM tblaca009 WHERE pensum='5' AND c_uni_ca='5' AND c_asigna='300013' [1][0] OK
C:[16/11/2016 09:20:06.47][172.16.4.254][1410] SELECT par_cod_asig1,par_cod_asig2,par_cod_asig3 FROM tblaca009 WHERE pensum='5' AND c_uni_ca='5' AND c_asigna='300213' [1][0] OK
C:[16/11/2016 09:20:06.47][172.16.4.254][1424] SELECT c_asigna FROM dace004 WHERE exp_e='15-26382883' AND c_asigna='300209' AND status IN ('0','3','B','C') [1][0] OK
C:[16/11/2016 09:20:06.47][172.16.4.254][1410] SELECT par_cod_asig1,par_cod_asig2,par_cod_asig3 FROM tblaca009 WHERE pensum='5' AND c_uni_ca='5' AND c_asigna='300218' [1][0] OK
C:[16/11/2016 09:20:06.47][172.16.4.254][1424] SELECT c_asigna FROM dace004 WHERE exp_e='15-26382883' AND c_asigna='300228' AND status IN ('0','3','B','C') [1][0] OK
C:[16/11/2016 09:20:06.47][172.16.4.254][1410] SELECT par_cod_asig1,par_cod_asig2,par_cod_asig3 FROM tblaca009 WHERE pensum='5' AND c_uni_ca='5' AND c_asigna='300222' [1][0] OK
C:[16/11/2016 09:20:06.47][172.16.4.254][1410] SELECT par_cod_asig1,par_cod_asig2,par_cod_asig3 FROM tblaca009 WHERE pensum='5' AND c_uni_ca='5' AND c_asigna='300317' [1][0] OK
C:[16/11/2016 09:20:06.47][172.16.4.254][1410] SELECT par_cod_asig1,par_cod_asig2,par_cod_asig3 FROM tblaca009 WHERE pensum='5' AND c_uni_ca='5' AND c_asigna='355350' [1][0] OK
C:[16/11/2016 09:20:06.50][172.16.4.254][1540] SELECT horas_lab FROM tblaca008 WHERE c_asigna='300013' AND horas_teoricas > 0 [1][0] OK
C:[16/11/2016 09:20:06.50][172.16.4.254][1540] SELECT horas_lab FROM tblaca008 WHERE c_asigna='300213' AND horas_teoricas > 0 [1][0] OK
C:[16/11/2016 09:20:06.50][172.16.4.254][1540] SELECT horas_lab FROM tblaca008 WHERE c_asigna='300218' AND horas_teoricas > 0 [0][0] OK
C:[16/11/2016 09:20:06.50][172.16.4.254][1540] SELECT horas_lab FROM tblaca008 WHERE c_asigna='300222' AND horas_teoricas > 0 [1][0] OK
C:[16/11/2016 09:20:06.50][172.16.4.254][1540] SELECT horas_lab FROM tblaca008 WHERE c_asigna='300317' AND horas_teoricas > 0 [1][0] OK
C:[16/11/2016 09:20:06.50][172.16.4.254][1540] SELECT horas_lab FROM tblaca008 WHERE c_asigna='355350' AND horas_teoricas > 0 [1][0] OK
C:[16/11/2016 09:24:02.02][172.16.4.254][1366] SELECT pre_cod_asig1,pre_cod_asig2,pre_cod_asig3,pre_cod_asig4,pre_cod_asig5,pre_cod_asig6,pre_cod_asig7 FROM tblaca009 WHERE pensum='5' AND c_uni_ca='5' AND c_asigna='300213' [1][0] OK
C:[16/11/2016 09:24:02.02][172.16.4.254][1379] SELECT c_asigna FROM dace004 WHERE exp_e='14-23827851' AND c_asigna='300101' AND status IN ('0','3','B') [1][0] OK
C:[16/11/2016 09:24:02.02][172.16.4.254][1366] SELECT pre_cod_asig1,pre_cod_asig2,pre_cod_asig3,pre_cod_asig4,pre_cod_asig5,pre_cod_asig6,pre_cod_asig7 FROM tblaca009 WHERE pensum='5' AND c_uni_ca='5' AND c_asigna='300218' [1][0] OK
C:[16/11/2016 09:24:02.02][172.16.4.254][1379] SELECT c_asigna FROM dace004 WHERE exp_e='14-23827851' AND c_asigna='300101' AND status IN ('0','3','B') [1][0] OK
C:[16/11/2016 09:24:02.02][172.16.4.254][1366] SELECT pre_cod_asig1,pre_cod_asig2,pre_cod_asig3,pre_cod_asig4,pre_cod_asig5,pre_cod_asig6,pre_cod_asig7 FROM tblaca009 WHERE pensum='5' AND c_uni_ca='5' AND c_asigna='300226' [1][0] OK
C:[16/11/2016 09:24:02.02][172.16.4.254][1379] SELECT c_asigna FROM dace004 WHERE exp_e='14-23827851' AND c_asigna='300116' AND status IN ('0','3','B') [1][0] OK
C:[16/11/2016 09:24:02.02][172.16.4.254][1366] SELECT pre_cod_asig1,pre_cod_asig2,pre_cod_asig3,pre_cod_asig4,pre_cod_asig5,pre_cod_asig6,pre_cod_asig7 FROM tblaca009 WHERE pensum='5' AND c_uni_ca='5' AND c_asigna='300228' [1][0] OK
C:[16/11/2016 09:24:02.02][172.16.4.254][1379] SELECT c_asigna FROM dace004 WHERE exp_e='14-23827851' AND c_asigna='300101' AND status IN ('0','3','B') [1][0] OK
C:[16/11/2016 09:24:02.02][172.16.4.254][1366] SELECT pre_cod_asig1,pre_cod_asig2,pre_cod_asig3,pre_cod_asig4,pre_cod_asig5,pre_cod_asig6,pre_cod_asig7 FROM tblaca009 WHERE pensum='5' AND c_uni_ca='5' AND c_asigna='300317' [1][0] OK
C:[16/11/2016 09:24:02.02][172.16.4.254][1379] SELECT c_asigna FROM dace004 WHERE exp_e='14-23827851' AND c_asigna='300207' AND status IN ('0','3','B') [1][0] OK
C:[16/11/2016 09:24:02.02][172.16.4.254][1379] SELECT c_asigna FROM dace004 WHERE exp_e='14-23827851' AND c_asigna='300209' AND status IN ('0','3','B') [1][0] OK
C:[16/11/2016 09:24:02.40][172.16.4.254][1410] SELECT par_cod_asig1,par_cod_asig2,par_cod_asig3 FROM tblaca009 WHERE pensum='5' AND c_uni_ca='5' AND c_asigna='300213' [1][0] OK
C:[16/11/2016 09:24:02.40][172.16.4.254][1424] SELECT c_asigna FROM dace004 WHERE exp_e='14-23827851' AND c_asigna='300209' AND status IN ('0','3','B','C') [1][0] OK
C:[16/11/2016 09:24:02.40][172.16.4.254][1410] SELECT par_cod_asig1,par_cod_asig2,par_cod_asig3 FROM tblaca009 WHERE pensum='5' AND c_uni_ca='5' AND c_asigna='300218' [1][0] OK
C:[16/11/2016 09:24:02.40][172.16.4.254][1424] SELECT c_asigna FROM dace004 WHERE exp_e='14-23827851' AND c_asigna='300228' AND status IN ('0','3','B','C') [0][0] OK
C:[16/11/2016 09:24:02.40][172.16.4.254][1410] SELECT par_cod_asig1,par_cod_asig2,par_cod_asig3 FROM tblaca009 WHERE pensum='5' AND c_uni_ca='5' AND c_asigna='300226' [1][0] OK
C:[16/11/2016 09:24:02.40][172.16.4.254][1410] SELECT par_cod_asig1,par_cod_asig2,par_cod_asig3 FROM tblaca009 WHERE pensum='5' AND c_uni_ca='5' AND c_asigna='300228' [1][0] OK
C:[16/11/2016 09:24:02.40][172.16.4.254][1410] SELECT par_cod_asig1,par_cod_asig2,par_cod_asig3 FROM tblaca009 WHERE pensum='5' AND c_uni_ca='5' AND c_asigna='300317' [1][0] OK
C:[16/11/2016 09:24:02.87][172.16.4.254][1540] SELECT horas_lab FROM tblaca008 WHERE c_asigna='300213' AND horas_teoricas > 0 [1][0] OK
C:[16/11/2016 09:24:02.87][172.16.4.254][1540] SELECT horas_lab FROM tblaca008 WHERE c_asigna='300218' AND horas_teoricas > 0 [0][0] OK
C:[16/11/2016 09:24:02.87][172.16.4.254][1540] SELECT horas_lab FROM tblaca008 WHERE c_asigna='300226' AND horas_teoricas > 0 [1][0] OK
C:[16/11/2016 09:24:02.87][172.16.4.254][1540] SELECT horas_lab FROM tblaca008 WHERE c_asigna='300228' AND horas_teoricas > 0 [1][0] OK
C:[16/11/2016 09:24:02.87][172.16.4.254][1540] SELECT horas_lab FROM tblaca008 WHERE c_asigna='300317' AND horas_teoricas > 0 [1][0] OK
C:[16/11/2016 13:14:11.57][172.16.4.234][1366] SELECT pre_cod_asig1,pre_cod_asig2,pre_cod_asig3,pre_cod_asig4,pre_cod_asig5,pre_cod_asig6,pre_cod_asig7 FROM tblaca009 WHERE pensum='5' AND c_uni_ca='6' AND c_asigna='300313' [1][0] OK
C:[16/11/2016 13:14:11.57][172.16.4.234][1379] SELECT c_asigna FROM dace004 WHERE exp_e='14-26717930' AND c_asigna='300213' AND status IN ('0','3','B') [1][0] OK
C:[16/11/2016 13:14:11.57][172.16.4.234][1379] SELECT c_asigna FROM dace004 WHERE exp_e='14-26717930' AND c_asigna='300226' AND status IN ('0','3','B') [1][0] OK
C:[16/11/2016 13:14:11.57][172.16.4.234][1379] SELECT c_asigna FROM dace004 WHERE exp_e='14-26717930' AND c_asigna='300222' AND status IN ('0','3','B') [1][0] OK
C:[16/11/2016 13:14:11.57][172.16.4.234][1379] SELECT c_asigna FROM dace004 WHERE exp_e='14-26717930' AND c_asigna='300209' AND status IN ('0','3','B') [1][0] OK
C:[16/11/2016 13:14:11.57][172.16.4.234][1366] SELECT pre_cod_asig1,pre_cod_asig2,pre_cod_asig3,pre_cod_asig4,pre_cod_asig5,pre_cod_asig6,pre_cod_asig7 FROM tblaca009 WHERE pensum='5' AND c_uni_ca='6' AND c_asigna='300318' [1][0] OK
C:[16/11/2016 13:14:11.57][172.16.4.234][1379] SELECT c_asigna FROM dace004 WHERE exp_e='14-26717930' AND c_asigna='300228' AND status IN ('0','3','B') [1][0] OK
C:[16/11/2016 13:14:11.57][172.16.4.234][1379] SELECT c_asigna FROM dace004 WHERE exp_e='14-26717930' AND c_asigna='300207' AND status IN ('0','3','B') [1][0] OK
C:[16/11/2016 13:14:11.57][172.16.4.234][1379] SELECT c_asigna FROM dace004 WHERE exp_e='14-26717930' AND c_asigna='300218' AND status IN ('0','3','B') [1][0] OK
C:[16/11/2016 13:14:11.57][172.16.4.234][1366] SELECT pre_cod_asig1,pre_cod_asig2,pre_cod_asig3,pre_cod_asig4,pre_cod_asig5,pre_cod_asig6,pre_cod_asig7 FROM tblaca009 WHERE pensum='5' AND c_uni_ca='6' AND c_asigna='300428' [1][0] OK
C:[16/11/2016 13:14:11.57][172.16.4.234][1379] SELECT c_asigna FROM dace004 WHERE exp_e='14-26717930' AND c_asigna='300317' AND status IN ('0','3','B') [1][0] OK
C:[16/11/2016 13:14:11.57][172.16.4.234][1379] SELECT c_asigna FROM dace004 WHERE exp_e='14-26717930' AND c_asigna='300209' AND status IN ('0','3','B') [1][0] OK
C:[16/11/2016 13:14:11.57][172.16.4.234][1366] SELECT pre_cod_asig1,pre_cod_asig2,pre_cod_asig3,pre_cod_asig4,pre_cod_asig5,pre_cod_asig6,pre_cod_asig7 FROM tblaca009 WHERE pensum='5' AND c_uni_ca='6' AND c_asigna='342444' [1][0] OK
C:[16/11/2016 13:14:11.57][172.16.4.234][1379] SELECT c_asigna FROM dace004 WHERE exp_e='14-26717930' AND c_asigna='340323' AND status IN ('0','3','B') [1][0] OK
C:[16/11/2016 13:14:11.57][172.16.4.234][1366] SELECT pre_cod_asig1,pre_cod_asig2,pre_cod_asig3,pre_cod_asig4,pre_cod_asig5,pre_cod_asig6,pre_cod_asig7 FROM tblaca009 WHERE pensum='5' AND c_uni_ca='6' AND c_asigna='343568' [1][0] OK
C:[16/11/2016 13:14:11.57][172.16.4.234][1379] SELECT c_asigna FROM dace004 WHERE exp_e='14-26717930' AND c_asigna='340327' AND status IN ('0','3','B') [1][0] OK
C:[16/11/2016 13:14:12.39][172.16.4.234][1410] SELECT par_cod_asig1,par_cod_asig2,par_cod_asig3 FROM tblaca009 WHERE pensum='5' AND c_uni_ca='6' AND c_asigna='300313' [1][0] OK
C:[16/11/2016 13:14:12.39][172.16.4.234][1410] SELECT par_cod_asig1,par_cod_asig2,par_cod_asig3 FROM tblaca009 WHERE pensum='5' AND c_uni_ca='6' AND c_asigna='300318' [1][0] OK
C:[16/11/2016 13:14:12.39][172.16.4.234][1410] SELECT par_cod_asig1,par_cod_asig2,par_cod_asig3 FROM tblaca009 WHERE pensum='5' AND c_uni_ca='6' AND c_asigna='300428' [1][0] OK
C:[16/11/2016 13:14:12.39][172.16.4.234][1410] SELECT par_cod_asig1,par_cod_asig2,par_cod_asig3 FROM tblaca009 WHERE pensum='5' AND c_uni_ca='6' AND c_asigna='342444' [1][0] OK
C:[16/11/2016 13:14:12.39][172.16.4.234][1410] SELECT par_cod_asig1,par_cod_asig2,par_cod_asig3 FROM tblaca009 WHERE pensum='5' AND c_uni_ca='6' AND c_asigna='343568' [1][0] OK
C:[16/11/2016 13:14:12.03][172.16.4.234][1540] SELECT horas_lab FROM tblaca008 WHERE c_asigna='300313' AND horas_teoricas > 0 [1][0] OK
C:[16/11/2016 13:14:12.03][172.16.4.234][1540] SELECT horas_lab FROM tblaca008 WHERE c_asigna='300318' AND horas_teoricas > 0 [1][0] OK
C:[16/11/2016 13:14:12.03][172.16.4.234][1540] SELECT horas_lab FROM tblaca008 WHERE c_asigna='300428' AND horas_teoricas > 0 [1][0] OK
C:[16/11/2016 13:14:12.03][172.16.4.234][1540] SELECT horas_lab FROM tblaca008 WHERE c_asigna='342444' AND horas_teoricas > 0 [1][0] OK
C:[16/11/2016 13:14:12.03][172.16.4.234][1540] SELECT horas_lab FROM tblaca008 WHERE c_asigna='343568' AND horas_teoricas > 0 [1][0] OK
C:[16/11/2016 13:26:10.67][172.16.4.251][1366] SELECT pre_cod_asig1,pre_cod_asig2,pre_cod_asig3,pre_cod_asig4,pre_cod_asig5,pre_cod_asig6,pre_cod_asig7 FROM tblaca009 WHERE pensum='5' AND c_uni_ca='6' AND c_asigna='300313' [1][0] OK
C:[16/11/2016 13:26:10.67][172.16.4.251][1379] SELECT c_asigna FROM dace004 WHERE exp_e='14-26717930' AND c_asigna='300213' AND status IN ('0','3','B') [1][0] OK
C:[16/11/2016 13:26:10.67][172.16.4.251][1379] SELECT c_asigna FROM dace004 WHERE exp_e='14-26717930' AND c_asigna='300226' AND status IN ('0','3','B') [1][0] OK
C:[16/11/2016 13:26:10.67][172.16.4.251][1379] SELECT c_asigna FROM dace004 WHERE exp_e='14-26717930' AND c_asigna='300222' AND status IN ('0','3','B') [1][0] OK
C:[16/11/2016 13:26:10.67][172.16.4.251][1379] SELECT c_asigna FROM dace004 WHERE exp_e='14-26717930' AND c_asigna='300209' AND status IN ('0','3','B') [1][0] OK
C:[16/11/2016 13:26:10.67][172.16.4.251][1366] SELECT pre_cod_asig1,pre_cod_asig2,pre_cod_asig3,pre_cod_asig4,pre_cod_asig5,pre_cod_asig6,pre_cod_asig7 FROM tblaca009 WHERE pensum='5' AND c_uni_ca='6' AND c_asigna='300318' [1][0] OK
C:[16/11/2016 13:26:10.67][172.16.4.251][1379] SELECT c_asigna FROM dace004 WHERE exp_e='14-26717930' AND c_asigna='300228' AND status IN ('0','3','B') [1][0] OK
C:[16/11/2016 13:26:10.67][172.16.4.251][1379] SELECT c_asigna FROM dace004 WHERE exp_e='14-26717930' AND c_asigna='300207' AND status IN ('0','3','B') [1][0] OK
C:[16/11/2016 13:26:10.67][172.16.4.251][1379] SELECT c_asigna FROM dace004 WHERE exp_e='14-26717930' AND c_asigna='300218' AND status IN ('0','3','B') [1][0] OK
C:[16/11/2016 13:26:10.67][172.16.4.251][1366] SELECT pre_cod_asig1,pre_cod_asig2,pre_cod_asig3,pre_cod_asig4,pre_cod_asig5,pre_cod_asig6,pre_cod_asig7 FROM tblaca009 WHERE pensum='5' AND c_uni_ca='6' AND c_asigna='300428' [1][0] OK
C:[16/11/2016 13:26:10.67][172.16.4.251][1379] SELECT c_asigna FROM dace004 WHERE exp_e='14-26717930' AND c_asigna='300317' AND status IN ('0','3','B') [1][0] OK
C:[16/11/2016 13:26:10.67][172.16.4.251][1379] SELECT c_asigna FROM dace004 WHERE exp_e='14-26717930' AND c_asigna='300209' AND status IN ('0','3','B') [1][0] OK
C:[16/11/2016 13:26:10.67][172.16.4.251][1366] SELECT pre_cod_asig1,pre_cod_asig2,pre_cod_asig3,pre_cod_asig4,pre_cod_asig5,pre_cod_asig6,pre_cod_asig7 FROM tblaca009 WHERE pensum='5' AND c_uni_ca='6' AND c_asigna='342444' [1][0] OK
C:[16/11/2016 13:26:10.67][172.16.4.251][1379] SELECT c_asigna FROM dace004 WHERE exp_e='14-26717930' AND c_asigna='340323' AND status IN ('0','3','B') [1][0] OK
C:[16/11/2016 13:26:10.67][172.16.4.251][1366] SELECT pre_cod_asig1,pre_cod_asig2,pre_cod_asig3,pre_cod_asig4,pre_cod_asig5,pre_cod_asig6,pre_cod_asig7 FROM tblaca009 WHERE pensum='5' AND c_uni_ca='6' AND c_asigna='343568' [1][0] OK
C:[16/11/2016 13:26:10.67][172.16.4.251][1379] SELECT c_asigna FROM dace004 WHERE exp_e='14-26717930' AND c_asigna='340327' AND status IN ('0','3','B') [1][0] OK
C:[16/11/2016 13:26:10.27][172.16.4.251][1410] SELECT par_cod_asig1,par_cod_asig2,par_cod_asig3 FROM tblaca009 WHERE pensum='5' AND c_uni_ca='6' AND c_asigna='300313' [1][0] OK
C:[16/11/2016 13:26:10.27][172.16.4.251][1410] SELECT par_cod_asig1,par_cod_asig2,par_cod_asig3 FROM tblaca009 WHERE pensum='5' AND c_uni_ca='6' AND c_asigna='300318' [1][0] OK
C:[16/11/2016 13:26:10.27][172.16.4.251][1410] SELECT par_cod_asig1,par_cod_asig2,par_cod_asig3 FROM tblaca009 WHERE pensum='5' AND c_uni_ca='6' AND c_asigna='300428' [1][0] OK
C:[16/11/2016 13:26:10.27][172.16.4.251][1410] SELECT par_cod_asig1,par_cod_asig2,par_cod_asig3 FROM tblaca009 WHERE pensum='5' AND c_uni_ca='6' AND c_asigna='342444' [1][0] OK
C:[16/11/2016 13:26:10.27][172.16.4.251][1410] SELECT par_cod_asig1,par_cod_asig2,par_cod_asig3 FROM tblaca009 WHERE pensum='5' AND c_uni_ca='6' AND c_asigna='343568' [1][0] OK
C:[16/11/2016 13:26:11.43][172.16.4.251][1540] SELECT horas_lab FROM tblaca008 WHERE c_asigna='300313' AND horas_teoricas > 0 [1][0] OK
C:[16/11/2016 13:26:11.43][172.16.4.251][1540] SELECT horas_lab FROM tblaca008 WHERE c_asigna='300318' AND horas_teoricas > 0 [1][0] OK
C:[16/11/2016 13:26:11.43][172.16.4.251][1540] SELECT horas_lab FROM tblaca008 WHERE c_asigna='300428' AND horas_teoricas > 0 [1][0] OK
C:[16/11/2016 13:26:11.43][172.16.4.251][1540] SELECT horas_lab FROM tblaca008 WHERE c_asigna='342444' AND horas_teoricas > 0 [1][0] OK
C:[16/11/2016 13:26:11.43][172.16.4.251][1540] SELECT horas_lab FROM tblaca008 WHERE c_asigna='343568' AND horas_teoricas > 0 [1][0] OK
C:[17/04/2017 09:22:08.26][172.16.4.254][1352] SELECT pre_cod_asig1,pre_cod_asig2,pre_cod_asig3,pre_cod_asig4,pre_cod_asig5,pre_cod_asig6,pre_cod_asig7 FROM tblaca009 WHERE pensum='5' AND c_uni_ca='6' AND c_asigna='300013' [1][0] OK
C:[17/04/2017 09:22:08.26][172.16.4.254][1352] SELECT pre_cod_asig1,pre_cod_asig2,pre_cod_asig3,pre_cod_asig4,pre_cod_asig5,pre_cod_asig6,pre_cod_asig7 FROM tblaca009 WHERE pensum='5' AND c_uni_ca='6' AND c_asigna='300105' [1][0] OK
C:[17/04/2017 09:22:08.26][172.16.4.254][1352] SELECT pre_cod_asig1,pre_cod_asig2,pre_cod_asig3,pre_cod_asig4,pre_cod_asig5,pre_cod_asig6,pre_cod_asig7 FROM tblaca009 WHERE pensum='5' AND c_uni_ca='6' AND c_asigna='300207' [1][0] OK
C:[17/04/2017 09:22:08.26][172.16.4.254][1365] SELECT c_asigna FROM dace004 WHERE exp_e='16-26359040' AND c_asigna='300101' AND status IN ('0','3','B') [1][0] OK
C:[17/04/2017 09:22:08.26][172.16.4.254][1352] SELECT pre_cod_asig1,pre_cod_asig2,pre_cod_asig3,pre_cod_asig4,pre_cod_asig5,pre_cod_asig6,pre_cod_asig7 FROM tblaca009 WHERE pensum='5' AND c_uni_ca='6' AND c_asigna='300209' [1][0] OK
C:[17/04/2017 09:22:08.26][172.16.4.254][1365] SELECT c_asigna FROM dace004 WHERE exp_e='16-26359040' AND c_asigna='300101' AND status IN ('0','3','B') [1][0] OK
C:[17/04/2017 09:22:08.26][172.16.4.254][1352] SELECT pre_cod_asig1,pre_cod_asig2,pre_cod_asig3,pre_cod_asig4,pre_cod_asig5,pre_cod_asig6,pre_cod_asig7 FROM tblaca009 WHERE pensum='5' AND c_uni_ca='6' AND c_asigna='300228' [1][0] OK
C:[17/04/2017 09:22:08.26][172.16.4.254][1365] SELECT c_asigna FROM dace004 WHERE exp_e='16-26359040' AND c_asigna='300101' AND status IN ('0','3','B') [1][0] OK
C:[17/04/2017 09:22:08.38][172.16.4.254][1396] SELECT par_cod_asig1,par_cod_asig2,par_cod_asig3 FROM tblaca009 WHERE pensum='5' AND c_uni_ca='6' AND c_asigna='300013' [1][0] OK
C:[17/04/2017 09:22:08.38][172.16.4.254][1396] SELECT par_cod_asig1,par_cod_asig2,par_cod_asig3 FROM tblaca009 WHERE pensum='5' AND c_uni_ca='6' AND c_asigna='300105' [1][0] OK
C:[17/04/2017 09:22:08.38][172.16.4.254][1396] SELECT par_cod_asig1,par_cod_asig2,par_cod_asig3 FROM tblaca009 WHERE pensum='5' AND c_uni_ca='6' AND c_asigna='300207' [1][0] OK
C:[17/04/2017 09:22:08.38][172.16.4.254][1396] SELECT par_cod_asig1,par_cod_asig2,par_cod_asig3 FROM tblaca009 WHERE pensum='5' AND c_uni_ca='6' AND c_asigna='300209' [1][0] OK
C:[17/04/2017 09:22:08.38][172.16.4.254][1396] SELECT par_cod_asig1,par_cod_asig2,par_cod_asig3 FROM tblaca009 WHERE pensum='5' AND c_uni_ca='6' AND c_asigna='300228' [1][0] OK
C:[17/04/2017 09:22:09.12][172.16.4.254][1526] SELECT horas_lab FROM tblaca008 WHERE c_asigna='300013' AND horas_teoricas > 0 [1][0] OK
C:[17/04/2017 09:22:09.12][172.16.4.254][1526] SELECT horas_lab FROM tblaca008 WHERE c_asigna='300105' AND horas_teoricas > 0 [1][0] OK
C:[17/04/2017 09:22:09.12][172.16.4.254][1526] SELECT horas_lab FROM tblaca008 WHERE c_asigna='300207' AND horas_teoricas > 0 [1][0] OK
C:[17/04/2017 09:22:09.12][172.16.4.254][1526] SELECT horas_lab FROM tblaca008 WHERE c_asigna='300209' AND horas_teoricas > 0 [1][0] OK
C:[17/04/2017 09:22:09.12][172.16.4.254][1526] SELECT horas_lab FROM tblaca008 WHERE c_asigna='300228' AND horas_teoricas > 0 [1][0] OK
C:[17/04/2017 09:39:08.15][172.16.4.254][1352] SELECT pre_cod_asig1,pre_cod_asig2,pre_cod_asig3,pre_cod_asig4,pre_cod_asig5,pre_cod_asig6,pre_cod_asig7 FROM tblaca009 WHERE pensum='5' AND c_uni_ca='5' AND c_asigna='300218' [1][0] OK
C:[17/04/2017 09:39:08.15][172.16.4.254][1365] SELECT c_asigna FROM dace004 WHERE exp_e='15-27308147' AND c_asigna='300101' AND status IN ('0','3','B') [1][0] OK
C:[17/04/2017 09:39:08.15][172.16.4.254][1352] SELECT pre_cod_asig1,pre_cod_asig2,pre_cod_asig3,pre_cod_asig4,pre_cod_asig5,pre_cod_asig6,pre_cod_asig7 FROM tblaca009 WHERE pensum='5' AND c_uni_ca='5' AND c_asigna='300222' [1][0] OK
C:[17/04/2017 09:39:08.15][172.16.4.254][1365] SELECT c_asigna FROM dace004 WHERE exp_e='15-27308147' AND c_asigna='300112' AND status IN ('0','3','B') [1][0] OK
C:[17/04/2017 09:39:08.15][172.16.4.254][1352] SELECT pre_cod_asig1,pre_cod_asig2,pre_cod_asig3,pre_cod_asig4,pre_cod_asig5,pre_cod_asig6,pre_cod_asig7 FROM tblaca009 WHERE pensum='5' AND c_uni_ca='5' AND c_asigna='300228' [1][0] OK
C:[17/04/2017 09:39:08.15][172.16.4.254][1365] SELECT c_asigna FROM dace004 WHERE exp_e='15-27308147' AND c_asigna='300101' AND status IN ('0','3','B') [1][0] OK
C:[17/04/2017 09:39:08.15][172.16.4.254][1352] SELECT pre_cod_asig1,pre_cod_asig2,pre_cod_asig3,pre_cod_asig4,pre_cod_asig5,pre_cod_asig6,pre_cod_asig7 FROM tblaca009 WHERE pensum='5' AND c_uni_ca='5' AND c_asigna='300317' [1][0] OK
C:[17/04/2017 09:39:08.15][172.16.4.254][1365] SELECT c_asigna FROM dace004 WHERE exp_e='15-27308147' AND c_asigna='300207' AND status IN ('0','3','B') [1][0] OK
C:[17/04/2017 09:39:08.15][172.16.4.254][1365] SELECT c_asigna FROM dace004 WHERE exp_e='15-27308147' AND c_asigna='300209' AND status IN ('0','3','B') [1][0] OK
C:[17/04/2017 09:39:08.27][172.16.4.254][1396] SELECT par_cod_asig1,par_cod_asig2,par_cod_asig3 FROM tblaca009 WHERE pensum='5' AND c_uni_ca='5' AND c_asigna='300218' [1][0] OK
C:[17/04/2017 09:39:08.27][172.16.4.254][1410] SELECT c_asigna FROM dace004 WHERE exp_e='15-27308147' AND c_asigna='300228' AND status IN ('0','3','B','C') [0][0] OK
C:[17/04/2017 09:39:08.27][172.16.4.254][1396] SELECT par_cod_asig1,par_cod_asig2,par_cod_asig3 FROM tblaca009 WHERE pensum='5' AND c_uni_ca='5' AND c_asigna='300222' [1][0] OK
C:[17/04/2017 09:39:08.27][172.16.4.254][1396] SELECT par_cod_asig1,par_cod_asig2,par_cod_asig3 FROM tblaca009 WHERE pensum='5' AND c_uni_ca='5' AND c_asigna='300228' [1][0] OK
C:[17/04/2017 09:39:08.27][172.16.4.254][1396] SELECT par_cod_asig1,par_cod_asig2,par_cod_asig3 FROM tblaca009 WHERE pensum='5' AND c_uni_ca='5' AND c_asigna='300317' [1][0] OK
C:[17/04/2017 09:39:08.92][172.16.4.254][1526] SELECT horas_lab FROM tblaca008 WHERE c_asigna='300218' AND horas_teoricas > 0 [0][0] OK
C:[17/04/2017 09:39:08.92][172.16.4.254][1526] SELECT horas_lab FROM tblaca008 WHERE c_asigna='300222' AND horas_teoricas > 0 [1][0] OK
C:[17/04/2017 09:39:08.92][172.16.4.254][1526] SELECT horas_lab FROM tblaca008 WHERE c_asigna='300228' AND horas_teoricas > 0 [1][0] OK
C:[17/04/2017 09:39:08.92][172.16.4.254][1526] SELECT horas_lab FROM tblaca008 WHERE c_asigna='300317' AND horas_teoricas > 0 [1][0] OK
C:[17/04/2017 10:01:34.23][172.16.4.254][1352] SELECT pre_cod_asig1,pre_cod_asig2,pre_cod_asig3,pre_cod_asig4,pre_cod_asig5,pre_cod_asig6,pre_cod_asig7 FROM tblaca009 WHERE pensum='5' AND c_uni_ca='2' AND c_asigna='311561' [1][0] OK
C:[17/04/2017 10:01:34.23][172.16.4.254][1365] SELECT c_asigna FROM dace004 WHERE exp_e='12-21498471' AND c_asigna='300318' AND status IN ('0','3','B') [1][0] OK
C:[17/04/2017 10:01:34.23][172.16.4.254][1352] SELECT pre_cod_asig1,pre_cod_asig2,pre_cod_asig3,pre_cod_asig4,pre_cod_asig5,pre_cod_asig6,pre_cod_asig7 FROM tblaca009 WHERE pensum='5' AND c_uni_ca='2' AND c_asigna='322681' [1][0] OK
C:[17/04/2017 10:01:34.23][172.16.4.254][1365] SELECT c_asigna FROM dace004 WHERE exp_e='12-21498471' AND c_asigna='320437' AND status IN ('0','3','B') [1][0] OK
C:[17/04/2017 10:01:34.23][172.16.4.254][1365] SELECT c_asigna FROM dace004 WHERE exp_e='12-21498471' AND c_asigna='322449' AND status IN ('0','3','B') [1][0] OK
C:[17/04/2017 10:01:34.23][172.16.4.254][1365] SELECT c_asigna FROM dace004 WHERE exp_e='12-21498471' AND c_asigna='300313' AND status IN ('0','3','B') [1][0] OK
C:[17/04/2017 10:01:34.23][172.16.4.254][1365] SELECT c_asigna FROM dace004 WHERE exp_e='12-21498471' AND c_asigna='300209' AND status IN ('0','3','B') [1][0] OK
C:[17/04/2017 10:01:34.23][172.16.4.254][1365] SELECT c_asigna FROM dace004 WHERE exp_e='12-21498471' AND c_asigna='300226' AND status IN ('0','3','B') [1][0] OK
C:[17/04/2017 10:01:34.23][172.16.4.254][1352] SELECT pre_cod_asig1,pre_cod_asig2,pre_cod_asig3,pre_cod_asig4,pre_cod_asig5,pre_cod_asig6,pre_cod_asig7 FROM tblaca009 WHERE pensum='5' AND c_uni_ca='2' AND c_asigna='322683' [1][0] OK
C:[17/04/2017 10:01:34.23][172.16.4.254][1365] SELECT c_asigna FROM dace004 WHERE exp_e='12-21498471' AND c_asigna='322560' AND status IN ('0','3','B') [1][0] OK
C:[17/04/2017 10:01:34.23][172.16.4.254][1352] SELECT pre_cod_asig1,pre_cod_asig2,pre_cod_asig3,pre_cod_asig4,pre_cod_asig5,pre_cod_asig6,pre_cod_asig7 FROM tblaca009 WHERE pensum='5' AND c_uni_ca='2' AND c_asigna='322780' [1][0] OK
C:[17/04/2017 10:01:34.23][172.16.4.254][1365] SELECT c_asigna FROM dace004 WHERE exp_e='12-21498471' AND c_asigna='322678' AND status IN ('0','3','B') [1][0] OK
C:[17/04/2017 10:01:34.23][172.16.4.254][1352] SELECT pre_cod_asig1,pre_cod_asig2,pre_cod_asig3,pre_cod_asig4,pre_cod_asig5,pre_cod_asig6,pre_cod_asig7 FROM tblaca009 WHERE pensum='5' AND c_uni_ca='2' AND c_asigna='322782' [1][0] OK
C:[17/04/2017 10:01:34.23][172.16.4.254][1365] SELECT c_asigna FROM dace004 WHERE exp_e='12-21498471' AND c_asigna='322669' AND status IN ('0','3','B') [1][0] OK
C:[17/04/2017 10:01:34.23][172.16.4.254][1365] SELECT c_asigna FROM dace004 WHERE exp_e='12-21498471' AND c_asigna='322550' AND status IN ('0','3','B') [1][0] OK
C:[17/04/2017 10:01:35.10][172.16.4.254][1396] SELECT par_cod_asig1,par_cod_asig2,par_cod_asig3 FROM tblaca009 WHERE pensum='5' AND c_uni_ca='2' AND c_asigna='311561' [1][0] OK
C:[17/04/2017 10:01:35.10][172.16.4.254][1396] SELECT par_cod_asig1,par_cod_asig2,par_cod_asig3 FROM tblaca009 WHERE pensum='5' AND c_uni_ca='2' AND c_asigna='322681' [1][0] OK
C:[17/04/2017 10:01:35.10][172.16.4.254][1396] SELECT par_cod_asig1,par_cod_asig2,par_cod_asig3 FROM tblaca009 WHERE pensum='5' AND c_uni_ca='2' AND c_asigna='322683' [1][0] OK
C:[17/04/2017 10:01:35.10][172.16.4.254][1410] SELECT c_asigna FROM dace004 WHERE exp_e='12-21498471' AND c_asigna='322681' AND status IN ('0','3','B','C') [0][0] OK
C:[17/04/2017 10:01:35.10][172.16.4.254][1396] SELECT par_cod_asig1,par_cod_asig2,par_cod_asig3 FROM tblaca009 WHERE pensum='5' AND c_uni_ca='2' AND c_asigna='322780' [1][0] OK
C:[17/04/2017 10:01:35.10][172.16.4.254][1396] SELECT par_cod_asig1,par_cod_asig2,par_cod_asig3 FROM tblaca009 WHERE pensum='5' AND c_uni_ca='2' AND c_asigna='322782' [1][0] OK
C:[17/04/2017 10:01:35.88][172.16.4.254][1526] SELECT horas_lab FROM tblaca008 WHERE c_asigna='311561' AND horas_teoricas > 0 [1][0] OK
C:[17/04/2017 10:01:35.88][172.16.4.254][1526] SELECT horas_lab FROM tblaca008 WHERE c_asigna='322681' AND horas_teoricas > 0 [1][0] OK
C:[17/04/2017 10:01:35.88][172.16.4.254][1526] SELECT horas_lab FROM tblaca008 WHERE c_asigna='322683' AND horas_teoricas > 0 [1][0] OK
C:[17/04/2017 10:01:35.88][172.16.4.254][1526] SELECT horas_lab FROM tblaca008 WHERE c_asigna='322780' AND horas_teoricas > 0 [1][0] OK
C:[17/04/2017 10:02:42.29][172.16.4.254][1352] SELECT pre_cod_asig1,pre_cod_asig2,pre_cod_asig3,pre_cod_asig4,pre_cod_asig5,pre_cod_asig6,pre_cod_asig7 FROM tblaca009 WHERE pensum='5' AND c_uni_ca='2' AND c_asigna='311561' [1][0] OK
C:[17/04/2017 10:02:42.29][172.16.4.254][1365] SELECT c_asigna FROM dace004 WHERE exp_e='12-21498471' AND c_asigna='300318' AND status IN ('0','3','B') [1][0] OK
C:[17/04/2017 10:02:42.29][172.16.4.254][1352] SELECT pre_cod_asig1,pre_cod_asig2,pre_cod_asig3,pre_cod_asig4,pre_cod_asig5,pre_cod_asig6,pre_cod_asig7 FROM tblaca009 WHERE pensum='5' AND c_uni_ca='2' AND c_asigna='322681' [1][0] OK
C:[17/04/2017 10:02:42.29][172.16.4.254][1365] SELECT c_asigna FROM dace004 WHERE exp_e='12-21498471' AND c_asigna='320437' AND status IN ('0','3','B') [1][0] OK
C:[17/04/2017 10:02:42.29][172.16.4.254][1365] SELECT c_asigna FROM dace004 WHERE exp_e='12-21498471' AND c_asigna='322449' AND status IN ('0','3','B') [1][0] OK
C:[17/04/2017 10:02:42.29][172.16.4.254][1365] SELECT c_asigna FROM dace004 WHERE exp_e='12-21498471' AND c_asigna='300313' AND status IN ('0','3','B') [1][0] OK
C:[17/04/2017 10:02:42.29][172.16.4.254][1365] SELECT c_asigna FROM dace004 WHERE exp_e='12-21498471' AND c_asigna='300209' AND status IN ('0','3','B') [1][0] OK
C:[17/04/2017 10:02:42.29][172.16.4.254][1365] SELECT c_asigna FROM dace004 WHERE exp_e='12-21498471' AND c_asigna='300226' AND status IN ('0','3','B') [1][0] OK
C:[17/04/2017 10:02:42.29][172.16.4.254][1352] SELECT pre_cod_asig1,pre_cod_asig2,pre_cod_asig3,pre_cod_asig4,pre_cod_asig5,pre_cod_asig6,pre_cod_asig7 FROM tblaca009 WHERE pensum='5' AND c_uni_ca='2' AND c_asigna='322683' [1][0] OK
C:[17/04/2017 10:02:42.29][172.16.4.254][1365] SELECT c_asigna FROM dace004 WHERE exp_e='12-21498471' AND c_asigna='322560' AND status IN ('0','3','B') [1][0] OK
C:[17/04/2017 10:02:42.29][172.16.4.254][1352] SELECT pre_cod_asig1,pre_cod_asig2,pre_cod_asig3,pre_cod_asig4,pre_cod_asig5,pre_cod_asig6,pre_cod_asig7 FROM tblaca009 WHERE pensum='5' AND c_uni_ca='2' AND c_asigna='322780' [1][0] OK
C:[17/04/2017 10:02:42.29][172.16.4.254][1365] SELECT c_asigna FROM dace004 WHERE exp_e='12-21498471' AND c_asigna='322678' AND status IN ('0','3','B') [1][0] OK
C:[17/04/2017 10:02:42.29][172.16.4.254][1352] SELECT pre_cod_asig1,pre_cod_asig2,pre_cod_asig3,pre_cod_asig4,pre_cod_asig5,pre_cod_asig6,pre_cod_asig7 FROM tblaca009 WHERE pensum='5' AND c_uni_ca='2' AND c_asigna='322782' [1][0] OK
C:[17/04/2017 10:02:42.29][172.16.4.254][1365] SELECT c_asigna FROM dace004 WHERE exp_e='12-21498471' AND c_asigna='322669' AND status IN ('0','3','B') [1][0] OK
C:[17/04/2017 10:02:42.29][172.16.4.254][1365] SELECT c_asigna FROM dace004 WHERE exp_e='12-21498471' AND c_asigna='322550' AND status IN ('0','3','B') [1][0] OK
C:[17/04/2017 10:02:42.11][172.16.4.254][1396] SELECT par_cod_asig1,par_cod_asig2,par_cod_asig3 FROM tblaca009 WHERE pensum='5' AND c_uni_ca='2' AND c_asigna='311561' [1][0] OK
C:[17/04/2017 10:02:42.11][172.16.4.254][1396] SELECT par_cod_asig1,par_cod_asig2,par_cod_asig3 FROM tblaca009 WHERE pensum='5' AND c_uni_ca='2' AND c_asigna='322681' [1][0] OK
C:[17/04/2017 10:02:42.11][172.16.4.254][1396] SELECT par_cod_asig1,par_cod_asig2,par_cod_asig3 FROM tblaca009 WHERE pensum='5' AND c_uni_ca='2' AND c_asigna='322683' [1][0] OK
C:[17/04/2017 10:02:42.11][172.16.4.254][1410] SELECT c_asigna FROM dace004 WHERE exp_e='12-21498471' AND c_asigna='322681' AND status IN ('0','3','B','C') [0][0] OK
C:[17/04/2017 10:02:42.11][172.16.4.254][1396] SELECT par_cod_asig1,par_cod_asig2,par_cod_asig3 FROM tblaca009 WHERE pensum='5' AND c_uni_ca='2' AND c_asigna='322780' [1][0] OK
C:[17/04/2017 10:02:42.11][172.16.4.254][1396] SELECT par_cod_asig1,par_cod_asig2,par_cod_asig3 FROM tblaca009 WHERE pensum='5' AND c_uni_ca='2' AND c_asigna='322782' [1][0] OK
C:[17/04/2017 10:02:42.89][172.16.4.254][1526] SELECT horas_lab FROM tblaca008 WHERE c_asigna='311561' AND horas_teoricas > 0 [1][0] OK
C:[17/04/2017 10:02:42.89][172.16.4.254][1526] SELECT horas_lab FROM tblaca008 WHERE c_asigna='322681' AND horas_teoricas > 0 [1][0] OK
C:[17/04/2017 10:02:42.89][172.16.4.254][1526] SELECT horas_lab FROM tblaca008 WHERE c_asigna='322683' AND horas_teoricas > 0 [1][0] OK
C:[17/04/2017 10:02:42.89][172.16.4.254][1526] SELECT horas_lab FROM tblaca008 WHERE c_asigna='322780' AND horas_teoricas > 0 [1][0] OK
C:[17/04/2017 12:41:58.47][172.16.4.254][1352] SELECT pre_cod_asig1,pre_cod_asig2,pre_cod_asig3,pre_cod_asig4,pre_cod_asig5,pre_cod_asig6,pre_cod_asig7 FROM tblaca009 WHERE pensum='5' AND c_uni_ca='2' AND c_asigna='311561' [1][0] OK
C:[17/04/2017 12:41:58.47][172.16.4.254][1365] SELECT c_asigna FROM dace004 WHERE exp_e='12-24609747' AND c_asigna='300318' AND status IN ('0','3','B') [1][0] OK
C:[17/04/2017 12:41:58.47][172.16.4.254][1352] SELECT pre_cod_asig1,pre_cod_asig2,pre_cod_asig3,pre_cod_asig4,pre_cod_asig5,pre_cod_asig6,pre_cod_asig7 FROM tblaca009 WHERE pensum='5' AND c_uni_ca='2' AND c_asigna='322703' [1][0] OK
C:[17/04/2017 12:41:58.47][172.16.4.254][1365] SELECT c_asigna FROM dace004 WHERE exp_e='12-24609747' AND c_asigna='322669' AND status IN ('0','3','B') [1][0] OK
C:[17/04/2017 12:41:58.47][172.16.4.254][1352] SELECT pre_cod_asig1,pre_cod_asig2,pre_cod_asig3,pre_cod_asig4,pre_cod_asig5,pre_cod_asig6,pre_cod_asig7 FROM tblaca009 WHERE pensum='5' AND c_uni_ca='2' AND c_asigna='322782' [1][0] OK
C:[17/04/2017 12:41:58.47][172.16.4.254][1365] SELECT c_asigna FROM dace004 WHERE exp_e='12-24609747' AND c_asigna='322669' AND status IN ('0','3','B') [1][0] OK
C:[17/04/2017 12:41:58.47][172.16.4.254][1365] SELECT c_asigna FROM dace004 WHERE exp_e='12-24609747' AND c_asigna='322550' AND status IN ('0','3','B') [1][0] OK
C:[17/04/2017 12:41:58.47][172.16.4.254][1352] SELECT pre_cod_asig1,pre_cod_asig2,pre_cod_asig3,pre_cod_asig4,pre_cod_asig5,pre_cod_asig6,pre_cod_asig7 FROM tblaca009 WHERE pensum='5' AND c_uni_ca='2' AND c_asigna='322801' [1][0] OK
C:[17/04/2017 12:41:58.47][172.16.4.254][1365] SELECT c_asigna FROM dace004 WHERE exp_e='12-24609747' AND c_asigna='322780' AND status IN ('0','3','B') [1][0] OK
C:[17/04/2017 12:41:58.47][172.16.4.254][1365] SELECT c_asigna FROM dace004 WHERE exp_e='12-24609747' AND c_asigna='322605' AND status IN ('0','3','B') [1][0] OK
C:[17/04/2017 12:41:58.47][172.16.4.254][1352] SELECT pre_cod_asig1,pre_cod_asig2,pre_cod_asig3,pre_cod_asig4,pre_cod_asig5,pre_cod_asig6,pre_cod_asig7 FROM tblaca009 WHERE pensum='5' AND c_uni_ca='2' AND c_asigna='324862' [1][0] OK
C:[17/04/2017 12:41:58.85][172.16.4.254][1396] SELECT par_cod_asig1,par_cod_asig2,par_cod_asig3 FROM tblaca009 WHERE pensum='5' AND c_uni_ca='2' AND c_asigna='311561' [1][0] OK
C:[17/04/2017 12:41:58.85][172.16.4.254][1396] SELECT par_cod_asig1,par_cod_asig2,par_cod_asig3 FROM tblaca009 WHERE pensum='5' AND c_uni_ca='2' AND c_asigna='322703' [1][0] OK
C:[17/04/2017 12:41:58.85][172.16.4.254][1396] SELECT par_cod_asig1,par_cod_asig2,par_cod_asig3 FROM tblaca009 WHERE pensum='5' AND c_uni_ca='2' AND c_asigna='322782' [1][0] OK
C:[17/04/2017 12:41:58.85][172.16.4.254][1396] SELECT par_cod_asig1,par_cod_asig2,par_cod_asig3 FROM tblaca009 WHERE pensum='5' AND c_uni_ca='2' AND c_asigna='322801' [1][0] OK
C:[17/04/2017 12:41:58.85][172.16.4.254][1396] SELECT par_cod_asig1,par_cod_asig2,par_cod_asig3 FROM tblaca009 WHERE pensum='5' AND c_uni_ca='2' AND c_asigna='324862' [1][0] OK
C:[17/04/2017 12:41:58.50][172.16.4.254][1526] SELECT horas_lab FROM tblaca008 WHERE c_asigna='311561' AND horas_teoricas > 0 [1][0] OK
C:[17/04/2017 12:41:58.50][172.16.4.254][1526] SELECT horas_lab FROM tblaca008 WHERE c_asigna='322703' AND horas_teoricas > 0 [1][0] OK
C:[17/04/2017 12:41:58.50][172.16.4.254][1526] SELECT horas_lab FROM tblaca008 WHERE c_asigna='322782' AND horas_teoricas > 0 [1][0] OK
C:[17/04/2017 12:41:58.50][172.16.4.254][1526] SELECT horas_lab FROM tblaca008 WHERE c_asigna='322801' AND horas_teoricas > 0 [1][0] OK
C:[17/04/2017 12:41:58.50][172.16.4.254][1526] SELECT horas_lab FROM tblaca008 WHERE c_asigna='324862' AND horas_teoricas > 0 [1][0] OK
C:[17/04/2017 13:25:55.61][172.16.4.254][1352] SELECT pre_cod_asig1,pre_cod_asig2,pre_cod_asig3,pre_cod_asig4,pre_cod_asig5,pre_cod_asig6,pre_cod_asig7 FROM tblaca009 WHERE pensum='5' AND c_uni_ca='5' AND c_asigna='300207' [1][0] OK
C:[17/04/2017 13:25:55.61][172.16.4.254][1365] SELECT c_asigna FROM dace004 WHERE exp_e='15-27256616' AND c_asigna='300101' AND status IN ('0','3','B') [1][0] OK
C:[17/04/2017 13:25:55.61][172.16.4.254][1352] SELECT pre_cod_asig1,pre_cod_asig2,pre_cod_asig3,pre_cod_asig4,pre_cod_asig5,pre_cod_asig6,pre_cod_asig7 FROM tblaca009 WHERE pensum='5' AND c_uni_ca='5' AND c_asigna='300209' [1][0] OK
C:[17/04/2017 13:25:55.61][172.16.4.254][1365] SELECT c_asigna FROM dace004 WHERE exp_e='15-27256616' AND c_asigna='300101' AND status IN ('0','3','B') [1][0] OK
C:[17/04/2017 13:25:55.61][172.16.4.254][1352] SELECT pre_cod_asig1,pre_cod_asig2,pre_cod_asig3,pre_cod_asig4,pre_cod_asig5,pre_cod_asig6,pre_cod_asig7 FROM tblaca009 WHERE pensum='5' AND c_uni_ca='5' AND c_asigna='300213' [1][0] OK
C:[17/04/2017 13:25:55.61][172.16.4.254][1365] SELECT c_asigna FROM dace004 WHERE exp_e='15-27256616' AND c_asigna='300101' AND status IN ('0','3','B') [1][0] OK
C:[17/04/2017 13:25:55.61][172.16.4.254][1352] SELECT pre_cod_asig1,pre_cod_asig2,pre_cod_asig3,pre_cod_asig4,pre_cod_asig5,pre_cod_asig6,pre_cod_asig7 FROM tblaca009 WHERE pensum='5' AND c_uni_ca='5' AND c_asigna='300226' [1][0] OK
C:[17/04/2017 13:25:55.61][172.16.4.254][1365] SELECT c_asigna FROM dace004 WHERE exp_e='15-27256616' AND c_asigna='300116' AND status IN ('0','3','B') [1][0] OK
C:[17/04/2017 13:25:55.61][172.16.4.254][1352] SELECT pre_cod_asig1,pre_cod_asig2,pre_cod_asig3,pre_cod_asig4,pre_cod_asig5,pre_cod_asig6,pre_cod_asig7 FROM tblaca009 WHERE pensum='5' AND c_uni_ca='5' AND c_asigna='300228' [1][0] OK
C:[17/04/2017 13:25:55.61][172.16.4.254][1365] SELECT c_asigna FROM dace004 WHERE exp_e='15-27256616' AND c_asigna='300101' AND status IN ('0','3','B') [1][0] OK
C:[17/04/2017 13:25:55.42][172.16.4.254][1396] SELECT par_cod_asig1,par_cod_asig2,par_cod_asig3 FROM tblaca009 WHERE pensum='5' AND c_uni_ca='5' AND c_asigna='300207' [1][0] OK
C:[17/04/2017 13:25:55.42][172.16.4.254][1396] SELECT par_cod_asig1,par_cod_asig2,par_cod_asig3 FROM tblaca009 WHERE pensum='5' AND c_uni_ca='5' AND c_asigna='300209' [1][0] OK
C:[17/04/2017 13:25:55.42][172.16.4.254][1396] SELECT par_cod_asig1,par_cod_asig2,par_cod_asig3 FROM tblaca009 WHERE pensum='5' AND c_uni_ca='5' AND c_asigna='300213' [1][0] OK
C:[17/04/2017 13:25:55.42][172.16.4.254][1410] SELECT c_asigna FROM dace004 WHERE exp_e='15-27256616' AND c_asigna='300209' AND status IN ('0','3','B','C') [0][0] OK
C:[17/04/2017 13:25:55.42][172.16.4.254][1396] SELECT par_cod_asig1,par_cod_asig2,par_cod_asig3 FROM tblaca009 WHERE pensum='5' AND c_uni_ca='5' AND c_asigna='300226' [1][0] OK
C:[17/04/2017 13:25:55.42][172.16.4.254][1396] SELECT par_cod_asig1,par_cod_asig2,par_cod_asig3 FROM tblaca009 WHERE pensum='5' AND c_uni_ca='5' AND c_asigna='300228' [1][0] OK
C:[17/04/2017 13:25:56.20][172.16.4.254][1526] SELECT horas_lab FROM tblaca008 WHERE c_asigna='300207' AND horas_teoricas > 0 [1][0] OK
C:[17/04/2017 13:25:56.20][172.16.4.254][1526] SELECT horas_lab FROM tblaca008 WHERE c_asigna='300209' AND horas_teoricas > 0 [1][0] OK
C:[17/04/2017 13:25:56.20][172.16.4.254][1526] SELECT horas_lab FROM tblaca008 WHERE c_asigna='300213' AND horas_teoricas > 0 [1][0] OK
C:[17/04/2017 13:25:56.20][172.16.4.254][1526] SELECT horas_lab FROM tblaca008 WHERE c_asigna='300226' AND horas_teoricas > 0 [1][0] OK
C:[17/04/2017 13:25:56.20][172.16.4.254][1526] SELECT horas_lab FROM tblaca008 WHERE c_asigna='300228' AND horas_teoricas > 0 [1][0] OK
C:[17/04/2017 13:31:34.84][172.16.4.254][1352] SELECT pre_cod_asig1,pre_cod_asig2,pre_cod_asig3,pre_cod_asig4,pre_cod_asig5,pre_cod_asig6,pre_cod_asig7 FROM tblaca009 WHERE pensum='5' AND c_uni_ca='5' AND c_asigna='300105' [1][0] OK
C:[17/04/2017 13:31:34.84][172.16.4.254][1352] SELECT pre_cod_asig1,pre_cod_asig2,pre_cod_asig3,pre_cod_asig4,pre_cod_asig5,pre_cod_asig6,pre_cod_asig7 FROM tblaca009 WHERE pensum='5' AND c_uni_ca='5' AND c_asigna='300113' [1][0] OK
C:[17/04/2017 13:31:34.84][172.16.4.254][1352] SELECT pre_cod_asig1,pre_cod_asig2,pre_cod_asig3,pre_cod_asig4,pre_cod_asig5,pre_cod_asig6,pre_cod_asig7 FROM tblaca009 WHERE pensum='5' AND c_uni_ca='5' AND c_asigna='300209' [1][0] OK
C:[17/04/2017 13:31:34.84][172.16.4.254][1365] SELECT c_asigna FROM dace004 WHERE exp_e='15-27256114' AND c_asigna='300101' AND status IN ('0','3','B') [1][0] OK
C:[17/04/2017 13:31:34.84][172.16.4.254][1352] SELECT pre_cod_asig1,pre_cod_asig2,pre_cod_asig3,pre_cod_asig4,pre_cod_asig5,pre_cod_asig6,pre_cod_asig7 FROM tblaca009 WHERE pensum='5' AND c_uni_ca='5' AND c_asigna='300218' [1][0] OK
C:[17/04/2017 13:31:34.84][172.16.4.254][1365] SELECT c_asigna FROM dace004 WHERE exp_e='15-27256114' AND c_asigna='300101' AND status IN ('0','3','B') [1][0] OK
C:[17/04/2017 13:31:34.84][172.16.4.254][1352] SELECT pre_cod_asig1,pre_cod_asig2,pre_cod_asig3,pre_cod_asig4,pre_cod_asig5,pre_cod_asig6,pre_cod_asig7 FROM tblaca009 WHERE pensum='5' AND c_uni_ca='5' AND c_asigna='300222' [1][0] OK
C:[17/04/2017 13:31:34.84][172.16.4.254][1365] SELECT c_asigna FROM dace004 WHERE exp_e='15-27256114' AND c_asigna='300112' AND status IN ('0','3','B') [1][0] OK
C:[17/04/2017 13:31:34.84][172.16.4.254][1352] SELECT pre_cod_asig1,pre_cod_asig2,pre_cod_asig3,pre_cod_asig4,pre_cod_asig5,pre_cod_asig6,pre_cod_asig7 FROM tblaca009 WHERE pensum='5' AND c_uni_ca='5' AND c_asigna='300228' [1][0] OK
C:[17/04/2017 13:31:34.84][172.16.4.254][1365] SELECT c_asigna FROM dace004 WHERE exp_e='15-27256114' AND c_asigna='300101' AND status IN ('0','3','B') [1][0] OK
C:[17/04/2017 13:31:34.08][172.16.4.254][1396] SELECT par_cod_asig1,par_cod_asig2,par_cod_asig3 FROM tblaca009 WHERE pensum='5' AND c_uni_ca='5' AND c_asigna='300105' [1][0] OK
C:[17/04/2017 13:31:34.08][172.16.4.254][1396] SELECT par_cod_asig1,par_cod_asig2,par_cod_asig3 FROM tblaca009 WHERE pensum='5' AND c_uni_ca='5' AND c_asigna='300113' [1][0] OK
C:[17/04/2017 13:31:34.08][172.16.4.254][1410] SELECT c_asigna FROM dace004 WHERE exp_e='15-27256114' AND c_asigna='300013' AND status IN ('0','3','B','C') [1][0] OK
C:[17/04/2017 13:31:34.08][172.16.4.254][1396] SELECT par_cod_asig1,par_cod_asig2,par_cod_asig3 FROM tblaca009 WHERE pensum='5' AND c_uni_ca='5' AND c_asigna='300209' [1][0] OK
C:[17/04/2017 13:31:34.08][172.16.4.254][1396] SELECT par_cod_asig1,par_cod_asig2,par_cod_asig3 FROM tblaca009 WHERE pensum='5' AND c_uni_ca='5' AND c_asigna='300218' [1][0] OK
C:[17/04/2017 13:31:34.08][172.16.4.254][1410] SELECT c_asigna FROM dace004 WHERE exp_e='15-27256114' AND c_asigna='300228' AND status IN ('0','3','B','C') [0][0] OK
C:[17/04/2017 13:31:34.08][172.16.4.254][1396] SELECT par_cod_asig1,par_cod_asig2,par_cod_asig3 FROM tblaca009 WHERE pensum='5' AND c_uni_ca='5' AND c_asigna='300222' [1][0] OK
C:[17/04/2017 13:31:34.08][172.16.4.254][1396] SELECT par_cod_asig1,par_cod_asig2,par_cod_asig3 FROM tblaca009 WHERE pensum='5' AND c_uni_ca='5' AND c_asigna='300228' [1][0] OK
C:[17/04/2017 13:31:35.13][172.16.4.254][1526] SELECT horas_lab FROM tblaca008 WHERE c_asigna='300105' AND horas_teoricas > 0 [1][0] OK
C:[17/04/2017 13:31:35.13][172.16.4.254][1526] SELECT horas_lab FROM tblaca008 WHERE c_asigna='300113' AND horas_teoricas > 0 [0][0] OK
C:[17/04/2017 13:31:35.13][172.16.4.254][1526] SELECT horas_lab FROM tblaca008 WHERE c_asigna='300209' AND horas_teoricas > 0 [1][0] OK
C:[17/04/2017 13:31:35.13][172.16.4.254][1526] SELECT horas_lab FROM tblaca008 WHERE c_asigna='300218' AND horas_teoricas > 0 [0][0] OK
C:[17/04/2017 13:31:35.13][172.16.4.254][1526] SELECT horas_lab FROM tblaca008 WHERE c_asigna='300222' AND horas_teoricas > 0 [1][0] OK
C:[17/04/2017 13:31:35.13][172.16.4.254][1526] SELECT horas_lab FROM tblaca008 WHERE c_asigna='300228' AND horas_teoricas > 0 [1][0] OK
C:[17/04/2017 13:37:24.31][172.16.4.254][1352] SELECT pre_cod_asig1,pre_cod_asig2,pre_cod_asig3,pre_cod_asig4,pre_cod_asig5,pre_cod_asig6,pre_cod_asig7 FROM tblaca009 WHERE pensum='5' AND c_uni_ca='4' AND c_asigna='300313' [1][0] OK
C:[17/04/2017 13:37:24.31][172.16.4.254][1365] SELECT c_asigna FROM dace004 WHERE exp_e='14-26863993' AND c_asigna='300213' AND status IN ('0','3','B') [1][0] OK
C:[17/04/2017 13:37:24.31][172.16.4.254][1365] SELECT c_asigna FROM dace004 WHERE exp_e='14-26863993' AND c_asigna='300226' AND status IN ('0','3','B') [1][0] OK
C:[17/04/2017 13:37:24.31][172.16.4.254][1365] SELECT c_asigna FROM dace004 WHERE exp_e='14-26863993' AND c_asigna='300222' AND status IN ('0','3','B') [1][0] OK
C:[17/04/2017 13:37:24.31][172.16.4.254][1365] SELECT c_asigna FROM dace004 WHERE exp_e='14-26863993' AND c_asigna='300209' AND status IN ('0','3','B') [1][0] OK
C:[17/04/2017 13:37:24.31][172.16.4.254][1352] SELECT pre_cod_asig1,pre_cod_asig2,pre_cod_asig3,pre_cod_asig4,pre_cod_asig5,pre_cod_asig6,pre_cod_asig7 FROM tblaca009 WHERE pensum='5' AND c_uni_ca='4' AND c_asigna='333440' [1][0] OK
C:[17/04/2017 13:37:24.31][172.16.4.254][1365] SELECT c_asigna FROM dace004 WHERE exp_e='14-26863993' AND c_asigna='300317' AND status IN ('0','3','B') [1][0] OK
C:[17/04/2017 13:37:24.31][172.16.4.254][1365] SELECT c_asigna FROM dace004 WHERE exp_e='14-26863993' AND c_asigna='330310' AND status IN ('0','3','B') [1][0] OK
C:[17/04/2017 13:37:24.31][172.16.4.254][1365] SELECT c_asigna FROM dace004 WHERE exp_e='14-26863993' AND c_asigna='300209' AND status IN ('0','3','B') [1][0] OK
C:[17/04/2017 13:37:24.31][172.16.4.254][1352] SELECT pre_cod_asig1,pre_cod_asig2,pre_cod_asig3,pre_cod_asig4,pre_cod_asig5,pre_cod_asig6,pre_cod_asig7 FROM tblaca009 WHERE pensum='5' AND c_uni_ca='4' AND c_asigna='311561' [1][0] OK
C:[17/04/2017 13:37:24.31][172.16.4.254][1365] SELECT c_asigna FROM dace004 WHERE exp_e='14-26863993' AND c_asigna='300318' AND status IN ('0','3','B') [1][0] OK
C:[17/04/2017 13:37:24.31][172.16.4.254][1352] SELECT pre_cod_asig1,pre_cod_asig2,pre_cod_asig3,pre_cod_asig4,pre_cod_asig5,pre_cod_asig6,pre_cod_asig7 FROM tblaca009 WHERE pensum='5' AND c_uni_ca='4' AND c_asigna='332558' [1][0] OK
C:[17/04/2017 13:37:24.31][172.16.4.254][1365] SELECT c_asigna FROM dace004 WHERE exp_e='14-26863993' AND c_asigna='330435' AND status IN ('0','3','B') [1][0] OK
C:[17/04/2017 13:37:24.31][172.16.4.254][1352] SELECT pre_cod_asig1,pre_cod_asig2,pre_cod_asig3,pre_cod_asig4,pre_cod_asig5,pre_cod_asig6,pre_cod_asig7 FROM tblaca009 WHERE pensum='5' AND c_uni_ca='4' AND c_asigna='333564' [1][0] OK
C:[17/04/2017 13:37:24.31][172.16.4.254][1365] SELECT c_asigna FROM dace004 WHERE exp_e='14-26863993' AND c_asigna='333441' AND status IN ('0','3','B') [1][0] OK
C:[17/04/2017 13:37:24.18][172.16.4.254][1396] SELECT par_cod_asig1,par_cod_asig2,par_cod_asig3 FROM tblaca009 WHERE pensum='5' AND c_uni_ca='4' AND c_asigna='300313' [1][0] OK
C:[17/04/2017 13:37:24.18][172.16.4.254][1396] SELECT par_cod_asig1,par_cod_asig2,par_cod_asig3 FROM tblaca009 WHERE pensum='5' AND c_uni_ca='4' AND c_asigna='333440' [1][0] OK
C:[17/04/2017 13:37:24.18][172.16.4.254][1410] SELECT c_asigna FROM dace004 WHERE exp_e='14-26863993' AND c_asigna='333441' AND status IN ('0','3','B','C') [1][0] OK
C:[17/04/2017 13:37:24.18][172.16.4.254][1396] SELECT par_cod_asig1,par_cod_asig2,par_cod_asig3 FROM tblaca009 WHERE pensum='5' AND c_uni_ca='4' AND c_asigna='311561' [1][0] OK
C:[17/04/2017 13:37:24.18][172.16.4.254][1396] SELECT par_cod_asig1,par_cod_asig2,par_cod_asig3 FROM tblaca009 WHERE pensum='5' AND c_uni_ca='4' AND c_asigna='332558' [1][0] OK
C:[17/04/2017 13:37:24.18][172.16.4.254][1396] SELECT par_cod_asig1,par_cod_asig2,par_cod_asig3 FROM tblaca009 WHERE pensum='5' AND c_uni_ca='4' AND c_asigna='333564' [1][0] OK
C:[17/04/2017 13:37:24.98][172.16.4.254][1526] SELECT horas_lab FROM tblaca008 WHERE c_asigna='300313' AND horas_teoricas > 0 [1][0] OK
C:[17/04/2017 13:37:24.98][172.16.4.254][1526] SELECT horas_lab FROM tblaca008 WHERE c_asigna='333440' AND horas_teoricas > 0 [1][0] OK
C:[17/04/2017 13:37:24.98][172.16.4.254][1526] SELECT horas_lab FROM tblaca008 WHERE c_asigna='311561' AND horas_teoricas > 0 [1][0] OK
C:[17/04/2017 13:37:24.98][172.16.4.254][1526] SELECT horas_lab FROM tblaca008 WHERE c_asigna='332558' AND horas_teoricas > 0 [1][0] OK
C:[17/04/2017 13:37:24.98][172.16.4.254][1526] SELECT horas_lab FROM tblaca008 WHERE c_asigna='333564' AND horas_teoricas > 0 [1][0] OK
C:[17/04/2017 13:41:08.76][172.16.4.254][1352] SELECT pre_cod_asig1,pre_cod_asig2,pre_cod_asig3,pre_cod_asig4,pre_cod_asig5,pre_cod_asig6,pre_cod_asig7 FROM tblaca009 WHERE pensum='5' AND c_uni_ca='5' AND c_asigna='300105' [1][0] OK
C:[17/04/2017 13:41:08.76][172.16.4.254][1352] SELECT pre_cod_asig1,pre_cod_asig2,pre_cod_asig3,pre_cod_asig4,pre_cod_asig5,pre_cod_asig6,pre_cod_asig7 FROM tblaca009 WHERE pensum='5' AND c_uni_ca='5' AND c_asigna='300113' [1][0] OK
C:[17/04/2017 13:41:08.76][172.16.4.254][1352] SELECT pre_cod_asig1,pre_cod_asig2,pre_cod_asig3,pre_cod_asig4,pre_cod_asig5,pre_cod_asig6,pre_cod_asig7 FROM tblaca009 WHERE pensum='5' AND c_uni_ca='5' AND c_asigna='300209' [1][0] OK
C:[17/04/2017 13:41:08.76][172.16.4.254][1365] SELECT c_asigna FROM dace004 WHERE exp_e='15-27256114' AND c_asigna='300101' AND status IN ('0','3','B') [1][0] OK
C:[17/04/2017 13:41:08.76][172.16.4.254][1352] SELECT pre_cod_asig1,pre_cod_asig2,pre_cod_asig3,pre_cod_asig4,pre_cod_asig5,pre_cod_asig6,pre_cod_asig7 FROM tblaca009 WHERE pensum='5' AND c_uni_ca='5' AND c_asigna='300218' [1][0] OK
C:[17/04/2017 13:41:08.76][172.16.4.254][1365] SELECT c_asigna FROM dace004 WHERE exp_e='15-27256114' AND c_asigna='300101' AND status IN ('0','3','B') [1][0] OK
C:[17/04/2017 13:41:08.76][172.16.4.254][1352] SELECT pre_cod_asig1,pre_cod_asig2,pre_cod_asig3,pre_cod_asig4,pre_cod_asig5,pre_cod_asig6,pre_cod_asig7 FROM tblaca009 WHERE pensum='5' AND c_uni_ca='5' AND c_asigna='300222' [1][0] OK
C:[17/04/2017 13:41:08.76][172.16.4.254][1365] SELECT c_asigna FROM dace004 WHERE exp_e='15-27256114' AND c_asigna='300112' AND status IN ('0','3','B') [1][0] OK
C:[17/04/2017 13:41:08.76][172.16.4.254][1352] SELECT pre_cod_asig1,pre_cod_asig2,pre_cod_asig3,pre_cod_asig4,pre_cod_asig5,pre_cod_asig6,pre_cod_asig7 FROM tblaca009 WHERE pensum='5' AND c_uni_ca='5' AND c_asigna='300228' [1][0] OK
C:[17/04/2017 13:41:08.76][172.16.4.254][1365] SELECT c_asigna FROM dace004 WHERE exp_e='15-27256114' AND c_asigna='300101' AND status IN ('0','3','B') [1][0] OK
C:[17/04/2017 13:41:09.01][172.16.4.254][1396] SELECT par_cod_asig1,par_cod_asig2,par_cod_asig3 FROM tblaca009 WHERE pensum='5' AND c_uni_ca='5' AND c_asigna='300105' [1][0] OK
C:[17/04/2017 13:41:09.01][172.16.4.254][1396] SELECT par_cod_asig1,par_cod_asig2,par_cod_asig3 FROM tblaca009 WHERE pensum='5' AND c_uni_ca='5' AND c_asigna='300113' [1][0] OK
C:[17/04/2017 13:41:09.01][172.16.4.254][1410] SELECT c_asigna FROM dace004 WHERE exp_e='15-27256114' AND c_asigna='300013' AND status IN ('0','3','B','C') [1][0] OK
C:[17/04/2017 13:41:09.01][172.16.4.254][1396] SELECT par_cod_asig1,par_cod_asig2,par_cod_asig3 FROM tblaca009 WHERE pensum='5' AND c_uni_ca='5' AND c_asigna='300209' [1][0] OK
C:[17/04/2017 13:41:09.01][172.16.4.254][1396] SELECT par_cod_asig1,par_cod_asig2,par_cod_asig3 FROM tblaca009 WHERE pensum='5' AND c_uni_ca='5' AND c_asigna='300218' [1][0] OK
C:[17/04/2017 13:41:09.01][172.16.4.254][1410] SELECT c_asigna FROM dace004 WHERE exp_e='15-27256114' AND c_asigna='300228' AND status IN ('0','3','B','C') [0][0] OK
C:[17/04/2017 13:41:09.01][172.16.4.254][1396] SELECT par_cod_asig1,par_cod_asig2,par_cod_asig3 FROM tblaca009 WHERE pensum='5' AND c_uni_ca='5' AND c_asigna='300222' [1][0] OK
C:[17/04/2017 13:41:09.01][172.16.4.254][1396] SELECT par_cod_asig1,par_cod_asig2,par_cod_asig3 FROM tblaca009 WHERE pensum='5' AND c_uni_ca='5' AND c_asigna='300228' [1][0] OK
C:[17/04/2017 13:41:09.08][172.16.4.254][1526] SELECT horas_lab FROM tblaca008 WHERE c_asigna='300105' AND horas_teoricas > 0 [1][0] OK
C:[17/04/2017 13:41:09.08][172.16.4.254][1526] SELECT horas_lab FROM tblaca008 WHERE c_asigna='300113' AND horas_teoricas > 0 [0][0] OK
C:[17/04/2017 13:41:09.08][172.16.4.254][1526] SELECT horas_lab FROM tblaca008 WHERE c_asigna='300209' AND horas_teoricas > 0 [1][0] OK
C:[17/04/2017 13:41:09.08][172.16.4.254][1526] SELECT horas_lab FROM tblaca008 WHERE c_asigna='300218' AND horas_teoricas > 0 [0][0] OK
C:[17/04/2017 13:41:09.08][172.16.4.254][1526] SELECT horas_lab FROM tblaca008 WHERE c_asigna='300222' AND horas_teoricas > 0 [1][0] OK
C:[17/04/2017 13:41:09.08][172.16.4.254][1526] SELECT horas_lab FROM tblaca008 WHERE c_asigna='300228' AND horas_teoricas > 0 [1][0] OK
C:[17/04/2017 13:55:08.18][172.16.4.254][1352] SELECT pre_cod_asig1,pre_cod_asig2,pre_cod_asig3,pre_cod_asig4,pre_cod_asig5,pre_cod_asig6,pre_cod_asig7 FROM tblaca009 WHERE pensum='5' AND c_uni_ca='4' AND c_asigna='300313' [1][0] OK
C:[17/04/2017 13:55:08.18][172.16.4.254][1365] SELECT c_asigna FROM dace004 WHERE exp_e='14-26863993' AND c_asigna='300213' AND status IN ('0','3','B') [1][0] OK
C:[17/04/2017 13:55:08.18][172.16.4.254][1365] SELECT c_asigna FROM dace004 WHERE exp_e='14-26863993' AND c_asigna='300226' AND status IN ('0','3','B') [1][0] OK
C:[17/04/2017 13:55:08.18][172.16.4.254][1365] SELECT c_asigna FROM dace004 WHERE exp_e='14-26863993' AND c_asigna='300222' AND status IN ('0','3','B') [1][0] OK
C:[17/04/2017 13:55:08.18][172.16.4.254][1365] SELECT c_asigna FROM dace004 WHERE exp_e='14-26863993' AND c_asigna='300209' AND status IN ('0','3','B') [1][0] OK
C:[17/04/2017 13:55:08.18][172.16.4.254][1352] SELECT pre_cod_asig1,pre_cod_asig2,pre_cod_asig3,pre_cod_asig4,pre_cod_asig5,pre_cod_asig6,pre_cod_asig7 FROM tblaca009 WHERE pensum='5' AND c_uni_ca='4' AND c_asigna='333440' [1][0] OK
C:[17/04/2017 13:55:08.18][172.16.4.254][1365] SELECT c_asigna FROM dace004 WHERE exp_e='14-26863993' AND c_asigna='300317' AND status IN ('0','3','B') [1][0] OK
C:[17/04/2017 13:55:08.18][172.16.4.254][1365] SELECT c_asigna FROM dace004 WHERE exp_e='14-26863993' AND c_asigna='330310' AND status IN ('0','3','B') [1][0] OK
C:[17/04/2017 13:55:08.18][172.16.4.254][1365] SELECT c_asigna FROM dace004 WHERE exp_e='14-26863993' AND c_asigna='300209' AND status IN ('0','3','B') [1][0] OK
C:[17/04/2017 13:55:08.18][172.16.4.254][1352] SELECT pre_cod_asig1,pre_cod_asig2,pre_cod_asig3,pre_cod_asig4,pre_cod_asig5,pre_cod_asig6,pre_cod_asig7 FROM tblaca009 WHERE pensum='5' AND c_uni_ca='4' AND c_asigna='311561' [1][0] OK
C:[17/04/2017 13:55:08.18][172.16.4.254][1365] SELECT c_asigna FROM dace004 WHERE exp_e='14-26863993' AND c_asigna='300318' AND status IN ('0','3','B') [1][0] OK
C:[17/04/2017 13:55:08.18][172.16.4.254][1352] SELECT pre_cod_asig1,pre_cod_asig2,pre_cod_asig3,pre_cod_asig4,pre_cod_asig5,pre_cod_asig6,pre_cod_asig7 FROM tblaca009 WHERE pensum='5' AND c_uni_ca='4' AND c_asigna='332558' [1][0] OK
C:[17/04/2017 13:55:08.18][172.16.4.254][1365] SELECT c_asigna FROM dace004 WHERE exp_e='14-26863993' AND c_asigna='330435' AND status IN ('0','3','B') [1][0] OK
C:[17/04/2017 13:55:08.18][172.16.4.254][1352] SELECT pre_cod_asig1,pre_cod_asig2,pre_cod_asig3,pre_cod_asig4,pre_cod_asig5,pre_cod_asig6,pre_cod_asig7 FROM tblaca009 WHERE pensum='5' AND c_uni_ca='4' AND c_asigna='333564' [1][0] OK
C:[17/04/2017 13:55:08.18][172.16.4.254][1365] SELECT c_asigna FROM dace004 WHERE exp_e='14-26863993' AND c_asigna='333441' AND status IN ('0','3','B') [1][0] OK
C:[17/04/2017 13:55:08.07][172.16.4.254][1396] SELECT par_cod_asig1,par_cod_asig2,par_cod_asig3 FROM tblaca009 WHERE pensum='5' AND c_uni_ca='4' AND c_asigna='300313' [1][0] OK
C:[17/04/2017 13:55:08.07][172.16.4.254][1396] SELECT par_cod_asig1,par_cod_asig2,par_cod_asig3 FROM tblaca009 WHERE pensum='5' AND c_uni_ca='4' AND c_asigna='333440' [1][0] OK
C:[17/04/2017 13:55:08.07][172.16.4.254][1410] SELECT c_asigna FROM dace004 WHERE exp_e='14-26863993' AND c_asigna='333441' AND status IN ('0','3','B','C') [1][0] OK
C:[17/04/2017 13:55:08.07][172.16.4.254][1396] SELECT par_cod_asig1,par_cod_asig2,par_cod_asig3 FROM tblaca009 WHERE pensum='5' AND c_uni_ca='4' AND c_asigna='311561' [1][0] OK
C:[17/04/2017 13:55:08.07][172.16.4.254][1396] SELECT par_cod_asig1,par_cod_asig2,par_cod_asig3 FROM tblaca009 WHERE pensum='5' AND c_uni_ca='4' AND c_asigna='332558' [1][0] OK
C:[17/04/2017 13:55:08.07][172.16.4.254][1396] SELECT par_cod_asig1,par_cod_asig2,par_cod_asig3 FROM tblaca009 WHERE pensum='5' AND c_uni_ca='4' AND c_asigna='333564' [1][0] OK
C:[17/04/2017 13:55:09.85][172.16.4.254][1526] SELECT horas_lab FROM tblaca008 WHERE c_asigna='300313' AND horas_teoricas > 0 [1][0] OK
C:[17/04/2017 13:55:09.85][172.16.4.254][1526] SELECT horas_lab FROM tblaca008 WHERE c_asigna='333440' AND horas_teoricas > 0 [1][0] OK
C:[17/04/2017 13:55:09.85][172.16.4.254][1526] SELECT horas_lab FROM tblaca008 WHERE c_asigna='311561' AND horas_teoricas > 0 [1][0] OK
C:[17/04/2017 13:55:09.85][172.16.4.254][1526] SELECT horas_lab FROM tblaca008 WHERE c_asigna='332558' AND horas_teoricas > 0 [1][0] OK
C:[17/04/2017 13:55:09.85][172.16.4.254][1526] SELECT horas_lab FROM tblaca008 WHERE c_asigna='333564' AND horas_teoricas > 0 [1][0] OK
C:[17/04/2017 13:56:12.33][172.16.4.254][1352] SELECT pre_cod_asig1,pre_cod_asig2,pre_cod_asig3,pre_cod_asig4,pre_cod_asig5,pre_cod_asig6,pre_cod_asig7 FROM tblaca009 WHERE pensum='5' AND c_uni_ca='3' AND c_asigna='300207' [1][0] OK
C:[17/04/2017 13:56:12.33][172.16.4.254][1365] SELECT c_asigna FROM dace004 WHERE exp_e='16-26769018' AND c_asigna='300101' AND status IN ('0','3','B') [1][0] OK
C:[17/04/2017 13:56:12.33][172.16.4.254][1352] SELECT pre_cod_asig1,pre_cod_asig2,pre_cod_asig3,pre_cod_asig4,pre_cod_asig5,pre_cod_asig6,pre_cod_asig7 FROM tblaca009 WHERE pensum='5' AND c_uni_ca='3' AND c_asigna='300209' [1][0] OK
C:[17/04/2017 13:56:12.33][172.16.4.254][1365] SELECT c_asigna FROM dace004 WHERE exp_e='16-26769018' AND c_asigna='300101' AND status IN ('0','3','B') [1][0] OK
C:[17/04/2017 13:56:12.33][172.16.4.254][1352] SELECT pre_cod_asig1,pre_cod_asig2,pre_cod_asig3,pre_cod_asig4,pre_cod_asig5,pre_cod_asig6,pre_cod_asig7 FROM tblaca009 WHERE pensum='5' AND c_uni_ca='3' AND c_asigna='300213' [1][0] OK
C:[17/04/2017 13:56:12.33][172.16.4.254][1365] SELECT c_asigna FROM dace004 WHERE exp_e='16-26769018' AND c_asigna='300101' AND status IN ('0','3','B') [1][0] OK
C:[17/04/2017 13:56:12.33][172.16.4.254][1352] SELECT pre_cod_asig1,pre_cod_asig2,pre_cod_asig3,pre_cod_asig4,pre_cod_asig5,pre_cod_asig6,pre_cod_asig7 FROM tblaca009 WHERE pensum='5' AND c_uni_ca='3' AND c_asigna='300226' [1][0] OK
C:[17/04/2017 13:56:12.33][172.16.4.254][1365] SELECT c_asigna FROM dace004 WHERE exp_e='16-26769018' AND c_asigna='300116' AND status IN ('0','3','B') [1][0] OK
C:[17/04/2017 13:56:12.33][172.16.4.254][1352] SELECT pre_cod_asig1,pre_cod_asig2,pre_cod_asig3,pre_cod_asig4,pre_cod_asig5,pre_cod_asig6,pre_cod_asig7 FROM tblaca009 WHERE pensum='5' AND c_uni_ca='3' AND c_asigna='311320' [1][0] OK
C:[17/04/2017 13:56:12.33][172.16.4.254][1365] SELECT c_asigna FROM dace004 WHERE exp_e='16-26769018' AND c_asigna='300013' AND status IN ('0','3','B') [1][0] OK
C:[17/04/2017 13:56:12.33][172.16.4.254][1365] SELECT c_asigna FROM dace004 WHERE exp_e='16-26769018' AND c_asigna='300113' AND status IN ('0','3','B') [1][0] OK
C:[17/04/2017 13:56:13.61][172.16.4.254][1396] SELECT par_cod_asig1,par_cod_asig2,par_cod_asig3 FROM tblaca009 WHERE pensum='5' AND c_uni_ca='3' AND c_asigna='300207' [1][0] OK
C:[17/04/2017 13:56:13.61][172.16.4.254][1396] SELECT par_cod_asig1,par_cod_asig2,par_cod_asig3 FROM tblaca009 WHERE pensum='5' AND c_uni_ca='3' AND c_asigna='300209' [1][0] OK
C:[17/04/2017 13:56:13.61][172.16.4.254][1396] SELECT par_cod_asig1,par_cod_asig2,par_cod_asig3 FROM tblaca009 WHERE pensum='5' AND c_uni_ca='3' AND c_asigna='300213' [1][0] OK
C:[17/04/2017 13:56:13.61][172.16.4.254][1410] SELECT c_asigna FROM dace004 WHERE exp_e='16-26769018' AND c_asigna='300209' AND status IN ('0','3','B','C') [0][0] OK
C:[17/04/2017 13:56:13.61][172.16.4.254][1396] SELECT par_cod_asig1,par_cod_asig2,par_cod_asig3 FROM tblaca009 WHERE pensum='5' AND c_uni_ca='3' AND c_asigna='300226' [1][0] OK
C:[17/04/2017 13:56:13.61][172.16.4.254][1396] SELECT par_cod_asig1,par_cod_asig2,par_cod_asig3 FROM tblaca009 WHERE pensum='5' AND c_uni_ca='3' AND c_asigna='311320' [1][0] OK
C:[17/04/2017 13:56:13.40][172.16.4.254][1526] SELECT horas_lab FROM tblaca008 WHERE c_asigna='300207' AND horas_teoricas > 0 [1][0] OK
C:[17/04/2017 13:56:13.40][172.16.4.254][1526] SELECT horas_lab FROM tblaca008 WHERE c_asigna='300209' AND horas_teoricas > 0 [1][0] OK
C:[17/04/2017 13:56:13.40][172.16.4.254][1526] SELECT horas_lab FROM tblaca008 WHERE c_asigna='300213' AND horas_teoricas > 0 [1][0] OK
C:[17/04/2017 13:56:13.40][172.16.4.254][1526] SELECT horas_lab FROM tblaca008 WHERE c_asigna='300226' AND horas_teoricas > 0 [1][0] OK
C:[17/04/2017 13:56:13.40][172.16.4.254][1526] SELECT horas_lab FROM tblaca008 WHERE c_asigna='311320' AND horas_teoricas > 0 [1][0] OK
C:[17/04/2017 14:18:12.59][172.16.4.254][1352] SELECT pre_cod_asig1,pre_cod_asig2,pre_cod_asig3,pre_cod_asig4,pre_cod_asig5,pre_cod_asig6,pre_cod_asig7 FROM tblaca009 WHERE pensum='5' AND c_uni_ca='5' AND c_asigna='300207' [1][0] OK
C:[17/04/2017 14:18:12.59][172.16.4.254][1365] SELECT c_asigna FROM dace004 WHERE exp_e='16-27201350' AND c_asigna='300101' AND status IN ('0','3','B') [1][0] OK
C:[17/04/2017 14:18:12.59][172.16.4.254][1352] SELECT pre_cod_asig1,pre_cod_asig2,pre_cod_asig3,pre_cod_asig4,pre_cod_asig5,pre_cod_asig6,pre_cod_asig7 FROM tblaca009 WHERE pensum='5' AND c_uni_ca='5' AND c_asigna='300209' [1][0] OK
C:[17/04/2017 14:18:12.59][172.16.4.254][1365] SELECT c_asigna FROM dace004 WHERE exp_e='16-27201350' AND c_asigna='300101' AND status IN ('0','3','B') [1][0] OK
C:[17/04/2017 14:18:12.59][172.16.4.254][1352] SELECT pre_cod_asig1,pre_cod_asig2,pre_cod_asig3,pre_cod_asig4,pre_cod_asig5,pre_cod_asig6,pre_cod_asig7 FROM tblaca009 WHERE pensum='5' AND c_uni_ca='5' AND c_asigna='300213' [1][0] OK
C:[17/04/2017 14:18:12.59][172.16.4.254][1365] SELECT c_asigna FROM dace004 WHERE exp_e='16-27201350' AND c_asigna='300101' AND status IN ('0','3','B') [1][0] OK
C:[17/04/2017 14:18:12.59][172.16.4.254][1352] SELECT pre_cod_asig1,pre_cod_asig2,pre_cod_asig3,pre_cod_asig4,pre_cod_asig5,pre_cod_asig6,pre_cod_asig7 FROM tblaca009 WHERE pensum='5' AND c_uni_ca='5' AND c_asigna='300218' [1][0] OK
C:[17/04/2017 14:18:12.59][172.16.4.254][1365] SELECT c_asigna FROM dace004 WHERE exp_e='16-27201350' AND c_asigna='300101' AND status IN ('0','3','B') [1][0] OK
C:[17/04/2017 14:18:12.59][172.16.4.254][1352] SELECT pre_cod_asig1,pre_cod_asig2,pre_cod_asig3,pre_cod_asig4,pre_cod_asig5,pre_cod_asig6,pre_cod_asig7 FROM tblaca009 WHERE pensum='5' AND c_uni_ca='5' AND c_asigna='300222' [1][0] OK
C:[17/04/2017 14:18:12.59][172.16.4.254][1365] SELECT c_asigna FROM dace004 WHERE exp_e='16-27201350' AND c_asigna='300112' AND status IN ('0','3','B') [1][0] OK
C:[17/04/2017 14:18:12.59][172.16.4.254][1352] SELECT pre_cod_asig1,pre_cod_asig2,pre_cod_asig3,pre_cod_asig4,pre_cod_asig5,pre_cod_asig6,pre_cod_asig7 FROM tblaca009 WHERE pensum='5' AND c_uni_ca='5' AND c_asigna='300228' [1][0] OK
C:[17/04/2017 14:18:12.59][172.16.4.254][1365] SELECT c_asigna FROM dace004 WHERE exp_e='16-27201350' AND c_asigna='300101' AND status IN ('0','3','B') [1][0] OK
C:[17/04/2017 14:18:12.59][172.16.4.254][1352] SELECT pre_cod_asig1,pre_cod_asig2,pre_cod_asig3,pre_cod_asig4,pre_cod_asig5,pre_cod_asig6,pre_cod_asig7 FROM tblaca009 WHERE pensum='5' AND c_uni_ca='5' AND c_asigna='300314' [1][0] OK
C:[17/04/2017 14:18:12.59][172.16.4.254][1365] SELECT c_asigna FROM dace004 WHERE exp_e='16-27201350' AND c_asigna='300106' AND status IN ('0','3','B') [1][0] OK
C:[17/04/2017 14:18:13.34][172.16.4.254][1396] SELECT par_cod_asig1,par_cod_asig2,par_cod_asig3 FROM tblaca009 WHERE pensum='5' AND c_uni_ca='5' AND c_asigna='300207' [1][0] OK
C:[17/04/2017 14:18:13.34][172.16.4.254][1396] SELECT par_cod_asig1,par_cod_asig2,par_cod_asig3 FROM tblaca009 WHERE pensum='5' AND c_uni_ca='5' AND c_asigna='300209' [1][0] OK
C:[17/04/2017 14:18:13.34][172.16.4.254][1396] SELECT par_cod_asig1,par_cod_asig2,par_cod_asig3 FROM tblaca009 WHERE pensum='5' AND c_uni_ca='5' AND c_asigna='300213' [1][0] OK
C:[17/04/2017 14:18:13.34][172.16.4.254][1410] SELECT c_asigna FROM dace004 WHERE exp_e='16-27201350' AND c_asigna='300209' AND status IN ('0','3','B','C') [0][0] OK
C:[17/04/2017 14:18:13.34][172.16.4.254][1396] SELECT par_cod_asig1,par_cod_asig2,par_cod_asig3 FROM tblaca009 WHERE pensum='5' AND c_uni_ca='5' AND c_asigna='300218' [1][0] OK
C:[17/04/2017 14:18:13.34][172.16.4.254][1410] SELECT c_asigna FROM dace004 WHERE exp_e='16-27201350' AND c_asigna='300228' AND status IN ('0','3','B','C') [0][0] OK
C:[17/04/2017 14:18:13.34][172.16.4.254][1396] SELECT par_cod_asig1,par_cod_asig2,par_cod_asig3 FROM tblaca009 WHERE pensum='5' AND c_uni_ca='5' AND c_asigna='300222' [1][0] OK
C:[17/04/2017 14:18:13.34][172.16.4.254][1396] SELECT par_cod_asig1,par_cod_asig2,par_cod_asig3 FROM tblaca009 WHERE pensum='5' AND c_uni_ca='5' AND c_asigna='300228' [1][0] OK
C:[17/04/2017 14:18:13.34][172.16.4.254][1396] SELECT par_cod_asig1,par_cod_asig2,par_cod_asig3 FROM tblaca009 WHERE pensum='5' AND c_uni_ca='5' AND c_asigna='300314' [1][0] OK
C:[17/04/2017 14:18:13.49][172.16.4.254][1526] SELECT horas_lab FROM tblaca008 WHERE c_asigna='300207' AND horas_teoricas > 0 [1][0] OK
C:[17/04/2017 14:18:13.49][172.16.4.254][1526] SELECT horas_lab FROM tblaca008 WHERE c_asigna='300209' AND horas_teoricas > 0 [1][0] OK
C:[17/04/2017 14:18:13.49][172.16.4.254][1526] SELECT horas_lab FROM tblaca008 WHERE c_asigna='300213' AND horas_teoricas > 0 [1][0] OK
C:[17/04/2017 14:18:13.49][172.16.4.254][1526] SELECT horas_lab FROM tblaca008 WHERE c_asigna='300218' AND horas_teoricas > 0 [0][0] OK
C:[17/04/2017 14:18:13.49][172.16.4.254][1526] SELECT horas_lab FROM tblaca008 WHERE c_asigna='300222' AND horas_teoricas > 0 [1][0] OK
C:[17/04/2017 14:18:13.49][172.16.4.254][1526] SELECT horas_lab FROM tblaca008 WHERE c_asigna='300228' AND horas_teoricas > 0 [1][0] OK
C:[17/04/2017 14:18:13.49][172.16.4.254][1526] SELECT horas_lab FROM tblaca008 WHERE c_asigna='300314' AND horas_teoricas > 0 [0][0] OK
C:[17/04/2017 14:53:00.36][172.16.4.254][1352] SELECT pre_cod_asig1,pre_cod_asig2,pre_cod_asig3,pre_cod_asig4,pre_cod_asig5,pre_cod_asig6,pre_cod_asig7 FROM tblaca009 WHERE pensum='5' AND c_uni_ca='3' AND c_asigna='300218' [1][0] OK
C:[17/04/2017 14:53:00.36][172.16.4.254][1365] SELECT c_asigna FROM dace004 WHERE exp_e='15-23872902' AND c_asigna='300101' AND status IN ('0','3','B') [1][0] OK
C:[17/04/2017 14:53:00.36][172.16.4.254][1352] SELECT pre_cod_asig1,pre_cod_asig2,pre_cod_asig3,pre_cod_asig4,pre_cod_asig5,pre_cod_asig6,pre_cod_asig7 FROM tblaca009 WHERE pensum='5' AND c_uni_ca='3' AND c_asigna='300226' [1][0] OK
C:[17/04/2017 14:53:00.36][172.16.4.254][1365] SELECT c_asigna FROM dace004 WHERE exp_e='15-23872902' AND c_asigna='300116' AND status IN ('0','3','B') [1][0] OK
C:[17/04/2017 14:53:00.36][172.16.4.254][1352] SELECT pre_cod_asig1,pre_cod_asig2,pre_cod_asig3,pre_cod_asig4,pre_cod_asig5,pre_cod_asig6,pre_cod_asig7 FROM tblaca009 WHERE pensum='5' AND c_uni_ca='3' AND c_asigna='300228' [1][0] OK
C:[17/04/2017 14:53:00.36][172.16.4.254][1365] SELECT c_asigna FROM dace004 WHERE exp_e='15-23872902' AND c_asigna='300101' AND status IN ('0','3','B') [1][0] OK
C:[17/04/2017 14:53:01.10][172.16.4.254][1396] SELECT par_cod_asig1,par_cod_asig2,par_cod_asig3 FROM tblaca009 WHERE pensum='5' AND c_uni_ca='3' AND c_asigna='300218' [1][0] OK
C:[17/04/2017 14:53:01.10][172.16.4.254][1410] SELECT c_asigna FROM dace004 WHERE exp_e='15-23872902' AND c_asigna='300228' AND status IN ('0','3','B','C') [0][0] OK
C:[17/04/2017 14:53:01.10][172.16.4.254][1396] SELECT par_cod_asig1,par_cod_asig2,par_cod_asig3 FROM tblaca009 WHERE pensum='5' AND c_uni_ca='3' AND c_asigna='300226' [1][0] OK
C:[17/04/2017 14:53:01.10][172.16.4.254][1396] SELECT par_cod_asig1,par_cod_asig2,par_cod_asig3 FROM tblaca009 WHERE pensum='5' AND c_uni_ca='3' AND c_asigna='300228' [1][0] OK
C:[17/04/2017 14:53:01.62][172.16.4.254][1526] SELECT horas_lab FROM tblaca008 WHERE c_asigna='300218' AND horas_teoricas > 0 [0][0] OK
C:[17/04/2017 14:53:01.62][172.16.4.254][1526] SELECT horas_lab FROM tblaca008 WHERE c_asigna='300226' AND horas_teoricas > 0 [1][0] OK
C:[17/04/2017 14:53:01.62][172.16.4.254][1526] SELECT horas_lab FROM tblaca008 WHERE c_asigna='300228' AND horas_teoricas > 0 [1][0] OK
C:[17/04/2017 16:27:48.36][172.16.4.254][1352] SELECT pre_cod_asig1,pre_cod_asig2,pre_cod_asig3,pre_cod_asig4,pre_cod_asig5,pre_cod_asig6,pre_cod_asig7 FROM tblaca009 WHERE pensum='5' AND c_uni_ca='6' AND c_asigna='311561' [1][0] OK
C:[17/04/2017 16:27:48.36][172.16.4.254][1365] SELECT c_asigna FROM dace004 WHERE exp_e='12-23646835' AND c_asigna='300318' AND status IN ('0','3','B') [1][0] OK
C:[17/04/2017 16:27:48.36][172.16.4.254][1352] SELECT pre_cod_asig1,pre_cod_asig2,pre_cod_asig3,pre_cod_asig4,pre_cod_asig5,pre_cod_asig6,pre_cod_asig7 FROM tblaca009 WHERE pensum='5' AND c_uni_ca='6' AND c_asigna='344566' [1][0] OK
C:[17/04/2017 16:27:48.36][172.16.4.254][1365] SELECT c_asigna FROM dace004 WHERE exp_e='12-23646835' AND c_asigna='344446' AND status IN ('0','3','B') [1][0] OK
C:[17/04/2017 16:27:48.36][172.16.4.254][1365] SELECT c_asigna FROM dace004 WHERE exp_e='12-23646835' AND c_asigna='300428' AND status IN ('0','3','B') [1][0] OK
C:[17/04/2017 16:27:48.36][172.16.4.254][1365] SELECT c_asigna FROM dace004 WHERE exp_e='12-23646835' AND c_asigna='300209' AND status IN ('0','3','B') [1][0] OK
C:[17/04/2017 16:27:48.36][172.16.4.254][1365] SELECT c_asigna FROM dace004 WHERE exp_e='12-23646835' AND c_asigna='300222' AND status IN ('0','3','B') [1][0] OK
C:[17/04/2017 16:27:48.36][172.16.4.254][1365] SELECT c_asigna FROM dace004 WHERE exp_e='12-23646835' AND c_asigna='300226' AND status IN ('0','3','B') [1][0] OK
C:[17/04/2017 16:27:48.36][172.16.4.254][1365] SELECT c_asigna FROM dace004 WHERE exp_e='12-23646835' AND c_asigna='300317' AND status IN ('0','3','B') [1][0] OK
C:[17/04/2017 16:27:48.36][172.16.4.254][1365] SELECT c_asigna FROM dace004 WHERE exp_e='12-23646835' AND c_asigna='300313' AND status IN ('0','3','B') [1][0] OK
C:[17/04/2017 16:27:48.36][172.16.4.254][1352] SELECT pre_cod_asig1,pre_cod_asig2,pre_cod_asig3,pre_cod_asig4,pre_cod_asig5,pre_cod_asig6,pre_cod_asig7 FROM tblaca009 WHERE pensum='5' AND c_uni_ca='6' AND c_asigna='344716' [1][0] OK
C:[17/04/2017 16:27:48.36][172.16.4.254][1365] SELECT c_asigna FROM dace004 WHERE exp_e='12-23646835' AND c_asigna='344688' AND status IN ('0','3','B') [1][0] OK
C:[17/04/2017 16:27:48.36][172.16.4.254][1365] SELECT c_asigna FROM dace004 WHERE exp_e='12-23646835' AND c_asigna='342559' AND status IN ('0','3','B') [1][0] OK
C:[17/04/2017 16:27:48.36][172.16.4.254][1352] SELECT pre_cod_asig1,pre_cod_asig2,pre_cod_asig3,pre_cod_asig4,pre_cod_asig5,pre_cod_asig6,pre_cod_asig7 FROM tblaca009 WHERE pensum='5' AND c_uni_ca='6' AND c_asigna='344732' [1][0] OK
C:[17/04/2017 16:27:48.36][172.16.4.254][1365] SELECT c_asigna FROM dace004 WHERE exp_e='12-23646835' AND c_asigna='344687' AND status IN ('0','3','B') [1][0] OK
C:[17/04/2017 16:27:48.36][172.16.4.254][1352] SELECT pre_cod_asig1,pre_cod_asig2,pre_cod_asig3,pre_cod_asig4,pre_cod_asig5,pre_cod_asig6,pre_cod_asig7 FROM tblaca009 WHERE pensum='5' AND c_uni_ca='6' AND c_asigna='344733' [1][0] OK
C:[17/04/2017 16:27:48.36][172.16.4.254][1352] SELECT pre_cod_asig1,pre_cod_asig2,pre_cod_asig3,pre_cod_asig4,pre_cod_asig5,pre_cod_asig6,pre_cod_asig7 FROM tblaca009 WHERE pensum='5' AND c_uni_ca='6' AND c_asigna='344742' [1][0] OK
C:[17/04/2017 16:27:48.36][172.16.4.254][1365] SELECT c_asigna FROM dace004 WHERE exp_e='12-23646835' AND c_asigna='344688' AND status IN ('0','3','B') [1][0] OK
C:[17/04/2017 16:27:48.36][172.16.4.254][1365] SELECT c_asigna FROM dace004 WHERE exp_e='12-23646835' AND c_asigna='342679' AND status IN ('0','3','B') [1][0] OK
C:[17/04/2017 16:27:48.74][172.16.4.254][1396] SELECT par_cod_asig1,par_cod_asig2,par_cod_asig3 FROM tblaca009 WHERE pensum='5' AND c_uni_ca='6' AND c_asigna='311561' [1][0] OK
C:[17/04/2017 16:27:48.74][172.16.4.254][1396] SELECT par_cod_asig1,par_cod_asig2,par_cod_asig3 FROM tblaca009 WHERE pensum='5' AND c_uni_ca='6' AND c_asigna='344566' [1][0] OK
C:[17/04/2017 16:27:48.74][172.16.4.254][1396] SELECT par_cod_asig1,par_cod_asig2,par_cod_asig3 FROM tblaca009 WHERE pensum='5' AND c_uni_ca='6' AND c_asigna='344716' [1][0] OK
C:[17/04/2017 16:27:48.74][172.16.4.254][1396] SELECT par_cod_asig1,par_cod_asig2,par_cod_asig3 FROM tblaca009 WHERE pensum='5' AND c_uni_ca='6' AND c_asigna='344732' [1][0] OK
C:[17/04/2017 16:27:48.74][172.16.4.254][1396] SELECT par_cod_asig1,par_cod_asig2,par_cod_asig3 FROM tblaca009 WHERE pensum='5' AND c_uni_ca='6' AND c_asigna='344733' [1][0] OK
C:[17/04/2017 16:27:48.74][172.16.4.254][1396] SELECT par_cod_asig1,par_cod_asig2,par_cod_asig3 FROM tblaca009 WHERE pensum='5' AND c_uni_ca='6' AND c_asigna='344742' [1][0] OK
C:[17/04/2017 16:27:48.51][172.16.4.254][1526] SELECT horas_lab FROM tblaca008 WHERE c_asigna='311561' AND horas_teoricas > 0 [1][0] OK
C:[17/04/2017 16:27:48.51][172.16.4.254][1526] SELECT horas_lab FROM tblaca008 WHERE c_asigna='344566' AND horas_teoricas > 0 [1][0] OK
C:[17/04/2017 16:27:48.51][172.16.4.254][1526] SELECT horas_lab FROM tblaca008 WHERE c_asigna='344716' AND horas_teoricas > 0 [1][0] OK
C:[17/04/2017 16:27:48.51][172.16.4.254][1526] SELECT horas_lab FROM tblaca008 WHERE c_asigna='344732' AND horas_teoricas > 0 [1][0] OK
C:[17/04/2017 16:27:48.51][172.16.4.254][1526] SELECT horas_lab FROM tblaca008 WHERE c_asigna='344733' AND horas_teoricas > 0 [1][0] OK
C:[17/04/2017 16:27:48.51][172.16.4.254][1526] SELECT horas_lab FROM tblaca008 WHERE c_asigna='344742' AND horas_teoricas > 0 [1][0] OK
C:[18/04/2017 09:44:10.07][172.16.4.254][1352] SELECT pre_cod_asig1,pre_cod_asig2,pre_cod_asig3,pre_cod_asig4,pre_cod_asig5,pre_cod_asig6,pre_cod_asig7 FROM tblaca009 WHERE pensum='5' AND c_uni_ca='6' AND c_asigna='300013' [1][0] OK
C:[18/04/2017 09:44:10.07][172.16.4.254][1352] SELECT pre_cod_asig1,pre_cod_asig2,pre_cod_asig3,pre_cod_asig4,pre_cod_asig5,pre_cod_asig6,pre_cod_asig7 FROM tblaca009 WHERE pensum='5' AND c_uni_ca='6' AND c_asigna='300101' [1][0] OK
C:[18/04/2017 09:44:10.07][172.16.4.254][1352] SELECT pre_cod_asig1,pre_cod_asig2,pre_cod_asig3,pre_cod_asig4,pre_cod_asig5,pre_cod_asig6,pre_cod_asig7 FROM tblaca009 WHERE pensum='5' AND c_uni_ca='6' AND c_asigna='300105' [1][0] OK
C:[18/04/2017 09:44:10.07][172.16.4.254][1352] SELECT pre_cod_asig1,pre_cod_asig2,pre_cod_asig3,pre_cod_asig4,pre_cod_asig5,pre_cod_asig6,pre_cod_asig7 FROM tblaca009 WHERE pensum='5' AND c_uni_ca='6' AND c_asigna='300112' [1][0] OK
C:[18/04/2017 09:44:10.07][172.16.4.254][1352] SELECT pre_cod_asig1,pre_cod_asig2,pre_cod_asig3,pre_cod_asig4,pre_cod_asig5,pre_cod_asig6,pre_cod_asig7 FROM tblaca009 WHERE pensum='5' AND c_uni_ca='6' AND c_asigna='300113' [1][0] OK
C:[18/04/2017 09:44:10.07][172.16.4.254][1352] SELECT pre_cod_asig1,pre_cod_asig2,pre_cod_asig3,pre_cod_asig4,pre_cod_asig5,pre_cod_asig6,pre_cod_asig7 FROM tblaca009 WHERE pensum='5' AND c_uni_ca='6' AND c_asigna='300226' [1][0] OK
C:[18/04/2017 09:44:10.07][172.16.4.254][1365] SELECT c_asigna FROM dace004 WHERE exp_e='16-26562566' AND c_asigna='300116' AND status IN ('0','3','B') [1][0] OK
C:[18/04/2017 09:44:11.94][172.16.4.254][1396] SELECT par_cod_asig1,par_cod_asig2,par_cod_asig3 FROM tblaca009 WHERE pensum='5' AND c_uni_ca='6' AND c_asigna='300013' [1][0] OK
C:[18/04/2017 09:44:11.94][172.16.4.254][1396] SELECT par_cod_asig1,par_cod_asig2,par_cod_asig3 FROM tblaca009 WHERE pensum='5' AND c_uni_ca='6' AND c_asigna='300101' [1][0] OK
C:[18/04/2017 09:44:11.94][172.16.4.254][1396] SELECT par_cod_asig1,par_cod_asig2,par_cod_asig3 FROM tblaca009 WHERE pensum='5' AND c_uni_ca='6' AND c_asigna='300105' [1][0] OK
C:[18/04/2017 09:44:11.94][172.16.4.254][1396] SELECT par_cod_asig1,par_cod_asig2,par_cod_asig3 FROM tblaca009 WHERE pensum='5' AND c_uni_ca='6' AND c_asigna='300112' [1][0] OK
C:[18/04/2017 09:44:11.94][172.16.4.254][1396] SELECT par_cod_asig1,par_cod_asig2,par_cod_asig3 FROM tblaca009 WHERE pensum='5' AND c_uni_ca='6' AND c_asigna='300113' [1][0] OK
C:[18/04/2017 09:44:11.94][172.16.4.254][1410] SELECT c_asigna FROM dace004 WHERE exp_e='16-26562566' AND c_asigna='300013' AND status IN ('0','3','B','C') [0][0] OK
C:[18/04/2017 09:44:11.94][172.16.4.254][1396] SELECT par_cod_asig1,par_cod_asig2,par_cod_asig3 FROM tblaca009 WHERE pensum='5' AND c_uni_ca='6' AND c_asigna='300226' [1][0] OK
C:[18/04/2017 09:44:11.85][172.16.4.254][1526] SELECT horas_lab FROM tblaca008 WHERE c_asigna='300013' AND horas_teoricas > 0 [1][0] OK
C:[18/04/2017 09:44:11.85][172.16.4.254][1526] SELECT horas_lab FROM tblaca008 WHERE c_asigna='300101' AND horas_teoricas > 0 [1][0] OK
C:[18/04/2017 09:44:11.85][172.16.4.254][1526] SELECT horas_lab FROM tblaca008 WHERE c_asigna='300105' AND horas_teoricas > 0 [1][0] OK
C:[18/04/2017 09:44:11.85][172.16.4.254][1526] SELECT horas_lab FROM tblaca008 WHERE c_asigna='300112' AND horas_teoricas > 0 [1][0] OK
C:[18/04/2017 09:44:11.85][172.16.4.254][1526] SELECT horas_lab FROM tblaca008 WHERE c_asigna='300113' AND horas_teoricas > 0 [0][0] OK
C:[18/04/2017 09:44:11.85][172.16.4.254][1526] SELECT horas_lab FROM tblaca008 WHERE c_asigna='300226' AND horas_teoricas > 0 [1][0] OK
C:[18/04/2017 09:55:21.52][172.16.4.254][1352] SELECT pre_cod_asig1,pre_cod_asig2,pre_cod_asig3,pre_cod_asig4,pre_cod_asig5,pre_cod_asig6,pre_cod_asig7 FROM tblaca009 WHERE pensum='5' AND c_uni_ca='3' AND c_asigna='300313' [1][0] OK
C:[18/04/2017 09:55:21.52][172.16.4.254][1365] SELECT c_asigna FROM dace004 WHERE exp_e='08-20013510' AND c_asigna='300213' AND status IN ('0','3','B') [1][0] OK
C:[18/04/2017 09:55:21.52][172.16.4.254][1365] SELECT c_asigna FROM dace004 WHERE exp_e='08-20013510' AND c_asigna='300226' AND status IN ('0','3','B') [1][0] OK
C:[18/04/2017 09:55:21.52][172.16.4.254][1365] SELECT c_asigna FROM dace004 WHERE exp_e='08-20013510' AND c_asigna='300222' AND status IN ('0','3','B') [1][0] OK
C:[18/04/2017 09:55:21.52][172.16.4.254][1365] SELECT c_asigna FROM dace004 WHERE exp_e='08-20013510' AND c_asigna='300209' AND status IN ('0','3','B') [1][0] OK
C:[18/04/2017 09:55:21.52][172.16.4.254][1352] SELECT pre_cod_asig1,pre_cod_asig2,pre_cod_asig3,pre_cod_asig4,pre_cod_asig5,pre_cod_asig6,pre_cod_asig7 FROM tblaca009 WHERE pensum='5' AND c_uni_ca='3' AND c_asigna='311556' [1][0] OK
C:[18/04/2017 09:55:21.52][172.16.4.254][1365] SELECT c_asigna FROM dace004 WHERE exp_e='08-20013510' AND c_asigna='311434' AND status IN ('0','3','B') [1][0] OK
C:[18/04/2017 09:55:21.52][172.16.4.254][1365] SELECT c_asigna FROM dace004 WHERE exp_e='08-20013510' AND c_asigna='311430' AND status IN ('0','3','B') [1][0] OK
C:[18/04/2017 09:55:21.52][172.16.4.254][1365] SELECT c_asigna FROM dace004 WHERE exp_e='08-20013510' AND c_asigna='300222' AND status IN ('0','3','B') [1][0] OK
C:[18/04/2017 09:55:21.52][172.16.4.254][1365] SELECT c_asigna FROM dace004 WHERE exp_e='08-20013510' AND c_asigna='300226' AND status IN ('0','3','B') [1][0] OK
C:[18/04/2017 09:55:21.52][172.16.4.254][1365] SELECT c_asigna FROM dace004 WHERE exp_e='08-20013510' AND c_asigna='300209' AND status IN ('0','3','B') [1][0] OK
C:[18/04/2017 09:55:21.52][172.16.4.254][1352] SELECT pre_cod_asig1,pre_cod_asig2,pre_cod_asig3,pre_cod_asig4,pre_cod_asig5,pre_cod_asig6,pre_cod_asig7 FROM tblaca009 WHERE pensum='5' AND c_uni_ca='3' AND c_asigna='300676' [1][0] OK
C:[18/04/2017 09:55:21.52][172.16.4.254][1352] SELECT pre_cod_asig1,pre_cod_asig2,pre_cod_asig3,pre_cod_asig4,pre_cod_asig5,pre_cod_asig6,pre_cod_asig7 FROM tblaca009 WHERE pensum='5' AND c_uni_ca='3' AND c_asigna='311704' [1][0] OK
C:[18/04/2017 09:55:21.52][172.16.4.254][1365] SELECT c_asigna FROM dace004 WHERE exp_e='08-20013510' AND c_asigna='315671' AND status IN ('0','3','B') [1][0] OK
C:[18/04/2017 09:55:21.52][172.16.4.254][1352] SELECT pre_cod_asig1,pre_cod_asig2,pre_cod_asig3,pre_cod_asig4,pre_cod_asig5,pre_cod_asig6,pre_cod_asig7 FROM tblaca009 WHERE pensum='5' AND c_uni_ca='3' AND c_asigna='311799' [1][0] OK
C:[18/04/2017 09:55:21.52][172.16.4.254][1365] SELECT c_asigna FROM dace004 WHERE exp_e='08-20013510' AND c_asigna='311673' AND status IN ('0','3','B') [1][0] OK
C:[18/04/2017 09:55:21.52][172.16.4.254][1352] SELECT pre_cod_asig1,pre_cod_asig2,pre_cod_asig3,pre_cod_asig4,pre_cod_asig5,pre_cod_asig6,pre_cod_asig7 FROM tblaca009 WHERE pensum='5' AND c_uni_ca='3' AND c_asigna='311796' [1][0] OK
C:[18/04/2017 09:55:21.52][172.16.4.254][1365] SELECT c_asigna FROM dace004 WHERE exp_e='08-20013510' AND c_asigna='315671' AND status IN ('0','3','B') [1][0] OK
C:[18/04/2017 09:55:22.32][172.16.4.254][1396] SELECT par_cod_asig1,par_cod_asig2,par_cod_asig3 FROM tblaca009 WHERE pensum='5' AND c_uni_ca='3' AND c_asigna='300313' [1][0] OK
C:[18/04/2017 09:55:22.32][172.16.4.254][1396] SELECT par_cod_asig1,par_cod_asig2,par_cod_asig3 FROM tblaca009 WHERE pensum='5' AND c_uni_ca='3' AND c_asigna='311556' [1][0] OK
C:[18/04/2017 09:55:22.32][172.16.4.254][1410] SELECT c_asigna FROM dace004 WHERE exp_e='08-20013510' AND c_asigna='311551' AND status IN ('0','3','B','C') [1][0] OK
C:[18/04/2017 09:55:22.32][172.16.4.254][1396] SELECT par_cod_asig1,par_cod_asig2,par_cod_asig3 FROM tblaca009 WHERE pensum='5' AND c_uni_ca='3' AND c_asigna='300676' [1][0] OK
C:[18/04/2017 09:55:22.32][172.16.4.254][1396] SELECT par_cod_asig1,par_cod_asig2,par_cod_asig3 FROM tblaca009 WHERE pensum='5' AND c_uni_ca='3' AND c_asigna='311704' [1][0] OK
C:[18/04/2017 09:55:22.32][172.16.4.254][1396] SELECT par_cod_asig1,par_cod_asig2,par_cod_asig3 FROM tblaca009 WHERE pensum='5' AND c_uni_ca='3' AND c_asigna='311799' [1][0] OK
C:[18/04/2017 09:55:22.32][172.16.4.254][1396] SELECT par_cod_asig1,par_cod_asig2,par_cod_asig3 FROM tblaca009 WHERE pensum='5' AND c_uni_ca='3' AND c_asigna='311796' [1][0] OK
C:[18/04/2017 09:55:22.23][172.16.4.254][1526] SELECT horas_lab FROM tblaca008 WHERE c_asigna='300313' AND horas_teoricas > 0 [1][0] OK
C:[18/04/2017 09:55:22.23][172.16.4.254][1526] SELECT horas_lab FROM tblaca008 WHERE c_asigna='311556' AND horas_teoricas > 0 [0][0] OK
C:[18/04/2017 09:55:22.23][172.16.4.254][1526] SELECT horas_lab FROM tblaca008 WHERE c_asigna='300676' AND horas_teoricas > 0 [1][0] OK
C:[18/04/2017 09:55:22.23][172.16.4.254][1526] SELECT horas_lab FROM tblaca008 WHERE c_asigna='311704' AND horas_teoricas > 0 [1][0] OK
C:[18/04/2017 09:55:22.23][172.16.4.254][1526] SELECT horas_lab FROM tblaca008 WHERE c_asigna='311799' AND horas_teoricas > 0 [1][0] OK
C:[18/04/2017 10:23:08.70][172.16.4.254][1352] SELECT pre_cod_asig1,pre_cod_asig2,pre_cod_asig3,pre_cod_asig4,pre_cod_asig5,pre_cod_asig6,pre_cod_asig7 FROM tblaca009 WHERE pensum='5' AND c_uni_ca='5' AND c_asigna='300207' [1][0] OK
C:[18/04/2017 10:23:08.70][172.16.4.254][1365] SELECT c_asigna FROM dace004 WHERE exp_e='16-27656757' AND c_asigna='300101' AND status IN ('0','3','B') [1][0] OK
C:[18/04/2017 10:23:08.70][172.16.4.254][1352] SELECT pre_cod_asig1,pre_cod_asig2,pre_cod_asig3,pre_cod_asig4,pre_cod_asig5,pre_cod_asig6,pre_cod_asig7 FROM tblaca009 WHERE pensum='5' AND c_uni_ca='5' AND c_asigna='300209' [1][0] OK
C:[18/04/2017 10:23:08.70][172.16.4.254][1365] SELECT c_asigna FROM dace004 WHERE exp_e='16-27656757' AND c_asigna='300101' AND status IN ('0','3','B') [1][0] OK
C:[18/04/2017 10:23:08.70][172.16.4.254][1352] SELECT pre_cod_asig1,pre_cod_asig2,pre_cod_asig3,pre_cod_asig4,pre_cod_asig5,pre_cod_asig6,pre_cod_asig7 FROM tblaca009 WHERE pensum='5' AND c_uni_ca='5' AND c_asigna='300213' [1][0] OK
C:[18/04/2017 10:23:08.70][172.16.4.254][1365] SELECT c_asigna FROM dace004 WHERE exp_e='16-27656757' AND c_asigna='300101' AND status IN ('0','3','B') [1][0] OK
C:[18/04/2017 10:23:08.70][172.16.4.254][1352] SELECT pre_cod_asig1,pre_cod_asig2,pre_cod_asig3,pre_cod_asig4,pre_cod_asig5,pre_cod_asig6,pre_cod_asig7 FROM tblaca009 WHERE pensum='5' AND c_uni_ca='5' AND c_asigna='300218' [1][0] OK
C:[18/04/2017 10:23:08.70][172.16.4.254][1365] SELECT c_asigna FROM dace004 WHERE exp_e='16-27656757' AND c_asigna='300101' AND status IN ('0','3','B') [1][0] OK
C:[18/04/2017 10:23:08.70][172.16.4.254][1352] SELECT pre_cod_asig1,pre_cod_asig2,pre_cod_asig3,pre_cod_asig4,pre_cod_asig5,pre_cod_asig6,pre_cod_asig7 FROM tblaca009 WHERE pensum='5' AND c_uni_ca='5' AND c_asigna='300222' [1][0] OK
C:[18/04/2017 10:23:08.70][172.16.4.254][1365] SELECT c_asigna FROM dace004 WHERE exp_e='16-27656757' AND c_asigna='300112' AND status IN ('0','3','B') [1][0] OK
C:[18/04/2017 10:23:08.70][172.16.4.254][1352] SELECT pre_cod_asig1,pre_cod_asig2,pre_cod_asig3,pre_cod_asig4,pre_cod_asig5,pre_cod_asig6,pre_cod_asig7 FROM tblaca009 WHERE pensum='5' AND c_uni_ca='5' AND c_asigna='300226' [1][0] OK
C:[18/04/2017 10:23:08.70][172.16.4.254][1365] SELECT c_asigna FROM dace004 WHERE exp_e='16-27656757' AND c_asigna='300116' AND status IN ('0','3','B') [1][0] OK
C:[18/04/2017 10:23:08.70][172.16.4.254][1352] SELECT pre_cod_asig1,pre_cod_asig2,pre_cod_asig3,pre_cod_asig4,pre_cod_asig5,pre_cod_asig6,pre_cod_asig7 FROM tblaca009 WHERE pensum='5' AND c_uni_ca='5' AND c_asigna='300228' [1][0] OK
C:[18/04/2017 10:23:08.70][172.16.4.254][1365] SELECT c_asigna FROM dace004 WHERE exp_e='16-27656757' AND c_asigna='300101' AND status IN ('0','3','B') [1][0] OK
C:[18/04/2017 10:23:09.44][172.16.4.254][1396] SELECT par_cod_asig1,par_cod_asig2,par_cod_asig3 FROM tblaca009 WHERE pensum='5' AND c_uni_ca='5' AND c_asigna='300207' [1][0] OK
C:[18/04/2017 10:23:09.44][172.16.4.254][1396] SELECT par_cod_asig1,par_cod_asig2,par_cod_asig3 FROM tblaca009 WHERE pensum='5' AND c_uni_ca='5' AND c_asigna='300209' [1][0] OK
C:[18/04/2017 10:23:09.44][172.16.4.254][1396] SELECT par_cod_asig1,par_cod_asig2,par_cod_asig3 FROM tblaca009 WHERE pensum='5' AND c_uni_ca='5' AND c_asigna='300213' [1][0] OK
C:[18/04/2017 10:23:09.44][172.16.4.254][1410] SELECT c_asigna FROM dace004 WHERE exp_e='16-27656757' AND c_asigna='300209' AND status IN ('0','3','B','C') [0][0] OK
C:[18/04/2017 10:23:09.44][172.16.4.254][1396] SELECT par_cod_asig1,par_cod_asig2,par_cod_asig3 FROM tblaca009 WHERE pensum='5' AND c_uni_ca='5' AND c_asigna='300218' [1][0] OK
C:[18/04/2017 10:23:09.44][172.16.4.254][1410] SELECT c_asigna FROM dace004 WHERE exp_e='16-27656757' AND c_asigna='300228' AND status IN ('0','3','B','C') [0][0] OK
C:[18/04/2017 10:23:09.44][172.16.4.254][1396] SELECT par_cod_asig1,par_cod_asig2,par_cod_asig3 FROM tblaca009 WHERE pensum='5' AND c_uni_ca='5' AND c_asigna='300222' [1][0] OK
C:[18/04/2017 10:23:09.44][172.16.4.254][1396] SELECT par_cod_asig1,par_cod_asig2,par_cod_asig3 FROM tblaca009 WHERE pensum='5' AND c_uni_ca='5' AND c_asigna='300226' [1][0] OK
C:[18/04/2017 10:23:09.44][172.16.4.254][1396] SELECT par_cod_asig1,par_cod_asig2,par_cod_asig3 FROM tblaca009 WHERE pensum='5' AND c_uni_ca='5' AND c_asigna='300228' [1][0] OK
C:[18/04/2017 10:23:09.57][172.16.4.254][1526] SELECT horas_lab FROM tblaca008 WHERE c_asigna='300207' AND horas_teoricas > 0 [1][0] OK
C:[18/04/2017 10:23:09.57][172.16.4.254][1526] SELECT horas_lab FROM tblaca008 WHERE c_asigna='300209' AND horas_teoricas > 0 [1][0] OK
C:[18/04/2017 10:23:09.57][172.16.4.254][1526] SELECT horas_lab FROM tblaca008 WHERE c_asigna='300213' AND horas_teoricas > 0 [1][0] OK
C:[18/04/2017 10:23:09.57][172.16.4.254][1526] SELECT horas_lab FROM tblaca008 WHERE c_asigna='300218' AND horas_teoricas > 0 [0][0] OK
C:[18/04/2017 10:23:09.57][172.16.4.254][1526] SELECT horas_lab FROM tblaca008 WHERE c_asigna='300222' AND horas_teoricas > 0 [1][0] OK
C:[18/04/2017 10:23:09.57][172.16.4.254][1526] SELECT horas_lab FROM tblaca008 WHERE c_asigna='300226' AND horas_teoricas > 0 [1][0] OK
C:[18/04/2017 10:23:09.57][172.16.4.254][1526] SELECT horas_lab FROM tblaca008 WHERE c_asigna='300228' AND horas_teoricas > 0 [1][0] OK
C:[18/04/2017 10:26:16.34][172.16.4.254][1352] SELECT pre_cod_asig1,pre_cod_asig2,pre_cod_asig3,pre_cod_asig4,pre_cod_asig5,pre_cod_asig6,pre_cod_asig7 FROM tblaca009 WHERE pensum='5' AND c_uni_ca='5' AND c_asigna='300207' [1][0] OK
C:[18/04/2017 10:26:16.34][172.16.4.254][1365] SELECT c_asigna FROM dace004 WHERE exp_e='16-27922540' AND c_asigna='300101' AND status IN ('0','3','B') [1][0] OK
C:[18/04/2017 10:26:16.34][172.16.4.254][1352] SELECT pre_cod_asig1,pre_cod_asig2,pre_cod_asig3,pre_cod_asig4,pre_cod_asig5,pre_cod_asig6,pre_cod_asig7 FROM tblaca009 WHERE pensum='5' AND c_uni_ca='5' AND c_asigna='300209' [1][0] OK
C:[18/04/2017 10:26:16.34][172.16.4.254][1365] SELECT c_asigna FROM dace004 WHERE exp_e='16-27922540' AND c_asigna='300101' AND status IN ('0','3','B') [1][0] OK
C:[18/04/2017 10:26:16.34][172.16.4.254][1352] SELECT pre_cod_asig1,pre_cod_asig2,pre_cod_asig3,pre_cod_asig4,pre_cod_asig5,pre_cod_asig6,pre_cod_asig7 FROM tblaca009 WHERE pensum='5' AND c_uni_ca='5' AND c_asigna='300213' [1][0] OK
C:[18/04/2017 10:26:16.34][172.16.4.254][1365] SELECT c_asigna FROM dace004 WHERE exp_e='16-27922540' AND c_asigna='300101' AND status IN ('0','3','B') [1][0] OK
C:[18/04/2017 10:26:16.34][172.16.4.254][1352] SELECT pre_cod_asig1,pre_cod_asig2,pre_cod_asig3,pre_cod_asig4,pre_cod_asig5,pre_cod_asig6,pre_cod_asig7 FROM tblaca009 WHERE pensum='5' AND c_uni_ca='5' AND c_asigna='300218' [1][0] OK
C:[18/04/2017 10:26:16.34][172.16.4.254][1365] SELECT c_asigna FROM dace004 WHERE exp_e='16-27922540' AND c_asigna='300101' AND status IN ('0','3','B') [1][0] OK
C:[18/04/2017 10:26:16.34][172.16.4.254][1352] SELECT pre_cod_asig1,pre_cod_asig2,pre_cod_asig3,pre_cod_asig4,pre_cod_asig5,pre_cod_asig6,pre_cod_asig7 FROM tblaca009 WHERE pensum='5' AND c_uni_ca='5' AND c_asigna='300222' [1][0] OK
C:[18/04/2017 10:26:16.34][172.16.4.254][1365] SELECT c_asigna FROM dace004 WHERE exp_e='16-27922540' AND c_asigna='300112' AND status IN ('0','3','B') [1][0] OK
C:[18/04/2017 10:26:16.34][172.16.4.254][1352] SELECT pre_cod_asig1,pre_cod_asig2,pre_cod_asig3,pre_cod_asig4,pre_cod_asig5,pre_cod_asig6,pre_cod_asig7 FROM tblaca009 WHERE pensum='5' AND c_uni_ca='5' AND c_asigna='300226' [1][0] OK
C:[18/04/2017 10:26:16.34][172.16.4.254][1365] SELECT c_asigna FROM dace004 WHERE exp_e='16-27922540' AND c_asigna='300116' AND status IN ('0','3','B') [1][0] OK
C:[18/04/2017 10:26:16.34][172.16.4.254][1352] SELECT pre_cod_asig1,pre_cod_asig2,pre_cod_asig3,pre_cod_asig4,pre_cod_asig5,pre_cod_asig6,pre_cod_asig7 FROM tblaca009 WHERE pensum='5' AND c_uni_ca='5' AND c_asigna='300228' [1][0] OK
C:[18/04/2017 10:26:16.34][172.16.4.254][1365] SELECT c_asigna FROM dace004 WHERE exp_e='16-27922540' AND c_asigna='300101' AND status IN ('0','3','B') [1][0] OK
C:[18/04/2017 10:26:16.08][172.16.4.254][1396] SELECT par_cod_asig1,par_cod_asig2,par_cod_asig3 FROM tblaca009 WHERE pensum='5' AND c_uni_ca='5' AND c_asigna='300207' [1][0] OK
C:[18/04/2017 10:26:16.08][172.16.4.254][1396] SELECT par_cod_asig1,par_cod_asig2,par_cod_asig3 FROM tblaca009 WHERE pensum='5' AND c_uni_ca='5' AND c_asigna='300209' [1][0] OK
C:[18/04/2017 10:26:16.08][172.16.4.254][1396] SELECT par_cod_asig1,par_cod_asig2,par_cod_asig3 FROM tblaca009 WHERE pensum='5' AND c_uni_ca='5' AND c_asigna='300213' [1][0] OK
C:[18/04/2017 10:26:16.08][172.16.4.254][1410] SELECT c_asigna FROM dace004 WHERE exp_e='16-27922540' AND c_asigna='300209' AND status IN ('0','3','B','C') [0][0] OK
C:[18/04/2017 10:26:16.08][172.16.4.254][1396] SELECT par_cod_asig1,par_cod_asig2,par_cod_asig3 FROM tblaca009 WHERE pensum='5' AND c_uni_ca='5' AND c_asigna='300218' [1][0] OK
C:[18/04/2017 10:26:16.08][172.16.4.254][1410] SELECT c_asigna FROM dace004 WHERE exp_e='16-27922540' AND c_asigna='300228' AND status IN ('0','3','B','C') [0][0] OK
C:[18/04/2017 10:26:16.08][172.16.4.254][1396] SELECT par_cod_asig1,par_cod_asig2,par_cod_asig3 FROM tblaca009 WHERE pensum='5' AND c_uni_ca='5' AND c_asigna='300222' [1][0] OK
C:[18/04/2017 10:26:16.08][172.16.4.254][1396] SELECT par_cod_asig1,par_cod_asig2,par_cod_asig3 FROM tblaca009 WHERE pensum='5' AND c_uni_ca='5' AND c_asigna='300226' [1][0] OK
C:[18/04/2017 10:26:16.08][172.16.4.254][1396] SELECT par_cod_asig1,par_cod_asig2,par_cod_asig3 FROM tblaca009 WHERE pensum='5' AND c_uni_ca='5' AND c_asigna='300228' [1][0] OK
C:[18/04/2017 10:26:17.25][172.16.4.254][1526] SELECT horas_lab FROM tblaca008 WHERE c_asigna='300207' AND horas_teoricas > 0 [1][0] OK
C:[18/04/2017 10:26:17.25][172.16.4.254][1526] SELECT horas_lab FROM tblaca008 WHERE c_asigna='300209' AND horas_teoricas > 0 [1][0] OK
C:[18/04/2017 10:26:17.25][172.16.4.254][1526] SELECT horas_lab FROM tblaca008 WHERE c_asigna='300213' AND horas_teoricas > 0 [1][0] OK
C:[18/04/2017 10:26:17.25][172.16.4.254][1526] SELECT horas_lab FROM tblaca008 WHERE c_asigna='300218' AND horas_teoricas > 0 [0][0] OK
C:[18/04/2017 10:26:17.25][172.16.4.254][1526] SELECT horas_lab FROM tblaca008 WHERE c_asigna='300222' AND horas_teoricas > 0 [1][0] OK
C:[18/04/2017 10:26:17.25][172.16.4.254][1526] SELECT horas_lab FROM tblaca008 WHERE c_asigna='300226' AND horas_teoricas > 0 [1][0] OK
C:[18/04/2017 10:26:17.25][172.16.4.254][1526] SELECT horas_lab FROM tblaca008 WHERE c_asigna='300228' AND horas_teoricas > 0 [1][0] OK
C:[18/04/2017 10:28:23.54][172.16.4.254][1352] SELECT pre_cod_asig1,pre_cod_asig2,pre_cod_asig3,pre_cod_asig4,pre_cod_asig5,pre_cod_asig6,pre_cod_asig7 FROM tblaca009 WHERE pensum='5' AND c_uni_ca='6' AND c_asigna='300207' [1][0] OK
C:[18/04/2017 10:28:23.54][172.16.4.254][1365] SELECT c_asigna FROM dace004 WHERE exp_e='16-27733621' AND c_asigna='300101' AND status IN ('0','3','B') [1][0] OK
C:[18/04/2017 10:28:23.54][172.16.4.254][1352] SELECT pre_cod_asig1,pre_cod_asig2,pre_cod_asig3,pre_cod_asig4,pre_cod_asig5,pre_cod_asig6,pre_cod_asig7 FROM tblaca009 WHERE pensum='5' AND c_uni_ca='6' AND c_asigna='300209' [1][0] OK
C:[18/04/2017 10:28:23.54][172.16.4.254][1365] SELECT c_asigna FROM dace004 WHERE exp_e='16-27733621' AND c_asigna='300101' AND status IN ('0','3','B') [1][0] OK
C:[18/04/2017 10:28:23.54][172.16.4.254][1352] SELECT pre_cod_asig1,pre_cod_asig2,pre_cod_asig3,pre_cod_asig4,pre_cod_asig5,pre_cod_asig6,pre_cod_asig7 FROM tblaca009 WHERE pensum='5' AND c_uni_ca='6' AND c_asigna='300213' [1][0] OK
C:[18/04/2017 10:28:23.54][172.16.4.254][1365] SELECT c_asigna FROM dace004 WHERE exp_e='16-27733621' AND c_asigna='300101' AND status IN ('0','3','B') [1][0] OK
C:[18/04/2017 10:28:23.54][172.16.4.254][1352] SELECT pre_cod_asig1,pre_cod_asig2,pre_cod_asig3,pre_cod_asig4,pre_cod_asig5,pre_cod_asig6,pre_cod_asig7 FROM tblaca009 WHERE pensum='5' AND c_uni_ca='6' AND c_asigna='300218' [1][0] OK
C:[18/04/2017 10:28:23.54][172.16.4.254][1365] SELECT c_asigna FROM dace004 WHERE exp_e='16-27733621' AND c_asigna='300101' AND status IN ('0','3','B') [1][0] OK
C:[18/04/2017 10:28:23.54][172.16.4.254][1352] SELECT pre_cod_asig1,pre_cod_asig2,pre_cod_asig3,pre_cod_asig4,pre_cod_asig5,pre_cod_asig6,pre_cod_asig7 FROM tblaca009 WHERE pensum='5' AND c_uni_ca='6' AND c_asigna='300222' [1][0] OK
C:[18/04/2017 10:28:23.54][172.16.4.254][1365] SELECT c_asigna FROM dace004 WHERE exp_e='16-27733621' AND c_asigna='300112' AND status IN ('0','3','B') [1][0] OK
C:[18/04/2017 10:28:23.54][172.16.4.254][1352] SELECT pre_cod_asig1,pre_cod_asig2,pre_cod_asig3,pre_cod_asig4,pre_cod_asig5,pre_cod_asig6,pre_cod_asig7 FROM tblaca009 WHERE pensum='5' AND c_uni_ca='6' AND c_asigna='300226' [1][0] OK
C:[18/04/2017 10:28:23.54][172.16.4.254][1365] SELECT c_asigna FROM dace004 WHERE exp_e='16-27733621' AND c_asigna='300116' AND status IN ('0','3','B') [1][0] OK
C:[18/04/2017 10:28:23.54][172.16.4.254][1352] SELECT pre_cod_asig1,pre_cod_asig2,pre_cod_asig3,pre_cod_asig4,pre_cod_asig5,pre_cod_asig6,pre_cod_asig7 FROM tblaca009 WHERE pensum='5' AND c_uni_ca='6' AND c_asigna='300228' [1][0] OK
C:[18/04/2017 10:28:23.54][172.16.4.254][1365] SELECT c_asigna FROM dace004 WHERE exp_e='16-27733621' AND c_asigna='300101' AND status IN ('0','3','B') [1][0] OK
C:[18/04/2017 10:28:23.30][172.16.4.254][1396] SELECT par_cod_asig1,par_cod_asig2,par_cod_asig3 FROM tblaca009 WHERE pensum='5' AND c_uni_ca='6' AND c_asigna='300207' [1][0] OK
C:[18/04/2017 10:28:23.30][172.16.4.254][1396] SELECT par_cod_asig1,par_cod_asig2,par_cod_asig3 FROM tblaca009 WHERE pensum='5' AND c_uni_ca='6' AND c_asigna='300209' [1][0] OK
C:[18/04/2017 10:28:23.30][172.16.4.254][1396] SELECT par_cod_asig1,par_cod_asig2,par_cod_asig3 FROM tblaca009 WHERE pensum='5' AND c_uni_ca='6' AND c_asigna='300213' [1][0] OK
C:[18/04/2017 10:28:23.30][172.16.4.254][1410] SELECT c_asigna FROM dace004 WHERE exp_e='16-27733621' AND c_asigna='300209' AND status IN ('0','3','B','C') [0][0] OK
C:[18/04/2017 10:28:23.30][172.16.4.254][1396] SELECT par_cod_asig1,par_cod_asig2,par_cod_asig3 FROM tblaca009 WHERE pensum='5' AND c_uni_ca='6' AND c_asigna='300218' [1][0] OK
C:[18/04/2017 10:28:23.30][172.16.4.254][1410] SELECT c_asigna FROM dace004 WHERE exp_e='16-27733621' AND c_asigna='300228' AND status IN ('0','3','B','C') [0][0] OK
C:[18/04/2017 10:28:23.30][172.16.4.254][1396] SELECT par_cod_asig1,par_cod_asig2,par_cod_asig3 FROM tblaca009 WHERE pensum='5' AND c_uni_ca='6' AND c_asigna='300222' [1][0] OK
C:[18/04/2017 10:28:23.30][172.16.4.254][1396] SELECT par_cod_asig1,par_cod_asig2,par_cod_asig3 FROM tblaca009 WHERE pensum='5' AND c_uni_ca='6' AND c_asigna='300226' [1][0] OK
C:[18/04/2017 10:28:23.30][172.16.4.254][1396] SELECT par_cod_asig1,par_cod_asig2,par_cod_asig3 FROM tblaca009 WHERE pensum='5' AND c_uni_ca='6' AND c_asigna='300228' [1][0] OK
C:[18/04/2017 10:28:24.43][172.16.4.254][1526] SELECT horas_lab FROM tblaca008 WHERE c_asigna='300207' AND horas_teoricas > 0 [1][0] OK
C:[18/04/2017 10:28:24.43][172.16.4.254][1526] SELECT horas_lab FROM tblaca008 WHERE c_asigna='300209' AND horas_teoricas > 0 [1][0] OK
C:[18/04/2017 10:28:24.43][172.16.4.254][1526] SELECT horas_lab FROM tblaca008 WHERE c_asigna='300213' AND horas_teoricas > 0 [1][0] OK
C:[18/04/2017 10:28:24.43][172.16.4.254][1526] SELECT horas_lab FROM tblaca008 WHERE c_asigna='300218' AND horas_teoricas > 0 [0][0] OK
C:[18/04/2017 10:28:24.43][172.16.4.254][1526] SELECT horas_lab FROM tblaca008 WHERE c_asigna='300222' AND horas_teoricas > 0 [1][0] OK
C:[18/04/2017 10:28:24.43][172.16.4.254][1526] SELECT horas_lab FROM tblaca008 WHERE c_asigna='300226' AND horas_teoricas > 0 [1][0] OK
C:[18/04/2017 10:28:24.43][172.16.4.254][1526] SELECT horas_lab FROM tblaca008 WHERE c_asigna='300228' AND horas_teoricas > 0 [1][0] OK
C:[18/04/2017 10:30:32.54][172.16.4.254][1352] SELECT pre_cod_asig1,pre_cod_asig2,pre_cod_asig3,pre_cod_asig4,pre_cod_asig5,pre_cod_asig6,pre_cod_asig7 FROM tblaca009 WHERE pensum='5' AND c_uni_ca='4' AND c_asigna='311561' [1][0] OK
C:[18/04/2017 10:30:32.54][172.16.4.254][1365] SELECT c_asigna FROM dace004 WHERE exp_e='13-25003410' AND c_asigna='300318' AND status IN ('0','3','B') [1][0] OK
C:[18/04/2017 10:30:32.54][172.16.4.254][1352] SELECT pre_cod_asig1,pre_cod_asig2,pre_cod_asig3,pre_cod_asig4,pre_cod_asig5,pre_cod_asig6,pre_cod_asig7 FROM tblaca009 WHERE pensum='5' AND c_uni_ca='4' AND c_asigna='333563' [1][0] OK
C:[18/04/2017 10:30:32.54][172.16.4.254][1365] SELECT c_asigna FROM dace004 WHERE exp_e='13-25003410' AND c_asigna='333440' AND status IN ('0','3','B') [1][0] OK
C:[18/04/2017 10:30:32.54][172.16.4.254][1365] SELECT c_asigna FROM dace004 WHERE exp_e='13-25003410' AND c_asigna='333442' AND status IN ('0','3','B') [1][0] OK
C:[18/04/2017 10:30:32.54][172.16.4.254][1365] SELECT c_asigna FROM dace004 WHERE exp_e='13-25003410' AND c_asigna='300209' AND status IN ('0','3','B') [1][0] OK
C:[18/04/2017 10:30:32.54][172.16.4.254][1365] SELECT c_asigna FROM dace004 WHERE exp_e='13-25003410' AND c_asigna='330310' AND status IN ('0','3','B') [1][0] OK
C:[18/04/2017 10:30:32.54][172.16.4.254][1365] SELECT c_asigna FROM dace004 WHERE exp_e='13-25003410' AND c_asigna='300317' AND status IN ('0','3','B') [1][0] OK
C:[18/04/2017 10:30:32.54][172.16.4.254][1365] SELECT c_asigna FROM dace004 WHERE exp_e='13-25003410' AND c_asigna='333326' AND status IN ('0','3','B') [1][0] OK
C:[18/04/2017 10:30:32.54][172.16.4.254][1352] SELECT pre_cod_asig1,pre_cod_asig2,pre_cod_asig3,pre_cod_asig4,pre_cod_asig5,pre_cod_asig6,pre_cod_asig7 FROM tblaca009 WHERE pensum='5' AND c_uni_ca='4' AND c_asigna='333584' [1][0] OK
C:[18/04/2017 10:30:32.54][172.16.4.254][1365] SELECT c_asigna FROM dace004 WHERE exp_e='13-25003410' AND c_asigna='300428' AND status IN ('0','3','B') [1][0] OK
C:[18/04/2017 10:30:32.54][172.16.4.254][1365] SELECT c_asigna FROM dace004 WHERE exp_e='13-25003410' AND c_asigna='333440' AND status IN ('0','3','B') [1][0] OK
C:[18/04/2017 10:30:32.54][172.16.4.254][1365] SELECT c_asigna FROM dace004 WHERE exp_e='13-25003410' AND c_asigna='300209' AND status IN ('0','3','B') [1][0] OK
C:[18/04/2017 10:30:32.54][172.16.4.254][1365] SELECT c_asigna FROM dace004 WHERE exp_e='13-25003410' AND c_asigna='333442' AND status IN ('0','3','B') [1][0] OK
C:[18/04/2017 10:30:32.54][172.16.4.254][1365] SELECT c_asigna FROM dace004 WHERE exp_e='13-25003410' AND c_asigna='300317' AND status IN ('0','3','B') [1][0] OK
C:[18/04/2017 10:30:32.54][172.16.4.254][1365] SELECT c_asigna FROM dace004 WHERE exp_e='13-25003410' AND c_asigna='333326' AND status IN ('0','3','B') [1][0] OK
C:[18/04/2017 10:30:32.54][172.16.4.254][1365] SELECT c_asigna FROM dace004 WHERE exp_e='13-25003410' AND c_asigna='330310' AND status IN ('0','3','B') [1][0] OK
C:[18/04/2017 10:30:32.54][172.16.4.254][1352] SELECT pre_cod_asig1,pre_cod_asig2,pre_cod_asig3,pre_cod_asig4,pre_cod_asig5,pre_cod_asig6,pre_cod_asig7 FROM tblaca009 WHERE pensum='5' AND c_uni_ca='4' AND c_asigna='333585' [1][0] OK
C:[18/04/2017 10:30:32.54][172.16.4.254][1365] SELECT c_asigna FROM dace004 WHERE exp_e='13-25003410' AND c_asigna='333440' AND status IN ('0','3','B') [1][0] OK
C:[18/04/2017 10:30:32.54][172.16.4.254][1365] SELECT c_asigna FROM dace004 WHERE exp_e='13-25003410' AND c_asigna='333441' AND status IN ('0','3','B') [1][0] OK
C:[18/04/2017 10:30:32.54][172.16.4.254][1365] SELECT c_asigna FROM dace004 WHERE exp_e='13-25003410' AND c_asigna='300209' AND status IN ('0','3','B') [1][0] OK
C:[18/04/2017 10:30:32.54][172.16.4.254][1352] SELECT pre_cod_asig1,pre_cod_asig2,pre_cod_asig3,pre_cod_asig4,pre_cod_asig5,pre_cod_asig6,pre_cod_asig7 FROM tblaca009 WHERE pensum='5' AND c_uni_ca='4' AND c_asigna='333683' [1][0] OK
C:[18/04/2017 10:30:32.54][172.16.4.254][1365] SELECT c_asigna FROM dace004 WHERE exp_e='13-25003410' AND c_asigna='333564' AND status IN ('0','3','B') [1][0] OK
C:[18/04/2017 10:30:33.42][172.16.4.254][1396] SELECT par_cod_asig1,par_cod_asig2,par_cod_asig3 FROM tblaca009 WHERE pensum='5' AND c_uni_ca='4' AND c_asigna='311561' [1][0] OK
C:[18/04/2017 10:30:33.42][172.16.4.254][1396] SELECT par_cod_asig1,par_cod_asig2,par_cod_asig3 FROM tblaca009 WHERE pensum='5' AND c_uni_ca='4' AND c_asigna='333563' [1][0] OK
C:[18/04/2017 10:30:33.42][172.16.4.254][1396] SELECT par_cod_asig1,par_cod_asig2,par_cod_asig3 FROM tblaca009 WHERE pensum='5' AND c_uni_ca='4' AND c_asigna='333584' [1][0] OK
C:[18/04/2017 10:30:33.42][172.16.4.254][1410] SELECT c_asigna FROM dace004 WHERE exp_e='13-25003410' AND c_asigna='333563' AND status IN ('0','3','B','C') [0][0] OK
C:[18/04/2017 10:30:33.42][172.16.4.254][1396] SELECT par_cod_asig1,par_cod_asig2,par_cod_asig3 FROM tblaca009 WHERE pensum='5' AND c_uni_ca='4' AND c_asigna='333585' [1][0] OK
C:[18/04/2017 10:30:33.42][172.16.4.254][1396] SELECT par_cod_asig1,par_cod_asig2,par_cod_asig3 FROM tblaca009 WHERE pensum='5' AND c_uni_ca='4' AND c_asigna='333683' [1][0] OK
C:[18/04/2017 10:30:33.18][172.16.4.254][1526] SELECT horas_lab FROM tblaca008 WHERE c_asigna='311561' AND horas_teoricas > 0 [1][0] OK
C:[18/04/2017 10:30:33.18][172.16.4.254][1526] SELECT horas_lab FROM tblaca008 WHERE c_asigna='333563' AND horas_teoricas > 0 [1][0] OK
C:[18/04/2017 10:30:33.18][172.16.4.254][1526] SELECT horas_lab FROM tblaca008 WHERE c_asigna='333584' AND horas_teoricas > 0 [1][0] OK
C:[18/04/2017 10:30:33.18][172.16.4.254][1526] SELECT horas_lab FROM tblaca008 WHERE c_asigna='333585' AND horas_teoricas > 0 [1][0] OK
C:[18/04/2017 10:30:33.18][172.16.4.254][1526] SELECT horas_lab FROM tblaca008 WHERE c_asigna='333683' AND horas_teoricas > 0 [1][0] OK
C:[18/04/2017 10:35:00.46][172.16.4.254][1352] SELECT pre_cod_asig1,pre_cod_asig2,pre_cod_asig3,pre_cod_asig4,pre_cod_asig5,pre_cod_asig6,pre_cod_asig7 FROM tblaca009 WHERE pensum='5' AND c_uni_ca='4' AND c_asigna='300207' [1][0] OK
C:[18/04/2017 10:35:00.46][172.16.4.254][1365] SELECT c_asigna FROM dace004 WHERE exp_e='16-26623264' AND c_asigna='300101' AND status IN ('0','3','B') [1][0] OK
C:[18/04/2017 10:35:00.46][172.16.4.254][1352] SELECT pre_cod_asig1,pre_cod_asig2,pre_cod_asig3,pre_cod_asig4,pre_cod_asig5,pre_cod_asig6,pre_cod_asig7 FROM tblaca009 WHERE pensum='5' AND c_uni_ca='4' AND c_asigna='300209' [1][0] OK
C:[18/04/2017 10:35:00.46][172.16.4.254][1365] SELECT c_asigna FROM dace004 WHERE exp_e='16-26623264' AND c_asigna='300101' AND status IN ('0','3','B') [1][0] OK
C:[18/04/2017 10:35:00.46][172.16.4.254][1352] SELECT pre_cod_asig1,pre_cod_asig2,pre_cod_asig3,pre_cod_asig4,pre_cod_asig5,pre_cod_asig6,pre_cod_asig7 FROM tblaca009 WHERE pensum='5' AND c_uni_ca='4' AND c_asigna='300213' [1][0] OK
C:[18/04/2017 10:35:00.46][172.16.4.254][1365] SELECT c_asigna FROM dace004 WHERE exp_e='16-26623264' AND c_asigna='300101' AND status IN ('0','3','B') [1][0] OK
C:[18/04/2017 10:35:00.46][172.16.4.254][1352] SELECT pre_cod_asig1,pre_cod_asig2,pre_cod_asig3,pre_cod_asig4,pre_cod_asig5,pre_cod_asig6,pre_cod_asig7 FROM tblaca009 WHERE pensum='5' AND c_uni_ca='4' AND c_asigna='300218' [1][0] OK
C:[18/04/2017 10:35:00.46][172.16.4.254][1365] SELECT c_asigna FROM dace004 WHERE exp_e='16-26623264' AND c_asigna='300101' AND status IN ('0','3','B') [1][0] OK
C:[18/04/2017 10:35:00.46][172.16.4.254][1352] SELECT pre_cod_asig1,pre_cod_asig2,pre_cod_asig3,pre_cod_asig4,pre_cod_asig5,pre_cod_asig6,pre_cod_asig7 FROM tblaca009 WHERE pensum='5' AND c_uni_ca='4' AND c_asigna='300222' [1][0] OK
C:[18/04/2017 10:35:00.46][172.16.4.254][1365] SELECT c_asigna FROM dace004 WHERE exp_e='16-26623264' AND c_asigna='300112' AND status IN ('0','3','B') [1][0] OK
C:[18/04/2017 10:35:00.46][172.16.4.254][1352] SELECT pre_cod_asig1,pre_cod_asig2,pre_cod_asig3,pre_cod_asig4,pre_cod_asig5,pre_cod_asig6,pre_cod_asig7 FROM tblaca009 WHERE pensum='5' AND c_uni_ca='4' AND c_asigna='300226' [1][0] OK
C:[18/04/2017 10:35:00.46][172.16.4.254][1365] SELECT c_asigna FROM dace004 WHERE exp_e='16-26623264' AND c_asigna='300116' AND status IN ('0','3','B') [1][0] OK
C:[18/04/2017 10:35:00.46][172.16.4.254][1352] SELECT pre_cod_asig1,pre_cod_asig2,pre_cod_asig3,pre_cod_asig4,pre_cod_asig5,pre_cod_asig6,pre_cod_asig7 FROM tblaca009 WHERE pensum='5' AND c_uni_ca='4' AND c_asigna='300228' [1][0] OK
C:[18/04/2017 10:35:00.46][172.16.4.254][1365] SELECT c_asigna FROM dace004 WHERE exp_e='16-26623264' AND c_asigna='300101' AND status IN ('0','3','B') [1][0] OK
C:[18/04/2017 10:35:01.22][172.16.4.254][1396] SELECT par_cod_asig1,par_cod_asig2,par_cod_asig3 FROM tblaca009 WHERE pensum='5' AND c_uni_ca='4' AND c_asigna='300207' [1][0] OK
C:[18/04/2017 10:35:01.22][172.16.4.254][1396] SELECT par_cod_asig1,par_cod_asig2,par_cod_asig3 FROM tblaca009 WHERE pensum='5' AND c_uni_ca='4' AND c_asigna='300209' [1][0] OK
C:[18/04/2017 10:35:01.22][172.16.4.254][1396] SELECT par_cod_asig1,par_cod_asig2,par_cod_asig3 FROM tblaca009 WHERE pensum='5' AND c_uni_ca='4' AND c_asigna='300213' [1][0] OK
C:[18/04/2017 10:35:01.22][172.16.4.254][1410] SELECT c_asigna FROM dace004 WHERE exp_e='16-26623264' AND c_asigna='300209' AND status IN ('0','3','B','C') [0][0] OK
C:[18/04/2017 10:35:01.22][172.16.4.254][1396] SELECT par_cod_asig1,par_cod_asig2,par_cod_asig3 FROM tblaca009 WHERE pensum='5' AND c_uni_ca='4' AND c_asigna='300218' [1][0] OK
C:[18/04/2017 10:35:01.22][172.16.4.254][1410] SELECT c_asigna FROM dace004 WHERE exp_e='16-26623264' AND c_asigna='300228' AND status IN ('0','3','B','C') [0][0] OK
C:[18/04/2017 10:35:01.22][172.16.4.254][1396] SELECT par_cod_asig1,par_cod_asig2,par_cod_asig3 FROM tblaca009 WHERE pensum='5' AND c_uni_ca='4' AND c_asigna='300222' [1][0] OK
C:[18/04/2017 10:35:01.22][172.16.4.254][1396] SELECT par_cod_asig1,par_cod_asig2,par_cod_asig3 FROM tblaca009 WHERE pensum='5' AND c_uni_ca='4' AND c_asigna='300226' [1][0] OK
C:[18/04/2017 10:35:01.22][172.16.4.254][1396] SELECT par_cod_asig1,par_cod_asig2,par_cod_asig3 FROM tblaca009 WHERE pensum='5' AND c_uni_ca='4' AND c_asigna='300228' [1][0] OK
C:[18/04/2017 10:35:01.38][172.16.4.254][1526] SELECT horas_lab FROM tblaca008 WHERE c_asigna='300207' AND horas_teoricas > 0 [1][0] OK
C:[18/04/2017 10:35:01.38][172.16.4.254][1526] SELECT horas_lab FROM tblaca008 WHERE c_asigna='300209' AND horas_teoricas > 0 [1][0] OK
C:[18/04/2017 10:35:01.38][172.16.4.254][1526] SELECT horas_lab FROM tblaca008 WHERE c_asigna='300213' AND horas_teoricas > 0 [1][0] OK
C:[18/04/2017 10:35:01.38][172.16.4.254][1526] SELECT horas_lab FROM tblaca008 WHERE c_asigna='300218' AND horas_teoricas > 0 [0][0] OK
C:[18/04/2017 10:35:01.38][172.16.4.254][1526] SELECT horas_lab FROM tblaca008 WHERE c_asigna='300222' AND horas_teoricas > 0 [1][0] OK
C:[18/04/2017 10:35:01.38][172.16.4.254][1526] SELECT horas_lab FROM tblaca008 WHERE c_asigna='300226' AND horas_teoricas > 0 [1][0] OK
C:[18/04/2017 10:35:01.38][172.16.4.254][1526] SELECT horas_lab FROM tblaca008 WHERE c_asigna='300228' AND horas_teoricas > 0 [1][0] OK
C:[18/04/2017 10:42:49.05][172.16.4.254][1352] SELECT pre_cod_asig1,pre_cod_asig2,pre_cod_asig3,pre_cod_asig4,pre_cod_asig5,pre_cod_asig6,pre_cod_asig7 FROM tblaca009 WHERE pensum='5' AND c_uni_ca='5' AND c_asigna='300207' [1][0] OK
C:[18/04/2017 10:42:49.05][172.16.4.254][1365] SELECT c_asigna FROM dace004 WHERE exp_e='16-27656757' AND c_asigna='300101' AND status IN ('0','3','B') [1][0] OK
C:[18/04/2017 10:42:49.05][172.16.4.254][1352] SELECT pre_cod_asig1,pre_cod_asig2,pre_cod_asig3,pre_cod_asig4,pre_cod_asig5,pre_cod_asig6,pre_cod_asig7 FROM tblaca009 WHERE pensum='5' AND c_uni_ca='5' AND c_asigna='300209' [1][0] OK
C:[18/04/2017 10:42:49.05][172.16.4.254][1365] SELECT c_asigna FROM dace004 WHERE exp_e='16-27656757' AND c_asigna='300101' AND status IN ('0','3','B') [1][0] OK
C:[18/04/2017 10:42:49.05][172.16.4.254][1352] SELECT pre_cod_asig1,pre_cod_asig2,pre_cod_asig3,pre_cod_asig4,pre_cod_asig5,pre_cod_asig6,pre_cod_asig7 FROM tblaca009 WHERE pensum='5' AND c_uni_ca='5' AND c_asigna='300213' [1][0] OK
C:[18/04/2017 10:42:49.05][172.16.4.254][1365] SELECT c_asigna FROM dace004 WHERE exp_e='16-27656757' AND c_asigna='300101' AND status IN ('0','3','B') [1][0] OK
C:[18/04/2017 10:42:49.05][172.16.4.254][1352] SELECT pre_cod_asig1,pre_cod_asig2,pre_cod_asig3,pre_cod_asig4,pre_cod_asig5,pre_cod_asig6,pre_cod_asig7 FROM tblaca009 WHERE pensum='5' AND c_uni_ca='5' AND c_asigna='300218' [1][0] OK
C:[18/04/2017 10:42:49.05][172.16.4.254][1365] SELECT c_asigna FROM dace004 WHERE exp_e='16-27656757' AND c_asigna='300101' AND status IN ('0','3','B') [1][0] OK
C:[18/04/2017 10:42:49.05][172.16.4.254][1352] SELECT pre_cod_asig1,pre_cod_asig2,pre_cod_asig3,pre_cod_asig4,pre_cod_asig5,pre_cod_asig6,pre_cod_asig7 FROM tblaca009 WHERE pensum='5' AND c_uni_ca='5' AND c_asigna='300222' [1][0] OK
C:[18/04/2017 10:42:49.05][172.16.4.254][1365] SELECT c_asigna FROM dace004 WHERE exp_e='16-27656757' AND c_asigna='300112' AND status IN ('0','3','B') [1][0] OK
C:[18/04/2017 10:42:49.05][172.16.4.254][1352] SELECT pre_cod_asig1,pre_cod_asig2,pre_cod_asig3,pre_cod_asig4,pre_cod_asig5,pre_cod_asig6,pre_cod_asig7 FROM tblaca009 WHERE pensum='5' AND c_uni_ca='5' AND c_asigna='300226' [1][0] OK
C:[18/04/2017 10:42:49.05][172.16.4.254][1365] SELECT c_asigna FROM dace004 WHERE exp_e='16-27656757' AND c_asigna='300116' AND status IN ('0','3','B') [1][0] OK
C:[18/04/2017 10:42:49.05][172.16.4.254][1352] SELECT pre_cod_asig1,pre_cod_asig2,pre_cod_asig3,pre_cod_asig4,pre_cod_asig5,pre_cod_asig6,pre_cod_asig7 FROM tblaca009 WHERE pensum='5' AND c_uni_ca='5' AND c_asigna='300228' [1][0] OK
C:[18/04/2017 10:42:49.05][172.16.4.254][1365] SELECT c_asigna FROM dace004 WHERE exp_e='16-27656757' AND c_asigna='300101' AND status IN ('0','3','B') [1][0] OK
C:[18/04/2017 10:42:49.81][172.16.4.254][1396] SELECT par_cod_asig1,par_cod_asig2,par_cod_asig3 FROM tblaca009 WHERE pensum='5' AND c_uni_ca='5' AND c_asigna='300207' [1][0] OK
C:[18/04/2017 10:42:49.81][172.16.4.254][1396] SELECT par_cod_asig1,par_cod_asig2,par_cod_asig3 FROM tblaca009 WHERE pensum='5' AND c_uni_ca='5' AND c_asigna='300209' [1][0] OK
C:[18/04/2017 10:42:49.81][172.16.4.254][1396] SELECT par_cod_asig1,par_cod_asig2,par_cod_asig3 FROM tblaca009 WHERE pensum='5' AND c_uni_ca='5' AND c_asigna='300213' [1][0] OK
C:[18/04/2017 10:42:49.81][172.16.4.254][1410] SELECT c_asigna FROM dace004 WHERE exp_e='16-27656757' AND c_asigna='300209' AND status IN ('0','3','B','C') [0][0] OK
C:[18/04/2017 10:42:49.81][172.16.4.254][1396] SELECT par_cod_asig1,par_cod_asig2,par_cod_asig3 FROM tblaca009 WHERE pensum='5' AND c_uni_ca='5' AND c_asigna='300218' [1][0] OK
C:[18/04/2017 10:42:49.81][172.16.4.254][1410] SELECT c_asigna FROM dace004 WHERE exp_e='16-27656757' AND c_asigna='300228' AND status IN ('0','3','B','C') [0][0] OK
C:[18/04/2017 10:42:49.81][172.16.4.254][1396] SELECT par_cod_asig1,par_cod_asig2,par_cod_asig3 FROM tblaca009 WHERE pensum='5' AND c_uni_ca='5' AND c_asigna='300222' [1][0] OK
C:[18/04/2017 10:42:49.81][172.16.4.254][1396] SELECT par_cod_asig1,par_cod_asig2,par_cod_asig3 FROM tblaca009 WHERE pensum='5' AND c_uni_ca='5' AND c_asigna='300226' [1][0] OK
C:[18/04/2017 10:42:49.81][172.16.4.254][1396] SELECT par_cod_asig1,par_cod_asig2,par_cod_asig3 FROM tblaca009 WHERE pensum='5' AND c_uni_ca='5' AND c_asigna='300228' [1][0] OK
C:[18/04/2017 10:42:49.95][172.16.4.254][1526] SELECT horas_lab FROM tblaca008 WHERE c_asigna='300207' AND horas_teoricas > 0 [1][0] OK
C:[18/04/2017 10:42:49.95][172.16.4.254][1526] SELECT horas_lab FROM tblaca008 WHERE c_asigna='300209' AND horas_teoricas > 0 [1][0] OK
C:[18/04/2017 10:42:49.95][172.16.4.254][1526] SELECT horas_lab FROM tblaca008 WHERE c_asigna='300213' AND horas_teoricas > 0 [1][0] OK
C:[18/04/2017 10:42:49.95][172.16.4.254][1526] SELECT horas_lab FROM tblaca008 WHERE c_asigna='300218' AND horas_teoricas > 0 [0][0] OK
C:[18/04/2017 10:42:49.95][172.16.4.254][1526] SELECT horas_lab FROM tblaca008 WHERE c_asigna='300222' AND horas_teoricas > 0 [1][0] OK
C:[18/04/2017 10:42:49.95][172.16.4.254][1526] SELECT horas_lab FROM tblaca008 WHERE c_asigna='300226' AND horas_teoricas > 0 [1][0] OK
C:[18/04/2017 10:42:49.95][172.16.4.254][1526] SELECT horas_lab FROM tblaca008 WHERE c_asigna='300228' AND horas_teoricas > 0 [1][0] OK
C:[18/04/2017 10:43:04.03][172.16.4.254][1352] SELECT pre_cod_asig1,pre_cod_asig2,pre_cod_asig3,pre_cod_asig4,pre_cod_asig5,pre_cod_asig6,pre_cod_asig7 FROM tblaca009 WHERE pensum='5' AND c_uni_ca='4' AND c_asigna='300207' [1][0] OK
C:[18/04/2017 10:43:04.03][172.16.4.254][1365] SELECT c_asigna FROM dace004 WHERE exp_e='16-27112302' AND c_asigna='300101' AND status IN ('0','3','B') [1][0] OK
C:[18/04/2017 10:43:04.03][172.16.4.254][1352] SELECT pre_cod_asig1,pre_cod_asig2,pre_cod_asig3,pre_cod_asig4,pre_cod_asig5,pre_cod_asig6,pre_cod_asig7 FROM tblaca009 WHERE pensum='5' AND c_uni_ca='4' AND c_asigna='300209' [1][0] OK
C:[18/04/2017 10:43:04.03][172.16.4.254][1365] SELECT c_asigna FROM dace004 WHERE exp_e='16-27112302' AND c_asigna='300101' AND status IN ('0','3','B') [1][0] OK
C:[18/04/2017 10:43:04.03][172.16.4.254][1352] SELECT pre_cod_asig1,pre_cod_asig2,pre_cod_asig3,pre_cod_asig4,pre_cod_asig5,pre_cod_asig6,pre_cod_asig7 FROM tblaca009 WHERE pensum='5' AND c_uni_ca='4' AND c_asigna='300213' [1][0] OK
C:[18/04/2017 10:43:04.03][172.16.4.254][1365] SELECT c_asigna FROM dace004 WHERE exp_e='16-27112302' AND c_asigna='300101' AND status IN ('0','3','B') [1][0] OK
C:[18/04/2017 10:43:04.03][172.16.4.254][1352] SELECT pre_cod_asig1,pre_cod_asig2,pre_cod_asig3,pre_cod_asig4,pre_cod_asig5,pre_cod_asig6,pre_cod_asig7 FROM tblaca009 WHERE pensum='5' AND c_uni_ca='4' AND c_asigna='300218' [1][0] OK
C:[18/04/2017 10:43:04.03][172.16.4.254][1365] SELECT c_asigna FROM dace004 WHERE exp_e='16-27112302' AND c_asigna='300101' AND status IN ('0','3','B') [1][0] OK
C:[18/04/2017 10:43:04.03][172.16.4.254][1352] SELECT pre_cod_asig1,pre_cod_asig2,pre_cod_asig3,pre_cod_asig4,pre_cod_asig5,pre_cod_asig6,pre_cod_asig7 FROM tblaca009 WHERE pensum='5' AND c_uni_ca='4' AND c_asigna='300222' [1][0] OK
C:[18/04/2017 10:43:04.03][172.16.4.254][1365] SELECT c_asigna FROM dace004 WHERE exp_e='16-27112302' AND c_asigna='300112' AND status IN ('0','3','B') [1][0] OK
C:[18/04/2017 10:43:04.03][172.16.4.254][1352] SELECT pre_cod_asig1,pre_cod_asig2,pre_cod_asig3,pre_cod_asig4,pre_cod_asig5,pre_cod_asig6,pre_cod_asig7 FROM tblaca009 WHERE pensum='5' AND c_uni_ca='4' AND c_asigna='300226' [1][0] OK
C:[18/04/2017 10:43:04.03][172.16.4.254][1365] SELECT c_asigna FROM dace004 WHERE exp_e='16-27112302' AND c_asigna='300116' AND status IN ('0','3','B') [1][0] OK
C:[18/04/2017 10:43:04.03][172.16.4.254][1352] SELECT pre_cod_asig1,pre_cod_asig2,pre_cod_asig3,pre_cod_asig4,pre_cod_asig5,pre_cod_asig6,pre_cod_asig7 FROM tblaca009 WHERE pensum='5' AND c_uni_ca='4' AND c_asigna='300228' [1][0] OK
C:[18/04/2017 10:43:04.03][172.16.4.254][1365] SELECT c_asigna FROM dace004 WHERE exp_e='16-27112302' AND c_asigna='300101' AND status IN ('0','3','B') [1][0] OK
C:[18/04/2017 10:43:04.80][172.16.4.254][1396] SELECT par_cod_asig1,par_cod_asig2,par_cod_asig3 FROM tblaca009 WHERE pensum='5' AND c_uni_ca='4' AND c_asigna='300207' [1][0] OK
C:[18/04/2017 10:43:04.80][172.16.4.254][1396] SELECT par_cod_asig1,par_cod_asig2,par_cod_asig3 FROM tblaca009 WHERE pensum='5' AND c_uni_ca='4' AND c_asigna='300209' [1][0] OK
C:[18/04/2017 10:43:04.80][172.16.4.254][1396] SELECT par_cod_asig1,par_cod_asig2,par_cod_asig3 FROM tblaca009 WHERE pensum='5' AND c_uni_ca='4' AND c_asigna='300213' [1][0] OK
C:[18/04/2017 10:43:04.80][172.16.4.254][1410] SELECT c_asigna FROM dace004 WHERE exp_e='16-27112302' AND c_asigna='300209' AND status IN ('0','3','B','C') [0][0] OK
C:[18/04/2017 10:43:04.80][172.16.4.254][1396] SELECT par_cod_asig1,par_cod_asig2,par_cod_asig3 FROM tblaca009 WHERE pensum='5' AND c_uni_ca='4' AND c_asigna='300218' [1][0] OK
C:[18/04/2017 10:43:04.80][172.16.4.254][1410] SELECT c_asigna FROM dace004 WHERE exp_e='16-27112302' AND c_asigna='300228' AND status IN ('0','3','B','C') [0][0] OK
C:[18/04/2017 10:43:04.80][172.16.4.254][1396] SELECT par_cod_asig1,par_cod_asig2,par_cod_asig3 FROM tblaca009 WHERE pensum='5' AND c_uni_ca='4' AND c_asigna='300222' [1][0] OK
C:[18/04/2017 10:43:04.80][172.16.4.254][1396] SELECT par_cod_asig1,par_cod_asig2,par_cod_asig3 FROM tblaca009 WHERE pensum='5' AND c_uni_ca='4' AND c_asigna='300226' [1][0] OK
C:[18/04/2017 10:43:04.80][172.16.4.254][1396] SELECT par_cod_asig1,par_cod_asig2,par_cod_asig3 FROM tblaca009 WHERE pensum='5' AND c_uni_ca='4' AND c_asigna='300228' [1][0] OK
C:[18/04/2017 10:43:05.91][172.16.4.254][1526] SELECT horas_lab FROM tblaca008 WHERE c_asigna='300207' AND horas_teoricas > 0 [1][0] OK
C:[18/04/2017 10:43:05.91][172.16.4.254][1526] SELECT horas_lab FROM tblaca008 WHERE c_asigna='300209' AND horas_teoricas > 0 [1][0] OK
C:[18/04/2017 10:43:05.91][172.16.4.254][1526] SELECT horas_lab FROM tblaca008 WHERE c_asigna='300213' AND horas_teoricas > 0 [1][0] OK
C:[18/04/2017 10:43:05.91][172.16.4.254][1526] SELECT horas_lab FROM tblaca008 WHERE c_asigna='300218' AND horas_teoricas > 0 [0][0] OK
C:[18/04/2017 10:43:05.91][172.16.4.254][1526] SELECT horas_lab FROM tblaca008 WHERE c_asigna='300222' AND horas_teoricas > 0 [1][0] OK
C:[18/04/2017 10:43:05.91][172.16.4.254][1526] SELECT horas_lab FROM tblaca008 WHERE c_asigna='300226' AND horas_teoricas > 0 [1][0] OK
C:[18/04/2017 10:43:05.91][172.16.4.254][1526] SELECT horas_lab FROM tblaca008 WHERE c_asigna='300228' AND horas_teoricas > 0 [1][0] OK
C:[18/04/2017 11:21:54.41][172.16.4.57][1352] SELECT pre_cod_asig1,pre_cod_asig2,pre_cod_asig3,pre_cod_asig4,pre_cod_asig5,pre_cod_asig6,pre_cod_asig7 FROM tblaca009 WHERE pensum='5' AND c_uni_ca='3' AND c_asigna='300207' [1][0] OK
C:[18/04/2017 11:21:54.41][172.16.4.57][1365] SELECT c_asigna FROM dace004 WHERE exp_e='16-27158842' AND c_asigna='300101' AND status IN ('0','3','B') [1][0] OK
C:[18/04/2017 11:21:54.41][172.16.4.57][1352] SELECT pre_cod_asig1,pre_cod_asig2,pre_cod_asig3,pre_cod_asig4,pre_cod_asig5,pre_cod_asig6,pre_cod_asig7 FROM tblaca009 WHERE pensum='5' AND c_uni_ca='3' AND c_asigna='300209' [1][0] OK
C:[18/04/2017 11:21:54.41][172.16.4.57][1365] SELECT c_asigna FROM dace004 WHERE exp_e='16-27158842' AND c_asigna='300101' AND status IN ('0','3','B') [1][0] OK
C:[18/04/2017 11:21:54.41][172.16.4.57][1352] SELECT pre_cod_asig1,pre_cod_asig2,pre_cod_asig3,pre_cod_asig4,pre_cod_asig5,pre_cod_asig6,pre_cod_asig7 FROM tblaca009 WHERE pensum='5' AND c_uni_ca='3' AND c_asigna='300213' [1][0] OK
C:[18/04/2017 11:21:54.41][172.16.4.57][1365] SELECT c_asigna FROM dace004 WHERE exp_e='16-27158842' AND c_asigna='300101' AND status IN ('0','3','B') [1][0] OK
C:[18/04/2017 11:21:54.41][172.16.4.57][1352] SELECT pre_cod_asig1,pre_cod_asig2,pre_cod_asig3,pre_cod_asig4,pre_cod_asig5,pre_cod_asig6,pre_cod_asig7 FROM tblaca009 WHERE pensum='5' AND c_uni_ca='3' AND c_asigna='300218' [1][0] OK
C:[18/04/2017 11:21:54.41][172.16.4.57][1365] SELECT c_asigna FROM dace004 WHERE exp_e='16-27158842' AND c_asigna='300101' AND status IN ('0','3','B') [1][0] OK
C:[18/04/2017 11:21:54.41][172.16.4.57][1352] SELECT pre_cod_asig1,pre_cod_asig2,pre_cod_asig3,pre_cod_asig4,pre_cod_asig5,pre_cod_asig6,pre_cod_asig7 FROM tblaca009 WHERE pensum='5' AND c_uni_ca='3' AND c_asigna='300222' [1][0] OK
C:[18/04/2017 11:21:54.41][172.16.4.57][1365] SELECT c_asigna FROM dace004 WHERE exp_e='16-27158842' AND c_asigna='300112' AND status IN ('0','3','B') [1][0] OK
C:[18/04/2017 11:21:54.41][172.16.4.57][1352] SELECT pre_cod_asig1,pre_cod_asig2,pre_cod_asig3,pre_cod_asig4,pre_cod_asig5,pre_cod_asig6,pre_cod_asig7 FROM tblaca009 WHERE pensum='5' AND c_uni_ca='3' AND c_asigna='300226' [1][0] OK
C:[18/04/2017 11:21:54.41][172.16.4.57][1365] SELECT c_asigna FROM dace004 WHERE exp_e='16-27158842' AND c_asigna='300116' AND status IN ('0','3','B') [1][0] OK
C:[18/04/2017 11:21:54.41][172.16.4.57][1352] SELECT pre_cod_asig1,pre_cod_asig2,pre_cod_asig3,pre_cod_asig4,pre_cod_asig5,pre_cod_asig6,pre_cod_asig7 FROM tblaca009 WHERE pensum='5' AND c_uni_ca='3' AND c_asigna='300228' [1][0] OK
C:[18/04/2017 11:21:54.41][172.16.4.57][1365] SELECT c_asigna FROM dace004 WHERE exp_e='16-27158842' AND c_asigna='300101' AND status IN ('0','3','B') [1][0] OK
C:[18/04/2017 11:21:54.15][172.16.4.57][1396] SELECT par_cod_asig1,par_cod_asig2,par_cod_asig3 FROM tblaca009 WHERE pensum='5' AND c_uni_ca='3' AND c_asigna='300207' [1][0] OK
C:[18/04/2017 11:21:54.15][172.16.4.57][1396] SELECT par_cod_asig1,par_cod_asig2,par_cod_asig3 FROM tblaca009 WHERE pensum='5' AND c_uni_ca='3' AND c_asigna='300209' [1][0] OK
C:[18/04/2017 11:21:54.15][172.16.4.57][1396] SELECT par_cod_asig1,par_cod_asig2,par_cod_asig3 FROM tblaca009 WHERE pensum='5' AND c_uni_ca='3' AND c_asigna='300213' [1][0] OK
C:[18/04/2017 11:21:54.15][172.16.4.57][1410] SELECT c_asigna FROM dace004 WHERE exp_e='16-27158842' AND c_asigna='300209' AND status IN ('0','3','B','C') [0][0] OK
C:[18/04/2017 11:21:54.15][172.16.4.57][1396] SELECT par_cod_asig1,par_cod_asig2,par_cod_asig3 FROM tblaca009 WHERE pensum='5' AND c_uni_ca='3' AND c_asigna='300218' [1][0] OK
C:[18/04/2017 11:21:54.15][172.16.4.57][1410] SELECT c_asigna FROM dace004 WHERE exp_e='16-27158842' AND c_asigna='300228' AND status IN ('0','3','B','C') [0][0] OK
C:[18/04/2017 11:21:54.15][172.16.4.57][1396] SELECT par_cod_asig1,par_cod_asig2,par_cod_asig3 FROM tblaca009 WHERE pensum='5' AND c_uni_ca='3' AND c_asigna='300222' [1][0] OK
C:[18/04/2017 11:21:54.15][172.16.4.57][1396] SELECT par_cod_asig1,par_cod_asig2,par_cod_asig3 FROM tblaca009 WHERE pensum='5' AND c_uni_ca='3' AND c_asigna='300226' [1][0] OK
C:[18/04/2017 11:21:54.15][172.16.4.57][1396] SELECT par_cod_asig1,par_cod_asig2,par_cod_asig3 FROM tblaca009 WHERE pensum='5' AND c_uni_ca='3' AND c_asigna='300228' [1][0] OK
C:[18/04/2017 11:21:55.31][172.16.4.57][1526] SELECT horas_lab FROM tblaca008 WHERE c_asigna='300207' AND horas_teoricas > 0 [1][0] OK
C:[18/04/2017 11:21:55.31][172.16.4.57][1526] SELECT horas_lab FROM tblaca008 WHERE c_asigna='300209' AND horas_teoricas > 0 [1][0] OK
C:[18/04/2017 11:21:55.31][172.16.4.57][1526] SELECT horas_lab FROM tblaca008 WHERE c_asigna='300213' AND horas_teoricas > 0 [1][0] OK
C:[18/04/2017 11:21:55.31][172.16.4.57][1526] SELECT horas_lab FROM tblaca008 WHERE c_asigna='300218' AND horas_teoricas > 0 [0][0] OK
C:[18/04/2017 11:21:55.31][172.16.4.57][1526] SELECT horas_lab FROM tblaca008 WHERE c_asigna='300222' AND horas_teoricas > 0 [1][0] OK
C:[18/04/2017 11:21:55.31][172.16.4.57][1526] SELECT horas_lab FROM tblaca008 WHERE c_asigna='300226' AND horas_teoricas > 0 [1][0] OK
C:[18/04/2017 11:21:55.31][172.16.4.57][1526] SELECT horas_lab FROM tblaca008 WHERE c_asigna='300228' AND horas_teoricas > 0 [1][0] OK
C:[18/04/2017 11:24:38.75][172.16.4.57][1352] SELECT pre_cod_asig1,pre_cod_asig2,pre_cod_asig3,pre_cod_asig4,pre_cod_asig5,pre_cod_asig6,pre_cod_asig7 FROM tblaca009 WHERE pensum='5' AND c_uni_ca='3' AND c_asigna='300207' [1][0] OK
C:[18/04/2017 11:24:38.75][172.16.4.57][1365] SELECT c_asigna FROM dace004 WHERE exp_e='16-27158842' AND c_asigna='300101' AND status IN ('0','3','B') [1][0] OK
C:[18/04/2017 11:24:38.75][172.16.4.57][1352] SELECT pre_cod_asig1,pre_cod_asig2,pre_cod_asig3,pre_cod_asig4,pre_cod_asig5,pre_cod_asig6,pre_cod_asig7 FROM tblaca009 WHERE pensum='5' AND c_uni_ca='3' AND c_asigna='300209' [1][0] OK
C:[18/04/2017 11:24:38.75][172.16.4.57][1365] SELECT c_asigna FROM dace004 WHERE exp_e='16-27158842' AND c_asigna='300101' AND status IN ('0','3','B') [1][0] OK
C:[18/04/2017 11:24:38.75][172.16.4.57][1352] SELECT pre_cod_asig1,pre_cod_asig2,pre_cod_asig3,pre_cod_asig4,pre_cod_asig5,pre_cod_asig6,pre_cod_asig7 FROM tblaca009 WHERE pensum='5' AND c_uni_ca='3' AND c_asigna='300213' [1][0] OK
C:[18/04/2017 11:24:38.75][172.16.4.57][1365] SELECT c_asigna FROM dace004 WHERE exp_e='16-27158842' AND c_asigna='300101' AND status IN ('0','3','B') [1][0] OK
C:[18/04/2017 11:24:38.75][172.16.4.57][1352] SELECT pre_cod_asig1,pre_cod_asig2,pre_cod_asig3,pre_cod_asig4,pre_cod_asig5,pre_cod_asig6,pre_cod_asig7 FROM tblaca009 WHERE pensum='5' AND c_uni_ca='3' AND c_asigna='300218' [1][0] OK
C:[18/04/2017 11:24:38.75][172.16.4.57][1365] SELECT c_asigna FROM dace004 WHERE exp_e='16-27158842' AND c_asigna='300101' AND status IN ('0','3','B') [1][0] OK
C:[18/04/2017 11:24:38.75][172.16.4.57][1352] SELECT pre_cod_asig1,pre_cod_asig2,pre_cod_asig3,pre_cod_asig4,pre_cod_asig5,pre_cod_asig6,pre_cod_asig7 FROM tblaca009 WHERE pensum='5' AND c_uni_ca='3' AND c_asigna='300222' [1][0] OK
C:[18/04/2017 11:24:38.75][172.16.4.57][1365] SELECT c_asigna FROM dace004 WHERE exp_e='16-27158842' AND c_asigna='300112' AND status IN ('0','3','B') [1][0] OK
C:[18/04/2017 11:24:38.75][172.16.4.57][1352] SELECT pre_cod_asig1,pre_cod_asig2,pre_cod_asig3,pre_cod_asig4,pre_cod_asig5,pre_cod_asig6,pre_cod_asig7 FROM tblaca009 WHERE pensum='5' AND c_uni_ca='3' AND c_asigna='300226' [1][0] OK
C:[18/04/2017 11:24:38.75][172.16.4.57][1365] SELECT c_asigna FROM dace004 WHERE exp_e='16-27158842' AND c_asigna='300116' AND status IN ('0','3','B') [1][0] OK
C:[18/04/2017 11:24:38.75][172.16.4.57][1352] SELECT pre_cod_asig1,pre_cod_asig2,pre_cod_asig3,pre_cod_asig4,pre_cod_asig5,pre_cod_asig6,pre_cod_asig7 FROM tblaca009 WHERE pensum='5' AND c_uni_ca='3' AND c_asigna='300228' [1][0] OK
C:[18/04/2017 11:24:38.75][172.16.4.57][1365] SELECT c_asigna FROM dace004 WHERE exp_e='16-27158842' AND c_asigna='300101' AND status IN ('0','3','B') [1][0] OK
C:[18/04/2017 11:24:39.65][172.16.4.57][1396] SELECT par_cod_asig1,par_cod_asig2,par_cod_asig3 FROM tblaca009 WHERE pensum='5' AND c_uni_ca='3' AND c_asigna='300207' [1][0] OK
C:[18/04/2017 11:24:39.65][172.16.4.57][1396] SELECT par_cod_asig1,par_cod_asig2,par_cod_asig3 FROM tblaca009 WHERE pensum='5' AND c_uni_ca='3' AND c_asigna='300209' [1][0] OK
C:[18/04/2017 11:24:39.65][172.16.4.57][1396] SELECT par_cod_asig1,par_cod_asig2,par_cod_asig3 FROM tblaca009 WHERE pensum='5' AND c_uni_ca='3' AND c_asigna='300213' [1][0] OK
C:[18/04/2017 11:24:39.65][172.16.4.57][1410] SELECT c_asigna FROM dace004 WHERE exp_e='16-27158842' AND c_asigna='300209' AND status IN ('0','3','B','C') [0][0] OK
C:[18/04/2017 11:24:39.65][172.16.4.57][1396] SELECT par_cod_asig1,par_cod_asig2,par_cod_asig3 FROM tblaca009 WHERE pensum='5' AND c_uni_ca='3' AND c_asigna='300218' [1][0] OK
C:[18/04/2017 11:24:39.65][172.16.4.57][1410] SELECT c_asigna FROM dace004 WHERE exp_e='16-27158842' AND c_asigna='300228' AND status IN ('0','3','B','C') [0][0] OK
C:[18/04/2017 11:24:39.65][172.16.4.57][1396] SELECT par_cod_asig1,par_cod_asig2,par_cod_asig3 FROM tblaca009 WHERE pensum='5' AND c_uni_ca='3' AND c_asigna='300222' [1][0] OK
C:[18/04/2017 11:24:39.65][172.16.4.57][1396] SELECT par_cod_asig1,par_cod_asig2,par_cod_asig3 FROM tblaca009 WHERE pensum='5' AND c_uni_ca='3' AND c_asigna='300226' [1][0] OK
C:[18/04/2017 11:24:39.65][172.16.4.57][1396] SELECT par_cod_asig1,par_cod_asig2,par_cod_asig3 FROM tblaca009 WHERE pensum='5' AND c_uni_ca='3' AND c_asigna='300228' [1][0] OK
C:[18/04/2017 11:24:39.65][172.16.4.57][1526] SELECT horas_lab FROM tblaca008 WHERE c_asigna='300207' AND horas_teoricas > 0 [1][0] OK
C:[18/04/2017 11:24:39.65][172.16.4.57][1526] SELECT horas_lab FROM tblaca008 WHERE c_asigna='300209' AND horas_teoricas > 0 [1][0] OK
C:[18/04/2017 11:24:39.65][172.16.4.57][1526] SELECT horas_lab FROM tblaca008 WHERE c_asigna='300213' AND horas_teoricas > 0 [1][0] OK
C:[18/04/2017 11:24:39.65][172.16.4.57][1526] SELECT horas_lab FROM tblaca008 WHERE c_asigna='300218' AND horas_teoricas > 0 [0][0] OK
C:[18/04/2017 11:24:39.65][172.16.4.57][1526] SELECT horas_lab FROM tblaca008 WHERE c_asigna='300222' AND horas_teoricas > 0 [1][0] OK
C:[18/04/2017 11:24:39.65][172.16.4.57][1526] SELECT horas_lab FROM tblaca008 WHERE c_asigna='300226' AND horas_teoricas > 0 [1][0] OK
C:[18/04/2017 11:24:39.65][172.16.4.57][1526] SELECT horas_lab FROM tblaca008 WHERE c_asigna='300228' AND horas_teoricas > 0 [1][0] OK
C:[18/04/2017 11:27:18.04][172.16.4.57][1352] SELECT pre_cod_asig1,pre_cod_asig2,pre_cod_asig3,pre_cod_asig4,pre_cod_asig5,pre_cod_asig6,pre_cod_asig7 FROM tblaca009 WHERE pensum='5' AND c_uni_ca='3' AND c_asigna='300207' [1][0] OK
C:[18/04/2017 11:27:18.04][172.16.4.57][1365] SELECT c_asigna FROM dace004 WHERE exp_e='16-27158842' AND c_asigna='300101' AND status IN ('0','3','B') [1][0] OK
C:[18/04/2017 11:27:18.04][172.16.4.57][1352] SELECT pre_cod_asig1,pre_cod_asig2,pre_cod_asig3,pre_cod_asig4,pre_cod_asig5,pre_cod_asig6,pre_cod_asig7 FROM tblaca009 WHERE pensum='5' AND c_uni_ca='3' AND c_asigna='300209' [1][0] OK
C:[18/04/2017 11:27:18.04][172.16.4.57][1365] SELECT c_asigna FROM dace004 WHERE exp_e='16-27158842' AND c_asigna='300101' AND status IN ('0','3','B') [1][0] OK
C:[18/04/2017 11:27:18.04][172.16.4.57][1352] SELECT pre_cod_asig1,pre_cod_asig2,pre_cod_asig3,pre_cod_asig4,pre_cod_asig5,pre_cod_asig6,pre_cod_asig7 FROM tblaca009 WHERE pensum='5' AND c_uni_ca='3' AND c_asigna='300213' [1][0] OK
C:[18/04/2017 11:27:18.04][172.16.4.57][1365] SELECT c_asigna FROM dace004 WHERE exp_e='16-27158842' AND c_asigna='300101' AND status IN ('0','3','B') [1][0] OK
C:[18/04/2017 11:27:18.04][172.16.4.57][1352] SELECT pre_cod_asig1,pre_cod_asig2,pre_cod_asig3,pre_cod_asig4,pre_cod_asig5,pre_cod_asig6,pre_cod_asig7 FROM tblaca009 WHERE pensum='5' AND c_uni_ca='3' AND c_asigna='300218' [1][0] OK
C:[18/04/2017 11:27:18.04][172.16.4.57][1365] SELECT c_asigna FROM dace004 WHERE exp_e='16-27158842' AND c_asigna='300101' AND status IN ('0','3','B') [1][0] OK
C:[18/04/2017 11:27:18.04][172.16.4.57][1352] SELECT pre_cod_asig1,pre_cod_asig2,pre_cod_asig3,pre_cod_asig4,pre_cod_asig5,pre_cod_asig6,pre_cod_asig7 FROM tblaca009 WHERE pensum='5' AND c_uni_ca='3' AND c_asigna='300222' [1][0] OK
C:[18/04/2017 11:27:18.04][172.16.4.57][1365] SELECT c_asigna FROM dace004 WHERE exp_e='16-27158842' AND c_asigna='300112' AND status IN ('0','3','B') [1][0] OK
C:[18/04/2017 11:27:18.04][172.16.4.57][1352] SELECT pre_cod_asig1,pre_cod_asig2,pre_cod_asig3,pre_cod_asig4,pre_cod_asig5,pre_cod_asig6,pre_cod_asig7 FROM tblaca009 WHERE pensum='5' AND c_uni_ca='3' AND c_asigna='300226' [1][0] OK
C:[18/04/2017 11:27:18.04][172.16.4.57][1365] SELECT c_asigna FROM dace004 WHERE exp_e='16-27158842' AND c_asigna='300116' AND status IN ('0','3','B') [1][0] OK
C:[18/04/2017 11:27:18.04][172.16.4.57][1352] SELECT pre_cod_asig1,pre_cod_asig2,pre_cod_asig3,pre_cod_asig4,pre_cod_asig5,pre_cod_asig6,pre_cod_asig7 FROM tblaca009 WHERE pensum='5' AND c_uni_ca='3' AND c_asigna='300228' [1][0] OK
C:[18/04/2017 11:27:18.04][172.16.4.57][1365] SELECT c_asigna FROM dace004 WHERE exp_e='16-27158842' AND c_asigna='300101' AND status IN ('0','3','B') [1][0] OK
C:[18/04/2017 11:27:18.78][172.16.4.57][1396] SELECT par_cod_asig1,par_cod_asig2,par_cod_asig3 FROM tblaca009 WHERE pensum='5' AND c_uni_ca='3' AND c_asigna='300207' [1][0] OK
C:[18/04/2017 11:27:18.78][172.16.4.57][1396] SELECT par_cod_asig1,par_cod_asig2,par_cod_asig3 FROM tblaca009 WHERE pensum='5' AND c_uni_ca='3' AND c_asigna='300209' [1][0] OK
C:[18/04/2017 11:27:18.78][172.16.4.57][1396] SELECT par_cod_asig1,par_cod_asig2,par_cod_asig3 FROM tblaca009 WHERE pensum='5' AND c_uni_ca='3' AND c_asigna='300213' [1][0] OK
C:[18/04/2017 11:27:18.78][172.16.4.57][1410] SELECT c_asigna FROM dace004 WHERE exp_e='16-27158842' AND c_asigna='300209' AND status IN ('0','3','B','C') [0][0] OK
C:[18/04/2017 11:27:18.78][172.16.4.57][1396] SELECT par_cod_asig1,par_cod_asig2,par_cod_asig3 FROM tblaca009 WHERE pensum='5' AND c_uni_ca='3' AND c_asigna='300218' [1][0] OK
C:[18/04/2017 11:27:18.78][172.16.4.57][1410] SELECT c_asigna FROM dace004 WHERE exp_e='16-27158842' AND c_asigna='300228' AND status IN ('0','3','B','C') [0][0] OK
C:[18/04/2017 11:27:18.78][172.16.4.57][1396] SELECT par_cod_asig1,par_cod_asig2,par_cod_asig3 FROM tblaca009 WHERE pensum='5' AND c_uni_ca='3' AND c_asigna='300222' [1][0] OK
C:[18/04/2017 11:27:18.78][172.16.4.57][1396] SELECT par_cod_asig1,par_cod_asig2,par_cod_asig3 FROM tblaca009 WHERE pensum='5' AND c_uni_ca='3' AND c_asigna='300226' [1][0] OK
C:[18/04/2017 11:27:18.78][172.16.4.57][1396] SELECT par_cod_asig1,par_cod_asig2,par_cod_asig3 FROM tblaca009 WHERE pensum='5' AND c_uni_ca='3' AND c_asigna='300228' [1][0] OK
C:[18/04/2017 11:27:18.93][172.16.4.57][1526] SELECT horas_lab FROM tblaca008 WHERE c_asigna='300207' AND horas_teoricas > 0 [1][0] OK
C:[18/04/2017 11:27:18.93][172.16.4.57][1526] SELECT horas_lab FROM tblaca008 WHERE c_asigna='300209' AND horas_teoricas > 0 [1][0] OK
C:[18/04/2017 11:27:18.93][172.16.4.57][1526] SELECT horas_lab FROM tblaca008 WHERE c_asigna='300213' AND horas_teoricas > 0 [1][0] OK
C:[18/04/2017 11:27:18.93][172.16.4.57][1526] SELECT horas_lab FROM tblaca008 WHERE c_asigna='300218' AND horas_teoricas > 0 [0][0] OK
C:[18/04/2017 11:27:18.93][172.16.4.57][1526] SELECT horas_lab FROM tblaca008 WHERE c_asigna='300222' AND horas_teoricas > 0 [1][0] OK
C:[18/04/2017 11:27:18.93][172.16.4.57][1526] SELECT horas_lab FROM tblaca008 WHERE c_asigna='300226' AND horas_teoricas > 0 [1][0] OK
C:[18/04/2017 11:27:18.93][172.16.4.57][1526] SELECT horas_lab FROM tblaca008 WHERE c_asigna='300228' AND horas_teoricas > 0 [1][0] OK
C:[18/04/2017 11:52:35.21][172.16.4.254][1352] SELECT pre_cod_asig1,pre_cod_asig2,pre_cod_asig3,pre_cod_asig4,pre_cod_asig5,pre_cod_asig6,pre_cod_asig7 FROM tblaca009 WHERE pensum='5' AND c_uni_ca='4' AND c_asigna='300956' [1][0] OK
C:[18/04/2017 11:52:35.21][172.16.4.254][1365] SELECT c_asigna FROM dace004 WHERE exp_e='11-24481412' AND c_asigna='300422' AND status IN ('0','3','B') [1][0] OK
C:[18/04/2017 11:52:35.21][172.16.4.254][1365] SELECT c_asigna FROM dace004 WHERE exp_e='11-24481412' AND c_asigna='300105' AND status IN ('0','3','B') [1][0] OK
C:[18/04/2017 11:52:35.21][172.16.4.254][1365] SELECT c_asigna FROM dace004 WHERE exp_e='11-24481412' AND c_asigna='300314' AND status IN ('0','3','B') [1][0] OK
C:[18/04/2017 11:52:35.21][172.16.4.254][1352] SELECT pre_cod_asig1,pre_cod_asig2,pre_cod_asig3,pre_cod_asig4,pre_cod_asig5,pre_cod_asig6,pre_cod_asig7 FROM tblaca009 WHERE pensum='5' AND c_uni_ca='4' AND c_asigna='333939' [1][0] OK
C:[18/04/2017 11:52:35.86][172.16.4.254][1396] SELECT par_cod_asig1,par_cod_asig2,par_cod_asig3 FROM tblaca009 WHERE pensum='5' AND c_uni_ca='4' AND c_asigna='300956' [1][0] OK
C:[18/04/2017 11:52:35.86][172.16.4.254][1396] SELECT par_cod_asig1,par_cod_asig2,par_cod_asig3 FROM tblaca009 WHERE pensum='5' AND c_uni_ca='4' AND c_asigna='333939' [1][0] OK
C:[18/04/2017 11:52:35.86][172.16.4.254][1410] SELECT c_asigna FROM dace004 WHERE exp_e='11-24481412' AND c_asigna='300956' AND status IN ('0','3','B','C') [0][0] OK
C:[18/04/2017 11:52:35.26][172.16.4.254][1526] SELECT horas_lab FROM tblaca008 WHERE c_asigna='300956' AND horas_teoricas > 0 [1][0] OK
C:[18/04/2017 11:52:35.26][172.16.4.254][1526] SELECT horas_lab FROM tblaca008 WHERE c_asigna='333939' AND horas_teoricas > 0 [0][0] OK
C:[18/04/2017 13:22:36.25][172.16.4.132][1352] SELECT pre_cod_asig1,pre_cod_asig2,pre_cod_asig3,pre_cod_asig4,pre_cod_asig5,pre_cod_asig6,pre_cod_asig7 FROM tblaca009 WHERE pensum='5' AND c_uni_ca='3' AND c_asigna='311556' [1][0] OK
C:[18/04/2017 13:22:36.25][172.16.4.132][1365] SELECT c_asigna FROM dace004 WHERE exp_e='09-20504713' AND c_asigna='311434' AND status IN ('0','3','B') [1][0] OK
C:[18/04/2017 13:22:36.25][172.16.4.132][1365] SELECT c_asigna FROM dace004 WHERE exp_e='09-20504713' AND c_asigna='311430' AND status IN ('0','3','B') [1][0] OK
C:[18/04/2017 13:22:36.25][172.16.4.132][1365] SELECT c_asigna FROM dace004 WHERE exp_e='09-20504713' AND c_asigna='300222' AND status IN ('0','3','B') [1][0] OK
C:[18/04/2017 13:22:36.25][172.16.4.132][1365] SELECT c_asigna FROM dace004 WHERE exp_e='09-20504713' AND c_asigna='300226' AND status IN ('0','3','B') [1][0] OK
C:[18/04/2017 13:22:36.25][172.16.4.132][1365] SELECT c_asigna FROM dace004 WHERE exp_e='09-20504713' AND c_asigna='300209' AND status IN ('0','3','B') [1][0] OK
C:[18/04/2017 13:22:36.25][172.16.4.132][1352] SELECT pre_cod_asig1,pre_cod_asig2,pre_cod_asig3,pre_cod_asig4,pre_cod_asig5,pre_cod_asig6,pre_cod_asig7 FROM tblaca009 WHERE pensum='5' AND c_uni_ca='3' AND c_asigna='300677' [1][0] OK
C:[18/04/2017 13:22:36.25][172.16.4.132][1352] SELECT pre_cod_asig1,pre_cod_asig2,pre_cod_asig3,pre_cod_asig4,pre_cod_asig5,pre_cod_asig6,pre_cod_asig7 FROM tblaca009 WHERE pensum='5' AND c_uni_ca='3' AND c_asigna='315671' [1][0] OK
C:[18/04/2017 13:22:36.25][172.16.4.132][1365] SELECT c_asigna FROM dace004 WHERE exp_e='09-20504713' AND c_asigna='315552' AND status IN ('0','3','B') [1][0] OK
C:[18/04/2017 13:22:36.25][172.16.4.132][1352] SELECT pre_cod_asig1,pre_cod_asig2,pre_cod_asig3,pre_cod_asig4,pre_cod_asig5,pre_cod_asig6,pre_cod_asig7 FROM tblaca009 WHERE pensum='5' AND c_uni_ca='3' AND c_asigna='311673' [1][0] OK
C:[18/04/2017 13:22:36.25][172.16.4.132][1365] SELECT c_asigna FROM dace004 WHERE exp_e='09-20504713' AND c_asigna='311551' AND status IN ('0','3','B') [1][0] OK
C:[18/04/2017 13:22:36.25][172.16.4.132][1365] SELECT c_asigna FROM dace004 WHERE exp_e='09-20504713' AND c_asigna='311554' AND status IN ('0','3','B') [1][0] OK
C:[18/04/2017 13:22:36.25][172.16.4.132][1365] SELECT c_asigna FROM dace004 WHERE exp_e='09-20504713' AND c_asigna='311320' AND status IN ('0','3','B') [1][0] OK
C:[18/04/2017 13:22:37.87][172.16.4.132][1396] SELECT par_cod_asig1,par_cod_asig2,par_cod_asig3 FROM tblaca009 WHERE pensum='5' AND c_uni_ca='3' AND c_asigna='311556' [1][0] OK
C:[18/04/2017 13:22:37.87][172.16.4.132][1410] SELECT c_asigna FROM dace004 WHERE exp_e='09-20504713' AND c_asigna='311551' AND status IN ('0','3','B','C') [1][0] OK
C:[18/04/2017 13:22:37.87][172.16.4.132][1396] SELECT par_cod_asig1,par_cod_asig2,par_cod_asig3 FROM tblaca009 WHERE pensum='5' AND c_uni_ca='3' AND c_asigna='300677' [1][0] OK
C:[18/04/2017 13:22:37.87][172.16.4.132][1396] SELECT par_cod_asig1,par_cod_asig2,par_cod_asig3 FROM tblaca009 WHERE pensum='5' AND c_uni_ca='3' AND c_asigna='315671' [1][0] OK
C:[18/04/2017 13:22:37.87][172.16.4.132][1396] SELECT par_cod_asig1,par_cod_asig2,par_cod_asig3 FROM tblaca009 WHERE pensum='5' AND c_uni_ca='3' AND c_asigna='311673' [1][0] OK
C:[18/04/2017 13:22:37.53][172.16.4.132][1526] SELECT horas_lab FROM tblaca008 WHERE c_asigna='311556' AND horas_teoricas > 0 [0][0] OK
C:[18/04/2017 13:22:37.53][172.16.4.132][1526] SELECT horas_lab FROM tblaca008 WHERE c_asigna='300677' AND horas_teoricas > 0 [1][0] OK
C:[18/04/2017 13:22:37.53][172.16.4.132][1526] SELECT horas_lab FROM tblaca008 WHERE c_asigna='315671' AND horas_teoricas > 0 [1][0] OK
C:[25/04/2017 15:33:23.58][172.16.4.40][1352] SELECT pre_cod_asig1,pre_cod_asig2,pre_cod_asig3,pre_cod_asig4,pre_cod_asig5,pre_cod_asig6,pre_cod_asig7 FROM tblaca009 WHERE pensum='5' AND c_uni_ca='4' AND c_asigna='300013' [1][0] OK
C:[25/04/2017 15:33:23.58][172.16.4.40][1352] SELECT pre_cod_asig1,pre_cod_asig2,pre_cod_asig3,pre_cod_asig4,pre_cod_asig5,pre_cod_asig6,pre_cod_asig7 FROM tblaca009 WHERE pensum='5' AND c_uni_ca='4' AND c_asigna='300113' [1][0] OK
C:[25/04/2017 15:33:23.58][172.16.4.40][1352] SELECT pre_cod_asig1,pre_cod_asig2,pre_cod_asig3,pre_cod_asig4,pre_cod_asig5,pre_cod_asig6,pre_cod_asig7 FROM tblaca009 WHERE pensum='5' AND c_uni_ca='4' AND c_asigna='300116' [1][0] OK
C:[25/04/2017 15:33:23.58][172.16.4.40][1352] SELECT pre_cod_asig1,pre_cod_asig2,pre_cod_asig3,pre_cod_asig4,pre_cod_asig5,pre_cod_asig6,pre_cod_asig7 FROM tblaca009 WHERE pensum='5' AND c_uni_ca='4' AND c_asigna='300207' [1][0] OK
C:[25/04/2017 15:33:23.58][172.16.4.40][1365] SELECT c_asigna FROM dace004 WHERE exp_e='16-27923835' AND c_asigna='300101' AND status IN ('0','3','B') [1][0] OK
C:[25/04/2017 15:33:23.58][172.16.4.40][1352] SELECT pre_cod_asig1,pre_cod_asig2,pre_cod_asig3,pre_cod_asig4,pre_cod_asig5,pre_cod_asig6,pre_cod_asig7 FROM tblaca009 WHERE pensum='5' AND c_uni_ca='4' AND c_asigna='300209' [1][0] OK
C:[25/04/2017 15:33:23.58][172.16.4.40][1365] SELECT c_asigna FROM dace004 WHERE exp_e='16-27923835' AND c_asigna='300101' AND status IN ('0','3','B') [1][0] OK
C:[25/04/2017 15:33:23.58][172.16.4.40][1352] SELECT pre_cod_asig1,pre_cod_asig2,pre_cod_asig3,pre_cod_asig4,pre_cod_asig5,pre_cod_asig6,pre_cod_asig7 FROM tblaca009 WHERE pensum='5' AND c_uni_ca='4' AND c_asigna='300222' [1][0] OK
C:[25/04/2017 15:33:23.58][172.16.4.40][1365] SELECT c_asigna FROM dace004 WHERE exp_e='16-27923835' AND c_asigna='300112' AND status IN ('0','3','B') [1][0] OK
C:[25/04/2017 15:33:24.39][172.16.4.40][1396] SELECT par_cod_asig1,par_cod_asig2,par_cod_asig3 FROM tblaca009 WHERE pensum='5' AND c_uni_ca='4' AND c_asigna='300013' [1][0] OK
C:[25/04/2017 15:33:24.39][172.16.4.40][1396] SELECT par_cod_asig1,par_cod_asig2,par_cod_asig3 FROM tblaca009 WHERE pensum='5' AND c_uni_ca='4' AND c_asigna='300113' [1][0] OK
C:[25/04/2017 15:33:24.39][172.16.4.40][1410] SELECT c_asigna FROM dace004 WHERE exp_e='16-27923835' AND c_asigna='300013' AND status IN ('0','3','B','C') [0][0] OK
C:[25/04/2017 15:33:24.39][172.16.4.40][1396] SELECT par_cod_asig1,par_cod_asig2,par_cod_asig3 FROM tblaca009 WHERE pensum='5' AND c_uni_ca='4' AND c_asigna='300116' [1][0] OK
C:[25/04/2017 15:33:24.39][172.16.4.40][1396] SELECT par_cod_asig1,par_cod_asig2,par_cod_asig3 FROM tblaca009 WHERE pensum='5' AND c_uni_ca='4' AND c_asigna='300207' [1][0] OK
C:[25/04/2017 15:33:24.39][172.16.4.40][1396] SELECT par_cod_asig1,par_cod_asig2,par_cod_asig3 FROM tblaca009 WHERE pensum='5' AND c_uni_ca='4' AND c_asigna='300209' [1][0] OK
C:[25/04/2017 15:33:24.39][172.16.4.40][1396] SELECT par_cod_asig1,par_cod_asig2,par_cod_asig3 FROM tblaca009 WHERE pensum='5' AND c_uni_ca='4' AND c_asigna='300222' [1][0] OK
C:[25/04/2017 15:33:24.34][172.16.4.40][1526] SELECT horas_lab FROM tblaca008 WHERE c_asigna='300013' AND horas_teoricas > 0 [1][0] OK
C:[25/04/2017 15:33:24.34][172.16.4.40][1526] SELECT horas_lab FROM tblaca008 WHERE c_asigna='300113' AND horas_teoricas > 0 [0][0] OK
C:[25/04/2017 15:33:24.34][172.16.4.40][1526] SELECT horas_lab FROM tblaca008 WHERE c_asigna='300116' AND horas_teoricas > 0 [1][0] OK
C:[25/04/2017 15:33:24.34][172.16.4.40][1526] SELECT horas_lab FROM tblaca008 WHERE c_asigna='300207' AND horas_teoricas > 0 [1][0] OK
C:[25/04/2017 15:33:24.34][172.16.4.40][1526] SELECT horas_lab FROM tblaca008 WHERE c_asigna='300209' AND horas_teoricas > 0 [1][0] OK
C:[25/04/2017 15:33:24.34][172.16.4.40][1526] SELECT horas_lab FROM tblaca008 WHERE c_asigna='300222' AND horas_teoricas > 0 [1][0] OK
C:[25/04/2017 18:08:09.87][172.16.4.254][1352] SELECT pre_cod_asig1,pre_cod_asig2,pre_cod_asig3,pre_cod_asig4,pre_cod_asig5,pre_cod_asig6,pre_cod_asig7 FROM tblaca009 WHERE pensum='5' AND c_uni_ca='4' AND c_asigna='300422' [1][0] OK
C:[25/04/2017 18:08:09.87][172.16.4.254][1365] SELECT c_asigna FROM dace004 WHERE exp_e='13-23733309' AND c_asigna='300105' AND status IN ('0','3','B') [1][0] OK
C:[25/04/2017 18:08:09.87][172.16.4.254][1365] SELECT c_asigna FROM dace004 WHERE exp_e='13-23733309' AND c_asigna='300314' AND status IN ('0','3','B') [1][0] OK
C:[25/04/2017 18:08:09.87][172.16.4.254][1352] SELECT pre_cod_asig1,pre_cod_asig2,pre_cod_asig3,pre_cod_asig4,pre_cod_asig5,pre_cod_asig6,pre_cod_asig7 FROM tblaca009 WHERE pensum='5' AND c_uni_ca='4' AND c_asigna='300428' [1][0] OK
C:[25/04/2017 18:08:09.87][172.16.4.254][1365] SELECT c_asigna FROM dace004 WHERE exp_e='13-23733309' AND c_asigna='300317' AND status IN ('0','3','B') [1][0] OK
C:[25/04/2017 18:08:09.87][172.16.4.254][1365] SELECT c_asigna FROM dace004 WHERE exp_e='13-23733309' AND c_asigna='300209' AND status IN ('0','3','B') [1][0] OK
C:[25/04/2017 18:08:09.87][172.16.4.254][1352] SELECT pre_cod_asig1,pre_cod_asig2,pre_cod_asig3,pre_cod_asig4,pre_cod_asig5,pre_cod_asig6,pre_cod_asig7 FROM tblaca009 WHERE pensum='5' AND c_uni_ca='4' AND c_asigna='330435' [1][0] OK
C:[25/04/2017 18:08:09.87][172.16.4.254][1365] SELECT c_asigna FROM dace004 WHERE exp_e='13-23733309' AND c_asigna='300318' AND status IN ('0','3','B') [1][0] OK
C:[25/04/2017 18:08:09.87][172.16.4.254][1352] SELECT pre_cod_asig1,pre_cod_asig2,pre_cod_asig3,pre_cod_asig4,pre_cod_asig5,pre_cod_asig6,pre_cod_asig7 FROM tblaca009 WHERE pensum='5' AND c_uni_ca='4' AND c_asigna='333441' [1][0] OK
C:[25/04/2017 18:08:09.87][172.16.4.254][1365] SELECT c_asigna FROM dace004 WHERE exp_e='13-23733309' AND c_asigna='333326' AND status IN ('0','3','B') [1][0] OK
C:[25/04/2017 18:08:09.87][172.16.4.254][1365] SELECT c_asigna FROM dace004 WHERE exp_e='13-23733309' AND c_asigna='300317' AND status IN ('0','3','B') [1][0] OK
C:[25/04/2017 18:08:09.87][172.16.4.254][1365] SELECT c_asigna FROM dace004 WHERE exp_e='13-23733309' AND c_asigna='300209' AND status IN ('0','3','B') [1][0] OK
C:[25/04/2017 18:08:09.87][172.16.4.254][1352] SELECT pre_cod_asig1,pre_cod_asig2,pre_cod_asig3,pre_cod_asig4,pre_cod_asig5,pre_cod_asig6,pre_cod_asig7 FROM tblaca009 WHERE pensum='5' AND c_uni_ca='4' AND c_asigna='311561' [1][0] OK
C:[25/04/2017 18:08:09.87][172.16.4.254][1365] SELECT c_asigna FROM dace004 WHERE exp_e='13-23733309' AND c_asigna='300318' AND status IN ('0','3','B') [1][0] OK
C:[25/04/2017 18:08:09.62][172.16.4.254][1396] SELECT par_cod_asig1,par_cod_asig2,par_cod_asig3 FROM tblaca009 WHERE pensum='5' AND c_uni_ca='4' AND c_asigna='300422' [1][0] OK
C:[25/04/2017 18:08:09.62][172.16.4.254][1396] SELECT par_cod_asig1,par_cod_asig2,par_cod_asig3 FROM tblaca009 WHERE pensum='5' AND c_uni_ca='4' AND c_asigna='300428' [1][0] OK
C:[25/04/2017 18:08:09.62][172.16.4.254][1396] SELECT par_cod_asig1,par_cod_asig2,par_cod_asig3 FROM tblaca009 WHERE pensum='5' AND c_uni_ca='4' AND c_asigna='330435' [1][0] OK
C:[25/04/2017 18:08:09.62][172.16.4.254][1396] SELECT par_cod_asig1,par_cod_asig2,par_cod_asig3 FROM tblaca009 WHERE pensum='5' AND c_uni_ca='4' AND c_asigna='333441' [1][0] OK
C:[25/04/2017 18:08:09.62][172.16.4.254][1396] SELECT par_cod_asig1,par_cod_asig2,par_cod_asig3 FROM tblaca009 WHERE pensum='5' AND c_uni_ca='4' AND c_asigna='311561' [1][0] OK
C:[25/04/2017 18:08:09.30][172.16.4.254][1526] SELECT horas_lab FROM tblaca008 WHERE c_asigna='300422' AND horas_teoricas > 0 [0][0] OK
C:[25/04/2017 18:08:09.30][172.16.4.254][1526] SELECT horas_lab FROM tblaca008 WHERE c_asigna='300428' AND horas_teoricas > 0 [1][0] OK
C:[25/04/2017 18:08:09.30][172.16.4.254][1526] SELECT horas_lab FROM tblaca008 WHERE c_asigna='330435' AND horas_teoricas > 0 [1][0] OK
C:[25/04/2017 18:08:09.30][172.16.4.254][1526] SELECT horas_lab FROM tblaca008 WHERE c_asigna='333441' AND horas_teoricas > 0 [1][0] OK
C:[25/04/2017 18:08:09.30][172.16.4.254][1526] SELECT horas_lab FROM tblaca008 WHERE c_asigna='311561' AND horas_teoricas > 0 [1][0] OK
C:[27/04/2017 11:34:38.98][172.16.4.254][1352] SELECT pre_cod_asig1,pre_cod_asig2,pre_cod_asig3,pre_cod_asig4,pre_cod_asig5,pre_cod_asig6,pre_cod_asig7 FROM tblaca009 WHERE pensum='5' AND c_uni_ca='6' AND c_asigna='342559' [1][0] OK
C:[27/04/2017 11:34:38.98][172.16.4.254][1365] SELECT c_asigna FROM dace004 WHERE exp_e='12-22908415' AND c_asigna='342436' AND status IN ('0','3','B') [1][0] OK
C:[27/04/2017 11:34:38.98][172.16.4.254][1352] SELECT pre_cod_asig1,pre_cod_asig2,pre_cod_asig3,pre_cod_asig4,pre_cod_asig5,pre_cod_asig6,pre_cod_asig7 FROM tblaca009 WHERE pensum='5' AND c_uni_ca='6' AND c_asigna='344566' [1][0] OK
C:[27/04/2017 11:34:38.98][172.16.4.254][1365] SELECT c_asigna FROM dace004 WHERE exp_e='12-22908415' AND c_asigna='344446' AND status IN ('0','3','B') [1][0] OK
C:[27/04/2017 11:34:38.98][172.16.4.254][1365] SELECT c_asigna FROM dace004 WHERE exp_e='12-22908415' AND c_asigna='300428' AND status IN ('0','3','B') [1][0] OK
C:[27/04/2017 11:34:38.98][172.16.4.254][1365] SELECT c_asigna FROM dace004 WHERE exp_e='12-22908415' AND c_asigna='300209' AND status IN ('0','3','B') [1][0] OK
C:[27/04/2017 11:34:38.98][172.16.4.254][1365] SELECT c_asigna FROM dace004 WHERE exp_e='12-22908415' AND c_asigna='300222' AND status IN ('0','3','B') [1][0] OK
C:[27/04/2017 11:34:38.98][172.16.4.254][1365] SELECT c_asigna FROM dace004 WHERE exp_e='12-22908415' AND c_asigna='300226' AND status IN ('0','3','B') [1][0] OK
C:[27/04/2017 11:34:38.98][172.16.4.254][1365] SELECT c_asigna FROM dace004 WHERE exp_e='12-22908415' AND c_asigna='300317' AND status IN ('0','3','B') [1][0] OK
C:[27/04/2017 11:34:38.98][172.16.4.254][1365] SELECT c_asigna FROM dace004 WHERE exp_e='12-22908415' AND c_asigna='300313' AND status IN ('0','3','B') [1][0] OK
C:[27/04/2017 11:34:38.98][172.16.4.254][1352] SELECT pre_cod_asig1,pre_cod_asig2,pre_cod_asig3,pre_cod_asig4,pre_cod_asig5,pre_cod_asig6,pre_cod_asig7 FROM tblaca009 WHERE pensum='5' AND c_uni_ca='6' AND c_asigna='300676' [1][0] OK
C:[27/04/2017 11:34:38.98][172.16.4.254][1352] SELECT pre_cod_asig1,pre_cod_asig2,pre_cod_asig3,pre_cod_asig4,pre_cod_asig5,pre_cod_asig6,pre_cod_asig7 FROM tblaca009 WHERE pensum='5' AND c_uni_ca='6' AND c_asigna='342679' [1][0] OK
C:[27/04/2017 11:34:38.98][172.16.4.254][1365] SELECT c_asigna FROM dace004 WHERE exp_e='12-22908415' AND c_asigna='342567' AND status IN ('0','3','B') [1][0] OK
C:[27/04/2017 11:34:38.98][172.16.4.254][1352] SELECT pre_cod_asig1,pre_cod_asig2,pre_cod_asig3,pre_cod_asig4,pre_cod_asig5,pre_cod_asig6,pre_cod_asig7 FROM tblaca009 WHERE pensum='5' AND c_uni_ca='6' AND c_asigna='344687' [1][0] OK
C:[27/04/2017 11:34:38.98][172.16.4.254][1365] SELECT c_asigna FROM dace004 WHERE exp_e='12-22908415' AND c_asigna='344565' AND status IN ('0','3','B') [1][0] OK
C:[27/04/2017 11:34:38.98][172.16.4.254][1352] SELECT pre_cod_asig1,pre_cod_asig2,pre_cod_asig3,pre_cod_asig4,pre_cod_asig5,pre_cod_asig6,pre_cod_asig7 FROM tblaca009 WHERE pensum='5' AND c_uni_ca='6' AND c_asigna='344688' [1][0] OK
C:[27/04/2017 11:34:38.98][172.16.4.254][1365] SELECT c_asigna FROM dace004 WHERE exp_e='12-22908415' AND c_asigna='342567' AND status IN ('0','3','B') [1][0] OK
C:[27/04/2017 11:34:38.98][172.16.4.254][1365] SELECT c_asigna FROM dace004 WHERE exp_e='12-22908415' AND c_asigna='344565' AND status IN ('0','3','B') [1][0] OK
C:[27/04/2017 11:34:39.78][172.16.4.254][1396] SELECT par_cod_asig1,par_cod_asig2,par_cod_asig3 FROM tblaca009 WHERE pensum='5' AND c_uni_ca='6' AND c_asigna='342559' [1][0] OK
C:[27/04/2017 11:34:39.78][172.16.4.254][1396] SELECT par_cod_asig1,par_cod_asig2,par_cod_asig3 FROM tblaca009 WHERE pensum='5' AND c_uni_ca='6' AND c_asigna='344566' [1][0] OK
C:[27/04/2017 11:34:39.78][172.16.4.254][1396] SELECT par_cod_asig1,par_cod_asig2,par_cod_asig3 FROM tblaca009 WHERE pensum='5' AND c_uni_ca='6' AND c_asigna='300676' [1][0] OK
C:[27/04/2017 11:34:39.78][172.16.4.254][1396] SELECT par_cod_asig1,par_cod_asig2,par_cod_asig3 FROM tblaca009 WHERE pensum='5' AND c_uni_ca='6' AND c_asigna='342679' [1][0] OK
C:[27/04/2017 11:34:39.78][172.16.4.254][1396] SELECT par_cod_asig1,par_cod_asig2,par_cod_asig3 FROM tblaca009 WHERE pensum='5' AND c_uni_ca='6' AND c_asigna='344687' [1][0] OK
C:[27/04/2017 11:34:39.78][172.16.4.254][1396] SELECT par_cod_asig1,par_cod_asig2,par_cod_asig3 FROM tblaca009 WHERE pensum='5' AND c_uni_ca='6' AND c_asigna='344688' [1][0] OK
C:[27/04/2017 11:34:39.54][172.16.4.254][1526] SELECT horas_lab FROM tblaca008 WHERE c_asigna='342559' AND horas_teoricas > 0 [1][0] OK
C:[27/04/2017 11:34:39.54][172.16.4.254][1526] SELECT horas_lab FROM tblaca008 WHERE c_asigna='344566' AND horas_teoricas > 0 [1][0] OK
C:[27/04/2017 11:34:39.54][172.16.4.254][1526] SELECT horas_lab FROM tblaca008 WHERE c_asigna='300676' AND horas_teoricas > 0 [1][0] OK
C:[27/04/2017 11:34:39.54][172.16.4.254][1526] SELECT horas_lab FROM tblaca008 WHERE c_asigna='342679' AND horas_teoricas > 0 [1][0] OK
C:[27/04/2017 11:34:39.54][172.16.4.254][1526] SELECT horas_lab FROM tblaca008 WHERE c_asigna='344687' AND horas_teoricas > 0 [1][0] OK
C:[27/04/2017 11:34:39.54][172.16.4.254][1526] SELECT horas_lab FROM tblaca008 WHERE c_asigna='344688' AND horas_teoricas > 0 [1][0] OK
C:[02/05/2017 09:14:05.42][172.16.4.245][1352] SELECT pre_cod_asig1,pre_cod_asig2,pre_cod_asig3,pre_cod_asig4,pre_cod_asig5,pre_cod_asig6,pre_cod_asig7 FROM tblaca009 WHERE pensum='5' AND c_uni_ca='2' AND c_asigna='300207' [1][0] OK
C:[02/05/2017 09:14:05.42][172.16.4.245][1365] SELECT c_asigna FROM dace004 WHERE exp_e='16-26562580' AND c_asigna='300101' AND status IN ('0','3','B') [1][0] OK
C:[02/05/2017 09:14:05.42][172.16.4.245][1352] SELECT pre_cod_asig1,pre_cod_asig2,pre_cod_asig3,pre_cod_asig4,pre_cod_asig5,pre_cod_asig6,pre_cod_asig7 FROM tblaca009 WHERE pensum='5' AND c_uni_ca='2' AND c_asigna='300209' [1][0] OK
C:[02/05/2017 09:14:05.42][172.16.4.245][1365] SELECT c_asigna FROM dace004 WHERE exp_e='16-26562580' AND c_asigna='300101' AND status IN ('0','3','B') [1][0] OK
C:[02/05/2017 09:14:05.42][172.16.4.245][1352] SELECT pre_cod_asig1,pre_cod_asig2,pre_cod_asig3,pre_cod_asig4,pre_cod_asig5,pre_cod_asig6,pre_cod_asig7 FROM tblaca009 WHERE pensum='5' AND c_uni_ca='2' AND c_asigna='300213' [1][0] OK
C:[02/05/2017 09:14:05.42][172.16.4.245][1365] SELECT c_asigna FROM dace004 WHERE exp_e='16-26562580' AND c_asigna='300101' AND status IN ('0','3','B') [1][0] OK
C:[02/05/2017 09:14:05.42][172.16.4.245][1352] SELECT pre_cod_asig1,pre_cod_asig2,pre_cod_asig3,pre_cod_asig4,pre_cod_asig5,pre_cod_asig6,pre_cod_asig7 FROM tblaca009 WHERE pensum='5' AND c_uni_ca='2' AND c_asigna='300218' [1][0] OK
C:[02/05/2017 09:14:05.42][172.16.4.245][1365] SELECT c_asigna FROM dace004 WHERE exp_e='16-26562580' AND c_asigna='300101' AND status IN ('0','3','B') [1][0] OK
C:[02/05/2017 09:14:05.42][172.16.4.245][1352] SELECT pre_cod_asig1,pre_cod_asig2,pre_cod_asig3,pre_cod_asig4,pre_cod_asig5,pre_cod_asig6,pre_cod_asig7 FROM tblaca009 WHERE pensum='5' AND c_uni_ca='2' AND c_asigna='300226' [1][0] OK
C:[02/05/2017 09:14:05.42][172.16.4.245][1365] SELECT c_asigna FROM dace004 WHERE exp_e='16-26562580' AND c_asigna='300116' AND status IN ('0','3','B') [1][0] OK
C:[02/05/2017 09:14:05.42][172.16.4.245][1352] SELECT pre_cod_asig1,pre_cod_asig2,pre_cod_asig3,pre_cod_asig4,pre_cod_asig5,pre_cod_asig6,pre_cod_asig7 FROM tblaca009 WHERE pensum='5' AND c_uni_ca='2' AND c_asigna='300228' [1][0] OK
C:[02/05/2017 09:14:05.42][172.16.4.245][1365] SELECT c_asigna FROM dace004 WHERE exp_e='16-26562580' AND c_asigna='300101' AND status IN ('0','3','B') [1][0] OK
C:[02/05/2017 09:14:05.60][172.16.4.245][1396] SELECT par_cod_asig1,par_cod_asig2,par_cod_asig3 FROM tblaca009 WHERE pensum='5' AND c_uni_ca='2' AND c_asigna='300207' [1][0] OK
C:[02/05/2017 09:14:05.60][172.16.4.245][1396] SELECT par_cod_asig1,par_cod_asig2,par_cod_asig3 FROM tblaca009 WHERE pensum='5' AND c_uni_ca='2' AND c_asigna='300209' [1][0] OK
C:[02/05/2017 09:14:05.60][172.16.4.245][1396] SELECT par_cod_asig1,par_cod_asig2,par_cod_asig3 FROM tblaca009 WHERE pensum='5' AND c_uni_ca='2' AND c_asigna='300213' [1][0] OK
C:[02/05/2017 09:14:05.60][172.16.4.245][1410] SELECT c_asigna FROM dace004 WHERE exp_e='16-26562580' AND c_asigna='300209' AND status IN ('0','3','B','C') [0][0] OK
C:[02/05/2017 09:14:05.60][172.16.4.245][1396] SELECT par_cod_asig1,par_cod_asig2,par_cod_asig3 FROM tblaca009 WHERE pensum='5' AND c_uni_ca='2' AND c_asigna='300218' [1][0] OK
C:[02/05/2017 09:14:05.60][172.16.4.245][1410] SELECT c_asigna FROM dace004 WHERE exp_e='16-26562580' AND c_asigna='300228' AND status IN ('0','3','B','C') [0][0] OK
C:[02/05/2017 09:14:05.60][172.16.4.245][1396] SELECT par_cod_asig1,par_cod_asig2,par_cod_asig3 FROM tblaca009 WHERE pensum='5' AND c_uni_ca='2' AND c_asigna='300226' [1][0] OK
C:[02/05/2017 09:14:05.60][172.16.4.245][1396] SELECT par_cod_asig1,par_cod_asig2,par_cod_asig3 FROM tblaca009 WHERE pensum='5' AND c_uni_ca='2' AND c_asigna='300228' [1][0] OK
C:[02/05/2017 09:14:05.64][172.16.4.245][1526] SELECT horas_lab FROM tblaca008 WHERE c_asigna='300207' AND horas_teoricas > 0 [1][0] OK
C:[02/05/2017 09:14:05.64][172.16.4.245][1526] SELECT horas_lab FROM tblaca008 WHERE c_asigna='300209' AND horas_teoricas > 0 [1][0] OK
C:[02/05/2017 09:14:05.64][172.16.4.245][1526] SELECT horas_lab FROM tblaca008 WHERE c_asigna='300213' AND horas_teoricas > 0 [1][0] OK
C:[02/05/2017 09:14:05.64][172.16.4.245][1526] SELECT horas_lab FROM tblaca008 WHERE c_asigna='300218' AND horas_teoricas > 0 [0][0] OK
C:[02/05/2017 09:14:05.64][172.16.4.245][1526] SELECT horas_lab FROM tblaca008 WHERE c_asigna='300226' AND horas_teoricas > 0 [1][0] OK
C:[02/05/2017 09:14:05.64][172.16.4.245][1526] SELECT horas_lab FROM tblaca008 WHERE c_asigna='300228' AND horas_teoricas > 0 [1][0] OK
C:[02/05/2017 11:51:14.67][172.16.4.254][1352] SELECT pre_cod_asig1,pre_cod_asig2,pre_cod_asig3,pre_cod_asig4,pre_cod_asig5,pre_cod_asig6,pre_cod_asig7 FROM tblaca009 WHERE pensum='5' AND c_uni_ca='6' AND c_asigna='340323' [1][0] OK
C:[02/05/2017 11:51:14.67][172.16.4.254][1365] SELECT c_asigna FROM dace004 WHERE exp_e='14-18806436' AND c_asigna='300228' AND status IN ('0','3','B') [1][0] OK
C:[02/05/2017 11:51:14.67][172.16.4.254][1365] SELECT c_asigna FROM dace004 WHERE exp_e='14-18806436' AND c_asigna='300207' AND status IN ('0','3','B') [1][0] OK
C:[02/05/2017 11:51:14.67][172.16.4.254][1352] SELECT pre_cod_asig1,pre_cod_asig2,pre_cod_asig3,pre_cod_asig4,pre_cod_asig5,pre_cod_asig6,pre_cod_asig7 FROM tblaca009 WHERE pensum='5' AND c_uni_ca='6' AND c_asigna='300422' [1][0] OK
C:[02/05/2017 11:51:14.67][172.16.4.254][1365] SELECT c_asigna FROM dace004 WHERE exp_e='14-18806436' AND c_asigna='300105' AND status IN ('0','3','B') [1][0] OK
C:[02/05/2017 11:51:14.67][172.16.4.254][1365] SELECT c_asigna FROM dace004 WHERE exp_e='14-18806436' AND c_asigna='300314' AND status IN ('0','3','B') [1][0] OK
C:[02/05/2017 11:51:14.67][172.16.4.254][1352] SELECT pre_cod_asig1,pre_cod_asig2,pre_cod_asig3,pre_cod_asig4,pre_cod_asig5,pre_cod_asig6,pre_cod_asig7 FROM tblaca009 WHERE pensum='5' AND c_uni_ca='6' AND c_asigna='344445' [1][0] OK
C:[02/05/2017 11:51:14.67][172.16.4.254][1352] SELECT pre_cod_asig1,pre_cod_asig2,pre_cod_asig3,pre_cod_asig4,pre_cod_asig5,pre_cod_asig6,pre_cod_asig7 FROM tblaca009 WHERE pensum='5' AND c_uni_ca='6' AND c_asigna='344446' [1][0] OK
C:[02/05/2017 11:51:14.67][172.16.4.254][1365] SELECT c_asigna FROM dace004 WHERE exp_e='14-18806436' AND c_asigna='300317' AND status IN ('0','3','B') [1][0] OK
C:[02/05/2017 11:51:14.67][172.16.4.254][1365] SELECT c_asigna FROM dace004 WHERE exp_e='14-18806436' AND c_asigna='300313' AND status IN ('0','3','B') [1][0] OK
C:[02/05/2017 11:51:14.67][172.16.4.254][1365] SELECT c_asigna FROM dace004 WHERE exp_e='14-18806436' AND c_asigna='300209' AND status IN ('0','3','B') [1][0] OK
C:[02/05/2017 11:51:14.67][172.16.4.254][1365] SELECT c_asigna FROM dace004 WHERE exp_e='14-18806436' AND c_asigna='300222' AND status IN ('0','3','B') [1][0] OK
C:[02/05/2017 11:51:14.67][172.16.4.254][1365] SELECT c_asigna FROM dace004 WHERE exp_e='14-18806436' AND c_asigna='300226' AND status IN ('0','3','B') [1][0] OK
C:[02/05/2017 11:51:14.67][172.16.4.254][1352] SELECT pre_cod_asig1,pre_cod_asig2,pre_cod_asig3,pre_cod_asig4,pre_cod_asig5,pre_cod_asig6,pre_cod_asig7 FROM tblaca009 WHERE pensum='5' AND c_uni_ca='6' AND c_asigna='342559' [1][0] OK
C:[02/05/2017 11:51:14.67][172.16.4.254][1365] SELECT c_asigna FROM dace004 WHERE exp_e='14-18806436' AND c_asigna='342436' AND status IN ('0','3','B') [1][0] OK
C:[02/05/2017 11:51:14.67][172.16.4.254][1352] SELECT pre_cod_asig1,pre_cod_asig2,pre_cod_asig3,pre_cod_asig4,pre_cod_asig5,pre_cod_asig6,pre_cod_asig7 FROM tblaca009 WHERE pensum='5' AND c_uni_ca='6' AND c_asigna='343568' [1][0] OK
C:[02/05/2017 11:51:14.67][172.16.4.254][1365] SELECT c_asigna FROM dace004 WHERE exp_e='14-18806436' AND c_asigna='340327' AND status IN ('0','3','B') [1][0] OK
C:[02/05/2017 11:51:15.79][172.16.4.254][1396] SELECT par_cod_asig1,par_cod_asig2,par_cod_asig3 FROM tblaca009 WHERE pensum='5' AND c_uni_ca='6' AND c_asigna='340323' [1][0] OK
C:[02/05/2017 11:51:15.79][172.16.4.254][1396] SELECT par_cod_asig1,par_cod_asig2,par_cod_asig3 FROM tblaca009 WHERE pensum='5' AND c_uni_ca='6' AND c_asigna='300422' [1][0] OK
C:[02/05/2017 11:51:15.79][172.16.4.254][1396] SELECT par_cod_asig1,par_cod_asig2,par_cod_asig3 FROM tblaca009 WHERE pensum='5' AND c_uni_ca='6' AND c_asigna='344445' [1][0] OK
C:[02/05/2017 11:51:15.79][172.16.4.254][1396] SELECT par_cod_asig1,par_cod_asig2,par_cod_asig3 FROM tblaca009 WHERE pensum='5' AND c_uni_ca='6' AND c_asigna='344446' [1][0] OK
C:[02/05/2017 11:51:15.79][172.16.4.254][1396] SELECT par_cod_asig1,par_cod_asig2,par_cod_asig3 FROM tblaca009 WHERE pensum='5' AND c_uni_ca='6' AND c_asigna='342559' [1][0] OK
C:[02/05/2017 11:51:15.79][172.16.4.254][1396] SELECT par_cod_asig1,par_cod_asig2,par_cod_asig3 FROM tblaca009 WHERE pensum='5' AND c_uni_ca='6' AND c_asigna='343568' [1][0] OK
C:[02/05/2017 11:51:15.60][172.16.4.254][1526] SELECT horas_lab FROM tblaca008 WHERE c_asigna='340323' AND horas_teoricas > 0 [1][0] OK
C:[02/05/2017 11:51:15.60][172.16.4.254][1526] SELECT horas_lab FROM tblaca008 WHERE c_asigna='300422' AND horas_teoricas > 0 [0][0] OK
C:[02/05/2017 11:51:15.60][172.16.4.254][1526] SELECT horas_lab FROM tblaca008 WHERE c_asigna='344445' AND horas_teoricas > 0 [1][0] OK
C:[02/05/2017 11:51:15.60][172.16.4.254][1526] SELECT horas_lab FROM tblaca008 WHERE c_asigna='344446' AND horas_teoricas > 0 [1][0] OK
C:[02/05/2017 11:51:15.60][172.16.4.254][1526] SELECT horas_lab FROM tblaca008 WHERE c_asigna='342559' AND horas_teoricas > 0 [1][0] OK
C:[02/05/2017 11:51:15.60][172.16.4.254][1526] SELECT horas_lab FROM tblaca008 WHERE c_asigna='343568' AND horas_teoricas > 0 [1][0] OK
C:[02/05/2017 13:43:02.54][172.16.4.254][1352] SELECT pre_cod_asig1,pre_cod_asig2,pre_cod_asig3,pre_cod_asig4,pre_cod_asig5,pre_cod_asig6,pre_cod_asig7 FROM tblaca009 WHERE pensum='5' AND c_uni_ca='4' AND c_asigna='300313' [1][0] OK
C:[02/05/2017 13:43:02.54][172.16.4.254][1365] SELECT c_asigna FROM dace004 WHERE exp_e='09-22887673' AND c_asigna='300213' AND status IN ('0','3','B') [1][0] OK
C:[02/05/2017 13:43:02.54][172.16.4.254][1365] SELECT c_asigna FROM dace004 WHERE exp_e='09-22887673' AND c_asigna='300226' AND status IN ('0','3','B') [1][0] OK
C:[02/05/2017 13:43:02.54][172.16.4.254][1365] SELECT c_asigna FROM dace004 WHERE exp_e='09-22887673' AND c_asigna='300222' AND status IN ('0','3','B') [1][0] OK
C:[02/05/2017 13:43:02.54][172.16.4.254][1365] SELECT c_asigna FROM dace004 WHERE exp_e='09-22887673' AND c_asigna='300209' AND status IN ('0','3','B') [1][0] OK
C:[02/05/2017 13:43:02.54][172.16.4.254][1352] SELECT pre_cod_asig1,pre_cod_asig2,pre_cod_asig3,pre_cod_asig4,pre_cod_asig5,pre_cod_asig6,pre_cod_asig7 FROM tblaca009 WHERE pensum='5' AND c_uni_ca='4' AND c_asigna='300677' [1][0] OK
C:[02/05/2017 13:43:02.54][172.16.4.254][1352] SELECT pre_cod_asig1,pre_cod_asig2,pre_cod_asig3,pre_cod_asig4,pre_cod_asig5,pre_cod_asig6,pre_cod_asig7 FROM tblaca009 WHERE pensum='5' AND c_uni_ca='4' AND c_asigna='333639' [1][0] OK
C:[02/05/2017 13:43:02.54][172.16.4.254][1365] SELECT c_asigna FROM dace004 WHERE exp_e='09-22887673' AND c_asigna='333585' AND status IN ('0','3','B') [1][0] OK
C:[02/05/2017 13:43:02.54][172.16.4.254][1352] SELECT pre_cod_asig1,pre_cod_asig2,pre_cod_asig3,pre_cod_asig4,pre_cod_asig5,pre_cod_asig6,pre_cod_asig7 FROM tblaca009 WHERE pensum='5' AND c_uni_ca='4' AND c_asigna='333710' [1][0] OK
C:[02/05/2017 13:43:02.54][172.16.4.254][1365] SELECT c_asigna FROM dace004 WHERE exp_e='09-22887673' AND c_asigna='333683' AND status IN ('0','3','B') [1][0] OK
C:[02/05/2017 13:43:02.54][172.16.4.254][1365] SELECT c_asigna FROM dace004 WHERE exp_e='09-22887673' AND c_asigna='333606' AND status IN ('0','3','B') [1][0] OK
C:[02/05/2017 13:43:02.54][172.16.4.254][1352] SELECT pre_cod_asig1,pre_cod_asig2,pre_cod_asig3,pre_cod_asig4,pre_cod_asig5,pre_cod_asig6,pre_cod_asig7 FROM tblaca009 WHERE pensum='5' AND c_uni_ca='4' AND c_asigna='333737' [1][0] OK
C:[02/05/2017 13:43:02.54][172.16.4.254][1365] SELECT c_asigna FROM dace004 WHERE exp_e='09-22887673' AND c_asigna='333683' AND status IN ('0','3','B') [1][0] OK
C:[02/05/2017 13:43:02.54][172.16.4.254][1352] SELECT pre_cod_asig1,pre_cod_asig2,pre_cod_asig3,pre_cod_asig4,pre_cod_asig5,pre_cod_asig6,pre_cod_asig7 FROM tblaca009 WHERE pensum='5' AND c_uni_ca='4' AND c_asigna='334762' [1][0] OK
C:[02/05/2017 13:43:03.29][172.16.4.254][1396] SELECT par_cod_asig1,par_cod_asig2,par_cod_asig3 FROM tblaca009 WHERE pensum='5' AND c_uni_ca='4' AND c_asigna='300313' [1][0] OK
C:[02/05/2017 13:43:03.29][172.16.4.254][1396] SELECT par_cod_asig1,par_cod_asig2,par_cod_asig3 FROM tblaca009 WHERE pensum='5' AND c_uni_ca='4' AND c_asigna='300677' [1][0] OK
C:[02/05/2017 13:43:03.29][172.16.4.254][1396] SELECT par_cod_asig1,par_cod_asig2,par_cod_asig3 FROM tblaca009 WHERE pensum='5' AND c_uni_ca='4' AND c_asigna='333639' [1][0] OK
C:[02/05/2017 13:43:03.29][172.16.4.254][1396] SELECT par_cod_asig1,par_cod_asig2,par_cod_asig3 FROM tblaca009 WHERE pensum='5' AND c_uni_ca='4' AND c_asigna='333710' [1][0] OK
C:[02/05/2017 13:43:03.29][172.16.4.254][1410] SELECT c_asigna FROM dace004 WHERE exp_e='09-22887673' AND c_asigna='333782' AND status IN ('0','3','B','C') [1][0] OK
C:[02/05/2017 13:43:03.29][172.16.4.254][1396] SELECT par_cod_asig1,par_cod_asig2,par_cod_asig3 FROM tblaca009 WHERE pensum='5' AND c_uni_ca='4' AND c_asigna='333737' [1][0] OK
C:[02/05/2017 13:43:03.29][172.16.4.254][1396] SELECT par_cod_asig1,par_cod_asig2,par_cod_asig3 FROM tblaca009 WHERE pensum='5' AND c_uni_ca='4' AND c_asigna='334762' [1][0] OK
C:[02/05/2017 13:43:03.18][172.16.4.254][1526] SELECT horas_lab FROM tblaca008 WHERE c_asigna='300313' AND horas_teoricas > 0 [1][0] OK
C:[02/05/2017 13:43:03.18][172.16.4.254][1526] SELECT horas_lab FROM tblaca008 WHERE c_asigna='300677' AND horas_teoricas > 0 [1][0] OK
C:[02/05/2017 13:43:03.18][172.16.4.254][1526] SELECT horas_lab FROM tblaca008 WHERE c_asigna='333639' AND horas_teoricas > 0 [1][0] OK
C:[02/05/2017 13:43:03.18][172.16.4.254][1526] SELECT horas_lab FROM tblaca008 WHERE c_asigna='333710' AND horas_teoricas > 0 [1][0] OK
C:[02/05/2017 13:43:03.18][172.16.4.254][1526] SELECT horas_lab FROM tblaca008 WHERE c_asigna='333737' AND horas_teoricas > 0 [1][0] OK
C:[02/05/2017 13:43:03.18][172.16.4.254][1526] SELECT horas_lab FROM tblaca008 WHERE c_asigna='334762' AND horas_teoricas > 0 [1][0] OK
C:[02/05/2017 13:44:29.18][172.16.4.254][1352] SELECT pre_cod_asig1,pre_cod_asig2,pre_cod_asig3,pre_cod_asig4,pre_cod_asig5,pre_cod_asig6,pre_cod_asig7 FROM tblaca009 WHERE pensum='5' AND c_uni_ca='4' AND c_asigna='300313' [1][0] OK
C:[02/05/2017 13:44:29.18][172.16.4.254][1365] SELECT c_asigna FROM dace004 WHERE exp_e='10-20805593' AND c_asigna='300213' AND status IN ('0','3','B') [1][0] OK
C:[02/05/2017 13:44:29.18][172.16.4.254][1365] SELECT c_asigna FROM dace004 WHERE exp_e='10-20805593' AND c_asigna='300226' AND status IN ('0','3','B') [1][0] OK
C:[02/05/2017 13:44:29.18][172.16.4.254][1365] SELECT c_asigna FROM dace004 WHERE exp_e='10-20805593' AND c_asigna='300222' AND status IN ('0','3','B') [1][0] OK
C:[02/05/2017 13:44:29.18][172.16.4.254][1365] SELECT c_asigna FROM dace004 WHERE exp_e='10-20805593' AND c_asigna='300209' AND status IN ('0','3','B') [1][0] OK
C:[02/05/2017 13:44:29.18][172.16.4.254][1352] SELECT pre_cod_asig1,pre_cod_asig2,pre_cod_asig3,pre_cod_asig4,pre_cod_asig5,pre_cod_asig6,pre_cod_asig7 FROM tblaca009 WHERE pensum='5' AND c_uni_ca='4' AND c_asigna='333563' [1][0] OK
C:[02/05/2017 13:44:29.18][172.16.4.254][1365] SELECT c_asigna FROM dace004 WHERE exp_e='10-20805593' AND c_asigna='333440' AND status IN ('0','3','B') [1][0] OK
C:[02/05/2017 13:44:29.18][172.16.4.254][1365] SELECT c_asigna FROM dace004 WHERE exp_e='10-20805593' AND c_asigna='333442' AND status IN ('0','3','B') [1][0] OK
C:[02/05/2017 13:44:29.18][172.16.4.254][1365] SELECT c_asigna FROM dace004 WHERE exp_e='10-20805593' AND c_asigna='300209' AND status IN ('0','3','B') [1][0] OK
C:[02/05/2017 13:44:29.18][172.16.4.254][1365] SELECT c_asigna FROM dace004 WHERE exp_e='10-20805593' AND c_asigna='330310' AND status IN ('0','3','B') [1][0] OK
C:[02/05/2017 13:44:29.18][172.16.4.254][1365] SELECT c_asigna FROM dace004 WHERE exp_e='10-20805593' AND c_asigna='300317' AND status IN ('0','3','B') [1][0] OK
C:[02/05/2017 13:44:29.18][172.16.4.254][1365] SELECT c_asigna FROM dace004 WHERE exp_e='10-20805593' AND c_asigna='333326' AND status IN ('0','3','B') [1][0] OK
C:[02/05/2017 13:44:29.18][172.16.4.254][1352] SELECT pre_cod_asig1,pre_cod_asig2,pre_cod_asig3,pre_cod_asig4,pre_cod_asig5,pre_cod_asig6,pre_cod_asig7 FROM tblaca009 WHERE pensum='5' AND c_uni_ca='4' AND c_asigna='333585' [1][0] OK
C:[02/05/2017 13:44:29.18][172.16.4.254][1365] SELECT c_asigna FROM dace004 WHERE exp_e='10-20805593' AND c_asigna='333440' AND status IN ('0','3','B') [1][0] OK
C:[02/05/2017 13:44:29.18][172.16.4.254][1365] SELECT c_asigna FROM dace004 WHERE exp_e='10-20805593' AND c_asigna='333441' AND status IN ('0','3','B') [1][0] OK
C:[02/05/2017 13:44:29.18][172.16.4.254][1365] SELECT c_asigna FROM dace004 WHERE exp_e='10-20805593' AND c_asigna='300209' AND status IN ('0','3','B') [1][0] OK
C:[02/05/2017 13:44:29.18][172.16.4.254][1352] SELECT pre_cod_asig1,pre_cod_asig2,pre_cod_asig3,pre_cod_asig4,pre_cod_asig5,pre_cod_asig6,pre_cod_asig7 FROM tblaca009 WHERE pensum='5' AND c_uni_ca='4' AND c_asigna='333606' [1][0] OK
C:[02/05/2017 13:44:29.18][172.16.4.254][1365] SELECT c_asigna FROM dace004 WHERE exp_e='10-20805593' AND c_asigna='333584' AND status IN ('0','3','B') [1][0] OK
C:[02/05/2017 13:44:29.18][172.16.4.254][1352] SELECT pre_cod_asig1,pre_cod_asig2,pre_cod_asig3,pre_cod_asig4,pre_cod_asig5,pre_cod_asig6,pre_cod_asig7 FROM tblaca009 WHERE pensum='5' AND c_uni_ca='4' AND c_asigna='333683' [1][0] OK
C:[02/05/2017 13:44:29.18][172.16.4.254][1365] SELECT c_asigna FROM dace004 WHERE exp_e='10-20805593' AND c_asigna='333564' AND status IN ('0','3','B') [1][0] OK
C:[02/05/2017 13:44:30.64][172.16.4.254][1396] SELECT par_cod_asig1,par_cod_asig2,par_cod_asig3 FROM tblaca009 WHERE pensum='5' AND c_uni_ca='4' AND c_asigna='300313' [1][0] OK
C:[02/05/2017 13:44:30.64][172.16.4.254][1396] SELECT par_cod_asig1,par_cod_asig2,par_cod_asig3 FROM tblaca009 WHERE pensum='5' AND c_uni_ca='4' AND c_asigna='333563' [1][0] OK
C:[02/05/2017 13:44:30.64][172.16.4.254][1396] SELECT par_cod_asig1,par_cod_asig2,par_cod_asig3 FROM tblaca009 WHERE pensum='5' AND c_uni_ca='4' AND c_asigna='333585' [1][0] OK
C:[02/05/2017 13:44:30.64][172.16.4.254][1396] SELECT par_cod_asig1,par_cod_asig2,par_cod_asig3 FROM tblaca009 WHERE pensum='5' AND c_uni_ca='4' AND c_asigna='333606' [1][0] OK
C:[02/05/2017 13:44:30.64][172.16.4.254][1396] SELECT par_cod_asig1,par_cod_asig2,par_cod_asig3 FROM tblaca009 WHERE pensum='5' AND c_uni_ca='4' AND c_asigna='333683' [1][0] OK
C:[02/05/2017 13:44:30.31][172.16.4.254][1526] SELECT horas_lab FROM tblaca008 WHERE c_asigna='300313' AND horas_teoricas > 0 [1][0] OK
C:[02/05/2017 13:44:30.31][172.16.4.254][1526] SELECT horas_lab FROM tblaca008 WHERE c_asigna='333563' AND horas_teoricas > 0 [1][0] OK
C:[02/05/2017 13:44:30.31][172.16.4.254][1526] SELECT horas_lab FROM tblaca008 WHERE c_asigna='333585' AND horas_teoricas > 0 [1][0] OK
C:[02/05/2017 13:44:30.31][172.16.4.254][1526] SELECT horas_lab FROM tblaca008 WHERE c_asigna='333606' AND horas_teoricas > 0 [1][0] OK
C:[02/05/2017 13:44:30.31][172.16.4.254][1526] SELECT horas_lab FROM tblaca008 WHERE c_asigna='333683' AND horas_teoricas > 0 [1][0] OK
C:[09/05/2017 10:40:42.91][172.16.4.254][1352] SELECT pre_cod_asig1,pre_cod_asig2,pre_cod_asig3,pre_cod_asig4,pre_cod_asig5,pre_cod_asig6,pre_cod_asig7 FROM tblaca009 WHERE pensum='5' AND c_uni_ca='3' AND c_asigna='300101' [1][0] OK
C:[09/05/2017 10:40:42.91][172.16.4.254][1352] SELECT pre_cod_asig1,pre_cod_asig2,pre_cod_asig3,pre_cod_asig4,pre_cod_asig5,pre_cod_asig6,pre_cod_asig7 FROM tblaca009 WHERE pensum='5' AND c_uni_ca='3' AND c_asigna='300226' [1][0] OK
C:[09/05/2017 10:40:42.91][172.16.4.254][1365] SELECT c_asigna FROM dace004 WHERE exp_e='15-26599034' AND c_asigna='300116' AND status IN ('0','3','B') [1][0] OK
C:[09/05/2017 10:40:43.97][172.16.4.254][1396] SELECT par_cod_asig1,par_cod_asig2,par_cod_asig3 FROM tblaca009 WHERE pensum='5' AND c_uni_ca='3' AND c_asigna='300101' [1][0] OK
C:[09/05/2017 10:40:43.97][172.16.4.254][1396] SELECT par_cod_asig1,par_cod_asig2,par_cod_asig3 FROM tblaca009 WHERE pensum='5' AND c_uni_ca='3' AND c_asigna='300226' [1][0] OK
C:[09/05/2017 10:40:43.25][172.16.4.254][1526] SELECT horas_lab FROM tblaca008 WHERE c_asigna='300101' AND horas_teoricas > 0 [1][0] OK
C:[09/05/2017 10:40:43.25][172.16.4.254][1526] SELECT horas_lab FROM tblaca008 WHERE c_asigna='300226' AND horas_teoricas > 0 [1][0] OK
C:[10/05/2017 15:28:16.36][172.16.4.254][1352] SELECT pre_cod_asig1,pre_cod_asig2,pre_cod_asig3,pre_cod_asig4,pre_cod_asig5,pre_cod_asig6,pre_cod_asig7 FROM tblaca009 WHERE pensum='5' AND c_uni_ca='2' AND c_asigna='300313' [1][0] OK
C:[10/05/2017 15:28:16.36][172.16.4.254][1365] SELECT c_asigna FROM dace004 WHERE exp_e='15-25566963' AND c_asigna='300213' AND status IN ('0','3','B') [1][0] OK
C:[10/05/2017 15:28:16.36][172.16.4.254][1365] SELECT c_asigna FROM dace004 WHERE exp_e='15-25566963' AND c_asigna='300226' AND status IN ('0','3','B') [1][0] OK
C:[10/05/2017 15:28:16.36][172.16.4.254][1365] SELECT c_asigna FROM dace004 WHERE exp_e='15-25566963' AND c_asigna='300209' AND status IN ('0','3','B') [1][0] OK
C:[10/05/2017 15:28:16.36][172.16.4.254][1352] SELECT pre_cod_asig1,pre_cod_asig2,pre_cod_asig3,pre_cod_asig4,pre_cod_asig5,pre_cod_asig6,pre_cod_asig7 FROM tblaca009 WHERE pensum='5' AND c_uni_ca='2' AND c_asigna='300317' [1][0] OK
C:[10/05/2017 15:28:16.36][172.16.4.254][1365] SELECT c_asigna FROM dace004 WHERE exp_e='15-25566963' AND c_asigna='300207' AND status IN ('0','3','B') [1][0] OK
C:[10/05/2017 15:28:16.36][172.16.4.254][1365] SELECT c_asigna FROM dace004 WHERE exp_e='15-25566963' AND c_asigna='300209' AND status IN ('0','3','B') [1][0] OK
C:[10/05/2017 15:28:16.36][172.16.4.254][1352] SELECT pre_cod_asig1,pre_cod_asig2,pre_cod_asig3,pre_cod_asig4,pre_cod_asig5,pre_cod_asig6,pre_cod_asig7 FROM tblaca009 WHERE pensum='5' AND c_uni_ca='2' AND c_asigna='300318' [1][0] OK
C:[10/05/2017 15:28:16.36][172.16.4.254][1365] SELECT c_asigna FROM dace004 WHERE exp_e='15-25566963' AND c_asigna='300228' AND status IN ('0','3','B') [1][0] OK
C:[10/05/2017 15:28:16.36][172.16.4.254][1365] SELECT c_asigna FROM dace004 WHERE exp_e='15-25566963' AND c_asigna='300207' AND status IN ('0','3','B') [1][0] OK
C:[10/05/2017 15:28:16.36][172.16.4.254][1365] SELECT c_asigna FROM dace004 WHERE exp_e='15-25566963' AND c_asigna='300218' AND status IN ('0','3','B') [1][0] OK
C:[10/05/2017 15:28:16.36][172.16.4.254][1352] SELECT pre_cod_asig1,pre_cod_asig2,pre_cod_asig3,pre_cod_asig4,pre_cod_asig5,pre_cod_asig6,pre_cod_asig7 FROM tblaca009 WHERE pensum='5' AND c_uni_ca='2' AND c_asigna='320311' [1][0] OK
C:[10/05/2017 15:28:16.36][172.16.4.254][1365] SELECT c_asigna FROM dace004 WHERE exp_e='15-25566963' AND c_asigna='300013' AND status IN ('0','3','B') [1][0] OK
C:[10/05/2017 15:28:16.36][172.16.4.254][1365] SELECT c_asigna FROM dace004 WHERE exp_e='15-25566963' AND c_asigna='300113' AND status IN ('0','3','B') [1][0] OK
C:[10/05/2017 15:28:16.36][172.16.4.254][1352] SELECT pre_cod_asig1,pre_cod_asig2,pre_cod_asig3,pre_cod_asig4,pre_cod_asig5,pre_cod_asig6,pre_cod_asig7 FROM tblaca009 WHERE pensum='5' AND c_uni_ca='2' AND c_asigna='322449' [1][0] OK
C:[10/05/2017 15:28:16.36][172.16.4.254][1365] SELECT c_asigna FROM dace004 WHERE exp_e='15-25566963' AND c_asigna='300222' AND status IN ('0','3','B') [1][0] OK
C:[10/05/2017 15:28:17.28][172.16.4.254][1396] SELECT par_cod_asig1,par_cod_asig2,par_cod_asig3 FROM tblaca009 WHERE pensum='5' AND c_uni_ca='2' AND c_asigna='300313' [1][0] OK
C:[10/05/2017 15:28:17.28][172.16.4.254][1396] SELECT par_cod_asig1,par_cod_asig2,par_cod_asig3 FROM tblaca009 WHERE pensum='5' AND c_uni_ca='2' AND c_asigna='300317' [1][0] OK
C:[10/05/2017 15:28:17.28][172.16.4.254][1396] SELECT par_cod_asig1,par_cod_asig2,par_cod_asig3 FROM tblaca009 WHERE pensum='5' AND c_uni_ca='2' AND c_asigna='300318' [1][0] OK
C:[10/05/2017 15:28:17.28][172.16.4.254][1396] SELECT par_cod_asig1,par_cod_asig2,par_cod_asig3 FROM tblaca009 WHERE pensum='5' AND c_uni_ca='2' AND c_asigna='320311' [1][0] OK
C:[10/05/2017 15:28:17.28][172.16.4.254][1396] SELECT par_cod_asig1,par_cod_asig2,par_cod_asig3 FROM tblaca009 WHERE pensum='5' AND c_uni_ca='2' AND c_asigna='322449' [1][0] OK
C:[10/05/2017 15:28:17.93][172.16.4.254][1526] SELECT horas_lab FROM tblaca008 WHERE c_asigna='300313' AND horas_teoricas > 0 [1][0] OK
C:[10/05/2017 15:28:17.93][172.16.4.254][1526] SELECT horas_lab FROM tblaca008 WHERE c_asigna='300317' AND horas_teoricas > 0 [1][0] OK
C:[10/05/2017 15:28:17.93][172.16.4.254][1526] SELECT horas_lab FROM tblaca008 WHERE c_asigna='300318' AND horas_teoricas > 0 [1][0] OK
C:[10/05/2017 15:28:17.93][172.16.4.254][1526] SELECT horas_lab FROM tblaca008 WHERE c_asigna='320311' AND horas_teoricas > 0 [1][0] OK
C:[10/05/2017 15:28:17.93][172.16.4.254][1526] SELECT horas_lab FROM tblaca008 WHERE c_asigna='322449' AND horas_teoricas > 0 [1][0] OK
C:[11/05/2017 12:08:04.75][172.16.4.254][1352] SELECT pre_cod_asig1,pre_cod_asig2,pre_cod_asig3,pre_cod_asig4,pre_cod_asig5,pre_cod_asig6,pre_cod_asig7 FROM tblaca009 WHERE pensum='5' AND c_uni_ca='3' AND c_asigna='300101' [1][0] OK
C:[11/05/2017 12:08:04.75][172.16.4.254][1352] SELECT pre_cod_asig1,pre_cod_asig2,pre_cod_asig3,pre_cod_asig4,pre_cod_asig5,pre_cod_asig6,pre_cod_asig7 FROM tblaca009 WHERE pensum='5' AND c_uni_ca='3' AND c_asigna='300105' [1][0] OK
C:[11/05/2017 12:08:04.75][172.16.4.254][1352] SELECT pre_cod_asig1,pre_cod_asig2,pre_cod_asig3,pre_cod_asig4,pre_cod_asig5,pre_cod_asig6,pre_cod_asig7 FROM tblaca009 WHERE pensum='5' AND c_uni_ca='3' AND c_asigna='300112' [1][0] OK
C:[11/05/2017 12:08:04.75][172.16.4.254][1352] SELECT pre_cod_asig1,pre_cod_asig2,pre_cod_asig3,pre_cod_asig4,pre_cod_asig5,pre_cod_asig6,pre_cod_asig7 FROM tblaca009 WHERE pensum='5' AND c_uni_ca='3' AND c_asigna='300113' [1][0] OK
C:[11/05/2017 12:08:04.75][172.16.4.254][1352] SELECT pre_cod_asig1,pre_cod_asig2,pre_cod_asig3,pre_cod_asig4,pre_cod_asig5,pre_cod_asig6,pre_cod_asig7 FROM tblaca009 WHERE pensum='5' AND c_uni_ca='3' AND c_asigna='300116' [1][0] OK
C:[11/05/2017 12:08:04.75][172.16.4.254][1352] SELECT pre_cod_asig1,pre_cod_asig2,pre_cod_asig3,pre_cod_asig4,pre_cod_asig5,pre_cod_asig6,pre_cod_asig7 FROM tblaca009 WHERE pensum='5' AND c_uni_ca='3' AND c_asigna='300314' [1][0] OK
C:[11/05/2017 12:08:04.75][172.16.4.254][1365] SELECT c_asigna FROM dace004 WHERE exp_e='16-25934925' AND c_asigna='300106' AND status IN ('0','3','B') [1][0] OK
C:[11/05/2017 12:08:05.62][172.16.4.254][1396] SELECT par_cod_asig1,par_cod_asig2,par_cod_asig3 FROM tblaca009 WHERE pensum='5' AND c_uni_ca='3' AND c_asigna='300101' [1][0] OK
C:[11/05/2017 12:08:05.62][172.16.4.254][1396] SELECT par_cod_asig1,par_cod_asig2,par_cod_asig3 FROM tblaca009 WHERE pensum='5' AND c_uni_ca='3' AND c_asigna='300105' [1][0] OK
C:[11/05/2017 12:08:05.62][172.16.4.254][1396] SELECT par_cod_asig1,par_cod_asig2,par_cod_asig3 FROM tblaca009 WHERE pensum='5' AND c_uni_ca='3' AND c_asigna='300112' [1][0] OK
C:[11/05/2017 12:08:05.62][172.16.4.254][1396] SELECT par_cod_asig1,par_cod_asig2,par_cod_asig3 FROM tblaca009 WHERE pensum='5' AND c_uni_ca='3' AND c_asigna='300113' [1][0] OK
C:[11/05/2017 12:08:05.62][172.16.4.254][1410] SELECT c_asigna FROM dace004 WHERE exp_e='16-25934925' AND c_asigna='300013' AND status IN ('0','3','B','C') [1][0] OK
C:[11/05/2017 12:08:05.62][172.16.4.254][1396] SELECT par_cod_asig1,par_cod_asig2,par_cod_asig3 FROM tblaca009 WHERE pensum='5' AND c_uni_ca='3' AND c_asigna='300116' [1][0] OK
C:[11/05/2017 12:08:05.62][172.16.4.254][1396] SELECT par_cod_asig1,par_cod_asig2,par_cod_asig3 FROM tblaca009 WHERE pensum='5' AND c_uni_ca='3' AND c_asigna='300314' [1][0] OK
C:[11/05/2017 12:08:05.52][172.16.4.254][1526] SELECT horas_lab FROM tblaca008 WHERE c_asigna='300101' AND horas_teoricas > 0 [1][0] OK
C:[11/05/2017 12:08:05.52][172.16.4.254][1526] SELECT horas_lab FROM tblaca008 WHERE c_asigna='300105' AND horas_teoricas > 0 [1][0] OK
C:[11/05/2017 12:08:05.52][172.16.4.254][1526] SELECT horas_lab FROM tblaca008 WHERE c_asigna='300112' AND horas_teoricas > 0 [1][0] OK
C:[11/05/2017 12:08:05.52][172.16.4.254][1526] SELECT horas_lab FROM tblaca008 WHERE c_asigna='300113' AND horas_teoricas > 0 [0][0] OK
C:[11/05/2017 12:08:05.52][172.16.4.254][1526] SELECT horas_lab FROM tblaca008 WHERE c_asigna='300116' AND horas_teoricas > 0 [1][0] OK
C:[11/05/2017 12:08:05.52][172.16.4.254][1526] SELECT horas_lab FROM tblaca008 WHERE c_asigna='300314' AND horas_teoricas > 0 [0][0] OK
C:[11/05/2017 12:11:51.09][172.16.4.254][1352] SELECT pre_cod_asig1,pre_cod_asig2,pre_cod_asig3,pre_cod_asig4,pre_cod_asig5,pre_cod_asig6,pre_cod_asig7 FROM tblaca009 WHERE pensum='5' AND c_uni_ca='3' AND c_asigna='300101' [1][0] OK
C:[11/05/2017 12:11:51.09][172.16.4.254][1352] SELECT pre_cod_asig1,pre_cod_asig2,pre_cod_asig3,pre_cod_asig4,pre_cod_asig5,pre_cod_asig6,pre_cod_asig7 FROM tblaca009 WHERE pensum='5' AND c_uni_ca='3' AND c_asigna='300105' [1][0] OK
C:[11/05/2017 12:11:51.09][172.16.4.254][1352] SELECT pre_cod_asig1,pre_cod_asig2,pre_cod_asig3,pre_cod_asig4,pre_cod_asig5,pre_cod_asig6,pre_cod_asig7 FROM tblaca009 WHERE pensum='5' AND c_uni_ca='3' AND c_asigna='300112' [1][0] OK
C:[11/05/2017 12:11:51.09][172.16.4.254][1352] SELECT pre_cod_asig1,pre_cod_asig2,pre_cod_asig3,pre_cod_asig4,pre_cod_asig5,pre_cod_asig6,pre_cod_asig7 FROM tblaca009 WHERE pensum='5' AND c_uni_ca='3' AND c_asigna='300113' [1][0] OK
C:[11/05/2017 12:11:51.09][172.16.4.254][1352] SELECT pre_cod_asig1,pre_cod_asig2,pre_cod_asig3,pre_cod_asig4,pre_cod_asig5,pre_cod_asig6,pre_cod_asig7 FROM tblaca009 WHERE pensum='5' AND c_uni_ca='3' AND c_asigna='300116' [1][0] OK
C:[11/05/2017 12:11:51.09][172.16.4.254][1352] SELECT pre_cod_asig1,pre_cod_asig2,pre_cod_asig3,pre_cod_asig4,pre_cod_asig5,pre_cod_asig6,pre_cod_asig7 FROM tblaca009 WHERE pensum='5' AND c_uni_ca='3' AND c_asigna='300314' [1][0] OK
C:[11/05/2017 12:11:51.09][172.16.4.254][1365] SELECT c_asigna FROM dace004 WHERE exp_e='16-25934925' AND c_asigna='300106' AND status IN ('0','3','B') [1][0] OK
C:[11/05/2017 12:11:52.96][172.16.4.254][1396] SELECT par_cod_asig1,par_cod_asig2,par_cod_asig3 FROM tblaca009 WHERE pensum='5' AND c_uni_ca='3' AND c_asigna='300101' [1][0] OK
C:[11/05/2017 12:11:52.96][172.16.4.254][1396] SELECT par_cod_asig1,par_cod_asig2,par_cod_asig3 FROM tblaca009 WHERE pensum='5' AND c_uni_ca='3' AND c_asigna='300105' [1][0] OK
C:[11/05/2017 12:11:52.96][172.16.4.254][1396] SELECT par_cod_asig1,par_cod_asig2,par_cod_asig3 FROM tblaca009 WHERE pensum='5' AND c_uni_ca='3' AND c_asigna='300112' [1][0] OK
C:[11/05/2017 12:11:52.96][172.16.4.254][1396] SELECT par_cod_asig1,par_cod_asig2,par_cod_asig3 FROM tblaca009 WHERE pensum='5' AND c_uni_ca='3' AND c_asigna='300113' [1][0] OK
C:[11/05/2017 12:11:52.96][172.16.4.254][1410] SELECT c_asigna FROM dace004 WHERE exp_e='16-25934925' AND c_asigna='300013' AND status IN ('0','3','B','C') [1][0] OK
C:[11/05/2017 12:11:52.96][172.16.4.254][1396] SELECT par_cod_asig1,par_cod_asig2,par_cod_asig3 FROM tblaca009 WHERE pensum='5' AND c_uni_ca='3' AND c_asigna='300116' [1][0] OK
C:[11/05/2017 12:11:52.96][172.16.4.254][1396] SELECT par_cod_asig1,par_cod_asig2,par_cod_asig3 FROM tblaca009 WHERE pensum='5' AND c_uni_ca='3' AND c_asigna='300314' [1][0] OK
C:[11/05/2017 12:11:52.85][172.16.4.254][1526] SELECT horas_lab FROM tblaca008 WHERE c_asigna='300101' AND horas_teoricas > 0 [1][0] OK
C:[11/05/2017 12:11:52.85][172.16.4.254][1526] SELECT horas_lab FROM tblaca008 WHERE c_asigna='300105' AND horas_teoricas > 0 [1][0] OK
C:[11/05/2017 12:11:52.85][172.16.4.254][1526] SELECT horas_lab FROM tblaca008 WHERE c_asigna='300112' AND horas_teoricas > 0 [1][0] OK
C:[11/05/2017 12:11:52.85][172.16.4.254][1526] SELECT horas_lab FROM tblaca008 WHERE c_asigna='300113' AND horas_teoricas > 0 [0][0] OK
C:[11/05/2017 12:11:52.85][172.16.4.254][1526] SELECT horas_lab FROM tblaca008 WHERE c_asigna='300116' AND horas_teoricas > 0 [1][0] OK
C:[11/05/2017 12:11:52.85][172.16.4.254][1526] SELECT horas_lab FROM tblaca008 WHERE c_asigna='300314' AND horas_teoricas > 0 [0][0] OK
C:[11/05/2017 12:18:59.47][172.16.4.254][1352] SELECT pre_cod_asig1,pre_cod_asig2,pre_cod_asig3,pre_cod_asig4,pre_cod_asig5,pre_cod_asig6,pre_cod_asig7 FROM tblaca009 WHERE pensum='5' AND c_uni_ca='3' AND c_asigna='300101' [1][0] OK
C:[11/05/2017 12:18:59.47][172.16.4.254][1352] SELECT pre_cod_asig1,pre_cod_asig2,pre_cod_asig3,pre_cod_asig4,pre_cod_asig5,pre_cod_asig6,pre_cod_asig7 FROM tblaca009 WHERE pensum='5' AND c_uni_ca='3' AND c_asigna='300105' [1][0] OK
C:[11/05/2017 12:18:59.47][172.16.4.254][1352] SELECT pre_cod_asig1,pre_cod_asig2,pre_cod_asig3,pre_cod_asig4,pre_cod_asig5,pre_cod_asig6,pre_cod_asig7 FROM tblaca009 WHERE pensum='5' AND c_uni_ca='3' AND c_asigna='300112' [1][0] OK
C:[11/05/2017 12:18:59.47][172.16.4.254][1352] SELECT pre_cod_asig1,pre_cod_asig2,pre_cod_asig3,pre_cod_asig4,pre_cod_asig5,pre_cod_asig6,pre_cod_asig7 FROM tblaca009 WHERE pensum='5' AND c_uni_ca='3' AND c_asigna='300113' [1][0] OK
C:[11/05/2017 12:18:59.47][172.16.4.254][1352] SELECT pre_cod_asig1,pre_cod_asig2,pre_cod_asig3,pre_cod_asig4,pre_cod_asig5,pre_cod_asig6,pre_cod_asig7 FROM tblaca009 WHERE pensum='5' AND c_uni_ca='3' AND c_asigna='300116' [1][0] OK
C:[11/05/2017 12:18:59.47][172.16.4.254][1352] SELECT pre_cod_asig1,pre_cod_asig2,pre_cod_asig3,pre_cod_asig4,pre_cod_asig5,pre_cod_asig6,pre_cod_asig7 FROM tblaca009 WHERE pensum='5' AND c_uni_ca='3' AND c_asigna='300314' [1][0] OK
C:[11/05/2017 12:18:59.47][172.16.4.254][1365] SELECT c_asigna FROM dace004 WHERE exp_e='16-25934925' AND c_asigna='300106' AND status IN ('0','3','B') [1][0] OK
C:[11/05/2017 12:18:59.34][172.16.4.254][1396] SELECT par_cod_asig1,par_cod_asig2,par_cod_asig3 FROM tblaca009 WHERE pensum='5' AND c_uni_ca='3' AND c_asigna='300101' [1][0] OK
C:[11/05/2017 12:18:59.34][172.16.4.254][1396] SELECT par_cod_asig1,par_cod_asig2,par_cod_asig3 FROM tblaca009 WHERE pensum='5' AND c_uni_ca='3' AND c_asigna='300105' [1][0] OK
C:[11/05/2017 12:18:59.34][172.16.4.254][1396] SELECT par_cod_asig1,par_cod_asig2,par_cod_asig3 FROM tblaca009 WHERE pensum='5' AND c_uni_ca='3' AND c_asigna='300112' [1][0] OK
C:[11/05/2017 12:18:59.34][172.16.4.254][1396] SELECT par_cod_asig1,par_cod_asig2,par_cod_asig3 FROM tblaca009 WHERE pensum='5' AND c_uni_ca='3' AND c_asigna='300113' [1][0] OK
C:[11/05/2017 12:18:59.34][172.16.4.254][1410] SELECT c_asigna FROM dace004 WHERE exp_e='16-25934925' AND c_asigna='300013' AND status IN ('0','3','B','C') [1][0] OK
C:[11/05/2017 12:18:59.34][172.16.4.254][1396] SELECT par_cod_asig1,par_cod_asig2,par_cod_asig3 FROM tblaca009 WHERE pensum='5' AND c_uni_ca='3' AND c_asigna='300116' [1][0] OK
C:[11/05/2017 12:18:59.34][172.16.4.254][1396] SELECT par_cod_asig1,par_cod_asig2,par_cod_asig3 FROM tblaca009 WHERE pensum='5' AND c_uni_ca='3' AND c_asigna='300314' [1][0] OK
C:[11/05/2017 12:18:59.25][172.16.4.254][1526] SELECT horas_lab FROM tblaca008 WHERE c_asigna='300101' AND horas_teoricas > 0 [1][0] OK
C:[11/05/2017 12:18:59.25][172.16.4.254][1526] SELECT horas_lab FROM tblaca008 WHERE c_asigna='300105' AND horas_teoricas > 0 [1][0] OK
C:[11/05/2017 12:18:59.25][172.16.4.254][1526] SELECT horas_lab FROM tblaca008 WHERE c_asigna='300112' AND horas_teoricas > 0 [1][0] OK
C:[11/05/2017 12:18:59.25][172.16.4.254][1526] SELECT horas_lab FROM tblaca008 WHERE c_asigna='300113' AND horas_teoricas > 0 [0][0] OK
C:[11/05/2017 12:18:59.25][172.16.4.254][1526] SELECT horas_lab FROM tblaca008 WHERE c_asigna='300116' AND horas_teoricas > 0 [1][0] OK
C:[11/05/2017 12:18:59.25][172.16.4.254][1526] SELECT horas_lab FROM tblaca008 WHERE c_asigna='300314' AND horas_teoricas > 0 [0][0] OK
C:[11/05/2017 14:34:54.74][172.16.4.132][1352] SELECT pre_cod_asig1,pre_cod_asig2,pre_cod_asig3,pre_cod_asig4,pre_cod_asig5,pre_cod_asig6,pre_cod_asig7 FROM tblaca009 WHERE pensum='5' AND c_uni_ca='4' AND c_asigna='300013' [1][0] OK
C:[11/05/2017 14:34:54.74][172.16.4.132][1352] SELECT pre_cod_asig1,pre_cod_asig2,pre_cod_asig3,pre_cod_asig4,pre_cod_asig5,pre_cod_asig6,pre_cod_asig7 FROM tblaca009 WHERE pensum='5' AND c_uni_ca='4' AND c_asigna='300113' [1][0] OK
C:[11/05/2017 14:34:54.74][172.16.4.132][1352] SELECT pre_cod_asig1,pre_cod_asig2,pre_cod_asig3,pre_cod_asig4,pre_cod_asig5,pre_cod_asig6,pre_cod_asig7 FROM tblaca009 WHERE pensum='5' AND c_uni_ca='4' AND c_asigna='300207' [1][0] OK
C:[11/05/2017 14:34:54.74][172.16.4.132][1365] SELECT c_asigna FROM dace004 WHERE exp_e='10-23805411' AND c_asigna='300101' AND status IN ('0','3','B') [1][0] OK
C:[11/05/2017 14:34:54.74][172.16.4.132][1352] SELECT pre_cod_asig1,pre_cod_asig2,pre_cod_asig3,pre_cod_asig4,pre_cod_asig5,pre_cod_asig6,pre_cod_asig7 FROM tblaca009 WHERE pensum='5' AND c_uni_ca='4' AND c_asigna='300209' [1][0] OK
C:[11/05/2017 14:34:54.74][172.16.4.132][1365] SELECT c_asigna FROM dace004 WHERE exp_e='10-23805411' AND c_asigna='300101' AND status IN ('0','3','B') [1][0] OK
C:[11/05/2017 14:34:54.74][172.16.4.132][1352] SELECT pre_cod_asig1,pre_cod_asig2,pre_cod_asig3,pre_cod_asig4,pre_cod_asig5,pre_cod_asig6,pre_cod_asig7 FROM tblaca009 WHERE pensum='5' AND c_uni_ca='4' AND c_asigna='300222' [1][0] OK
C:[11/05/2017 14:34:54.74][172.16.4.132][1365] SELECT c_asigna FROM dace004 WHERE exp_e='10-23805411' AND c_asigna='300112' AND status IN ('0','3','B') [1][0] OK
C:[11/05/2017 14:34:54.73][172.16.4.132][1396] SELECT par_cod_asig1,par_cod_asig2,par_cod_asig3 FROM tblaca009 WHERE pensum='5' AND c_uni_ca='4' AND c_asigna='300013' [1][0] OK
C:[11/05/2017 14:34:54.73][172.16.4.132][1396] SELECT par_cod_asig1,par_cod_asig2,par_cod_asig3 FROM tblaca009 WHERE pensum='5' AND c_uni_ca='4' AND c_asigna='300113' [1][0] OK
C:[11/05/2017 14:34:54.73][172.16.4.132][1410] SELECT c_asigna FROM dace004 WHERE exp_e='10-23805411' AND c_asigna='300013' AND status IN ('0','3','B','C') [0][0] OK
C:[11/05/2017 14:34:54.73][172.16.4.132][1396] SELECT par_cod_asig1,par_cod_asig2,par_cod_asig3 FROM tblaca009 WHERE pensum='5' AND c_uni_ca='4' AND c_asigna='300207' [1][0] OK
C:[11/05/2017 14:34:54.73][172.16.4.132][1396] SELECT par_cod_asig1,par_cod_asig2,par_cod_asig3 FROM tblaca009 WHERE pensum='5' AND c_uni_ca='4' AND c_asigna='300209' [1][0] OK
C:[11/05/2017 14:34:54.73][172.16.4.132][1396] SELECT par_cod_asig1,par_cod_asig2,par_cod_asig3 FROM tblaca009 WHERE pensum='5' AND c_uni_ca='4' AND c_asigna='300222' [1][0] OK
C:[11/05/2017 14:34:54.08][172.16.4.132][1526] SELECT horas_lab FROM tblaca008 WHERE c_asigna='300013' AND horas_teoricas > 0 [1][0] OK
C:[11/05/2017 14:34:54.08][172.16.4.132][1526] SELECT horas_lab FROM tblaca008 WHERE c_asigna='300113' AND horas_teoricas > 0 [0][0] OK
C:[11/05/2017 14:34:54.08][172.16.4.132][1526] SELECT horas_lab FROM tblaca008 WHERE c_asigna='300207' AND horas_teoricas > 0 [1][0] OK
C:[11/05/2017 14:34:54.08][172.16.4.132][1526] SELECT horas_lab FROM tblaca008 WHERE c_asigna='300209' AND horas_teoricas > 0 [1][0] OK
C:[11/05/2017 14:34:54.08][172.16.4.132][1526] SELECT horas_lab FROM tblaca008 WHERE c_asigna='300222' AND horas_teoricas > 0 [1][0] OK
C:[19/02/2018 10:01:24.05][172.16.4.254][1352] SELECT pre_cod_asig1,pre_cod_asig2,pre_cod_asig3,pre_cod_asig4,pre_cod_asig5,pre_cod_asig6,pre_cod_asig7 FROM tblaca009 WHERE pensum='5' AND c_uni_ca='3' AND c_asigna='311430' [1][0] OK
C:[19/02/2018 10:01:24.05][172.16.4.254][1365] SELECT c_asigna FROM dace004 WHERE exp_e='11-20137992' AND c_asigna='300317' AND status IN ('0','3','B') [1][0] OK
C:[19/02/2018 10:01:24.05][172.16.4.254][1365] SELECT c_asigna FROM dace004 WHERE exp_e='11-20137992' AND c_asigna='300318' AND status IN ('0','3','B') [1][0] OK
C:[19/02/2018 10:01:24.05][172.16.4.254][1365] SELECT c_asigna FROM dace004 WHERE exp_e='11-20137992' AND c_asigna='300313' AND status IN ('0','3','B') [1][0] OK
C:[19/02/2018 10:01:24.05][172.16.4.254][1365] SELECT c_asigna FROM dace004 WHERE exp_e='11-20137992' AND c_asigna='300222' AND status IN ('0','3','B') [1][0] OK
C:[19/02/2018 10:01:24.05][172.16.4.254][1365] SELECT c_asigna FROM dace004 WHERE exp_e='11-20137992' AND c_asigna='300226' AND status IN ('0','3','B') [1][0] OK
C:[19/02/2018 10:01:24.05][172.16.4.254][1365] SELECT c_asigna FROM dace004 WHERE exp_e='11-20137992' AND c_asigna='300209' AND status IN ('0','3','B') [1][0] OK
C:[19/02/2018 10:01:24.05][172.16.4.254][1352] SELECT pre_cod_asig1,pre_cod_asig2,pre_cod_asig3,pre_cod_asig4,pre_cod_asig5,pre_cod_asig6,pre_cod_asig7 FROM tblaca009 WHERE pensum='5' AND c_uni_ca='3' AND c_asigna='310548' [1][0] OK
C:[19/02/2018 10:01:24.05][172.16.4.254][1365] SELECT c_asigna FROM dace004 WHERE exp_e='11-20137992' AND c_asigna='300428' AND status IN ('0','3','B') [1][0] OK
C:[19/02/2018 10:01:24.05][172.16.4.254][1365] SELECT c_asigna FROM dace004 WHERE exp_e='11-20137992' AND c_asigna='300313' AND status IN ('0','3','B') [1][0] OK
C:[19/02/2018 10:01:24.05][172.16.4.254][1365] SELECT c_asigna FROM dace004 WHERE exp_e='11-20137992' AND c_asigna='300222' AND status IN ('0','3','B') [1][0] OK
C:[19/02/2018 10:01:24.05][172.16.4.254][1365] SELECT c_asigna FROM dace004 WHERE exp_e='11-20137992' AND c_asigna='300226' AND status IN ('0','3','B') [1][0] OK
C:[19/02/2018 10:01:24.05][172.16.4.254][1365] SELECT c_asigna FROM dace004 WHERE exp_e='11-20137992' AND c_asigna='300209' AND status IN ('0','3','B') [1][0] OK
C:[19/02/2018 10:01:24.05][172.16.4.254][1352] SELECT pre_cod_asig1,pre_cod_asig2,pre_cod_asig3,pre_cod_asig4,pre_cod_asig5,pre_cod_asig6,pre_cod_asig7 FROM tblaca009 WHERE pensum='5' AND c_uni_ca='3' AND c_asigna='314787' [1][0] OK
C:[19/02/2018 10:01:24.05][172.16.4.254][1365] SELECT c_asigna FROM dace004 WHERE exp_e='11-20137992' AND c_asigna='314662' AND status IN ('0','3','B') [1][0] OK
C:[19/02/2018 10:01:25.06][172.16.4.254][1396] SELECT par_cod_asig1,par_cod_asig2,par_cod_asig3 FROM tblaca009 WHERE pensum='5' AND c_uni_ca='3' AND c_asigna='311430' [1][0] OK
C:[19/02/2018 10:01:25.06][172.16.4.254][1396] SELECT par_cod_asig1,par_cod_asig2,par_cod_asig3 FROM tblaca009 WHERE pensum='5' AND c_uni_ca='3' AND c_asigna='310548' [1][0] OK
C:[19/02/2018 10:01:25.06][172.16.4.254][1396] SELECT par_cod_asig1,par_cod_asig2,par_cod_asig3 FROM tblaca009 WHERE pensum='5' AND c_uni_ca='3' AND c_asigna='314787' [1][0] OK
C:[19/02/2018 10:01:25.45][172.16.4.254][1526] SELECT horas_lab FROM tblaca008 WHERE c_asigna='311430' AND horas_teoricas > 0 [1][0] OK
C:[19/02/2018 10:01:25.45][172.16.4.254][1526] SELECT horas_lab FROM tblaca008 WHERE c_asigna='310548' AND horas_teoricas > 0 [1][0] OK
C:[19/02/2018 10:01:25.45][172.16.4.254][1526] SELECT horas_lab FROM tblaca008 WHERE c_asigna='314787' AND horas_teoricas > 0 [1][0] OK
C:[19/02/2018 10:16:56.89][172.16.4.254][1352] SELECT pre_cod_asig1,pre_cod_asig2,pre_cod_asig3,pre_cod_asig4,pre_cod_asig5,pre_cod_asig6,pre_cod_asig7 FROM tblaca009 WHERE pensum='5' AND c_uni_ca='3' AND c_asigna='300428' [1][0] OK
C:[19/02/2018 10:16:56.89][172.16.4.254][1365] SELECT c_asigna FROM dace004 WHERE exp_e='13-27219852' AND c_asigna='300317' AND status IN ('0','3','B') [1][0] OK
C:[19/02/2018 10:16:56.89][172.16.4.254][1365] SELECT c_asigna FROM dace004 WHERE exp_e='13-27219852' AND c_asigna='300209' AND status IN ('0','3','B') [1][0] OK
C:[19/02/2018 10:16:56.89][172.16.4.254][1352] SELECT pre_cod_asig1,pre_cod_asig2,pre_cod_asig3,pre_cod_asig4,pre_cod_asig5,pre_cod_asig6,pre_cod_asig7 FROM tblaca009 WHERE pensum='5' AND c_uni_ca='3' AND c_asigna='311430' [1][0] OK
C:[19/02/2018 10:16:56.89][172.16.4.254][1365] SELECT c_asigna FROM dace004 WHERE exp_e='13-27219852' AND c_asigna='300317' AND status IN ('0','3','B') [1][0] OK
C:[19/02/2018 10:16:56.89][172.16.4.254][1365] SELECT c_asigna FROM dace004 WHERE exp_e='13-27219852' AND c_asigna='300318' AND status IN ('0','3','B') [1][0] OK
C:[19/02/2018 10:16:56.89][172.16.4.254][1365] SELECT c_asigna FROM dace004 WHERE exp_e='13-27219852' AND c_asigna='300313' AND status IN ('0','3','B') [1][0] OK
C:[19/02/2018 10:16:56.89][172.16.4.254][1365] SELECT c_asigna FROM dace004 WHERE exp_e='13-27219852' AND c_asigna='300222' AND status IN ('0','3','B') [1][0] OK
C:[19/02/2018 10:16:56.89][172.16.4.254][1365] SELECT c_asigna FROM dace004 WHERE exp_e='13-27219852' AND c_asigna='300226' AND status IN ('0','3','B') [1][0] OK
C:[19/02/2018 10:16:56.89][172.16.4.254][1365] SELECT c_asigna FROM dace004 WHERE exp_e='13-27219852' AND c_asigna='300209' AND status IN ('0','3','B') [1][0] OK
C:[19/02/2018 10:16:56.89][172.16.4.254][1352] SELECT pre_cod_asig1,pre_cod_asig2,pre_cod_asig3,pre_cod_asig4,pre_cod_asig5,pre_cod_asig6,pre_cod_asig7 FROM tblaca009 WHERE pensum='5' AND c_uni_ca='3' AND c_asigna='311431' [1][0] OK
C:[19/02/2018 10:16:56.89][172.16.4.254][1365] SELECT c_asigna FROM dace004 WHERE exp_e='13-27219852' AND c_asigna='311320' AND status IN ('0','3','B') [1][0] OK
C:[19/02/2018 10:16:56.89][172.16.4.254][1365] SELECT c_asigna FROM dace004 WHERE exp_e='13-27219852' AND c_asigna='300013' AND status IN ('0','3','B') [1][0] OK
C:[19/02/2018 10:16:56.89][172.16.4.254][1365] SELECT c_asigna FROM dace004 WHERE exp_e='13-27219852' AND c_asigna='300113' AND status IN ('0','3','B') [1][0] OK
C:[19/02/2018 10:16:56.89][172.16.4.254][1365] SELECT c_asigna FROM dace004 WHERE exp_e='13-27219852' AND c_asigna='300222' AND status IN ('0','3','B') [1][0] OK
C:[19/02/2018 10:16:56.89][172.16.4.254][1365] SELECT c_asigna FROM dace004 WHERE exp_e='13-27219852' AND c_asigna='300226' AND status IN ('0','3','B') [1][0] OK
C:[19/02/2018 10:16:56.89][172.16.4.254][1365] SELECT c_asigna FROM dace004 WHERE exp_e='13-27219852' AND c_asigna='300317' AND status IN ('0','3','B') [1][0] OK
C:[19/02/2018 10:16:56.89][172.16.4.254][1365] SELECT c_asigna FROM dace004 WHERE exp_e='13-27219852' AND c_asigna='300318' AND status IN ('0','3','B') [1][0] OK
C:[19/02/2018 10:16:56.89][172.16.4.254][1352] SELECT pre_cod_asig1,pre_cod_asig2,pre_cod_asig3,pre_cod_asig4,pre_cod_asig5,pre_cod_asig6,pre_cod_asig7 FROM tblaca009 WHERE pensum='5' AND c_uni_ca='3' AND c_asigna='311434' [1][0] OK
C:[19/02/2018 10:16:56.89][172.16.4.254][1365] SELECT c_asigna FROM dace004 WHERE exp_e='13-27219852' AND c_asigna='311320' AND status IN ('0','3','B') [1][0] OK
C:[19/02/2018 10:16:56.89][172.16.4.254][1365] SELECT c_asigna FROM dace004 WHERE exp_e='13-27219852' AND c_asigna='300013' AND status IN ('0','3','B') [1][0] OK
C:[19/02/2018 10:16:56.89][172.16.4.254][1365] SELECT c_asigna FROM dace004 WHERE exp_e='13-27219852' AND c_asigna='300113' AND status IN ('0','3','B') [1][0] OK
C:[19/02/2018 10:16:56.89][172.16.4.254][1365] SELECT c_asigna FROM dace004 WHERE exp_e='13-27219852' AND c_asigna='300222' AND status IN ('0','3','B') [1][0] OK
C:[19/02/2018 10:16:56.89][172.16.4.254][1365] SELECT c_asigna FROM dace004 WHERE exp_e='13-27219852' AND c_asigna='300226' AND status IN ('0','3','B') [1][0] OK
C:[19/02/2018 10:16:56.89][172.16.4.254][1365] SELECT c_asigna FROM dace004 WHERE exp_e='13-27219852' AND c_asigna='300317' AND status IN ('0','3','B') [1][0] OK
C:[19/02/2018 10:16:56.89][172.16.4.254][1365] SELECT c_asigna FROM dace004 WHERE exp_e='13-27219852' AND c_asigna='300318' AND status IN ('0','3','B') [1][0] OK
C:[19/02/2018 10:16:56.89][172.16.4.254][1352] SELECT pre_cod_asig1,pre_cod_asig2,pre_cod_asig3,pre_cod_asig4,pre_cod_asig5,pre_cod_asig6,pre_cod_asig7 FROM tblaca009 WHERE pensum='5' AND c_uni_ca='3' AND c_asigna='311552' [1][0] OK
C:[19/02/2018 10:16:56.89][172.16.4.254][1365] SELECT c_asigna FROM dace004 WHERE exp_e='13-27219852' AND c_asigna='300317' AND status IN ('0','3','B') [1][0] OK
C:[19/02/2018 10:16:56.89][172.16.4.254][1365] SELECT c_asigna FROM dace004 WHERE exp_e='13-27219852' AND c_asigna='300209' AND status IN ('0','3','B') [1][0] OK
C:[19/02/2018 10:16:56.89][172.16.4.254][1352] SELECT pre_cod_asig1,pre_cod_asig2,pre_cod_asig3,pre_cod_asig4,pre_cod_asig5,pre_cod_asig6,pre_cod_asig7 FROM tblaca009 WHERE pensum='5' AND c_uni_ca='3' AND c_asigna='300422' [1][0] OK
C:[19/02/2018 10:16:56.89][172.16.4.254][1365] SELECT c_asigna FROM dace004 WHERE exp_e='13-27219852' AND c_asigna='300105' AND status IN ('0','3','B') [1][0] OK
C:[19/02/2018 10:16:56.89][172.16.4.254][1365] SELECT c_asigna FROM dace004 WHERE exp_e='13-27219852' AND c_asigna='300314' AND status IN ('0','3','B') [1][0] OK
C:[19/02/2018 10:16:57.89][172.16.4.254][1396] SELECT par_cod_asig1,par_cod_asig2,par_cod_asig3 FROM tblaca009 WHERE pensum='5' AND c_uni_ca='3' AND c_asigna='300428' [1][0] OK
C:[19/02/2018 10:16:57.89][172.16.4.254][1396] SELECT par_cod_asig1,par_cod_asig2,par_cod_asig3 FROM tblaca009 WHERE pensum='5' AND c_uni_ca='3' AND c_asigna='311430' [1][0] OK
C:[19/02/2018 10:16:57.89][172.16.4.254][1396] SELECT par_cod_asig1,par_cod_asig2,par_cod_asig3 FROM tblaca009 WHERE pensum='5' AND c_uni_ca='3' AND c_asigna='311431' [1][0] OK
C:[19/02/2018 10:16:57.89][172.16.4.254][1410] SELECT c_asigna FROM dace004 WHERE exp_e='13-27219852' AND c_asigna='311430' AND status IN ('0','3','B','C') [0][0] OK
C:[19/02/2018 10:16:57.89][172.16.4.254][1396] SELECT par_cod_asig1,par_cod_asig2,par_cod_asig3 FROM tblaca009 WHERE pensum='5' AND c_uni_ca='3' AND c_asigna='311434' [1][0] OK
C:[19/02/2018 10:16:57.89][172.16.4.254][1410] SELECT c_asigna FROM dace004 WHERE exp_e='13-27219852' AND c_asigna='311431' AND status IN ('0','3','B','C') [0][0] OK
C:[19/02/2018 10:16:57.89][172.16.4.254][1396] SELECT par_cod_asig1,par_cod_asig2,par_cod_asig3 FROM tblaca009 WHERE pensum='5' AND c_uni_ca='3' AND c_asigna='311552' [1][0] OK
C:[19/02/2018 10:16:57.89][172.16.4.254][1396] SELECT par_cod_asig1,par_cod_asig2,par_cod_asig3 FROM tblaca009 WHERE pensum='5' AND c_uni_ca='3' AND c_asigna='300422' [1][0] OK
C:[19/02/2018 10:16:58.91][172.16.4.254][1526] SELECT horas_lab FROM tblaca008 WHERE c_asigna='300428' AND horas_teoricas > 0 [1][0] OK
C:[19/02/2018 10:16:58.91][172.16.4.254][1526] SELECT horas_lab FROM tblaca008 WHERE c_asigna='311430' AND horas_teoricas > 0 [1][0] OK
C:[19/02/2018 10:16:58.91][172.16.4.254][1526] SELECT horas_lab FROM tblaca008 WHERE c_asigna='311431' AND horas_teoricas > 0 [1][0] OK
C:[19/02/2018 10:16:58.91][172.16.4.254][1526] SELECT horas_lab FROM tblaca008 WHERE c_asigna='311434' AND horas_teoricas > 0 [0][0] OK
C:[19/02/2018 10:16:58.91][172.16.4.254][1526] SELECT horas_lab FROM tblaca008 WHERE c_asigna='311552' AND horas_teoricas > 0 [1][0] OK
C:[19/02/2018 11:08:04.25][172.16.4.254][1352] SELECT pre_cod_asig1,pre_cod_asig2,pre_cod_asig3,pre_cod_asig4,pre_cod_asig5,pre_cod_asig6,pre_cod_asig7 FROM tblaca009 WHERE pensum='5' AND c_uni_ca='5' AND c_asigna='300313' [1][0] OK
C:[19/02/2018 11:08:04.25][172.16.4.254][1365] SELECT c_asigna FROM dace004 WHERE exp_e='15-26119479' AND c_asigna='300213' AND status IN ('0','3','B') [1][0] OK
C:[19/02/2018 11:08:04.25][172.16.4.254][1365] SELECT c_asigna FROM dace004 WHERE exp_e='15-26119479' AND c_asigna='300226' AND status IN ('0','3','B') [1][0] OK
C:[19/02/2018 11:08:04.25][172.16.4.254][1365] SELECT c_asigna FROM dace004 WHERE exp_e='15-26119479' AND c_asigna='300222' AND status IN ('0','3','B') [1][0] OK
C:[19/02/2018 11:08:04.25][172.16.4.254][1365] SELECT c_asigna FROM dace004 WHERE exp_e='15-26119479' AND c_asigna='300209' AND status IN ('0','3','B') [1][0] OK
C:[19/02/2018 11:08:04.25][172.16.4.254][1352] SELECT pre_cod_asig1,pre_cod_asig2,pre_cod_asig3,pre_cod_asig4,pre_cod_asig5,pre_cod_asig6,pre_cod_asig7 FROM tblaca009 WHERE pensum='5' AND c_uni_ca='5' AND c_asigna='351330' [1][0] OK
C:[19/02/2018 11:08:04.25][172.16.4.254][1365] SELECT c_asigna FROM dace004 WHERE exp_e='15-26119479' AND c_asigna='300218' AND status IN ('0','3','B') [1][0] OK
C:[19/02/2018 11:08:04.25][172.16.4.254][1352] SELECT pre_cod_asig1,pre_cod_asig2,pre_cod_asig3,pre_cod_asig4,pre_cod_asig5,pre_cod_asig6,pre_cod_asig7 FROM tblaca009 WHERE pensum='5' AND c_uni_ca='5' AND c_asigna='300428' [1][0] OK
C:[19/02/2018 11:08:04.25][172.16.4.254][1365] SELECT c_asigna FROM dace004 WHERE exp_e='15-26119479' AND c_asigna='300317' AND status IN ('0','3','B') [1][0] OK
C:[19/02/2018 11:08:04.25][172.16.4.254][1365] SELECT c_asigna FROM dace004 WHERE exp_e='15-26119479' AND c_asigna='300209' AND status IN ('0','3','B') [1][0] OK
C:[19/02/2018 11:08:04.25][172.16.4.254][1352] SELECT pre_cod_asig1,pre_cod_asig2,pre_cod_asig3,pre_cod_asig4,pre_cod_asig5,pre_cod_asig6,pre_cod_asig7 FROM tblaca009 WHERE pensum='5' AND c_uni_ca='5' AND c_asigna='352440' [1][0] OK
C:[19/02/2018 11:08:04.25][172.16.4.254][1365] SELECT c_asigna FROM dace004 WHERE exp_e='15-26119479' AND c_asigna='300317' AND status IN ('0','3','B') [1][0] OK
C:[19/02/2018 11:08:04.25][172.16.4.254][1365] SELECT c_asigna FROM dace004 WHERE exp_e='15-26119479' AND c_asigna='300013' AND status IN ('0','3','B') [1][0] OK
C:[19/02/2018 11:08:04.25][172.16.4.254][1365] SELECT c_asigna FROM dace004 WHERE exp_e='15-26119479' AND c_asigna='300113' AND status IN ('0','3','B') [1][0] OK
C:[19/02/2018 11:08:04.25][172.16.4.254][1352] SELECT pre_cod_asig1,pre_cod_asig2,pre_cod_asig3,pre_cod_asig4,pre_cod_asig5,pre_cod_asig6,pre_cod_asig7 FROM tblaca009 WHERE pensum='5' AND c_uni_ca='5' AND c_asigna='355350' [1][0] OK
C:[19/02/2018 11:08:04.25][172.16.4.254][1365] SELECT c_asigna FROM dace004 WHERE exp_e='15-26119479' AND c_asigna='300207' AND status IN ('0','3','B') [1][0] OK
C:[19/02/2018 11:08:04.25][172.16.4.254][1365] SELECT c_asigna FROM dace004 WHERE exp_e='15-26119479' AND c_asigna='300228' AND status IN ('0','3','B') [1][0] OK
C:[19/02/2018 11:08:04.59][172.16.4.254][1396] SELECT par_cod_asig1,par_cod_asig2,par_cod_asig3 FROM tblaca009 WHERE pensum='5' AND c_uni_ca='5' AND c_asigna='300313' [1][0] OK
C:[19/02/2018 11:08:04.59][172.16.4.254][1396] SELECT par_cod_asig1,par_cod_asig2,par_cod_asig3 FROM tblaca009 WHERE pensum='5' AND c_uni_ca='5' AND c_asigna='351330' [1][0] OK
C:[19/02/2018 11:08:04.59][172.16.4.254][1410] SELECT c_asigna FROM dace004 WHERE exp_e='15-26119479' AND c_asigna='300318' AND status IN ('0','3','B','C') [1][0] OK
C:[19/02/2018 11:08:04.59][172.16.4.254][1410] SELECT c_asigna FROM dace004 WHERE exp_e='15-26119479' AND c_asigna='300317' AND status IN ('0','3','B','C') [1][0] OK
C:[19/02/2018 11:08:04.59][172.16.4.254][1396] SELECT par_cod_asig1,par_cod_asig2,par_cod_asig3 FROM tblaca009 WHERE pensum='5' AND c_uni_ca='5' AND c_asigna='300428' [1][0] OK
C:[19/02/2018 11:08:04.59][172.16.4.254][1396] SELECT par_cod_asig1,par_cod_asig2,par_cod_asig3 FROM tblaca009 WHERE pensum='5' AND c_uni_ca='5' AND c_asigna='352440' [1][0] OK
C:[19/02/2018 11:08:04.59][172.16.4.254][1396] SELECT par_cod_asig1,par_cod_asig2,par_cod_asig3 FROM tblaca009 WHERE pensum='5' AND c_uni_ca='5' AND c_asigna='355350' [1][0] OK
C:[19/02/2018 11:08:04.27][172.16.4.254][1526] SELECT horas_lab FROM tblaca008 WHERE c_asigna='300313' AND horas_teoricas > 0 [1][0] OK
C:[19/02/2018 11:08:04.27][172.16.4.254][1526] SELECT horas_lab FROM tblaca008 WHERE c_asigna='351330' AND horas_teoricas > 0 [1][0] OK
C:[19/02/2018 11:08:04.27][172.16.4.254][1526] SELECT horas_lab FROM tblaca008 WHERE c_asigna='300428' AND horas_teoricas > 0 [1][0] OK
C:[19/02/2018 11:08:04.27][172.16.4.254][1526] SELECT horas_lab FROM tblaca008 WHERE c_asigna='352440' AND horas_teoricas > 0 [1][0] OK
C:[19/02/2018 11:37:36.00][172.16.4.254][1352] SELECT pre_cod_asig1,pre_cod_asig2,pre_cod_asig3,pre_cod_asig4,pre_cod_asig5,pre_cod_asig6,pre_cod_asig7 FROM tblaca009 WHERE pensum='5' AND c_uni_ca='3' AND c_asigna='300422' [1][0] OK
C:[19/02/2018 11:37:36.00][172.16.4.254][1365] SELECT c_asigna FROM dace004 WHERE exp_e='15-25745702' AND c_asigna='300105' AND status IN ('0','3','B') [1][0] OK
C:[19/02/2018 11:37:36.00][172.16.4.254][1365] SELECT c_asigna FROM dace004 WHERE exp_e='15-25745702' AND c_asigna='300314' AND status IN ('0','3','B') [1][0] OK
C:[19/02/2018 11:37:36.00][172.16.4.254][1352] SELECT pre_cod_asig1,pre_cod_asig2,pre_cod_asig3,pre_cod_asig4,pre_cod_asig5,pre_cod_asig6,pre_cod_asig7 FROM tblaca009 WHERE pensum='5' AND c_uni_ca='3' AND c_asigna='300428' [1][0] OK
C:[19/02/2018 11:37:36.00][172.16.4.254][1365] SELECT c_asigna FROM dace004 WHERE exp_e='15-25745702' AND c_asigna='300317' AND status IN ('0','3','B') [1][0] OK
C:[19/02/2018 11:37:36.00][172.16.4.254][1365] SELECT c_asigna FROM dace004 WHERE exp_e='15-25745702' AND c_asigna='300209' AND status IN ('0','3','B') [1][0] OK
C:[19/02/2018 11:37:36.00][172.16.4.254][1352] SELECT pre_cod_asig1,pre_cod_asig2,pre_cod_asig3,pre_cod_asig4,pre_cod_asig5,pre_cod_asig6,pre_cod_asig7 FROM tblaca009 WHERE pensum='5' AND c_uni_ca='3' AND c_asigna='311430' [1][0] OK
C:[19/02/2018 11:37:36.00][172.16.4.254][1365] SELECT c_asigna FROM dace004 WHERE exp_e='15-25745702' AND c_asigna='300317' AND status IN ('0','3','B') [1][0] OK
C:[19/02/2018 11:37:36.00][172.16.4.254][1365] SELECT c_asigna FROM dace004 WHERE exp_e='15-25745702' AND c_asigna='300318' AND status IN ('0','3','B') [1][0] OK
C:[19/02/2018 11:37:36.00][172.16.4.254][1365] SELECT c_asigna FROM dace004 WHERE exp_e='15-25745702' AND c_asigna='300313' AND status IN ('0','3','B') [1][0] OK
C:[19/02/2018 11:37:36.00][172.16.4.254][1365] SELECT c_asigna FROM dace004 WHERE exp_e='15-25745702' AND c_asigna='300222' AND status IN ('0','3','B') [1][0] OK
C:[19/02/2018 11:37:36.00][172.16.4.254][1365] SELECT c_asigna FROM dace004 WHERE exp_e='15-25745702' AND c_asigna='300226' AND status IN ('0','3','B') [1][0] OK
C:[19/02/2018 11:37:36.00][172.16.4.254][1365] SELECT c_asigna FROM dace004 WHERE exp_e='15-25745702' AND c_asigna='300209' AND status IN ('0','3','B') [1][0] OK
C:[19/02/2018 11:37:36.00][172.16.4.254][1352] SELECT pre_cod_asig1,pre_cod_asig2,pre_cod_asig3,pre_cod_asig4,pre_cod_asig5,pre_cod_asig6,pre_cod_asig7 FROM tblaca009 WHERE pensum='5' AND c_uni_ca='3' AND c_asigna='311431' [1][0] OK
C:[19/02/2018 11:37:36.00][172.16.4.254][1365] SELECT c_asigna FROM dace004 WHERE exp_e='15-25745702' AND c_asigna='311320' AND status IN ('0','3','B') [1][0] OK
C:[19/02/2018 11:37:36.00][172.16.4.254][1365] SELECT c_asigna FROM dace004 WHERE exp_e='15-25745702' AND c_asigna='300013' AND status IN ('0','3','B') [1][0] OK
C:[19/02/2018 11:37:36.00][172.16.4.254][1365] SELECT c_asigna FROM dace004 WHERE exp_e='15-25745702' AND c_asigna='300113' AND status IN ('0','3','B') [1][0] OK
C:[19/02/2018 11:37:36.00][172.16.4.254][1365] SELECT c_asigna FROM dace004 WHERE exp_e='15-25745702' AND c_asigna='300222' AND status IN ('0','3','B') [1][0] OK
C:[19/02/2018 11:37:36.00][172.16.4.254][1365] SELECT c_asigna FROM dace004 WHERE exp_e='15-25745702' AND c_asigna='300226' AND status IN ('0','3','B') [1][0] OK
C:[19/02/2018 11:37:36.00][172.16.4.254][1365] SELECT c_asigna FROM dace004 WHERE exp_e='15-25745702' AND c_asigna='300317' AND status IN ('0','3','B') [1][0] OK
C:[19/02/2018 11:37:36.00][172.16.4.254][1365] SELECT c_asigna FROM dace004 WHERE exp_e='15-25745702' AND c_asigna='300318' AND status IN ('0','3','B') [1][0] OK
C:[19/02/2018 11:37:36.00][172.16.4.254][1352] SELECT pre_cod_asig1,pre_cod_asig2,pre_cod_asig3,pre_cod_asig4,pre_cod_asig5,pre_cod_asig6,pre_cod_asig7 FROM tblaca009 WHERE pensum='5' AND c_uni_ca='3' AND c_asigna='311434' [1][0] OK
C:[19/02/2018 11:37:36.00][172.16.4.254][1365] SELECT c_asigna FROM dace004 WHERE exp_e='15-25745702' AND c_asigna='311320' AND status IN ('0','3','B') [1][0] OK
C:[19/02/2018 11:37:36.00][172.16.4.254][1365] SELECT c_asigna FROM dace004 WHERE exp_e='15-25745702' AND c_asigna='300013' AND status IN ('0','3','B') [1][0] OK
C:[19/02/2018 11:37:36.00][172.16.4.254][1365] SELECT c_asigna FROM dace004 WHERE exp_e='15-25745702' AND c_asigna='300113' AND status IN ('0','3','B') [1][0] OK
C:[19/02/2018 11:37:36.00][172.16.4.254][1365] SELECT c_asigna FROM dace004 WHERE exp_e='15-25745702' AND c_asigna='300222' AND status IN ('0','3','B') [1][0] OK
C:[19/02/2018 11:37:36.00][172.16.4.254][1365] SELECT c_asigna FROM dace004 WHERE exp_e='15-25745702' AND c_asigna='300226' AND status IN ('0','3','B') [1][0] OK
C:[19/02/2018 11:37:36.00][172.16.4.254][1365] SELECT c_asigna FROM dace004 WHERE exp_e='15-25745702' AND c_asigna='300317' AND status IN ('0','3','B') [1][0] OK
C:[19/02/2018 11:37:36.00][172.16.4.254][1365] SELECT c_asigna FROM dace004 WHERE exp_e='15-25745702' AND c_asigna='300318' AND status IN ('0','3','B') [1][0] OK
C:[19/02/2018 11:37:36.00][172.16.4.254][1352] SELECT pre_cod_asig1,pre_cod_asig2,pre_cod_asig3,pre_cod_asig4,pre_cod_asig5,pre_cod_asig6,pre_cod_asig7 FROM tblaca009 WHERE pensum='5' AND c_uni_ca='3' AND c_asigna='312444' [1][0] OK
C:[19/02/2018 11:37:36.00][172.16.4.254][1365] SELECT c_asigna FROM dace004 WHERE exp_e='15-25745702' AND c_asigna='312333' AND status IN ('0','3','B') [1][0] OK
C:[19/02/2018 11:37:36.00][172.16.4.254][1352] SELECT pre_cod_asig1,pre_cod_asig2,pre_cod_asig3,pre_cod_asig4,pre_cod_asig5,pre_cod_asig6,pre_cod_asig7 FROM tblaca009 WHERE pensum='5' AND c_uni_ca='3' AND c_asigna='311552' [1][0] OK
C:[19/02/2018 11:37:36.00][172.16.4.254][1365] SELECT c_asigna FROM dace004 WHERE exp_e='15-25745702' AND c_asigna='300317' AND status IN ('0','3','B') [1][0] OK
C:[19/02/2018 11:37:36.00][172.16.4.254][1365] SELECT c_asigna FROM dace004 WHERE exp_e='15-25745702' AND c_asigna='300209' AND status IN ('0','3','B') [1][0] OK
C:[19/02/2018 11:37:37.74][172.16.4.254][1396] SELECT par_cod_asig1,par_cod_asig2,par_cod_asig3 FROM tblaca009 WHERE pensum='5' AND c_uni_ca='3' AND c_asigna='300422' [1][0] OK
C:[19/02/2018 11:37:37.74][172.16.4.254][1396] SELECT par_cod_asig1,par_cod_asig2,par_cod_asig3 FROM tblaca009 WHERE pensum='5' AND c_uni_ca='3' AND c_asigna='300428' [1][0] OK
C:[19/02/2018 11:37:37.74][172.16.4.254][1396] SELECT par_cod_asig1,par_cod_asig2,par_cod_asig3 FROM tblaca009 WHERE pensum='5' AND c_uni_ca='3' AND c_asigna='311430' [1][0] OK
C:[19/02/2018 11:37:37.74][172.16.4.254][1396] SELECT par_cod_asig1,par_cod_asig2,par_cod_asig3 FROM tblaca009 WHERE pensum='5' AND c_uni_ca='3' AND c_asigna='311431' [1][0] OK
C:[19/02/2018 11:37:37.74][172.16.4.254][1410] SELECT c_asigna FROM dace004 WHERE exp_e='15-25745702' AND c_asigna='311430' AND status IN ('0','3','B','C') [0][0] OK
C:[19/02/2018 11:37:37.74][172.16.4.254][1396] SELECT par_cod_asig1,par_cod_asig2,par_cod_asig3 FROM tblaca009 WHERE pensum='5' AND c_uni_ca='3' AND c_asigna='311434' [1][0] OK
C:[19/02/2018 11:37:37.74][172.16.4.254][1410] SELECT c_asigna FROM dace004 WHERE exp_e='15-25745702' AND c_asigna='311431' AND status IN ('0','3','B','C') [0][0] OK
C:[19/02/2018 11:37:37.74][172.16.4.254][1396] SELECT par_cod_asig1,par_cod_asig2,par_cod_asig3 FROM tblaca009 WHERE pensum='5' AND c_uni_ca='3' AND c_asigna='312444' [1][0] OK
C:[19/02/2018 11:37:37.74][172.16.4.254][1396] SELECT par_cod_asig1,par_cod_asig2,par_cod_asig3 FROM tblaca009 WHERE pensum='5' AND c_uni_ca='3' AND c_asigna='311552' [1][0] OK
C:[19/02/2018 11:37:37.83][172.16.4.254][1526] SELECT horas_lab FROM tblaca008 WHERE c_asigna='300422' AND horas_teoricas > 0 [0][0] OK
C:[19/02/2018 11:37:37.83][172.16.4.254][1526] SELECT horas_lab FROM tblaca008 WHERE c_asigna='300428' AND horas_teoricas > 0 [1][0] OK
C:[19/02/2018 11:37:37.83][172.16.4.254][1526] SELECT horas_lab FROM tblaca008 WHERE c_asigna='311430' AND horas_teoricas > 0 [1][0] OK
C:[19/02/2018 11:37:37.83][172.16.4.254][1526] SELECT horas_lab FROM tblaca008 WHERE c_asigna='311431' AND horas_teoricas > 0 [1][0] OK
C:[19/02/2018 11:37:37.83][172.16.4.254][1526] SELECT horas_lab FROM tblaca008 WHERE c_asigna='311434' AND horas_teoricas > 0 [0][0] OK
C:[19/02/2018 11:37:37.83][172.16.4.254][1526] SELECT horas_lab FROM tblaca008 WHERE c_asigna='312444' AND horas_teoricas > 0 [1][0] OK
C:[19/02/2018 11:37:37.83][172.16.4.254][1526] SELECT horas_lab FROM tblaca008 WHERE c_asigna='311552' AND horas_teoricas > 0 [1][0] OK
C:[19/02/2018 11:42:19.86][172.16.4.254][1352] SELECT pre_cod_asig1,pre_cod_asig2,pre_cod_asig3,pre_cod_asig4,pre_cod_asig5,pre_cod_asig6,pre_cod_asig7 FROM tblaca009 WHERE pensum='5' AND c_uni_ca='3' AND c_asigna='300422' [1][0] OK
C:[19/02/2018 11:42:19.86][172.16.4.254][1365] SELECT c_asigna FROM dace004 WHERE exp_e='15-26269019' AND c_asigna='300105' AND status IN ('0','3','B') [1][0] OK
C:[19/02/2018 11:42:19.86][172.16.4.254][1365] SELECT c_asigna FROM dace004 WHERE exp_e='15-26269019' AND c_asigna='300314' AND status IN ('0','3','B') [1][0] OK
C:[19/02/2018 11:42:19.86][172.16.4.254][1352] SELECT pre_cod_asig1,pre_cod_asig2,pre_cod_asig3,pre_cod_asig4,pre_cod_asig5,pre_cod_asig6,pre_cod_asig7 FROM tblaca009 WHERE pensum='5' AND c_uni_ca='3' AND c_asigna='311430' [1][0] OK
C:[19/02/2018 11:42:19.86][172.16.4.254][1365] SELECT c_asigna FROM dace004 WHERE exp_e='15-26269019' AND c_asigna='300317' AND status IN ('0','3','B') [1][0] OK
C:[19/02/2018 11:42:19.86][172.16.4.254][1365] SELECT c_asigna FROM dace004 WHERE exp_e='15-26269019' AND c_asigna='300318' AND status IN ('0','3','B') [1][0] OK
C:[19/02/2018 11:42:19.86][172.16.4.254][1365] SELECT c_asigna FROM dace004 WHERE exp_e='15-26269019' AND c_asigna='300313' AND status IN ('0','3','B') [1][0] OK
C:[19/02/2018 11:42:19.86][172.16.4.254][1365] SELECT c_asigna FROM dace004 WHERE exp_e='15-26269019' AND c_asigna='300222' AND status IN ('0','3','B') [1][0] OK
C:[19/02/2018 11:42:19.86][172.16.4.254][1365] SELECT c_asigna FROM dace004 WHERE exp_e='15-26269019' AND c_asigna='300226' AND status IN ('0','3','B') [1][0] OK
C:[19/02/2018 11:42:19.86][172.16.4.254][1365] SELECT c_asigna FROM dace004 WHERE exp_e='15-26269019' AND c_asigna='300209' AND status IN ('0','3','B') [1][0] OK
C:[19/02/2018 11:42:19.86][172.16.4.254][1352] SELECT pre_cod_asig1,pre_cod_asig2,pre_cod_asig3,pre_cod_asig4,pre_cod_asig5,pre_cod_asig6,pre_cod_asig7 FROM tblaca009 WHERE pensum='5' AND c_uni_ca='3' AND c_asigna='311431' [1][0] OK
C:[19/02/2018 11:42:19.86][172.16.4.254][1365] SELECT c_asigna FROM dace004 WHERE exp_e='15-26269019' AND c_asigna='311320' AND status IN ('0','3','B') [1][0] OK
C:[19/02/2018 11:42:19.86][172.16.4.254][1365] SELECT c_asigna FROM dace004 WHERE exp_e='15-26269019' AND c_asigna='300013' AND status IN ('0','3','B') [1][0] OK
C:[19/02/2018 11:42:19.86][172.16.4.254][1365] SELECT c_asigna FROM dace004 WHERE exp_e='15-26269019' AND c_asigna='300113' AND status IN ('0','3','B') [1][0] OK
C:[19/02/2018 11:42:19.86][172.16.4.254][1365] SELECT c_asigna FROM dace004 WHERE exp_e='15-26269019' AND c_asigna='300222' AND status IN ('0','3','B') [1][0] OK
C:[19/02/2018 11:42:19.86][172.16.4.254][1365] SELECT c_asigna FROM dace004 WHERE exp_e='15-26269019' AND c_asigna='300226' AND status IN ('0','3','B') [1][0] OK
C:[19/02/2018 11:42:19.86][172.16.4.254][1365] SELECT c_asigna FROM dace004 WHERE exp_e='15-26269019' AND c_asigna='300317' AND status IN ('0','3','B') [1][0] OK
C:[19/02/2018 11:42:19.86][172.16.4.254][1365] SELECT c_asigna FROM dace004 WHERE exp_e='15-26269019' AND c_asigna='300318' AND status IN ('0','3','B') [1][0] OK
C:[19/02/2018 11:42:19.86][172.16.4.254][1352] SELECT pre_cod_asig1,pre_cod_asig2,pre_cod_asig3,pre_cod_asig4,pre_cod_asig5,pre_cod_asig6,pre_cod_asig7 FROM tblaca009 WHERE pensum='5' AND c_uni_ca='3' AND c_asigna='311434' [1][0] OK
C:[19/02/2018 11:42:19.86][172.16.4.254][1365] SELECT c_asigna FROM dace004 WHERE exp_e='15-26269019' AND c_asigna='311320' AND status IN ('0','3','B') [1][0] OK
C:[19/02/2018 11:42:19.86][172.16.4.254][1365] SELECT c_asigna FROM dace004 WHERE exp_e='15-26269019' AND c_asigna='300013' AND status IN ('0','3','B') [1][0] OK
C:[19/02/2018 11:42:19.86][172.16.4.254][1365] SELECT c_asigna FROM dace004 WHERE exp_e='15-26269019' AND c_asigna='300113' AND status IN ('0','3','B') [1][0] OK
C:[19/02/2018 11:42:19.86][172.16.4.254][1365] SELECT c_asigna FROM dace004 WHERE exp_e='15-26269019' AND c_asigna='300222' AND status IN ('0','3','B') [1][0] OK
C:[19/02/2018 11:42:19.86][172.16.4.254][1365] SELECT c_asigna FROM dace004 WHERE exp_e='15-26269019' AND c_asigna='300226' AND status IN ('0','3','B') [1][0] OK
C:[19/02/2018 11:42:19.86][172.16.4.254][1365] SELECT c_asigna FROM dace004 WHERE exp_e='15-26269019' AND c_asigna='300317' AND status IN ('0','3','B') [1][0] OK
C:[19/02/2018 11:42:19.86][172.16.4.254][1365] SELECT c_asigna FROM dace004 WHERE exp_e='15-26269019' AND c_asigna='300318' AND status IN ('0','3','B') [1][0] OK
C:[19/02/2018 11:42:19.86][172.16.4.254][1352] SELECT pre_cod_asig1,pre_cod_asig2,pre_cod_asig3,pre_cod_asig4,pre_cod_asig5,pre_cod_asig6,pre_cod_asig7 FROM tblaca009 WHERE pensum='5' AND c_uni_ca='3' AND c_asigna='312444' [1][0] OK
C:[19/02/2018 11:42:19.86][172.16.4.254][1365] SELECT c_asigna FROM dace004 WHERE exp_e='15-26269019' AND c_asigna='312333' AND status IN ('0','3','B') [1][0] OK
C:[19/02/2018 11:42:20.98][172.16.4.254][1396] SELECT par_cod_asig1,par_cod_asig2,par_cod_asig3 FROM tblaca009 WHERE pensum='5' AND c_uni_ca='3' AND c_asigna='300422' [1][0] OK
C:[19/02/2018 11:42:20.98][172.16.4.254][1396] SELECT par_cod_asig1,par_cod_asig2,par_cod_asig3 FROM tblaca009 WHERE pensum='5' AND c_uni_ca='3' AND c_asigna='311430' [1][0] OK
C:[19/02/2018 11:42:20.98][172.16.4.254][1396] SELECT par_cod_asig1,par_cod_asig2,par_cod_asig3 FROM tblaca009 WHERE pensum='5' AND c_uni_ca='3' AND c_asigna='311431' [1][0] OK
C:[19/02/2018 11:42:20.98][172.16.4.254][1410] SELECT c_asigna FROM dace004 WHERE exp_e='15-26269019' AND c_asigna='311430' AND status IN ('0','3','B','C') [0][0] OK
C:[19/02/2018 11:42:20.98][172.16.4.254][1396] SELECT par_cod_asig1,par_cod_asig2,par_cod_asig3 FROM tblaca009 WHERE pensum='5' AND c_uni_ca='3' AND c_asigna='311434' [1][0] OK
C:[19/02/2018 11:42:20.98][172.16.4.254][1410] SELECT c_asigna FROM dace004 WHERE exp_e='15-26269019' AND c_asigna='311431' AND status IN ('0','3','B','C') [0][0] OK
C:[19/02/2018 11:42:20.98][172.16.4.254][1396] SELECT par_cod_asig1,par_cod_asig2,par_cod_asig3 FROM tblaca009 WHERE pensum='5' AND c_uni_ca='3' AND c_asigna='312444' [1][0] OK
C:[19/02/2018 11:42:20.01][172.16.4.254][1526] SELECT horas_lab FROM tblaca008 WHERE c_asigna='300422' AND horas_teoricas > 0 [0][0] OK
C:[19/02/2018 11:42:20.01][172.16.4.254][1526] SELECT horas_lab FROM tblaca008 WHERE c_asigna='311430' AND horas_teoricas > 0 [1][0] OK
C:[19/02/2018 11:42:20.01][172.16.4.254][1526] SELECT horas_lab FROM tblaca008 WHERE c_asigna='311431' AND horas_teoricas > 0 [1][0] OK
C:[19/02/2018 11:42:20.01][172.16.4.254][1526] SELECT horas_lab FROM tblaca008 WHERE c_asigna='311434' AND horas_teoricas > 0 [0][0] OK
C:[19/02/2018 11:42:20.01][172.16.4.254][1526] SELECT horas_lab FROM tblaca008 WHERE c_asigna='312444' AND horas_teoricas > 0 [1][0] OK
C:[19/02/2018 13:17:12.53][172.16.4.40][1352] SELECT pre_cod_asig1,pre_cod_asig2,pre_cod_asig3,pre_cod_asig4,pre_cod_asig5,pre_cod_asig6,pre_cod_asig7 FROM tblaca009 WHERE pensum='5' AND c_uni_ca='2' AND c_asigna='300313' [1][0] OK
C:[19/02/2018 13:17:12.53][172.16.4.40][1365] SELECT c_asigna FROM dace004 WHERE exp_e='14-25901624' AND c_asigna='300213' AND status IN ('0','3','B') [1][0] OK
C:[19/02/2018 13:17:12.53][172.16.4.40][1365] SELECT c_asigna FROM dace004 WHERE exp_e='14-25901624' AND c_asigna='300226' AND status IN ('0','3','B') [1][0] OK
C:[19/02/2018 13:17:12.53][172.16.4.40][1365] SELECT c_asigna FROM dace004 WHERE exp_e='14-25901624' AND c_asigna='300209' AND status IN ('0','3','B') [1][0] OK
C:[19/02/2018 13:17:12.53][172.16.4.40][1352] SELECT pre_cod_asig1,pre_cod_asig2,pre_cod_asig3,pre_cod_asig4,pre_cod_asig5,pre_cod_asig6,pre_cod_asig7 FROM tblaca009 WHERE pensum='5' AND c_uni_ca='2' AND c_asigna='300422' [1][0] OK
C:[19/02/2018 13:17:12.53][172.16.4.40][1365] SELECT c_asigna FROM dace004 WHERE exp_e='14-25901624' AND c_asigna='300105' AND status IN ('0','3','B') [1][0] OK
C:[19/02/2018 13:17:12.53][172.16.4.40][1365] SELECT c_asigna FROM dace004 WHERE exp_e='14-25901624' AND c_asigna='300314' AND status IN ('0','3','B') [1][0] OK
C:[19/02/2018 13:17:12.53][172.16.4.40][1352] SELECT pre_cod_asig1,pre_cod_asig2,pre_cod_asig3,pre_cod_asig4,pre_cod_asig5,pre_cod_asig6,pre_cod_asig7 FROM tblaca009 WHERE pensum='5' AND c_uni_ca='2' AND c_asigna='300428' [1][0] OK
C:[19/02/2018 13:17:12.53][172.16.4.40][1365] SELECT c_asigna FROM dace004 WHERE exp_e='14-25901624' AND c_asigna='300317' AND status IN ('0','3','B') [1][0] OK
C:[19/02/2018 13:17:12.53][172.16.4.40][1365] SELECT c_asigna FROM dace004 WHERE exp_e='14-25901624' AND c_asigna='300209' AND status IN ('0','3','B') [1][0] OK
C:[19/02/2018 13:17:12.53][172.16.4.40][1352] SELECT pre_cod_asig1,pre_cod_asig2,pre_cod_asig3,pre_cod_asig4,pre_cod_asig5,pre_cod_asig6,pre_cod_asig7 FROM tblaca009 WHERE pensum='5' AND c_uni_ca='2' AND c_asigna='311561' [1][0] OK
C:[19/02/2018 13:17:12.53][172.16.4.40][1365] SELECT c_asigna FROM dace004 WHERE exp_e='14-25901624' AND c_asigna='300318' AND status IN ('0','3','B') [1][0] OK
C:[19/02/2018 13:17:12.53][172.16.4.40][1352] SELECT pre_cod_asig1,pre_cod_asig2,pre_cod_asig3,pre_cod_asig4,pre_cod_asig5,pre_cod_asig6,pre_cod_asig7 FROM tblaca009 WHERE pensum='5' AND c_uni_ca='2' AND c_asigna='322560' [1][0] OK
C:[19/02/2018 13:17:12.53][172.16.4.40][1352] SELECT pre_cod_asig1,pre_cod_asig2,pre_cod_asig3,pre_cod_asig4,pre_cod_asig5,pre_cod_asig6,pre_cod_asig7 FROM tblaca009 WHERE pensum='5' AND c_uni_ca='2' AND c_asigna='323528' [1][0] OK
C:[19/02/2018 13:17:12.71][172.16.4.40][1396] SELECT par_cod_asig1,par_cod_asig2,par_cod_asig3 FROM tblaca009 WHERE pensum='5' AND c_uni_ca='2' AND c_asigna='300313' [1][0] OK
C:[19/02/2018 13:17:12.71][172.16.4.40][1396] SELECT par_cod_asig1,par_cod_asig2,par_cod_asig3 FROM tblaca009 WHERE pensum='5' AND c_uni_ca='2' AND c_asigna='300422' [1][0] OK
C:[19/02/2018 13:17:12.71][172.16.4.40][1396] SELECT par_cod_asig1,par_cod_asig2,par_cod_asig3 FROM tblaca009 WHERE pensum='5' AND c_uni_ca='2' AND c_asigna='300428' [1][0] OK
C:[19/02/2018 13:17:12.71][172.16.4.40][1396] SELECT par_cod_asig1,par_cod_asig2,par_cod_asig3 FROM tblaca009 WHERE pensum='5' AND c_uni_ca='2' AND c_asigna='311561' [1][0] OK
C:[19/02/2018 13:17:12.71][172.16.4.40][1396] SELECT par_cod_asig1,par_cod_asig2,par_cod_asig3 FROM tblaca009 WHERE pensum='5' AND c_uni_ca='2' AND c_asigna='322560' [1][0] OK
C:[19/02/2018 13:17:12.71][172.16.4.40][1410] SELECT c_asigna FROM dace004 WHERE exp_e='14-25901624' AND c_asigna='323528' AND status IN ('0','3','B','C') [0][0] OK
C:[19/02/2018 13:17:12.71][172.16.4.40][1396] SELECT par_cod_asig1,par_cod_asig2,par_cod_asig3 FROM tblaca009 WHERE pensum='5' AND c_uni_ca='2' AND c_asigna='323528' [1][0] OK
C:[19/02/2018 13:17:13.62][172.16.4.40][1526] SELECT horas_lab FROM tblaca008 WHERE c_asigna='300313' AND horas_teoricas > 0 [1][0] OK
C:[19/02/2018 13:17:13.62][172.16.4.40][1526] SELECT horas_lab FROM tblaca008 WHERE c_asigna='300422' AND horas_teoricas > 0 [0][0] OK
C:[19/02/2018 13:17:13.62][172.16.4.40][1526] SELECT horas_lab FROM tblaca008 WHERE c_asigna='300428' AND horas_teoricas > 0 [1][0] OK
C:[19/02/2018 13:17:13.62][172.16.4.40][1526] SELECT horas_lab FROM tblaca008 WHERE c_asigna='311561' AND horas_teoricas > 0 [1][0] OK
C:[19/02/2018 13:17:13.62][172.16.4.40][1526] SELECT horas_lab FROM tblaca008 WHERE c_asigna='322560' AND horas_teoricas > 0 [1][0] OK
C:[19/02/2018 13:17:13.62][172.16.4.40][1526] SELECT horas_lab FROM tblaca008 WHERE c_asigna='323528' AND horas_teoricas > 0 [1][0] OK
C:[19/02/2018 13:20:37.86][172.16.4.40][1352] SELECT pre_cod_asig1,pre_cod_asig2,pre_cod_asig3,pre_cod_asig4,pre_cod_asig5,pre_cod_asig6,pre_cod_asig7 FROM tblaca009 WHERE pensum='5' AND c_uni_ca='2' AND c_asigna='300313' [1][0] OK
C:[19/02/2018 13:20:37.86][172.16.4.40][1365] SELECT c_asigna FROM dace004 WHERE exp_e='14-25901624' AND c_asigna='300213' AND status IN ('0','3','B') [1][0] OK
C:[19/02/2018 13:20:37.86][172.16.4.40][1365] SELECT c_asigna FROM dace004 WHERE exp_e='14-25901624' AND c_asigna='300226' AND status IN ('0','3','B') [1][0] OK
C:[19/02/2018 13:20:37.86][172.16.4.40][1365] SELECT c_asigna FROM dace004 WHERE exp_e='14-25901624' AND c_asigna='300209' AND status IN ('0','3','B') [1][0] OK
C:[19/02/2018 13:20:37.86][172.16.4.40][1352] SELECT pre_cod_asig1,pre_cod_asig2,pre_cod_asig3,pre_cod_asig4,pre_cod_asig5,pre_cod_asig6,pre_cod_asig7 FROM tblaca009 WHERE pensum='5' AND c_uni_ca='2' AND c_asigna='300422' [1][0] OK
C:[19/02/2018 13:20:37.86][172.16.4.40][1365] SELECT c_asigna FROM dace004 WHERE exp_e='14-25901624' AND c_asigna='300105' AND status IN ('0','3','B') [1][0] OK
C:[19/02/2018 13:20:37.86][172.16.4.40][1365] SELECT c_asigna FROM dace004 WHERE exp_e='14-25901624' AND c_asigna='300314' AND status IN ('0','3','B') [1][0] OK
C:[19/02/2018 13:20:37.86][172.16.4.40][1352] SELECT pre_cod_asig1,pre_cod_asig2,pre_cod_asig3,pre_cod_asig4,pre_cod_asig5,pre_cod_asig6,pre_cod_asig7 FROM tblaca009 WHERE pensum='5' AND c_uni_ca='2' AND c_asigna='300428' [1][0] OK
C:[19/02/2018 13:20:37.86][172.16.4.40][1365] SELECT c_asigna FROM dace004 WHERE exp_e='14-25901624' AND c_asigna='300317' AND status IN ('0','3','B') [1][0] OK
C:[19/02/2018 13:20:37.86][172.16.4.40][1365] SELECT c_asigna FROM dace004 WHERE exp_e='14-25901624' AND c_asigna='300209' AND status IN ('0','3','B') [1][0] OK
C:[19/02/2018 13:20:37.86][172.16.4.40][1352] SELECT pre_cod_asig1,pre_cod_asig2,pre_cod_asig3,pre_cod_asig4,pre_cod_asig5,pre_cod_asig6,pre_cod_asig7 FROM tblaca009 WHERE pensum='5' AND c_uni_ca='2' AND c_asigna='311561' [1][0] OK
C:[19/02/2018 13:20:37.86][172.16.4.40][1365] SELECT c_asigna FROM dace004 WHERE exp_e='14-25901624' AND c_asigna='300318' AND status IN ('0','3','B') [1][0] OK
C:[19/02/2018 13:20:37.86][172.16.4.40][1352] SELECT pre_cod_asig1,pre_cod_asig2,pre_cod_asig3,pre_cod_asig4,pre_cod_asig5,pre_cod_asig6,pre_cod_asig7 FROM tblaca009 WHERE pensum='5' AND c_uni_ca='2' AND c_asigna='322560' [1][0] OK
C:[19/02/2018 13:20:37.86][172.16.4.40][1352] SELECT pre_cod_asig1,pre_cod_asig2,pre_cod_asig3,pre_cod_asig4,pre_cod_asig5,pre_cod_asig6,pre_cod_asig7 FROM tblaca009 WHERE pensum='5' AND c_uni_ca='2' AND c_asigna='323528' [1][0] OK
C:[19/02/2018 13:20:38.62][172.16.4.40][1396] SELECT par_cod_asig1,par_cod_asig2,par_cod_asig3 FROM tblaca009 WHERE pensum='5' AND c_uni_ca='2' AND c_asigna='300313' [1][0] OK
C:[19/02/2018 13:20:38.62][172.16.4.40][1396] SELECT par_cod_asig1,par_cod_asig2,par_cod_asig3 FROM tblaca009 WHERE pensum='5' AND c_uni_ca='2' AND c_asigna='300422' [1][0] OK
C:[19/02/2018 13:20:38.62][172.16.4.40][1396] SELECT par_cod_asig1,par_cod_asig2,par_cod_asig3 FROM tblaca009 WHERE pensum='5' AND c_uni_ca='2' AND c_asigna='300428' [1][0] OK
C:[19/02/2018 13:20:38.62][172.16.4.40][1396] SELECT par_cod_asig1,par_cod_asig2,par_cod_asig3 FROM tblaca009 WHERE pensum='5' AND c_uni_ca='2' AND c_asigna='311561' [1][0] OK
C:[19/02/2018 13:20:38.62][172.16.4.40][1396] SELECT par_cod_asig1,par_cod_asig2,par_cod_asig3 FROM tblaca009 WHERE pensum='5' AND c_uni_ca='2' AND c_asigna='322560' [1][0] OK
C:[19/02/2018 13:20:38.62][172.16.4.40][1410] SELECT c_asigna FROM dace004 WHERE exp_e='14-25901624' AND c_asigna='323528' AND status IN ('0','3','B','C') [0][0] OK
C:[19/02/2018 13:20:38.62][172.16.4.40][1396] SELECT par_cod_asig1,par_cod_asig2,par_cod_asig3 FROM tblaca009 WHERE pensum='5' AND c_uni_ca='2' AND c_asigna='323528' [1][0] OK
C:[19/02/2018 13:20:38.53][172.16.4.40][1526] SELECT horas_lab FROM tblaca008 WHERE c_asigna='300313' AND horas_teoricas > 0 [1][0] OK
C:[19/02/2018 13:20:38.53][172.16.4.40][1526] SELECT horas_lab FROM tblaca008 WHERE c_asigna='300422' AND horas_teoricas > 0 [0][0] OK
C:[19/02/2018 13:20:38.53][172.16.4.40][1526] SELECT horas_lab FROM tblaca008 WHERE c_asigna='300428' AND horas_teoricas > 0 [1][0] OK
C:[19/02/2018 13:20:38.53][172.16.4.40][1526] SELECT horas_lab FROM tblaca008 WHERE c_asigna='311561' AND horas_teoricas > 0 [1][0] OK
C:[19/02/2018 13:20:38.53][172.16.4.40][1526] SELECT horas_lab FROM tblaca008 WHERE c_asigna='322560' AND horas_teoricas > 0 [1][0] OK
C:[19/02/2018 13:20:38.53][172.16.4.40][1526] SELECT horas_lab FROM tblaca008 WHERE c_asigna='323528' AND horas_teoricas > 0 [1][0] OK
C:[19/02/2018 13:20:39.33][172.16.4.40][1352] SELECT pre_cod_asig1,pre_cod_asig2,pre_cod_asig3,pre_cod_asig4,pre_cod_asig5,pre_cod_asig6,pre_cod_asig7 FROM tblaca009 WHERE pensum='5' AND c_uni_ca='2' AND c_asigna='300313' [1][0] OK
C:[19/02/2018 13:20:39.33][172.16.4.40][1365] SELECT c_asigna FROM dace004 WHERE exp_e='14-25901624' AND c_asigna='300213' AND status IN ('0','3','B') [1][0] OK
C:[19/02/2018 13:20:39.33][172.16.4.40][1365] SELECT c_asigna FROM dace004 WHERE exp_e='14-25901624' AND c_asigna='300226' AND status IN ('0','3','B') [1][0] OK
C:[19/02/2018 13:20:39.33][172.16.4.40][1365] SELECT c_asigna FROM dace004 WHERE exp_e='14-25901624' AND c_asigna='300209' AND status IN ('0','3','B') [1][0] OK
C:[19/02/2018 13:20:39.33][172.16.4.40][1352] SELECT pre_cod_asig1,pre_cod_asig2,pre_cod_asig3,pre_cod_asig4,pre_cod_asig5,pre_cod_asig6,pre_cod_asig7 FROM tblaca009 WHERE pensum='5' AND c_uni_ca='2' AND c_asigna='300422' [1][0] OK
C:[19/02/2018 13:20:39.33][172.16.4.40][1365] SELECT c_asigna FROM dace004 WHERE exp_e='14-25901624' AND c_asigna='300105' AND status IN ('0','3','B') [1][0] OK
C:[19/02/2018 13:20:39.33][172.16.4.40][1365] SELECT c_asigna FROM dace004 WHERE exp_e='14-25901624' AND c_asigna='300314' AND status IN ('0','3','B') [1][0] OK
C:[19/02/2018 13:20:39.33][172.16.4.40][1352] SELECT pre_cod_asig1,pre_cod_asig2,pre_cod_asig3,pre_cod_asig4,pre_cod_asig5,pre_cod_asig6,pre_cod_asig7 FROM tblaca009 WHERE pensum='5' AND c_uni_ca='2' AND c_asigna='300428' [1][0] OK
C:[19/02/2018 13:20:39.33][172.16.4.40][1365] SELECT c_asigna FROM dace004 WHERE exp_e='14-25901624' AND c_asigna='300317' AND status IN ('0','3','B') [1][0] OK
C:[19/02/2018 13:20:39.33][172.16.4.40][1365] SELECT c_asigna FROM dace004 WHERE exp_e='14-25901624' AND c_asigna='300209' AND status IN ('0','3','B') [1][0] OK
C:[19/02/2018 13:20:39.33][172.16.4.40][1352] SELECT pre_cod_asig1,pre_cod_asig2,pre_cod_asig3,pre_cod_asig4,pre_cod_asig5,pre_cod_asig6,pre_cod_asig7 FROM tblaca009 WHERE pensum='5' AND c_uni_ca='2' AND c_asigna='311561' [1][0] OK
C:[19/02/2018 13:20:39.33][172.16.4.40][1365] SELECT c_asigna FROM dace004 WHERE exp_e='14-25901624' AND c_asigna='300318' AND status IN ('0','3','B') [1][0] OK
C:[19/02/2018 13:20:39.33][172.16.4.40][1352] SELECT pre_cod_asig1,pre_cod_asig2,pre_cod_asig3,pre_cod_asig4,pre_cod_asig5,pre_cod_asig6,pre_cod_asig7 FROM tblaca009 WHERE pensum='5' AND c_uni_ca='2' AND c_asigna='322560' [1][0] OK
C:[19/02/2018 13:20:39.33][172.16.4.40][1352] SELECT pre_cod_asig1,pre_cod_asig2,pre_cod_asig3,pre_cod_asig4,pre_cod_asig5,pre_cod_asig6,pre_cod_asig7 FROM tblaca009 WHERE pensum='5' AND c_uni_ca='2' AND c_asigna='323528' [1][0] OK
C:[19/02/2018 13:20:39.07][172.16.4.40][1396] SELECT par_cod_asig1,par_cod_asig2,par_cod_asig3 FROM tblaca009 WHERE pensum='5' AND c_uni_ca='2' AND c_asigna='300313' [1][0] OK
C:[19/02/2018 13:20:39.07][172.16.4.40][1396] SELECT par_cod_asig1,par_cod_asig2,par_cod_asig3 FROM tblaca009 WHERE pensum='5' AND c_uni_ca='2' AND c_asigna='300422' [1][0] OK
C:[19/02/2018 13:20:39.07][172.16.4.40][1396] SELECT par_cod_asig1,par_cod_asig2,par_cod_asig3 FROM tblaca009 WHERE pensum='5' AND c_uni_ca='2' AND c_asigna='300428' [1][0] OK
C:[19/02/2018 13:20:39.07][172.16.4.40][1396] SELECT par_cod_asig1,par_cod_asig2,par_cod_asig3 FROM tblaca009 WHERE pensum='5' AND c_uni_ca='2' AND c_asigna='311561' [1][0] OK
C:[19/02/2018 13:20:39.07][172.16.4.40][1396] SELECT par_cod_asig1,par_cod_asig2,par_cod_asig3 FROM tblaca009 WHERE pensum='5' AND c_uni_ca='2' AND c_asigna='322560' [1][0] OK
C:[19/02/2018 13:20:39.07][172.16.4.40][1410] SELECT c_asigna FROM dace004 WHERE exp_e='14-25901624' AND c_asigna='323528' AND status IN ('0','3','B','C') [0][0] OK
C:[19/02/2018 13:20:39.07][172.16.4.40][1396] SELECT par_cod_asig1,par_cod_asig2,par_cod_asig3 FROM tblaca009 WHERE pensum='5' AND c_uni_ca='2' AND c_asigna='323528' [1][0] OK
C:[19/02/2018 13:20:39.98][172.16.4.40][1526] SELECT horas_lab FROM tblaca008 WHERE c_asigna='300313' AND horas_teoricas > 0 [1][0] OK
C:[19/02/2018 13:20:39.98][172.16.4.40][1526] SELECT horas_lab FROM tblaca008 WHERE c_asigna='300422' AND horas_teoricas > 0 [0][0] OK
C:[19/02/2018 13:20:39.98][172.16.4.40][1526] SELECT horas_lab FROM tblaca008 WHERE c_asigna='300428' AND horas_teoricas > 0 [1][0] OK
C:[19/02/2018 13:20:39.98][172.16.4.40][1526] SELECT horas_lab FROM tblaca008 WHERE c_asigna='311561' AND horas_teoricas > 0 [1][0] OK
C:[19/02/2018 13:20:39.98][172.16.4.40][1526] SELECT horas_lab FROM tblaca008 WHERE c_asigna='322560' AND horas_teoricas > 0 [1][0] OK
C:[19/02/2018 13:20:39.98][172.16.4.40][1526] SELECT horas_lab FROM tblaca008 WHERE c_asigna='323528' AND horas_teoricas > 0 [1][0] OK
C:[19/02/2018 14:48:27.82][172.16.4.254][1352] SELECT pre_cod_asig1,pre_cod_asig2,pre_cod_asig3,pre_cod_asig4,pre_cod_asig5,pre_cod_asig6,pre_cod_asig7 FROM tblaca009 WHERE pensum='5' AND c_uni_ca='3' AND c_asigna='300314' [1][0] OK
C:[19/02/2018 14:48:27.82][172.16.4.254][1365] SELECT c_asigna FROM dace004 WHERE exp_e='13-25636898' AND c_asigna='300106' AND status IN ('0','3','B') [1][0] OK
C:[19/02/2018 14:48:27.82][172.16.4.254][1352] SELECT pre_cod_asig1,pre_cod_asig2,pre_cod_asig3,pre_cod_asig4,pre_cod_asig5,pre_cod_asig6,pre_cod_asig7 FROM tblaca009 WHERE pensum='5' AND c_uni_ca='3' AND c_asigna='300428' [1][0] OK
C:[19/02/2018 14:48:27.82][172.16.4.254][1365] SELECT c_asigna FROM dace004 WHERE exp_e='13-25636898' AND c_asigna='300317' AND status IN ('0','3','B') [1][0] OK
C:[19/02/2018 14:48:27.82][172.16.4.254][1365] SELECT c_asigna FROM dace004 WHERE exp_e='13-25636898' AND c_asigna='300209' AND status IN ('0','3','B') [1][0] OK
C:[19/02/2018 14:48:27.82][172.16.4.254][1352] SELECT pre_cod_asig1,pre_cod_asig2,pre_cod_asig3,pre_cod_asig4,pre_cod_asig5,pre_cod_asig6,pre_cod_asig7 FROM tblaca009 WHERE pensum='5' AND c_uni_ca='3' AND c_asigna='311430' [1][0] OK
C:[19/02/2018 14:48:27.82][172.16.4.254][1365] SELECT c_asigna FROM dace004 WHERE exp_e='13-25636898' AND c_asigna='300317' AND status IN ('0','3','B') [1][0] OK
C:[19/02/2018 14:48:27.82][172.16.4.254][1365] SELECT c_asigna FROM dace004 WHERE exp_e='13-25636898' AND c_asigna='300318' AND status IN ('0','3','B') [1][0] OK
C:[19/02/2018 14:48:27.82][172.16.4.254][1365] SELECT c_asigna FROM dace004 WHERE exp_e='13-25636898' AND c_asigna='300313' AND status IN ('0','3','B') [1][0] OK
C:[19/02/2018 14:48:27.82][172.16.4.254][1365] SELECT c_asigna FROM dace004 WHERE exp_e='13-25636898' AND c_asigna='300222' AND status IN ('0','3','B') [1][0] OK
C:[19/02/2018 14:48:27.82][172.16.4.254][1365] SELECT c_asigna FROM dace004 WHERE exp_e='13-25636898' AND c_asigna='300226' AND status IN ('0','3','B') [1][0] OK
C:[19/02/2018 14:48:27.82][172.16.4.254][1365] SELECT c_asigna FROM dace004 WHERE exp_e='13-25636898' AND c_asigna='300209' AND status IN ('0','3','B') [1][0] OK
C:[19/02/2018 14:48:27.82][172.16.4.254][1352] SELECT pre_cod_asig1,pre_cod_asig2,pre_cod_asig3,pre_cod_asig4,pre_cod_asig5,pre_cod_asig6,pre_cod_asig7 FROM tblaca009 WHERE pensum='5' AND c_uni_ca='3' AND c_asigna='311431' [1][0] OK
C:[19/02/2018 14:48:27.82][172.16.4.254][1365] SELECT c_asigna FROM dace004 WHERE exp_e='13-25636898' AND c_asigna='311320' AND status IN ('0','3','B') [1][0] OK
C:[19/02/2018 14:48:27.82][172.16.4.254][1365] SELECT c_asigna FROM dace004 WHERE exp_e='13-25636898' AND c_asigna='300013' AND status IN ('0','3','B') [1][0] OK
C:[19/02/2018 14:48:27.82][172.16.4.254][1365] SELECT c_asigna FROM dace004 WHERE exp_e='13-25636898' AND c_asigna='300113' AND status IN ('0','3','B') [1][0] OK
C:[19/02/2018 14:48:27.82][172.16.4.254][1365] SELECT c_asigna FROM dace004 WHERE exp_e='13-25636898' AND c_asigna='300222' AND status IN ('0','3','B') [1][0] OK
C:[19/02/2018 14:48:27.82][172.16.4.254][1365] SELECT c_asigna FROM dace004 WHERE exp_e='13-25636898' AND c_asigna='300226' AND status IN ('0','3','B') [1][0] OK
C:[19/02/2018 14:48:27.82][172.16.4.254][1365] SELECT c_asigna FROM dace004 WHERE exp_e='13-25636898' AND c_asigna='300317' AND status IN ('0','3','B') [1][0] OK
C:[19/02/2018 14:48:27.82][172.16.4.254][1365] SELECT c_asigna FROM dace004 WHERE exp_e='13-25636898' AND c_asigna='300318' AND status IN ('0','3','B') [1][0] OK
C:[19/02/2018 14:48:27.82][172.16.4.254][1352] SELECT pre_cod_asig1,pre_cod_asig2,pre_cod_asig3,pre_cod_asig4,pre_cod_asig5,pre_cod_asig6,pre_cod_asig7 FROM tblaca009 WHERE pensum='5' AND c_uni_ca='3' AND c_asigna='311434' [1][0] OK
C:[19/02/2018 14:48:27.82][172.16.4.254][1365] SELECT c_asigna FROM dace004 WHERE exp_e='13-25636898' AND c_asigna='311320' AND status IN ('0','3','B') [1][0] OK
C:[19/02/2018 14:48:27.82][172.16.4.254][1365] SELECT c_asigna FROM dace004 WHERE exp_e='13-25636898' AND c_asigna='300013' AND status IN ('0','3','B') [1][0] OK
C:[19/02/2018 14:48:27.82][172.16.4.254][1365] SELECT c_asigna FROM dace004 WHERE exp_e='13-25636898' AND c_asigna='300113' AND status IN ('0','3','B') [1][0] OK
C:[19/02/2018 14:48:27.82][172.16.4.254][1365] SELECT c_asigna FROM dace004 WHERE exp_e='13-25636898' AND c_asigna='300222' AND status IN ('0','3','B') [1][0] OK
C:[19/02/2018 14:48:27.82][172.16.4.254][1365] SELECT c_asigna FROM dace004 WHERE exp_e='13-25636898' AND c_asigna='300226' AND status IN ('0','3','B') [1][0] OK
C:[19/02/2018 14:48:27.82][172.16.4.254][1365] SELECT c_asigna FROM dace004 WHERE exp_e='13-25636898' AND c_asigna='300317' AND status IN ('0','3','B') [1][0] OK
C:[19/02/2018 14:48:27.82][172.16.4.254][1365] SELECT c_asigna FROM dace004 WHERE exp_e='13-25636898' AND c_asigna='300318' AND status IN ('0','3','B') [1][0] OK
C:[19/02/2018 14:48:28.13][172.16.4.254][1396] SELECT par_cod_asig1,par_cod_asig2,par_cod_asig3 FROM tblaca009 WHERE pensum='5' AND c_uni_ca='3' AND c_asigna='300314' [1][0] OK
C:[19/02/2018 14:48:28.13][172.16.4.254][1396] SELECT par_cod_asig1,par_cod_asig2,par_cod_asig3 FROM tblaca009 WHERE pensum='5' AND c_uni_ca='3' AND c_asigna='300428' [1][0] OK
C:[19/02/2018 14:48:28.13][172.16.4.254][1396] SELECT par_cod_asig1,par_cod_asig2,par_cod_asig3 FROM tblaca009 WHERE pensum='5' AND c_uni_ca='3' AND c_asigna='311430' [1][0] OK
C:[19/02/2018 14:48:28.13][172.16.4.254][1396] SELECT par_cod_asig1,par_cod_asig2,par_cod_asig3 FROM tblaca009 WHERE pensum='5' AND c_uni_ca='3' AND c_asigna='311431' [1][0] OK
C:[19/02/2018 14:48:28.13][172.16.4.254][1410] SELECT c_asigna FROM dace004 WHERE exp_e='13-25636898' AND c_asigna='311430' AND status IN ('0','3','B','C') [0][0] OK
C:[19/02/2018 14:48:28.13][172.16.4.254][1396] SELECT par_cod_asig1,par_cod_asig2,par_cod_asig3 FROM tblaca009 WHERE pensum='5' AND c_uni_ca='3' AND c_asigna='311434' [1][0] OK
C:[19/02/2018 14:48:28.13][172.16.4.254][1410] SELECT c_asigna FROM dace004 WHERE exp_e='13-25636898' AND c_asigna='311431' AND status IN ('0','3','B','C') [0][0] OK
C:[19/02/2018 14:48:29.03][172.16.4.254][1526] SELECT horas_lab FROM tblaca008 WHERE c_asigna='300314' AND horas_teoricas > 0 [0][0] OK
C:[19/02/2018 14:48:29.03][172.16.4.254][1526] SELECT horas_lab FROM tblaca008 WHERE c_asigna='300428' AND horas_teoricas > 0 [1][0] OK
C:[19/02/2018 14:48:29.03][172.16.4.254][1526] SELECT horas_lab FROM tblaca008 WHERE c_asigna='311430' AND horas_teoricas > 0 [1][0] OK
C:[19/02/2018 14:48:29.03][172.16.4.254][1526] SELECT horas_lab FROM tblaca008 WHERE c_asigna='311431' AND horas_teoricas > 0 [1][0] OK
C:[19/02/2018 14:48:29.03][172.16.4.254][1526] SELECT horas_lab FROM tblaca008 WHERE c_asigna='311434' AND horas_teoricas > 0 [0][0] OK
C:[19/02/2018 15:49:22.98][172.16.4.254][1352] SELECT pre_cod_asig1,pre_cod_asig2,pre_cod_asig3,pre_cod_asig4,pre_cod_asig5,pre_cod_asig6,pre_cod_asig7 FROM tblaca009 WHERE pensum='5' AND c_uni_ca='2' AND c_asigna='300422' [1][0] OK
C:[19/02/2018 15:49:22.98][172.16.4.254][1365] SELECT c_asigna FROM dace004 WHERE exp_e='15-25696881' AND c_asigna='300105' AND status IN ('0','3','B') [1][0] OK
C:[19/02/2018 15:49:22.98][172.16.4.254][1365] SELECT c_asigna FROM dace004 WHERE exp_e='15-25696881' AND c_asigna='300314' AND status IN ('0','3','B') [1][0] OK
C:[19/02/2018 15:49:22.98][172.16.4.254][1352] SELECT pre_cod_asig1,pre_cod_asig2,pre_cod_asig3,pre_cod_asig4,pre_cod_asig5,pre_cod_asig6,pre_cod_asig7 FROM tblaca009 WHERE pensum='5' AND c_uni_ca='2' AND c_asigna='322433' [1][0] OK
C:[19/02/2018 15:49:22.98][172.16.4.254][1365] SELECT c_asigna FROM dace004 WHERE exp_e='15-25696881' AND c_asigna='320323' AND status IN ('0','3','B') [1][0] OK
C:[19/02/2018 15:49:22.98][172.16.4.254][1365] SELECT c_asigna FROM dace004 WHERE exp_e='15-25696881' AND c_asigna='300209' AND status IN ('0','3','B') [1][0] OK
C:[19/02/2018 15:49:22.98][172.16.4.254][1352] SELECT pre_cod_asig1,pre_cod_asig2,pre_cod_asig3,pre_cod_asig4,pre_cod_asig5,pre_cod_asig6,pre_cod_asig7 FROM tblaca009 WHERE pensum='5' AND c_uni_ca='2' AND c_asigna='322436' [1][0] OK
C:[19/02/2018 15:49:22.98][172.16.4.254][1365] SELECT c_asigna FROM dace004 WHERE exp_e='15-25696881' AND c_asigna='300317' AND status IN ('0','3','B') [1][0] OK
C:[19/02/2018 15:49:22.98][172.16.4.254][1365] SELECT c_asigna FROM dace004 WHERE exp_e='15-25696881' AND c_asigna='320311' AND status IN ('0','3','B') [1][0] OK
C:[19/02/2018 15:49:22.98][172.16.4.254][1352] SELECT pre_cod_asig1,pre_cod_asig2,pre_cod_asig3,pre_cod_asig4,pre_cod_asig5,pre_cod_asig6,pre_cod_asig7 FROM tblaca009 WHERE pensum='5' AND c_uni_ca='2' AND c_asigna='322560' [1][0] OK
C:[19/02/2018 15:49:22.98][172.16.4.254][1352] SELECT pre_cod_asig1,pre_cod_asig2,pre_cod_asig3,pre_cod_asig4,pre_cod_asig5,pre_cod_asig6,pre_cod_asig7 FROM tblaca009 WHERE pensum='5' AND c_uni_ca='2' AND c_asigna='323528' [1][0] OK
C:[19/02/2018 15:49:22.98][172.16.4.254][1352] SELECT pre_cod_asig1,pre_cod_asig2,pre_cod_asig3,pre_cod_asig4,pre_cod_asig5,pre_cod_asig6,pre_cod_asig7 FROM tblaca009 WHERE pensum='5' AND c_uni_ca='2' AND c_asigna='322681' [1][0] OK
C:[19/02/2018 15:49:22.98][172.16.4.254][1365] SELECT c_asigna FROM dace004 WHERE exp_e='15-25696881' AND c_asigna='320437' AND status IN ('0','3','B') [1][0] OK
C:[19/02/2018 15:49:22.98][172.16.4.254][1365] SELECT c_asigna FROM dace004 WHERE exp_e='15-25696881' AND c_asigna='322449' AND status IN ('0','3','B') [1][0] OK
C:[19/02/2018 15:49:22.98][172.16.4.254][1365] SELECT c_asigna FROM dace004 WHERE exp_e='15-25696881' AND c_asigna='300313' AND status IN ('0','3','B') [1][0] OK
C:[19/02/2018 15:49:22.98][172.16.4.254][1365] SELECT c_asigna FROM dace004 WHERE exp_e='15-25696881' AND c_asigna='300209' AND status IN ('0','3','B') [1][0] OK
C:[19/02/2018 15:49:22.98][172.16.4.254][1365] SELECT c_asigna FROM dace004 WHERE exp_e='15-25696881' AND c_asigna='300226' AND status IN ('0','3','B') [1][0] OK
C:[19/02/2018 15:49:23.11][172.16.4.254][1396] SELECT par_cod_asig1,par_cod_asig2,par_cod_asig3 FROM tblaca009 WHERE pensum='5' AND c_uni_ca='2' AND c_asigna='300422' [1][0] OK
C:[19/02/2018 15:49:23.11][172.16.4.254][1396] SELECT par_cod_asig1,par_cod_asig2,par_cod_asig3 FROM tblaca009 WHERE pensum='5' AND c_uni_ca='2' AND c_asigna='322433' [1][0] OK
C:[19/02/2018 15:49:23.11][172.16.4.254][1396] SELECT par_cod_asig1,par_cod_asig2,par_cod_asig3 FROM tblaca009 WHERE pensum='5' AND c_uni_ca='2' AND c_asigna='322436' [1][0] OK
C:[19/02/2018 15:49:23.11][172.16.4.254][1396] SELECT par_cod_asig1,par_cod_asig2,par_cod_asig3 FROM tblaca009 WHERE pensum='5' AND c_uni_ca='2' AND c_asigna='322560' [1][0] OK
C:[19/02/2018 15:49:23.11][172.16.4.254][1410] SELECT c_asigna FROM dace004 WHERE exp_e='15-25696881' AND c_asigna='323528' AND status IN ('0','3','B','C') [0][0] OK
C:[19/02/2018 15:49:23.11][172.16.4.254][1396] SELECT par_cod_asig1,par_cod_asig2,par_cod_asig3 FROM tblaca009 WHERE pensum='5' AND c_uni_ca='2' AND c_asigna='323528' [1][0] OK
C:[19/02/2018 15:49:23.11][172.16.4.254][1396] SELECT par_cod_asig1,par_cod_asig2,par_cod_asig3 FROM tblaca009 WHERE pensum='5' AND c_uni_ca='2' AND c_asigna='322681' [1][0] OK
C:[19/02/2018 15:49:23.01][172.16.4.254][1526] SELECT horas_lab FROM tblaca008 WHERE c_asigna='300422' AND horas_teoricas > 0 [0][0] OK
C:[19/02/2018 15:49:23.01][172.16.4.254][1526] SELECT horas_lab FROM tblaca008 WHERE c_asigna='322433' AND horas_teoricas > 0 [1][0] OK
C:[19/02/2018 15:49:23.01][172.16.4.254][1526] SELECT horas_lab FROM tblaca008 WHERE c_asigna='322436' AND horas_teoricas > 0 [1][0] OK
C:[19/02/2018 15:49:23.01][172.16.4.254][1526] SELECT horas_lab FROM tblaca008 WHERE c_asigna='322560' AND horas_teoricas > 0 [1][0] OK
C:[19/02/2018 15:49:23.01][172.16.4.254][1526] SELECT horas_lab FROM tblaca008 WHERE c_asigna='323528' AND horas_teoricas > 0 [1][0] OK
C:[19/02/2018 15:49:23.01][172.16.4.254][1526] SELECT horas_lab FROM tblaca008 WHERE c_asigna='322681' AND horas_teoricas > 0 [1][0] OK
C:[20/02/2018 09:01:06.33][172.16.4.254][1352] SELECT pre_cod_asig1,pre_cod_asig2,pre_cod_asig3,pre_cod_asig4,pre_cod_asig5,pre_cod_asig6,pre_cod_asig7 FROM tblaca009 WHERE pensum='5' AND c_uni_ca='2' AND c_asigna='300422' [1][0] OK
C:[20/02/2018 09:01:06.33][172.16.4.254][1365] SELECT c_asigna FROM dace004 WHERE exp_e='14-26330889' AND c_asigna='300105' AND status IN ('0','3','B') [1][0] OK
C:[20/02/2018 09:01:06.33][172.16.4.254][1365] SELECT c_asigna FROM dace004 WHERE exp_e='14-26330889' AND c_asigna='300314' AND status IN ('0','3','B') [1][0] OK
C:[20/02/2018 09:01:06.33][172.16.4.254][1352] SELECT pre_cod_asig1,pre_cod_asig2,pre_cod_asig3,pre_cod_asig4,pre_cod_asig5,pre_cod_asig6,pre_cod_asig7 FROM tblaca009 WHERE pensum='5' AND c_uni_ca='2' AND c_asigna='322433' [1][0] OK
C:[20/02/2018 09:01:06.33][172.16.4.254][1365] SELECT c_asigna FROM dace004 WHERE exp_e='14-26330889' AND c_asigna='320323' AND status IN ('0','3','B') [1][0] OK
C:[20/02/2018 09:01:06.33][172.16.4.254][1365] SELECT c_asigna FROM dace004 WHERE exp_e='14-26330889' AND c_asigna='300209' AND status IN ('0','3','B') [1][0] OK
C:[20/02/2018 09:01:06.33][172.16.4.254][1352] SELECT pre_cod_asig1,pre_cod_asig2,pre_cod_asig3,pre_cod_asig4,pre_cod_asig5,pre_cod_asig6,pre_cod_asig7 FROM tblaca009 WHERE pensum='5' AND c_uni_ca='2' AND c_asigna='322436' [1][0] OK
C:[20/02/2018 09:01:06.33][172.16.4.254][1365] SELECT c_asigna FROM dace004 WHERE exp_e='14-26330889' AND c_asigna='300317' AND status IN ('0','3','B') [1][0] OK
C:[20/02/2018 09:01:06.33][172.16.4.254][1365] SELECT c_asigna FROM dace004 WHERE exp_e='14-26330889' AND c_asigna='320311' AND status IN ('0','3','B') [1][0] OK
C:[20/02/2018 09:01:06.33][172.16.4.254][1352] SELECT pre_cod_asig1,pre_cod_asig2,pre_cod_asig3,pre_cod_asig4,pre_cod_asig5,pre_cod_asig6,pre_cod_asig7 FROM tblaca009 WHERE pensum='5' AND c_uni_ca='2' AND c_asigna='311561' [1][0] OK
C:[20/02/2018 09:01:06.33][172.16.4.254][1365] SELECT c_asigna FROM dace004 WHERE exp_e='14-26330889' AND c_asigna='300318' AND status IN ('0','3','B') [1][0] OK
C:[20/02/2018 09:01:06.33][172.16.4.254][1352] SELECT pre_cod_asig1,pre_cod_asig2,pre_cod_asig3,pre_cod_asig4,pre_cod_asig5,pre_cod_asig6,pre_cod_asig7 FROM tblaca009 WHERE pensum='5' AND c_uni_ca='2' AND c_asigna='322558' [1][0] OK
C:[20/02/2018 09:01:06.33][172.16.4.254][1365] SELECT c_asigna FROM dace004 WHERE exp_e='14-26330889' AND c_asigna='300428' AND status IN ('0','3','B') [1][0] OK
C:[20/02/2018 09:01:06.33][172.16.4.254][1365] SELECT c_asigna FROM dace004 WHERE exp_e='14-26330889' AND c_asigna='320323' AND status IN ('0','3','B') [1][0] OK
C:[20/02/2018 09:01:06.33][172.16.4.254][1352] SELECT pre_cod_asig1,pre_cod_asig2,pre_cod_asig3,pre_cod_asig4,pre_cod_asig5,pre_cod_asig6,pre_cod_asig7 FROM tblaca009 WHERE pensum='5' AND c_uni_ca='2' AND c_asigna='323528' [1][0] OK
C:[20/02/2018 09:01:07.21][172.16.4.254][1396] SELECT par_cod_asig1,par_cod_asig2,par_cod_asig3 FROM tblaca009 WHERE pensum='5' AND c_uni_ca='2' AND c_asigna='300422' [1][0] OK
C:[20/02/2018 09:01:07.21][172.16.4.254][1396] SELECT par_cod_asig1,par_cod_asig2,par_cod_asig3 FROM tblaca009 WHERE pensum='5' AND c_uni_ca='2' AND c_asigna='322433' [1][0] OK
C:[20/02/2018 09:01:07.21][172.16.4.254][1396] SELECT par_cod_asig1,par_cod_asig2,par_cod_asig3 FROM tblaca009 WHERE pensum='5' AND c_uni_ca='2' AND c_asigna='322436' [1][0] OK
C:[20/02/2018 09:01:07.21][172.16.4.254][1396] SELECT par_cod_asig1,par_cod_asig2,par_cod_asig3 FROM tblaca009 WHERE pensum='5' AND c_uni_ca='2' AND c_asigna='311561' [1][0] OK
C:[20/02/2018 09:01:07.21][172.16.4.254][1396] SELECT par_cod_asig1,par_cod_asig2,par_cod_asig3 FROM tblaca009 WHERE pensum='5' AND c_uni_ca='2' AND c_asigna='322558' [1][0] OK
C:[20/02/2018 09:01:07.21][172.16.4.254][1396] SELECT par_cod_asig1,par_cod_asig2,par_cod_asig3 FROM tblaca009 WHERE pensum='5' AND c_uni_ca='2' AND c_asigna='323528' [1][0] OK
C:[20/02/2018 09:01:07.98][172.16.4.254][1526] SELECT horas_lab FROM tblaca008 WHERE c_asigna='300422' AND horas_teoricas > 0 [0][0] OK
C:[20/02/2018 09:01:07.98][172.16.4.254][1526] SELECT horas_lab FROM tblaca008 WHERE c_asigna='322433' AND horas_teoricas > 0 [1][0] OK
C:[20/02/2018 09:01:07.98][172.16.4.254][1526] SELECT horas_lab FROM tblaca008 WHERE c_asigna='322436' AND horas_teoricas > 0 [1][0] OK
C:[20/02/2018 09:01:07.98][172.16.4.254][1526] SELECT horas_lab FROM tblaca008 WHERE c_asigna='311561' AND horas_teoricas > 0 [1][0] OK
C:[20/02/2018 09:01:07.98][172.16.4.254][1526] SELECT horas_lab FROM tblaca008 WHERE c_asigna='322558' AND horas_teoricas > 0 [1][0] OK
C:[20/02/2018 09:01:07.98][172.16.4.254][1526] SELECT horas_lab FROM tblaca008 WHERE c_asigna='323528' AND horas_teoricas > 0 [1][0] OK
C:[20/02/2018 09:03:20.12][172.16.4.254][1352] SELECT pre_cod_asig1,pre_cod_asig2,pre_cod_asig3,pre_cod_asig4,pre_cod_asig5,pre_cod_asig6,pre_cod_asig7 FROM tblaca009 WHERE pensum='5' AND c_uni_ca='2' AND c_asigna='300422' [1][0] OK
C:[20/02/2018 09:03:20.12][172.16.4.254][1365] SELECT c_asigna FROM dace004 WHERE exp_e='15-27256868' AND c_asigna='300105' AND status IN ('0','3','B') [1][0] OK
C:[20/02/2018 09:03:20.12][172.16.4.254][1365] SELECT c_asigna FROM dace004 WHERE exp_e='15-27256868' AND c_asigna='300314' AND status IN ('0','3','B') [1][0] OK
C:[20/02/2018 09:03:20.12][172.16.4.254][1352] SELECT pre_cod_asig1,pre_cod_asig2,pre_cod_asig3,pre_cod_asig4,pre_cod_asig5,pre_cod_asig6,pre_cod_asig7 FROM tblaca009 WHERE pensum='5' AND c_uni_ca='2' AND c_asigna='300428' [1][0] OK
C:[20/02/2018 09:03:20.12][172.16.4.254][1365] SELECT c_asigna FROM dace004 WHERE exp_e='15-27256868' AND c_asigna='300317' AND status IN ('0','3','B') [1][0] OK
C:[20/02/2018 09:03:20.12][172.16.4.254][1365] SELECT c_asigna FROM dace004 WHERE exp_e='15-27256868' AND c_asigna='300209' AND status IN ('0','3','B') [1][0] OK
C:[20/02/2018 09:03:20.12][172.16.4.254][1352] SELECT pre_cod_asig1,pre_cod_asig2,pre_cod_asig3,pre_cod_asig4,pre_cod_asig5,pre_cod_asig6,pre_cod_asig7 FROM tblaca009 WHERE pensum='5' AND c_uni_ca='2' AND c_asigna='320437' [1][0] OK
C:[20/02/2018 09:03:20.12][172.16.4.254][1365] SELECT c_asigna FROM dace004 WHERE exp_e='15-27256868' AND c_asigna='300317' AND status IN ('0','3','B') [1][0] OK
C:[20/02/2018 09:03:20.12][172.16.4.254][1365] SELECT c_asigna FROM dace004 WHERE exp_e='15-27256868' AND c_asigna='300313' AND status IN ('0','3','B') [1][0] OK
C:[20/02/2018 09:03:20.12][172.16.4.254][1365] SELECT c_asigna FROM dace004 WHERE exp_e='15-27256868' AND c_asigna='300209' AND status IN ('0','3','B') [1][0] OK
C:[20/02/2018 09:03:20.12][172.16.4.254][1365] SELECT c_asigna FROM dace004 WHERE exp_e='15-27256868' AND c_asigna='300226' AND status IN ('0','3','B') [1][0] OK
C:[20/02/2018 09:03:20.12][172.16.4.254][1352] SELECT pre_cod_asig1,pre_cod_asig2,pre_cod_asig3,pre_cod_asig4,pre_cod_asig5,pre_cod_asig6,pre_cod_asig7 FROM tblaca009 WHERE pensum='5' AND c_uni_ca='2' AND c_asigna='322433' [1][0] OK
C:[20/02/2018 09:03:20.12][172.16.4.254][1365] SELECT c_asigna FROM dace004 WHERE exp_e='15-27256868' AND c_asigna='320323' AND status IN ('0','3','B') [1][0] OK
C:[20/02/2018 09:03:20.12][172.16.4.254][1365] SELECT c_asigna FROM dace004 WHERE exp_e='15-27256868' AND c_asigna='300209' AND status IN ('0','3','B') [1][0] OK
C:[20/02/2018 09:03:20.12][172.16.4.254][1352] SELECT pre_cod_asig1,pre_cod_asig2,pre_cod_asig3,pre_cod_asig4,pre_cod_asig5,pre_cod_asig6,pre_cod_asig7 FROM tblaca009 WHERE pensum='5' AND c_uni_ca='2' AND c_asigna='322436' [1][0] OK
C:[20/02/2018 09:03:20.12][172.16.4.254][1365] SELECT c_asigna FROM dace004 WHERE exp_e='15-27256868' AND c_asigna='300317' AND status IN ('0','3','B') [1][0] OK
C:[20/02/2018 09:03:20.12][172.16.4.254][1365] SELECT c_asigna FROM dace004 WHERE exp_e='15-27256868' AND c_asigna='320311' AND status IN ('0','3','B') [1][0] OK
C:[20/02/2018 09:03:20.12][172.16.4.254][1352] SELECT pre_cod_asig1,pre_cod_asig2,pre_cod_asig3,pre_cod_asig4,pre_cod_asig5,pre_cod_asig6,pre_cod_asig7 FROM tblaca009 WHERE pensum='5' AND c_uni_ca='2' AND c_asigna='322449' [1][0] OK
C:[20/02/2018 09:03:20.12][172.16.4.254][1365] SELECT c_asigna FROM dace004 WHERE exp_e='15-27256868' AND c_asigna='300222' AND status IN ('0','3','B') [1][0] OK
C:[20/02/2018 09:03:20.12][172.16.4.254][1352] SELECT pre_cod_asig1,pre_cod_asig2,pre_cod_asig3,pre_cod_asig4,pre_cod_asig5,pre_cod_asig6,pre_cod_asig7 FROM tblaca009 WHERE pensum='5' AND c_uni_ca='2' AND c_asigna='311561' [1][0] OK
C:[20/02/2018 09:03:20.12][172.16.4.254][1365] SELECT c_asigna FROM dace004 WHERE exp_e='15-27256868' AND c_asigna='300318' AND status IN ('0','3','B') [1][0] OK
C:[20/02/2018 09:03:21.74][172.16.4.254][1396] SELECT par_cod_asig1,par_cod_asig2,par_cod_asig3 FROM tblaca009 WHERE pensum='5' AND c_uni_ca='2' AND c_asigna='300422' [1][0] OK
C:[20/02/2018 09:03:21.74][172.16.4.254][1396] SELECT par_cod_asig1,par_cod_asig2,par_cod_asig3 FROM tblaca009 WHERE pensum='5' AND c_uni_ca='2' AND c_asigna='300428' [1][0] OK
C:[20/02/2018 09:03:21.74][172.16.4.254][1396] SELECT par_cod_asig1,par_cod_asig2,par_cod_asig3 FROM tblaca009 WHERE pensum='5' AND c_uni_ca='2' AND c_asigna='320437' [1][0] OK
C:[20/02/2018 09:03:21.74][172.16.4.254][1396] SELECT par_cod_asig1,par_cod_asig2,par_cod_asig3 FROM tblaca009 WHERE pensum='5' AND c_uni_ca='2' AND c_asigna='322433' [1][0] OK
C:[20/02/2018 09:03:21.74][172.16.4.254][1396] SELECT par_cod_asig1,par_cod_asig2,par_cod_asig3 FROM tblaca009 WHERE pensum='5' AND c_uni_ca='2' AND c_asigna='322436' [1][0] OK
C:[20/02/2018 09:03:21.74][172.16.4.254][1396] SELECT par_cod_asig1,par_cod_asig2,par_cod_asig3 FROM tblaca009 WHERE pensum='5' AND c_uni_ca='2' AND c_asigna='322449' [1][0] OK
C:[20/02/2018 09:03:21.74][172.16.4.254][1396] SELECT par_cod_asig1,par_cod_asig2,par_cod_asig3 FROM tblaca009 WHERE pensum='5' AND c_uni_ca='2' AND c_asigna='311561' [1][0] OK
C:[20/02/2018 09:03:21.64][172.16.4.254][1526] SELECT horas_lab FROM tblaca008 WHERE c_asigna='300422' AND horas_teoricas > 0 [0][0] OK
C:[20/02/2018 09:03:21.64][172.16.4.254][1526] SELECT horas_lab FROM tblaca008 WHERE c_asigna='300428' AND horas_teoricas > 0 [1][0] OK
C:[20/02/2018 09:03:21.64][172.16.4.254][1526] SELECT horas_lab FROM tblaca008 WHERE c_asigna='320437' AND horas_teoricas > 0 [1][0] OK
C:[20/02/2018 09:03:21.64][172.16.4.254][1526] SELECT horas_lab FROM tblaca008 WHERE c_asigna='322433' AND horas_teoricas > 0 [1][0] OK
C:[20/02/2018 09:03:21.64][172.16.4.254][1526] SELECT horas_lab FROM tblaca008 WHERE c_asigna='322436' AND horas_teoricas > 0 [1][0] OK
C:[20/02/2018 09:03:21.64][172.16.4.254][1526] SELECT horas_lab FROM tblaca008 WHERE c_asigna='322449' AND horas_teoricas > 0 [1][0] OK
C:[20/02/2018 09:03:21.64][172.16.4.254][1526] SELECT horas_lab FROM tblaca008 WHERE c_asigna='311561' AND horas_teoricas > 0 [1][0] OK
C:[20/02/2018 10:29:37.09][172.16.5.122][1352] SELECT pre_cod_asig1,pre_cod_asig2,pre_cod_asig3,pre_cod_asig4,pre_cod_asig5,pre_cod_asig6,pre_cod_asig7 FROM tblaca009 WHERE pensum='5' AND c_uni_ca='5' AND c_asigna='300013' [1][0] OK
C:[20/02/2018 10:29:37.09][172.16.5.122][1352] SELECT pre_cod_asig1,pre_cod_asig2,pre_cod_asig3,pre_cod_asig4,pre_cod_asig5,pre_cod_asig6,pre_cod_asig7 FROM tblaca009 WHERE pensum='5' AND c_uni_ca='5' AND c_asigna='300101' [1][0] OK
C:[20/02/2018 10:29:37.09][172.16.5.122][1352] SELECT pre_cod_asig1,pre_cod_asig2,pre_cod_asig3,pre_cod_asig4,pre_cod_asig5,pre_cod_asig6,pre_cod_asig7 FROM tblaca009 WHERE pensum='5' AND c_uni_ca='5' AND c_asigna='300112' [1][0] OK
C:[20/02/2018 10:29:37.09][172.16.5.122][1352] SELECT pre_cod_asig1,pre_cod_asig2,pre_cod_asig3,pre_cod_asig4,pre_cod_asig5,pre_cod_asig6,pre_cod_asig7 FROM tblaca009 WHERE pensum='5' AND c_uni_ca='5' AND c_asigna='300113' [1][0] OK
C:[20/02/2018 10:29:37.09][172.16.5.122][1352] SELECT pre_cod_asig1,pre_cod_asig2,pre_cod_asig3,pre_cod_asig4,pre_cod_asig5,pre_cod_asig6,pre_cod_asig7 FROM tblaca009 WHERE pensum='5' AND c_uni_ca='5' AND c_asigna='300226' [1][0] OK
C:[20/02/2018 10:29:37.09][172.16.5.122][1365] SELECT c_asigna FROM dace004 WHERE exp_e='17-26939063' AND c_asigna='300116' AND status IN ('0','3','B') [1][0] OK
C:[20/02/2018 10:29:37.09][172.16.5.122][1352] SELECT pre_cod_asig1,pre_cod_asig2,pre_cod_asig3,pre_cod_asig4,pre_cod_asig5,pre_cod_asig6,pre_cod_asig7 FROM tblaca009 WHERE pensum='5' AND c_uni_ca='5' AND c_asigna='300314' [1][0] OK
C:[20/02/2018 10:29:37.09][172.16.5.122][1365] SELECT c_asigna FROM dace004 WHERE exp_e='17-26939063' AND c_asigna='300106' AND status IN ('0','3','B') [1][0] OK
C:[20/02/2018 10:29:37.68][172.16.5.122][1396] SELECT par_cod_asig1,par_cod_asig2,par_cod_asig3 FROM tblaca009 WHERE pensum='5' AND c_uni_ca='5' AND c_asigna='300013' [1][0] OK
C:[20/02/2018 10:29:37.68][172.16.5.122][1396] SELECT par_cod_asig1,par_cod_asig2,par_cod_asig3 FROM tblaca009 WHERE pensum='5' AND c_uni_ca='5' AND c_asigna='300101' [1][0] OK
C:[20/02/2018 10:29:37.68][172.16.5.122][1396] SELECT par_cod_asig1,par_cod_asig2,par_cod_asig3 FROM tblaca009 WHERE pensum='5' AND c_uni_ca='5' AND c_asigna='300112' [1][0] OK
C:[20/02/2018 10:29:37.68][172.16.5.122][1396] SELECT par_cod_asig1,par_cod_asig2,par_cod_asig3 FROM tblaca009 WHERE pensum='5' AND c_uni_ca='5' AND c_asigna='300113' [1][0] OK
C:[20/02/2018 10:29:37.68][172.16.5.122][1410] SELECT c_asigna FROM dace004 WHERE exp_e='17-26939063' AND c_asigna='300013' AND status IN ('0','3','B','C') [0][0] OK
C:[20/02/2018 10:29:37.68][172.16.5.122][1396] SELECT par_cod_asig1,par_cod_asig2,par_cod_asig3 FROM tblaca009 WHERE pensum='5' AND c_uni_ca='5' AND c_asigna='300226' [1][0] OK
C:[20/02/2018 10:29:37.68][172.16.5.122][1396] SELECT par_cod_asig1,par_cod_asig2,par_cod_asig3 FROM tblaca009 WHERE pensum='5' AND c_uni_ca='5' AND c_asigna='300314' [1][0] OK
C:[20/02/2018 10:29:37.56][172.16.5.122][1526] SELECT horas_lab FROM tblaca008 WHERE c_asigna='300013' AND horas_teoricas > 0 [1][0] OK
C:[20/02/2018 10:29:37.56][172.16.5.122][1526] SELECT horas_lab FROM tblaca008 WHERE c_asigna='300101' AND horas_teoricas > 0 [1][0] OK
C:[20/02/2018 10:29:37.56][172.16.5.122][1526] SELECT horas_lab FROM tblaca008 WHERE c_asigna='300112' AND horas_teoricas > 0 [1][0] OK
C:[20/02/2018 10:29:37.56][172.16.5.122][1526] SELECT horas_lab FROM tblaca008 WHERE c_asigna='300113' AND horas_teoricas > 0 [0][0] OK
C:[20/02/2018 10:29:37.56][172.16.5.122][1526] SELECT horas_lab FROM tblaca008 WHERE c_asigna='300226' AND horas_teoricas > 0 [1][0] OK
C:[20/02/2018 10:29:37.56][172.16.5.122][1526] SELECT horas_lab FROM tblaca008 WHERE c_asigna='300314' AND horas_teoricas > 0 [0][0] OK
C:[20/02/2018 10:58:46.09][172.16.5.187][1352] SELECT pre_cod_asig1,pre_cod_asig2,pre_cod_asig3,pre_cod_asig4,pre_cod_asig5,pre_cod_asig6,pre_cod_asig7 FROM tblaca009 WHERE pensum='5' AND c_uni_ca='3' AND c_asigna='300013' [1][0] OK
C:[20/02/2018 10:58:46.09][172.16.5.187][1352] SELECT pre_cod_asig1,pre_cod_asig2,pre_cod_asig3,pre_cod_asig4,pre_cod_asig5,pre_cod_asig6,pre_cod_asig7 FROM tblaca009 WHERE pensum='5' AND c_uni_ca='3' AND c_asigna='300101' [1][0] OK
C:[20/02/2018 10:58:46.09][172.16.5.187][1352] SELECT pre_cod_asig1,pre_cod_asig2,pre_cod_asig3,pre_cod_asig4,pre_cod_asig5,pre_cod_asig6,pre_cod_asig7 FROM tblaca009 WHERE pensum='5' AND c_uni_ca='3' AND c_asigna='300105' [1][0] OK
C:[20/02/2018 10:58:46.09][172.16.5.187][1352] SELECT pre_cod_asig1,pre_cod_asig2,pre_cod_asig3,pre_cod_asig4,pre_cod_asig5,pre_cod_asig6,pre_cod_asig7 FROM tblaca009 WHERE pensum='5' AND c_uni_ca='3' AND c_asigna='300112' [1][0] OK
C:[20/02/2018 10:58:46.09][172.16.5.187][1352] SELECT pre_cod_asig1,pre_cod_asig2,pre_cod_asig3,pre_cod_asig4,pre_cod_asig5,pre_cod_asig6,pre_cod_asig7 FROM tblaca009 WHERE pensum='5' AND c_uni_ca='3' AND c_asigna='300113' [1][0] OK
C:[20/02/2018 10:58:46.09][172.16.5.187][1352] SELECT pre_cod_asig1,pre_cod_asig2,pre_cod_asig3,pre_cod_asig4,pre_cod_asig5,pre_cod_asig6,pre_cod_asig7 FROM tblaca009 WHERE pensum='5' AND c_uni_ca='3' AND c_asigna='300116' [1][0] OK
C:[20/02/2018 10:58:46.92][172.16.5.187][1396] SELECT par_cod_asig1,par_cod_asig2,par_cod_asig3 FROM tblaca009 WHERE pensum='5' AND c_uni_ca='3' AND c_asigna='300013' [1][0] OK
C:[20/02/2018 10:58:46.92][172.16.5.187][1396] SELECT par_cod_asig1,par_cod_asig2,par_cod_asig3 FROM tblaca009 WHERE pensum='5' AND c_uni_ca='3' AND c_asigna='300101' [1][0] OK
C:[20/02/2018 10:58:46.92][172.16.5.187][1396] SELECT par_cod_asig1,par_cod_asig2,par_cod_asig3 FROM tblaca009 WHERE pensum='5' AND c_uni_ca='3' AND c_asigna='300105' [1][0] OK
C:[20/02/2018 10:58:46.92][172.16.5.187][1396] SELECT par_cod_asig1,par_cod_asig2,par_cod_asig3 FROM tblaca009 WHERE pensum='5' AND c_uni_ca='3' AND c_asigna='300112' [1][0] OK
C:[20/02/2018 10:58:46.92][172.16.5.187][1396] SELECT par_cod_asig1,par_cod_asig2,par_cod_asig3 FROM tblaca009 WHERE pensum='5' AND c_uni_ca='3' AND c_asigna='300113' [1][0] OK
C:[20/02/2018 10:58:46.92][172.16.5.187][1410] SELECT c_asigna FROM dace004 WHERE exp_e='17-26500176' AND c_asigna='300013' AND status IN ('0','3','B','C') [0][0] OK
C:[20/02/2018 10:58:46.92][172.16.5.187][1396] SELECT par_cod_asig1,par_cod_asig2,par_cod_asig3 FROM tblaca009 WHERE pensum='5' AND c_uni_ca='3' AND c_asigna='300116' [1][0] OK
C:[20/02/2018 10:58:46.73][172.16.5.187][1526] SELECT horas_lab FROM tblaca008 WHERE c_asigna='300013' AND horas_teoricas > 0 [1][0] OK
C:[20/02/2018 10:58:46.73][172.16.5.187][1526] SELECT horas_lab FROM tblaca008 WHERE c_asigna='300101' AND horas_teoricas > 0 [1][0] OK
C:[20/02/2018 10:58:46.73][172.16.5.187][1526] SELECT horas_lab FROM tblaca008 WHERE c_asigna='300105' AND horas_teoricas > 0 [1][0] OK
C:[20/02/2018 10:58:46.73][172.16.5.187][1526] SELECT horas_lab FROM tblaca008 WHERE c_asigna='300112' AND horas_teoricas > 0 [1][0] OK
C:[20/02/2018 10:58:46.73][172.16.5.187][1526] SELECT horas_lab FROM tblaca008 WHERE c_asigna='300113' AND horas_teoricas > 0 [0][0] OK
C:[20/02/2018 10:58:46.73][172.16.5.187][1526] SELECT horas_lab FROM tblaca008 WHERE c_asigna='300116' AND horas_teoricas > 0 [1][0] OK
C:[20/02/2018 11:00:41.05][172.16.4.254][1352] SELECT pre_cod_asig1,pre_cod_asig2,pre_cod_asig3,pre_cod_asig4,pre_cod_asig5,pre_cod_asig6,pre_cod_asig7 FROM tblaca009 WHERE pensum='5' AND c_uni_ca='3' AND c_asigna='300013' [1][0] OK
C:[20/02/2018 11:00:41.05][172.16.4.254][1352] SELECT pre_cod_asig1,pre_cod_asig2,pre_cod_asig3,pre_cod_asig4,pre_cod_asig5,pre_cod_asig6,pre_cod_asig7 FROM tblaca009 WHERE pensum='5' AND c_uni_ca='3' AND c_asigna='300101' [1][0] OK
C:[20/02/2018 11:00:41.05][172.16.4.254][1352] SELECT pre_cod_asig1,pre_cod_asig2,pre_cod_asig3,pre_cod_asig4,pre_cod_asig5,pre_cod_asig6,pre_cod_asig7 FROM tblaca009 WHERE pensum='5' AND c_uni_ca='3' AND c_asigna='300105' [1][0] OK
C:[20/02/2018 11:00:41.05][172.16.4.254][1352] SELECT pre_cod_asig1,pre_cod_asig2,pre_cod_asig3,pre_cod_asig4,pre_cod_asig5,pre_cod_asig6,pre_cod_asig7 FROM tblaca009 WHERE pensum='5' AND c_uni_ca='3' AND c_asigna='300112' [1][0] OK
C:[20/02/2018 11:00:41.05][172.16.4.254][1352] SELECT pre_cod_asig1,pre_cod_asig2,pre_cod_asig3,pre_cod_asig4,pre_cod_asig5,pre_cod_asig6,pre_cod_asig7 FROM tblaca009 WHERE pensum='5' AND c_uni_ca='3' AND c_asigna='300113' [1][0] OK
C:[20/02/2018 11:00:41.05][172.16.4.254][1352] SELECT pre_cod_asig1,pre_cod_asig2,pre_cod_asig3,pre_cod_asig4,pre_cod_asig5,pre_cod_asig6,pre_cod_asig7 FROM tblaca009 WHERE pensum='5' AND c_uni_ca='3' AND c_asigna='300116' [1][0] OK
C:[20/02/2018 11:00:41.80][172.16.4.254][1396] SELECT par_cod_asig1,par_cod_asig2,par_cod_asig3 FROM tblaca009 WHERE pensum='5' AND c_uni_ca='3' AND c_asigna='300013' [1][0] OK
C:[20/02/2018 11:00:41.80][172.16.4.254][1396] SELECT par_cod_asig1,par_cod_asig2,par_cod_asig3 FROM tblaca009 WHERE pensum='5' AND c_uni_ca='3' AND c_asigna='300101' [1][0] OK
C:[20/02/2018 11:00:41.80][172.16.4.254][1396] SELECT par_cod_asig1,par_cod_asig2,par_cod_asig3 FROM tblaca009 WHERE pensum='5' AND c_uni_ca='3' AND c_asigna='300105' [1][0] OK
C:[20/02/2018 11:00:41.80][172.16.4.254][1396] SELECT par_cod_asig1,par_cod_asig2,par_cod_asig3 FROM tblaca009 WHERE pensum='5' AND c_uni_ca='3' AND c_asigna='300112' [1][0] OK
C:[20/02/2018 11:00:41.80][172.16.4.254][1396] SELECT par_cod_asig1,par_cod_asig2,par_cod_asig3 FROM tblaca009 WHERE pensum='5' AND c_uni_ca='3' AND c_asigna='300113' [1][0] OK
C:[20/02/2018 11:00:41.80][172.16.4.254][1410] SELECT c_asigna FROM dace004 WHERE exp_e='17-26500176' AND c_asigna='300013' AND status IN ('0','3','B','C') [0][0] OK
C:[20/02/2018 11:00:41.80][172.16.4.254][1396] SELECT par_cod_asig1,par_cod_asig2,par_cod_asig3 FROM tblaca009 WHERE pensum='5' AND c_uni_ca='3' AND c_asigna='300116' [1][0] OK
C:[20/02/2018 11:00:41.70][172.16.4.254][1526] SELECT horas_lab FROM tblaca008 WHERE c_asigna='300013' AND horas_teoricas > 0 [1][0] OK
C:[20/02/2018 11:00:41.70][172.16.4.254][1526] SELECT horas_lab FROM tblaca008 WHERE c_asigna='300101' AND horas_teoricas > 0 [1][0] OK
C:[20/02/2018 11:00:41.70][172.16.4.254][1526] SELECT horas_lab FROM tblaca008 WHERE c_asigna='300105' AND horas_teoricas > 0 [1][0] OK
C:[20/02/2018 11:00:41.70][172.16.4.254][1526] SELECT horas_lab FROM tblaca008 WHERE c_asigna='300112' AND horas_teoricas > 0 [1][0] OK
C:[20/02/2018 11:00:41.70][172.16.4.254][1526] SELECT horas_lab FROM tblaca008 WHERE c_asigna='300113' AND horas_teoricas > 0 [0][0] OK
C:[20/02/2018 11:00:41.70][172.16.4.254][1526] SELECT horas_lab FROM tblaca008 WHERE c_asigna='300116' AND horas_teoricas > 0 [1][0] OK
C:[21/02/2018 08:45:48.34][172.16.4.254][1352] SELECT pre_cod_asig1,pre_cod_asig2,pre_cod_asig3,pre_cod_asig4,pre_cod_asig5,pre_cod_asig6,pre_cod_asig7 FROM tblaca009 WHERE pensum='5' AND c_uni_ca='2' AND c_asigna='300013' [1][0] OK
C:[21/02/2018 08:45:48.34][172.16.4.254][1352] SELECT pre_cod_asig1,pre_cod_asig2,pre_cod_asig3,pre_cod_asig4,pre_cod_asig5,pre_cod_asig6,pre_cod_asig7 FROM tblaca009 WHERE pensum='5' AND c_uni_ca='2' AND c_asigna='300101' [1][0] OK
C:[21/02/2018 08:45:48.34][172.16.4.254][1352] SELECT pre_cod_asig1,pre_cod_asig2,pre_cod_asig3,pre_cod_asig4,pre_cod_asig5,pre_cod_asig6,pre_cod_asig7 FROM tblaca009 WHERE pensum='5' AND c_uni_ca='2' AND c_asigna='300116' [1][0] OK
C:[21/02/2018 08:45:48.34][172.16.4.254][1352] SELECT pre_cod_asig1,pre_cod_asig2,pre_cod_asig3,pre_cod_asig4,pre_cod_asig5,pre_cod_asig6,pre_cod_asig7 FROM tblaca009 WHERE pensum='5' AND c_uni_ca='2' AND c_asigna='300222' [1][0] OK
C:[21/02/2018 08:45:48.34][172.16.4.254][1365] SELECT c_asigna FROM dace004 WHERE exp_e='17-27936056' AND c_asigna='300112' AND status IN ('0','3','B') [1][0] OK
C:[21/02/2018 08:45:48.34][172.16.4.254][1352] SELECT pre_cod_asig1,pre_cod_asig2,pre_cod_asig3,pre_cod_asig4,pre_cod_asig5,pre_cod_asig6,pre_cod_asig7 FROM tblaca009 WHERE pensum='5' AND c_uni_ca='2' AND c_asigna='300314' [1][0] OK
C:[21/02/2018 08:45:48.34][172.16.4.254][1365] SELECT c_asigna FROM dace004 WHERE exp_e='17-27936056' AND c_asigna='300106' AND status IN ('0','3','B') [1][0] OK
C:[21/02/2018 08:45:48.21][172.16.4.254][1396] SELECT par_cod_asig1,par_cod_asig2,par_cod_asig3 FROM tblaca009 WHERE pensum='5' AND c_uni_ca='2' AND c_asigna='300013' [1][0] OK
C:[21/02/2018 08:45:48.21][172.16.4.254][1396] SELECT par_cod_asig1,par_cod_asig2,par_cod_asig3 FROM tblaca009 WHERE pensum='5' AND c_uni_ca='2' AND c_asigna='300101' [1][0] OK
C:[21/02/2018 08:45:48.21][172.16.4.254][1396] SELECT par_cod_asig1,par_cod_asig2,par_cod_asig3 FROM tblaca009 WHERE pensum='5' AND c_uni_ca='2' AND c_asigna='300116' [1][0] OK
C:[21/02/2018 08:45:48.21][172.16.4.254][1396] SELECT par_cod_asig1,par_cod_asig2,par_cod_asig3 FROM tblaca009 WHERE pensum='5' AND c_uni_ca='2' AND c_asigna='300222' [1][0] OK
C:[21/02/2018 08:45:48.21][172.16.4.254][1396] SELECT par_cod_asig1,par_cod_asig2,par_cod_asig3 FROM tblaca009 WHERE pensum='5' AND c_uni_ca='2' AND c_asigna='300314' [1][0] OK
C:[21/02/2018 08:45:48.00][172.16.4.254][1526] SELECT horas_lab FROM tblaca008 WHERE c_asigna='300013' AND horas_teoricas > 0 [1][0] OK
C:[21/02/2018 08:45:48.00][172.16.4.254][1526] SELECT horas_lab FROM tblaca008 WHERE c_asigna='300101' AND horas_teoricas > 0 [1][0] OK
C:[21/02/2018 08:45:48.00][172.16.4.254][1526] SELECT horas_lab FROM tblaca008 WHERE c_asigna='300116' AND horas_teoricas > 0 [1][0] OK
C:[21/02/2018 08:45:48.00][172.16.4.254][1526] SELECT horas_lab FROM tblaca008 WHERE c_asigna='300222' AND horas_teoricas > 0 [1][0] OK
C:[21/02/2018 08:45:48.00][172.16.4.254][1526] SELECT horas_lab FROM tblaca008 WHERE c_asigna='300314' AND horas_teoricas > 0 [0][0] OK
C:[21/02/2018 08:48:18.28][172.16.4.254][1352] SELECT pre_cod_asig1,pre_cod_asig2,pre_cod_asig3,pre_cod_asig4,pre_cod_asig5,pre_cod_asig6,pre_cod_asig7 FROM tblaca009 WHERE pensum='5' AND c_uni_ca='6' AND c_asigna='300422' [1][0] OK
C:[21/02/2018 08:48:18.28][172.16.4.254][1365] SELECT c_asigna FROM dace004 WHERE exp_e='15-26770795' AND c_asigna='300105' AND status IN ('0','3','B') [1][0] OK
C:[21/02/2018 08:48:18.28][172.16.4.254][1365] SELECT c_asigna FROM dace004 WHERE exp_e='15-26770795' AND c_asigna='300314' AND status IN ('0','3','B') [1][0] OK
C:[21/02/2018 08:48:18.28][172.16.4.254][1352] SELECT pre_cod_asig1,pre_cod_asig2,pre_cod_asig3,pre_cod_asig4,pre_cod_asig5,pre_cod_asig6,pre_cod_asig7 FROM tblaca009 WHERE pensum='5' AND c_uni_ca='6' AND c_asigna='342436' [1][0] OK
C:[21/02/2018 08:48:18.28][172.16.4.254][1365] SELECT c_asigna FROM dace004 WHERE exp_e='15-26770795' AND c_asigna='300318' AND status IN ('0','3','B') [1][0] OK
C:[21/02/2018 08:48:18.28][172.16.4.254][1365] SELECT c_asigna FROM dace004 WHERE exp_e='15-26770795' AND c_asigna='300317' AND status IN ('0','3','B') [1][0] OK
C:[21/02/2018 08:48:18.28][172.16.4.254][1352] SELECT pre_cod_asig1,pre_cod_asig2,pre_cod_asig3,pre_cod_asig4,pre_cod_asig5,pre_cod_asig6,pre_cod_asig7 FROM tblaca009 WHERE pensum='5' AND c_uni_ca='6' AND c_asigna='342444' [1][0] OK
C:[21/02/2018 08:48:18.28][172.16.4.254][1365] SELECT c_asigna FROM dace004 WHERE exp_e='15-26770795' AND c_asigna='340323' AND status IN ('0','3','B') [1][0] OK
C:[21/02/2018 08:48:18.28][172.16.4.254][1352] SELECT pre_cod_asig1,pre_cod_asig2,pre_cod_asig3,pre_cod_asig4,pre_cod_asig5,pre_cod_asig6,pre_cod_asig7 FROM tblaca009 WHERE pensum='5' AND c_uni_ca='6' AND c_asigna='344445' [1][0] OK
C:[21/02/2018 08:48:18.28][172.16.4.254][1352] SELECT pre_cod_asig1,pre_cod_asig2,pre_cod_asig3,pre_cod_asig4,pre_cod_asig5,pre_cod_asig6,pre_cod_asig7 FROM tblaca009 WHERE pensum='5' AND c_uni_ca='6' AND c_asigna='344446' [1][0] OK
C:[21/02/2018 08:48:18.28][172.16.4.254][1365] SELECT c_asigna FROM dace004 WHERE exp_e='15-26770795' AND c_asigna='300317' AND status IN ('0','3','B') [1][0] OK
C:[21/02/2018 08:48:18.28][172.16.4.254][1365] SELECT c_asigna FROM dace004 WHERE exp_e='15-26770795' AND c_asigna='300313' AND status IN ('0','3','B') [1][0] OK
C:[21/02/2018 08:48:18.28][172.16.4.254][1365] SELECT c_asigna FROM dace004 WHERE exp_e='15-26770795' AND c_asigna='300209' AND status IN ('0','3','B') [1][0] OK
C:[21/02/2018 08:48:18.28][172.16.4.254][1365] SELECT c_asigna FROM dace004 WHERE exp_e='15-26770795' AND c_asigna='300222' AND status IN ('0','3','B') [1][0] OK
C:[21/02/2018 08:48:18.28][172.16.4.254][1365] SELECT c_asigna FROM dace004 WHERE exp_e='15-26770795' AND c_asigna='300226' AND status IN ('0','3','B') [1][0] OK
C:[21/02/2018 08:48:18.28][172.16.4.254][1352] SELECT pre_cod_asig1,pre_cod_asig2,pre_cod_asig3,pre_cod_asig4,pre_cod_asig5,pre_cod_asig6,pre_cod_asig7 FROM tblaca009 WHERE pensum='5' AND c_uni_ca='6' AND c_asigna='311561' [1][0] OK
C:[21/02/2018 08:48:18.28][172.16.4.254][1365] SELECT c_asigna FROM dace004 WHERE exp_e='15-26770795' AND c_asigna='300318' AND status IN ('0','3','B') [1][0] OK
C:[21/02/2018 08:48:18.05][172.16.4.254][1396] SELECT par_cod_asig1,par_cod_asig2,par_cod_asig3 FROM tblaca009 WHERE pensum='5' AND c_uni_ca='6' AND c_asigna='300422' [1][0] OK
C:[21/02/2018 08:48:18.05][172.16.4.254][1396] SELECT par_cod_asig1,par_cod_asig2,par_cod_asig3 FROM tblaca009 WHERE pensum='5' AND c_uni_ca='6' AND c_asigna='342436' [1][0] OK
C:[21/02/2018 08:48:18.05][172.16.4.254][1396] SELECT par_cod_asig1,par_cod_asig2,par_cod_asig3 FROM tblaca009 WHERE pensum='5' AND c_uni_ca='6' AND c_asigna='342444' [1][0] OK
C:[21/02/2018 08:48:18.05][172.16.4.254][1396] SELECT par_cod_asig1,par_cod_asig2,par_cod_asig3 FROM tblaca009 WHERE pensum='5' AND c_uni_ca='6' AND c_asigna='344445' [1][0] OK
C:[21/02/2018 08:48:18.05][172.16.4.254][1396] SELECT par_cod_asig1,par_cod_asig2,par_cod_asig3 FROM tblaca009 WHERE pensum='5' AND c_uni_ca='6' AND c_asigna='344446' [1][0] OK
C:[21/02/2018 08:48:18.05][172.16.4.254][1396] SELECT par_cod_asig1,par_cod_asig2,par_cod_asig3 FROM tblaca009 WHERE pensum='5' AND c_uni_ca='6' AND c_asigna='311561' [1][0] OK
C:[21/02/2018 08:48:18.75][172.16.4.254][1526] SELECT horas_lab FROM tblaca008 WHERE c_asigna='300422' AND horas_teoricas > 0 [0][0] OK
C:[21/02/2018 08:48:18.75][172.16.4.254][1526] SELECT horas_lab FROM tblaca008 WHERE c_asigna='342436' AND horas_teoricas > 0 [1][0] OK
C:[21/02/2018 08:48:18.75][172.16.4.254][1526] SELECT horas_lab FROM tblaca008 WHERE c_asigna='342444' AND horas_teoricas > 0 [1][0] OK
C:[21/02/2018 08:48:18.75][172.16.4.254][1526] SELECT horas_lab FROM tblaca008 WHERE c_asigna='344445' AND horas_teoricas > 0 [1][0] OK
C:[21/02/2018 08:48:18.75][172.16.4.254][1526] SELECT horas_lab FROM tblaca008 WHERE c_asigna='344446' AND horas_teoricas > 0 [1][0] OK
C:[21/02/2018 08:48:18.75][172.16.4.254][1526] SELECT horas_lab FROM tblaca008 WHERE c_asigna='311561' AND horas_teoricas > 0 [1][0] OK
C:[21/02/2018 10:42:45.42][172.16.4.254][1352] SELECT pre_cod_asig1,pre_cod_asig2,pre_cod_asig3,pre_cod_asig4,pre_cod_asig5,pre_cod_asig6,pre_cod_asig7 FROM tblaca009 WHERE pensum='5' AND c_uni_ca='4' AND c_asigna='300218' [1][0] OK
C:[21/02/2018 10:42:45.42][172.16.4.254][1365] SELECT c_asigna FROM dace004 WHERE exp_e='13-26649906' AND c_asigna='300101' AND status IN ('0','3','B') [1][0] OK
C:[21/02/2018 10:42:45.42][172.16.4.254][1352] SELECT pre_cod_asig1,pre_cod_asig2,pre_cod_asig3,pre_cod_asig4,pre_cod_asig5,pre_cod_asig6,pre_cod_asig7 FROM tblaca009 WHERE pensum='5' AND c_uni_ca='4' AND c_asigna='300313' [1][0] OK
C:[21/02/2018 10:42:45.42][172.16.4.254][1365] SELECT c_asigna FROM dace004 WHERE exp_e='13-26649906' AND c_asigna='300213' AND status IN ('0','3','B') [1][0] OK
C:[21/02/2018 10:42:45.42][172.16.4.254][1365] SELECT c_asigna FROM dace004 WHERE exp_e='13-26649906' AND c_asigna='300226' AND status IN ('0','3','B') [1][0] OK
C:[21/02/2018 10:42:45.42][172.16.4.254][1365] SELECT c_asigna FROM dace004 WHERE exp_e='13-26649906' AND c_asigna='300222' AND status IN ('0','3','B') [1][0] OK
C:[21/02/2018 10:42:45.42][172.16.4.254][1365] SELECT c_asigna FROM dace004 WHERE exp_e='13-26649906' AND c_asigna='300209' AND status IN ('0','3','B') [1][0] OK
C:[21/02/2018 10:42:45.42][172.16.4.254][1352] SELECT pre_cod_asig1,pre_cod_asig2,pre_cod_asig3,pre_cod_asig4,pre_cod_asig5,pre_cod_asig6,pre_cod_asig7 FROM tblaca009 WHERE pensum='5' AND c_uni_ca='4' AND c_asigna='333326' [1][0] OK
C:[21/02/2018 10:42:45.42][172.16.4.254][1396] SELECT par_cod_asig1,par_cod_asig2,par_cod_asig3 FROM tblaca009 WHERE pensum='5' AND c_uni_ca='4' AND c_asigna='300218' [1][0] OK
C:[21/02/2018 10:42:45.42][172.16.4.254][1410] SELECT c_asigna FROM dace004 WHERE exp_e='13-26649906' AND c_asigna='300228' AND status IN ('0','3','B','C') [1][0] OK
C:[21/02/2018 10:42:45.42][172.16.4.254][1396] SELECT par_cod_asig1,par_cod_asig2,par_cod_asig3 FROM tblaca009 WHERE pensum='5' AND c_uni_ca='4' AND c_asigna='300313' [1][0] OK
C:[21/02/2018 10:42:45.42][172.16.4.254][1396] SELECT par_cod_asig1,par_cod_asig2,par_cod_asig3 FROM tblaca009 WHERE pensum='5' AND c_uni_ca='4' AND c_asigna='333326' [1][0] OK
C:[21/02/2018 10:42:45.95][172.16.4.254][1526] SELECT horas_lab FROM tblaca008 WHERE c_asigna='300218' AND horas_teoricas > 0 [0][0] OK
C:[21/02/2018 10:42:45.95][172.16.4.254][1526] SELECT horas_lab FROM tblaca008 WHERE c_asigna='300313' AND horas_teoricas > 0 [1][0] OK
C:[21/02/2018 10:42:45.95][172.16.4.254][1526] SELECT horas_lab FROM tblaca008 WHERE c_asigna='333326' AND horas_teoricas > 0 [1][0] OK
C:[21/02/2018 10:48:55.82][172.16.4.254][1352] SELECT pre_cod_asig1,pre_cod_asig2,pre_cod_asig3,pre_cod_asig4,pre_cod_asig5,pre_cod_asig6,pre_cod_asig7 FROM tblaca009 WHERE pensum='5' AND c_uni_ca='5' AND c_asigna='355573' [1][0] OK
C:[21/02/2018 10:48:55.82][172.16.4.254][1365] SELECT c_asigna FROM dace004 WHERE exp_e='13-24522479' AND c_asigna='355448' AND status IN ('0','3','B') [1][0] OK
C:[21/02/2018 10:48:55.82][172.16.4.254][1352] SELECT pre_cod_asig1,pre_cod_asig2,pre_cod_asig3,pre_cod_asig4,pre_cod_asig5,pre_cod_asig6,pre_cod_asig7 FROM tblaca009 WHERE pensum='5' AND c_uni_ca='5' AND c_asigna='355692' [1][0] OK
C:[21/02/2018 10:48:55.82][172.16.4.254][1365] SELECT c_asigna FROM dace004 WHERE exp_e='13-24522479' AND c_asigna='355448' AND status IN ('0','3','B') [1][0] OK
C:[21/02/2018 10:48:55.82][172.16.4.254][1365] SELECT c_asigna FROM dace004 WHERE exp_e='13-24522479' AND c_asigna='355570' AND status IN ('0','3','B') [1][0] OK
C:[21/02/2018 10:48:55.82][172.16.4.254][1365] SELECT c_asigna FROM dace004 WHERE exp_e='13-24522479' AND c_asigna='355571' AND status IN ('0','3','B') [1][0] OK
C:[21/02/2018 10:48:55.82][172.16.4.254][1352] SELECT pre_cod_asig1,pre_cod_asig2,pre_cod_asig3,pre_cod_asig4,pre_cod_asig5,pre_cod_asig6,pre_cod_asig7 FROM tblaca009 WHERE pensum='5' AND c_uni_ca='5' AND c_asigna='355722' [1][0] OK
C:[21/02/2018 10:48:55.82][172.16.4.254][1365] SELECT c_asigna FROM dace004 WHERE exp_e='13-24522479' AND c_asigna='355691' AND status IN ('0','3','B') [1][0] OK
C:[21/02/2018 10:48:55.82][172.16.4.254][1365] SELECT c_asigna FROM dace004 WHERE exp_e='13-24522479' AND c_asigna='355595' AND status IN ('0','3','B') [1][0] OK
C:[21/02/2018 10:48:55.82][172.16.4.254][1352] SELECT pre_cod_asig1,pre_cod_asig2,pre_cod_asig3,pre_cod_asig4,pre_cod_asig5,pre_cod_asig6,pre_cod_asig7 FROM tblaca009 WHERE pensum='5' AND c_uni_ca='5' AND c_asigna='355723' [1][0] OK
C:[21/02/2018 10:48:55.82][172.16.4.254][1365] SELECT c_asigna FROM dace004 WHERE exp_e='13-24522479' AND c_asigna='355694' AND status IN ('0','3','B') [1][0] OK
C:[21/02/2018 10:48:55.77][172.16.4.254][1396] SELECT par_cod_asig1,par_cod_asig2,par_cod_asig3 FROM tblaca009 WHERE pensum='5' AND c_uni_ca='5' AND c_asigna='355573' [1][0] OK
C:[21/02/2018 10:48:55.77][172.16.4.254][1396] SELECT par_cod_asig1,par_cod_asig2,par_cod_asig3 FROM tblaca009 WHERE pensum='5' AND c_uni_ca='5' AND c_asigna='355692' [1][0] OK
C:[21/02/2018 10:48:55.77][172.16.4.254][1410] SELECT c_asigna FROM dace004 WHERE exp_e='13-24522479' AND c_asigna='355696' AND status IN ('0','3','B','C') [1][0] OK
C:[21/02/2018 10:48:55.77][172.16.4.254][1396] SELECT par_cod_asig1,par_cod_asig2,par_cod_asig3 FROM tblaca009 WHERE pensum='5' AND c_uni_ca='5' AND c_asigna='355722' [1][0] OK
C:[21/02/2018 10:48:55.77][172.16.4.254][1396] SELECT par_cod_asig1,par_cod_asig2,par_cod_asig3 FROM tblaca009 WHERE pensum='5' AND c_uni_ca='5' AND c_asigna='355723' [1][0] OK
C:[21/02/2018 10:48:55.43][172.16.4.254][1526] SELECT horas_lab FROM tblaca008 WHERE c_asigna='355573' AND horas_teoricas > 0 [1][0] OK
C:[21/02/2018 10:48:55.43][172.16.4.254][1526] SELECT horas_lab FROM tblaca008 WHERE c_asigna='355692' AND horas_teoricas > 0 [1][0] OK
C:[21/02/2018 10:48:55.43][172.16.4.254][1526] SELECT horas_lab FROM tblaca008 WHERE c_asigna='355722' AND horas_teoricas > 0 [1][0] OK
C:[21/02/2018 10:48:55.43][172.16.4.254][1526] SELECT horas_lab FROM tblaca008 WHERE c_asigna='355723' AND horas_teoricas > 0 [1][0] OK
C:[21/02/2018 10:50:15.11][172.16.4.254][1352] SELECT pre_cod_asig1,pre_cod_asig2,pre_cod_asig3,pre_cod_asig4,pre_cod_asig5,pre_cod_asig6,pre_cod_asig7 FROM tblaca009 WHERE pensum='5' AND c_uni_ca='5' AND c_asigna='355692' [1][0] OK
C:[21/02/2018 10:50:15.11][172.16.4.254][1365] SELECT c_asigna FROM dace004 WHERE exp_e='13-25355172' AND c_asigna='355448' AND status IN ('0','3','B') [1][0] OK
C:[21/02/2018 10:50:15.11][172.16.4.254][1365] SELECT c_asigna FROM dace004 WHERE exp_e='13-25355172' AND c_asigna='355570' AND status IN ('0','3','B') [1][0] OK
C:[21/02/2018 10:50:15.11][172.16.4.254][1365] SELECT c_asigna FROM dace004 WHERE exp_e='13-25355172' AND c_asigna='355571' AND status IN ('0','3','B') [1][0] OK
C:[21/02/2018 10:50:15.11][172.16.4.254][1352] SELECT pre_cod_asig1,pre_cod_asig2,pre_cod_asig3,pre_cod_asig4,pre_cod_asig5,pre_cod_asig6,pre_cod_asig7 FROM tblaca009 WHERE pensum='5' AND c_uni_ca='5' AND c_asigna='355696' [1][0] OK
C:[21/02/2018 10:50:15.11][172.16.4.254][1365] SELECT c_asigna FROM dace004 WHERE exp_e='13-25355172' AND c_asigna='355570' AND status IN ('0','3','B') [1][0] OK
C:[21/02/2018 10:50:15.11][172.16.4.254][1365] SELECT c_asigna FROM dace004 WHERE exp_e='13-25355172' AND c_asigna='355571' AND status IN ('0','3','B') [1][0] OK
C:[21/02/2018 10:50:15.11][172.16.4.254][1352] SELECT pre_cod_asig1,pre_cod_asig2,pre_cod_asig3,pre_cod_asig4,pre_cod_asig5,pre_cod_asig6,pre_cod_asig7 FROM tblaca009 WHERE pensum='5' AND c_uni_ca='5' AND c_asigna='355722' [1][0] OK
C:[21/02/2018 10:50:15.11][172.16.4.254][1365] SELECT c_asigna FROM dace004 WHERE exp_e='13-25355172' AND c_asigna='355691' AND status IN ('0','3','B') [1][0] OK
C:[21/02/2018 10:50:15.11][172.16.4.254][1365] SELECT c_asigna FROM dace004 WHERE exp_e='13-25355172' AND c_asigna='355595' AND status IN ('0','3','B') [1][0] OK
C:[21/02/2018 10:50:15.11][172.16.4.254][1352] SELECT pre_cod_asig1,pre_cod_asig2,pre_cod_asig3,pre_cod_asig4,pre_cod_asig5,pre_cod_asig6,pre_cod_asig7 FROM tblaca009 WHERE pensum='5' AND c_uni_ca='5' AND c_asigna='355723' [1][0] OK
C:[21/02/2018 10:50:15.11][172.16.4.254][1365] SELECT c_asigna FROM dace004 WHERE exp_e='13-25355172' AND c_asigna='355694' AND status IN ('0','3','B') [1][0] OK
C:[21/02/2018 10:50:16.61][172.16.4.254][1396] SELECT par_cod_asig1,par_cod_asig2,par_cod_asig3 FROM tblaca009 WHERE pensum='5' AND c_uni_ca='5' AND c_asigna='355692' [1][0] OK
C:[21/02/2018 10:50:16.61][172.16.4.254][1410] SELECT c_asigna FROM dace004 WHERE exp_e='13-25355172' AND c_asigna='355696' AND status IN ('0','3','B','C') [0][0] OK
C:[21/02/2018 10:50:16.61][172.16.4.254][1396] SELECT par_cod_asig1,par_cod_asig2,par_cod_asig3 FROM tblaca009 WHERE pensum='5' AND c_uni_ca='5' AND c_asigna='355696' [1][0] OK
C:[21/02/2018 10:50:16.61][172.16.4.254][1396] SELECT par_cod_asig1,par_cod_asig2,par_cod_asig3 FROM tblaca009 WHERE pensum='5' AND c_uni_ca='5' AND c_asigna='355722' [1][0] OK
C:[21/02/2018 10:50:16.61][172.16.4.254][1396] SELECT par_cod_asig1,par_cod_asig2,par_cod_asig3 FROM tblaca009 WHERE pensum='5' AND c_uni_ca='5' AND c_asigna='355723' [1][0] OK
C:[21/02/2018 10:50:16.30][172.16.4.254][1526] SELECT horas_lab FROM tblaca008 WHERE c_asigna='355692' AND horas_teoricas > 0 [1][0] OK
C:[21/02/2018 10:50:16.30][172.16.4.254][1526] SELECT horas_lab FROM tblaca008 WHERE c_asigna='355696' AND horas_teoricas > 0 [1][0] OK
C:[21/02/2018 10:50:16.30][172.16.4.254][1526] SELECT horas_lab FROM tblaca008 WHERE c_asigna='355722' AND horas_teoricas > 0 [1][0] OK
C:[21/02/2018 10:50:16.30][172.16.4.254][1526] SELECT horas_lab FROM tblaca008 WHERE c_asigna='355723' AND horas_teoricas > 0 [1][0] OK
C:[21/02/2018 14:02:27.63][172.16.4.254][1352] SELECT pre_cod_asig1,pre_cod_asig2,pre_cod_asig3,pre_cod_asig4,pre_cod_asig5,pre_cod_asig6,pre_cod_asig7 FROM tblaca009 WHERE pensum='5' AND c_uni_ca='6' AND c_asigna='300213' [1][0] OK
C:[21/02/2018 14:02:27.63][172.16.4.254][1365] SELECT c_asigna FROM dace004 WHERE exp_e='14-26599355' AND c_asigna='300101' AND status IN ('0','3','B') [1][0] OK
C:[21/02/2018 14:02:27.63][172.16.4.254][1352] SELECT pre_cod_asig1,pre_cod_asig2,pre_cod_asig3,pre_cod_asig4,pre_cod_asig5,pre_cod_asig6,pre_cod_asig7 FROM tblaca009 WHERE pensum='5' AND c_uni_ca='6' AND c_asigna='300218' [1][0] OK
C:[21/02/2018 14:02:27.63][172.16.4.254][1365] SELECT c_asigna FROM dace004 WHERE exp_e='14-26599355' AND c_asigna='300101' AND status IN ('0','3','B') [1][0] OK
C:[21/02/2018 14:02:27.63][172.16.4.254][1352] SELECT pre_cod_asig1,pre_cod_asig2,pre_cod_asig3,pre_cod_asig4,pre_cod_asig5,pre_cod_asig6,pre_cod_asig7 FROM tblaca009 WHERE pensum='5' AND c_uni_ca='6' AND c_asigna='300226' [1][0] OK
C:[21/02/2018 14:02:27.63][172.16.4.254][1365] SELECT c_asigna FROM dace004 WHERE exp_e='14-26599355' AND c_asigna='300116' AND status IN ('0','3','B') [1][0] OK
C:[21/02/2018 14:02:27.63][172.16.4.254][1352] SELECT pre_cod_asig1,pre_cod_asig2,pre_cod_asig3,pre_cod_asig4,pre_cod_asig5,pre_cod_asig6,pre_cod_asig7 FROM tblaca009 WHERE pensum='5' AND c_uni_ca='6' AND c_asigna='300228' [1][0] OK
C:[21/02/2018 14:02:27.63][172.16.4.254][1365] SELECT c_asigna FROM dace004 WHERE exp_e='14-26599355' AND c_asigna='300101' AND status IN ('0','3','B') [1][0] OK
C:[21/02/2018 14:02:27.63][172.16.4.254][1352] SELECT pre_cod_asig1,pre_cod_asig2,pre_cod_asig3,pre_cod_asig4,pre_cod_asig5,pre_cod_asig6,pre_cod_asig7 FROM tblaca009 WHERE pensum='5' AND c_uni_ca='6' AND c_asigna='340327' [1][0] OK
C:[21/02/2018 14:02:27.63][172.16.4.254][1365] SELECT c_asigna FROM dace004 WHERE exp_e='14-26599355' AND c_asigna='300013' AND status IN ('0','3','B') [1][0] OK
C:[21/02/2018 14:02:27.63][172.16.4.254][1365] SELECT c_asigna FROM dace004 WHERE exp_e='14-26599355' AND c_asigna='300113' AND status IN ('0','3','B') [1][0] OK
C:[21/02/2018 14:02:27.93][172.16.4.254][1396] SELECT par_cod_asig1,par_cod_asig2,par_cod_asig3 FROM tblaca009 WHERE pensum='5' AND c_uni_ca='6' AND c_asigna='300213' [1][0] OK
C:[21/02/2018 14:02:27.93][172.16.4.254][1410] SELECT c_asigna FROM dace004 WHERE exp_e='14-26599355' AND c_asigna='300209' AND status IN ('0','3','B','C') [1][0] OK
C:[21/02/2018 14:02:27.93][172.16.4.254][1396] SELECT par_cod_asig1,par_cod_asig2,par_cod_asig3 FROM tblaca009 WHERE pensum='5' AND c_uni_ca='6' AND c_asigna='300218' [1][0] OK
C:[21/02/2018 14:02:27.93][172.16.4.254][1410] SELECT c_asigna FROM dace004 WHERE exp_e='14-26599355' AND c_asigna='300228' AND status IN ('0','3','B','C') [0][0] OK
C:[21/02/2018 14:02:27.93][172.16.4.254][1396] SELECT par_cod_asig1,par_cod_asig2,par_cod_asig3 FROM tblaca009 WHERE pensum='5' AND c_uni_ca='6' AND c_asigna='300226' [1][0] OK
C:[21/02/2018 14:02:27.93][172.16.4.254][1396] SELECT par_cod_asig1,par_cod_asig2,par_cod_asig3 FROM tblaca009 WHERE pensum='5' AND c_uni_ca='6' AND c_asigna='300228' [1][0] OK
C:[21/02/2018 14:02:27.93][172.16.4.254][1396] SELECT par_cod_asig1,par_cod_asig2,par_cod_asig3 FROM tblaca009 WHERE pensum='5' AND c_uni_ca='6' AND c_asigna='340327' [1][0] OK
C:[21/02/2018 14:02:27.39][172.16.4.254][1526] SELECT horas_lab FROM tblaca008 WHERE c_asigna='300213' AND horas_teoricas > 0 [1][0] OK
C:[21/02/2018 14:02:27.39][172.16.4.254][1526] SELECT horas_lab FROM tblaca008 WHERE c_asigna='300218' AND horas_teoricas > 0 [0][0] OK
C:[21/02/2018 14:02:27.39][172.16.4.254][1526] SELECT horas_lab FROM tblaca008 WHERE c_asigna='300226' AND horas_teoricas > 0 [1][0] OK
C:[21/02/2018 14:02:27.39][172.16.4.254][1526] SELECT horas_lab FROM tblaca008 WHERE c_asigna='300228' AND horas_teoricas > 0 [1][0] OK
C:[21/02/2018 14:02:27.39][172.16.4.254][1526] SELECT horas_lab FROM tblaca008 WHERE c_asigna='340327' AND horas_teoricas > 0 [1][0] OK
C:[26/02/2018 08:53:07.83][172.16.4.254][1352] SELECT pre_cod_asig1,pre_cod_asig2,pre_cod_asig3,pre_cod_asig4,pre_cod_asig5,pre_cod_asig6,pre_cod_asig7 FROM tblaca009 WHERE pensum='5' AND c_uni_ca='4' AND c_asigna='300101' [1][0] OK
C:[26/02/2018 08:53:07.83][172.16.4.254][1352] SELECT pre_cod_asig1,pre_cod_asig2,pre_cod_asig3,pre_cod_asig4,pre_cod_asig5,pre_cod_asig6,pre_cod_asig7 FROM tblaca009 WHERE pensum='5' AND c_uni_ca='4' AND c_asigna='300105' [1][0] OK
C:[26/02/2018 08:53:07.09][172.16.4.254][1396] SELECT par_cod_asig1,par_cod_asig2,par_cod_asig3 FROM tblaca009 WHERE pensum='5' AND c_uni_ca='4' AND c_asigna='300101' [1][0] OK
C:[26/02/2018 08:53:07.09][172.16.4.254][1396] SELECT par_cod_asig1,par_cod_asig2,par_cod_asig3 FROM tblaca009 WHERE pensum='5' AND c_uni_ca='4' AND c_asigna='300105' [1][0] OK
C:[26/02/2018 08:53:07.35][172.16.4.254][1526] SELECT horas_lab FROM tblaca008 WHERE c_asigna='300101' AND horas_teoricas > 0 [1][0] OK
C:[26/02/2018 08:53:07.35][172.16.4.254][1526] SELECT horas_lab FROM tblaca008 WHERE c_asigna='300105' AND horas_teoricas > 0 [1][0] OK
C:[26/02/2018 08:55:18.30][172.16.4.254][1352] SELECT pre_cod_asig1,pre_cod_asig2,pre_cod_asig3,pre_cod_asig4,pre_cod_asig5,pre_cod_asig6,pre_cod_asig7 FROM tblaca009 WHERE pensum='5' AND c_uni_ca='5' AND c_asigna='300105' [1][0] OK
C:[26/02/2018 08:55:18.43][172.16.4.254][1396] SELECT par_cod_asig1,par_cod_asig2,par_cod_asig3 FROM tblaca009 WHERE pensum='5' AND c_uni_ca='5' AND c_asigna='300105' [1][0] OK
C:[26/02/2018 08:55:18.57][172.16.4.254][1526] SELECT horas_lab FROM tblaca008 WHERE c_asigna='300105' AND horas_teoricas > 0 [1][0] OK
C:[26/02/2018 08:57:27.30][172.16.4.254][1352] SELECT pre_cod_asig1,pre_cod_asig2,pre_cod_asig3,pre_cod_asig4,pre_cod_asig5,pre_cod_asig6,pre_cod_asig7 FROM tblaca009 WHERE pensum='5' AND c_uni_ca='3' AND c_asigna='300101' [1][0] OK
C:[26/02/2018 08:57:27.30][172.16.4.254][1352] SELECT pre_cod_asig1,pre_cod_asig2,pre_cod_asig3,pre_cod_asig4,pre_cod_asig5,pre_cod_asig6,pre_cod_asig7 FROM tblaca009 WHERE pensum='5' AND c_uni_ca='3' AND c_asigna='300105' [1][0] OK
C:[26/02/2018 08:57:27.55][172.16.4.254][1396] SELECT par_cod_asig1,par_cod_asig2,par_cod_asig3 FROM tblaca009 WHERE pensum='5' AND c_uni_ca='3' AND c_asigna='300101' [1][0] OK
C:[26/02/2018 08:57:27.55][172.16.4.254][1396] SELECT par_cod_asig1,par_cod_asig2,par_cod_asig3 FROM tblaca009 WHERE pensum='5' AND c_uni_ca='3' AND c_asigna='300105' [1][0] OK
C:[26/02/2018 08:57:27.86][172.16.4.254][1526] SELECT horas_lab FROM tblaca008 WHERE c_asigna='300101' AND horas_teoricas > 0 [1][0] OK
C:[26/02/2018 08:57:27.86][172.16.4.254][1526] SELECT horas_lab FROM tblaca008 WHERE c_asigna='300105' AND horas_teoricas > 0 [1][0] OK
C:[27/02/2018 09:29:00.82][172.16.4.40][1352] SELECT pre_cod_asig1,pre_cod_asig2,pre_cod_asig3,pre_cod_asig4,pre_cod_asig5,pre_cod_asig6,pre_cod_asig7 FROM tblaca009 WHERE pensum='5' AND c_uni_ca='6' AND c_asigna='300422' [1][0] OK
C:[27/02/2018 09:29:00.82][172.16.4.40][1365] SELECT c_asigna FROM dace004 WHERE exp_e='15-26770795' AND c_asigna='300105' AND status IN ('0','3','B') [1][0] OK
C:[27/02/2018 09:29:00.82][172.16.4.40][1365] SELECT c_asigna FROM dace004 WHERE exp_e='15-26770795' AND c_asigna='300314' AND status IN ('0','3','B') [1][0] OK
C:[27/02/2018 09:29:00.82][172.16.4.40][1352] SELECT pre_cod_asig1,pre_cod_asig2,pre_cod_asig3,pre_cod_asig4,pre_cod_asig5,pre_cod_asig6,pre_cod_asig7 FROM tblaca009 WHERE pensum='5' AND c_uni_ca='6' AND c_asigna='342436' [1][0] OK
C:[27/02/2018 09:29:00.82][172.16.4.40][1365] SELECT c_asigna FROM dace004 WHERE exp_e='15-26770795' AND c_asigna='300318' AND status IN ('0','3','B') [1][0] OK
C:[27/02/2018 09:29:00.82][172.16.4.40][1365] SELECT c_asigna FROM dace004 WHERE exp_e='15-26770795' AND c_asigna='300317' AND status IN ('0','3','B') [1][0] OK
C:[27/02/2018 09:29:00.82][172.16.4.40][1352] SELECT pre_cod_asig1,pre_cod_asig2,pre_cod_asig3,pre_cod_asig4,pre_cod_asig5,pre_cod_asig6,pre_cod_asig7 FROM tblaca009 WHERE pensum='5' AND c_uni_ca='6' AND c_asigna='342444' [1][0] OK
C:[27/02/2018 09:29:00.82][172.16.4.40][1365] SELECT c_asigna FROM dace004 WHERE exp_e='15-26770795' AND c_asigna='340323' AND status IN ('0','3','B') [1][0] OK
C:[27/02/2018 09:29:00.82][172.16.4.40][1352] SELECT pre_cod_asig1,pre_cod_asig2,pre_cod_asig3,pre_cod_asig4,pre_cod_asig5,pre_cod_asig6,pre_cod_asig7 FROM tblaca009 WHERE pensum='5' AND c_uni_ca='6' AND c_asigna='344445' [1][0] OK
C:[27/02/2018 09:29:00.82][172.16.4.40][1352] SELECT pre_cod_asig1,pre_cod_asig2,pre_cod_asig3,pre_cod_asig4,pre_cod_asig5,pre_cod_asig6,pre_cod_asig7 FROM tblaca009 WHERE pensum='5' AND c_uni_ca='6' AND c_asigna='344446' [1][0] OK
C:[27/02/2018 09:29:00.82][172.16.4.40][1365] SELECT c_asigna FROM dace004 WHERE exp_e='15-26770795' AND c_asigna='300317' AND status IN ('0','3','B') [1][0] OK
C:[27/02/2018 09:29:00.82][172.16.4.40][1365] SELECT c_asigna FROM dace004 WHERE exp_e='15-26770795' AND c_asigna='300313' AND status IN ('0','3','B') [1][0] OK
C:[27/02/2018 09:29:00.82][172.16.4.40][1365] SELECT c_asigna FROM dace004 WHERE exp_e='15-26770795' AND c_asigna='300209' AND status IN ('0','3','B') [1][0] OK
C:[27/02/2018 09:29:00.82][172.16.4.40][1365] SELECT c_asigna FROM dace004 WHERE exp_e='15-26770795' AND c_asigna='300222' AND status IN ('0','3','B') [1][0] OK
C:[27/02/2018 09:29:00.82][172.16.4.40][1365] SELECT c_asigna FROM dace004 WHERE exp_e='15-26770795' AND c_asigna='300226' AND status IN ('0','3','B') [1][0] OK
C:[27/02/2018 09:29:00.82][172.16.4.40][1352] SELECT pre_cod_asig1,pre_cod_asig2,pre_cod_asig3,pre_cod_asig4,pre_cod_asig5,pre_cod_asig6,pre_cod_asig7 FROM tblaca009 WHERE pensum='5' AND c_uni_ca='6' AND c_asigna='311561' [1][0] OK
C:[27/02/2018 09:29:00.82][172.16.4.40][1365] SELECT c_asigna FROM dace004 WHERE exp_e='15-26770795' AND c_asigna='300318' AND status IN ('0','3','B') [1][0] OK
C:[27/02/2018 09:29:00.94][172.16.4.40][1396] SELECT par_cod_asig1,par_cod_asig2,par_cod_asig3 FROM tblaca009 WHERE pensum='5' AND c_uni_ca='6' AND c_asigna='300422' [1][0] OK
C:[27/02/2018 09:29:00.94][172.16.4.40][1396] SELECT par_cod_asig1,par_cod_asig2,par_cod_asig3 FROM tblaca009 WHERE pensum='5' AND c_uni_ca='6' AND c_asigna='342436' [1][0] OK
C:[27/02/2018 09:29:00.94][172.16.4.40][1396] SELECT par_cod_asig1,par_cod_asig2,par_cod_asig3 FROM tblaca009 WHERE pensum='5' AND c_uni_ca='6' AND c_asigna='342444' [1][0] OK
C:[27/02/2018 09:29:00.94][172.16.4.40][1396] SELECT par_cod_asig1,par_cod_asig2,par_cod_asig3 FROM tblaca009 WHERE pensum='5' AND c_uni_ca='6' AND c_asigna='344445' [1][0] OK
C:[27/02/2018 09:29:00.94][172.16.4.40][1396] SELECT par_cod_asig1,par_cod_asig2,par_cod_asig3 FROM tblaca009 WHERE pensum='5' AND c_uni_ca='6' AND c_asigna='344446' [1][0] OK
C:[27/02/2018 09:29:00.94][172.16.4.40][1396] SELECT par_cod_asig1,par_cod_asig2,par_cod_asig3 FROM tblaca009 WHERE pensum='5' AND c_uni_ca='6' AND c_asigna='311561' [1][0] OK
C:[27/02/2018 09:29:01.72][172.16.4.40][1526] SELECT horas_lab FROM tblaca008 WHERE c_asigna='300422' AND horas_teoricas > 0 [0][0] OK
C:[27/02/2018 09:29:01.72][172.16.4.40][1526] SELECT horas_lab FROM tblaca008 WHERE c_asigna='342436' AND horas_teoricas > 0 [1][0] OK
C:[27/02/2018 09:29:01.72][172.16.4.40][1526] SELECT horas_lab FROM tblaca008 WHERE c_asigna='342444' AND horas_teoricas > 0 [1][0] OK
C:[27/02/2018 09:29:01.72][172.16.4.40][1526] SELECT horas_lab FROM tblaca008 WHERE c_asigna='344445' AND horas_teoricas > 0 [1][0] OK
C:[27/02/2018 09:29:01.72][172.16.4.40][1526] SELECT horas_lab FROM tblaca008 WHERE c_asigna='344446' AND horas_teoricas > 0 [1][0] OK
C:[27/02/2018 09:29:01.72][172.16.4.40][1526] SELECT horas_lab FROM tblaca008 WHERE c_asigna='311561' AND horas_teoricas > 0 [1][0] OK
C:[27/02/2018 09:51:59.39][172.16.4.254][1352] SELECT pre_cod_asig1,pre_cod_asig2,pre_cod_asig3,pre_cod_asig4,pre_cod_asig5,pre_cod_asig6,pre_cod_asig7 FROM tblaca009 WHERE pensum='5' AND c_uni_ca='3' AND c_asigna='300207' [1][0] OK
C:[27/02/2018 09:51:59.39][172.16.4.254][1365] SELECT c_asigna FROM dace004 WHERE exp_e='17-26623337' AND c_asigna='300101' AND status IN ('0','3','B') [1][0] OK
C:[27/02/2018 09:51:59.39][172.16.4.254][1352] SELECT pre_cod_asig1,pre_cod_asig2,pre_cod_asig3,pre_cod_asig4,pre_cod_asig5,pre_cod_asig6,pre_cod_asig7 FROM tblaca009 WHERE pensum='5' AND c_uni_ca='3' AND c_asigna='300209' [1][0] OK
C:[27/02/2018 09:51:59.39][172.16.4.254][1365] SELECT c_asigna FROM dace004 WHERE exp_e='17-26623337' AND c_asigna='300101' AND status IN ('0','3','B') [1][0] OK
C:[27/02/2018 09:51:59.39][172.16.4.254][1352] SELECT pre_cod_asig1,pre_cod_asig2,pre_cod_asig3,pre_cod_asig4,pre_cod_asig5,pre_cod_asig6,pre_cod_asig7 FROM tblaca009 WHERE pensum='5' AND c_uni_ca='3' AND c_asigna='300213' [1][0] OK
C:[27/02/2018 09:51:59.39][172.16.4.254][1365] SELECT c_asigna FROM dace004 WHERE exp_e='17-26623337' AND c_asigna='300101' AND status IN ('0','3','B') [1][0] OK
C:[27/02/2018 09:51:59.39][172.16.4.254][1352] SELECT pre_cod_asig1,pre_cod_asig2,pre_cod_asig3,pre_cod_asig4,pre_cod_asig5,pre_cod_asig6,pre_cod_asig7 FROM tblaca009 WHERE pensum='5' AND c_uni_ca='3' AND c_asigna='300218' [1][0] OK
C:[27/02/2018 09:51:59.39][172.16.4.254][1365] SELECT c_asigna FROM dace004 WHERE exp_e='17-26623337' AND c_asigna='300101' AND status IN ('0','3','B') [1][0] OK
C:[27/02/2018 09:51:59.39][172.16.4.254][1352] SELECT pre_cod_asig1,pre_cod_asig2,pre_cod_asig3,pre_cod_asig4,pre_cod_asig5,pre_cod_asig6,pre_cod_asig7 FROM tblaca009 WHERE pensum='5' AND c_uni_ca='3' AND c_asigna='300222' [1][0] OK
C:[27/02/2018 09:51:59.39][172.16.4.254][1365] SELECT c_asigna FROM dace004 WHERE exp_e='17-26623337' AND c_asigna='300112' AND status IN ('0','3','B') [1][0] OK
C:[27/02/2018 09:51:59.39][172.16.4.254][1352] SELECT pre_cod_asig1,pre_cod_asig2,pre_cod_asig3,pre_cod_asig4,pre_cod_asig5,pre_cod_asig6,pre_cod_asig7 FROM tblaca009 WHERE pensum='5' AND c_uni_ca='3' AND c_asigna='300226' [1][0] OK
C:[27/02/2018 09:51:59.39][172.16.4.254][1365] SELECT c_asigna FROM dace004 WHERE exp_e='17-26623337' AND c_asigna='300116' AND status IN ('0','3','B') [1][0] OK
C:[27/02/2018 09:51:59.39][172.16.4.254][1352] SELECT pre_cod_asig1,pre_cod_asig2,pre_cod_asig3,pre_cod_asig4,pre_cod_asig5,pre_cod_asig6,pre_cod_asig7 FROM tblaca009 WHERE pensum='5' AND c_uni_ca='3' AND c_asigna='300228' [1][0] OK
C:[27/02/2018 09:51:59.39][172.16.4.254][1365] SELECT c_asigna FROM dace004 WHERE exp_e='17-26623337' AND c_asigna='300101' AND status IN ('0','3','B') [1][0] OK
C:[27/02/2018 09:52:00.13][172.16.4.254][1396] SELECT par_cod_asig1,par_cod_asig2,par_cod_asig3 FROM tblaca009 WHERE pensum='5' AND c_uni_ca='3' AND c_asigna='300207' [1][0] OK
C:[27/02/2018 09:52:00.13][172.16.4.254][1396] SELECT par_cod_asig1,par_cod_asig2,par_cod_asig3 FROM tblaca009 WHERE pensum='5' AND c_uni_ca='3' AND c_asigna='300209' [1][0] OK
C:[27/02/2018 09:52:00.13][172.16.4.254][1396] SELECT par_cod_asig1,par_cod_asig2,par_cod_asig3 FROM tblaca009 WHERE pensum='5' AND c_uni_ca='3' AND c_asigna='300213' [1][0] OK
C:[27/02/2018 09:52:00.13][172.16.4.254][1410] SELECT c_asigna FROM dace004 WHERE exp_e='17-26623337' AND c_asigna='300209' AND status IN ('0','3','B','C') [0][0] OK
C:[27/02/2018 09:52:00.13][172.16.4.254][1396] SELECT par_cod_asig1,par_cod_asig2,par_cod_asig3 FROM tblaca009 WHERE pensum='5' AND c_uni_ca='3' AND c_asigna='300218' [1][0] OK
C:[27/02/2018 09:52:00.13][172.16.4.254][1410] SELECT c_asigna FROM dace004 WHERE exp_e='17-26623337' AND c_asigna='300228' AND status IN ('0','3','B','C') [0][0] OK
C:[27/02/2018 09:52:00.13][172.16.4.254][1396] SELECT par_cod_asig1,par_cod_asig2,par_cod_asig3 FROM tblaca009 WHERE pensum='5' AND c_uni_ca='3' AND c_asigna='300222' [1][0] OK
C:[27/02/2018 09:52:00.13][172.16.4.254][1396] SELECT par_cod_asig1,par_cod_asig2,par_cod_asig3 FROM tblaca009 WHERE pensum='5' AND c_uni_ca='3' AND c_asigna='300226' [1][0] OK
C:[27/02/2018 09:52:00.13][172.16.4.254][1396] SELECT par_cod_asig1,par_cod_asig2,par_cod_asig3 FROM tblaca009 WHERE pensum='5' AND c_uni_ca='3' AND c_asigna='300228' [1][0] OK
C:[27/02/2018 09:52:00.28][172.16.4.254][1526] SELECT horas_lab FROM tblaca008 WHERE c_asigna='300207' AND horas_teoricas > 0 [1][0] OK
C:[27/02/2018 09:52:00.28][172.16.4.254][1526] SELECT horas_lab FROM tblaca008 WHERE c_asigna='300209' AND horas_teoricas > 0 [1][0] OK
C:[27/02/2018 09:52:00.28][172.16.4.254][1526] SELECT horas_lab FROM tblaca008 WHERE c_asigna='300213' AND horas_teoricas > 0 [1][0] OK
C:[27/02/2018 09:52:00.28][172.16.4.254][1526] SELECT horas_lab FROM tblaca008 WHERE c_asigna='300218' AND horas_teoricas > 0 [0][0] OK
C:[27/02/2018 09:52:00.28][172.16.4.254][1526] SELECT horas_lab FROM tblaca008 WHERE c_asigna='300222' AND horas_teoricas > 0 [1][0] OK
C:[27/02/2018 09:52:00.28][172.16.4.254][1526] SELECT horas_lab FROM tblaca008 WHERE c_asigna='300226' AND horas_teoricas > 0 [1][0] OK
C:[27/02/2018 09:52:00.28][172.16.4.254][1526] SELECT horas_lab FROM tblaca008 WHERE c_asigna='300228' AND horas_teoricas > 0 [1][0] OK
C:[27/02/2018 09:52:22.73][172.16.4.254][1352] SELECT pre_cod_asig1,pre_cod_asig2,pre_cod_asig3,pre_cod_asig4,pre_cod_asig5,pre_cod_asig6,pre_cod_asig7 FROM tblaca009 WHERE pensum='5' AND c_uni_ca='3' AND c_asigna='300207' [1][0] OK
C:[27/02/2018 09:52:22.73][172.16.4.254][1365] SELECT c_asigna FROM dace004 WHERE exp_e='17-26623337' AND c_asigna='300101' AND status IN ('0','3','B') [1][0] OK
C:[27/02/2018 09:52:22.73][172.16.4.254][1352] SELECT pre_cod_asig1,pre_cod_asig2,pre_cod_asig3,pre_cod_asig4,pre_cod_asig5,pre_cod_asig6,pre_cod_asig7 FROM tblaca009 WHERE pensum='5' AND c_uni_ca='3' AND c_asigna='300209' [1][0] OK
C:[27/02/2018 09:52:22.73][172.16.4.254][1365] SELECT c_asigna FROM dace004 WHERE exp_e='17-26623337' AND c_asigna='300101' AND status IN ('0','3','B') [1][0] OK
C:[27/02/2018 09:52:22.73][172.16.4.254][1352] SELECT pre_cod_asig1,pre_cod_asig2,pre_cod_asig3,pre_cod_asig4,pre_cod_asig5,pre_cod_asig6,pre_cod_asig7 FROM tblaca009 WHERE pensum='5' AND c_uni_ca='3' AND c_asigna='300213' [1][0] OK
C:[27/02/2018 09:52:22.73][172.16.4.254][1365] SELECT c_asigna FROM dace004 WHERE exp_e='17-26623337' AND c_asigna='300101' AND status IN ('0','3','B') [1][0] OK
C:[27/02/2018 09:52:22.73][172.16.4.254][1352] SELECT pre_cod_asig1,pre_cod_asig2,pre_cod_asig3,pre_cod_asig4,pre_cod_asig5,pre_cod_asig6,pre_cod_asig7 FROM tblaca009 WHERE pensum='5' AND c_uni_ca='3' AND c_asigna='300218' [1][0] OK
C:[27/02/2018 09:52:22.73][172.16.4.254][1365] SELECT c_asigna FROM dace004 WHERE exp_e='17-26623337' AND c_asigna='300101' AND status IN ('0','3','B') [1][0] OK
C:[27/02/2018 09:52:22.73][172.16.4.254][1352] SELECT pre_cod_asig1,pre_cod_asig2,pre_cod_asig3,pre_cod_asig4,pre_cod_asig5,pre_cod_asig6,pre_cod_asig7 FROM tblaca009 WHERE pensum='5' AND c_uni_ca='3' AND c_asigna='300222' [1][0] OK
C:[27/02/2018 09:52:22.73][172.16.4.254][1365] SELECT c_asigna FROM dace004 WHERE exp_e='17-26623337' AND c_asigna='300112' AND status IN ('0','3','B') [1][0] OK
C:[27/02/2018 09:52:22.73][172.16.4.254][1352] SELECT pre_cod_asig1,pre_cod_asig2,pre_cod_asig3,pre_cod_asig4,pre_cod_asig5,pre_cod_asig6,pre_cod_asig7 FROM tblaca009 WHERE pensum='5' AND c_uni_ca='3' AND c_asigna='300226' [1][0] OK
C:[27/02/2018 09:52:22.73][172.16.4.254][1365] SELECT c_asigna FROM dace004 WHERE exp_e='17-26623337' AND c_asigna='300116' AND status IN ('0','3','B') [1][0] OK
C:[27/02/2018 09:52:22.73][172.16.4.254][1352] SELECT pre_cod_asig1,pre_cod_asig2,pre_cod_asig3,pre_cod_asig4,pre_cod_asig5,pre_cod_asig6,pre_cod_asig7 FROM tblaca009 WHERE pensum='5' AND c_uni_ca='3' AND c_asigna='300228' [1][0] OK
C:[27/02/2018 09:52:22.73][172.16.4.254][1365] SELECT c_asigna FROM dace004 WHERE exp_e='17-26623337' AND c_asigna='300101' AND status IN ('0','3','B') [1][0] OK
C:[27/02/2018 09:52:23.05][172.16.4.254][1396] SELECT par_cod_asig1,par_cod_asig2,par_cod_asig3 FROM tblaca009 WHERE pensum='5' AND c_uni_ca='3' AND c_asigna='300207' [1][0] OK
C:[27/02/2018 09:52:23.05][172.16.4.254][1396] SELECT par_cod_asig1,par_cod_asig2,par_cod_asig3 FROM tblaca009 WHERE pensum='5' AND c_uni_ca='3' AND c_asigna='300209' [1][0] OK
C:[27/02/2018 09:52:23.05][172.16.4.254][1396] SELECT par_cod_asig1,par_cod_asig2,par_cod_asig3 FROM tblaca009 WHERE pensum='5' AND c_uni_ca='3' AND c_asigna='300213' [1][0] OK
C:[27/02/2018 09:52:23.05][172.16.4.254][1410] SELECT c_asigna FROM dace004 WHERE exp_e='17-26623337' AND c_asigna='300209' AND status IN ('0','3','B','C') [0][0] OK
C:[27/02/2018 09:52:23.05][172.16.4.254][1396] SELECT par_cod_asig1,par_cod_asig2,par_cod_asig3 FROM tblaca009 WHERE pensum='5' AND c_uni_ca='3' AND c_asigna='300218' [1][0] OK
C:[27/02/2018 09:52:23.05][172.16.4.254][1410] SELECT c_asigna FROM dace004 WHERE exp_e='17-26623337' AND c_asigna='300228' AND status IN ('0','3','B','C') [0][0] OK
C:[27/02/2018 09:52:23.05][172.16.4.254][1396] SELECT par_cod_asig1,par_cod_asig2,par_cod_asig3 FROM tblaca009 WHERE pensum='5' AND c_uni_ca='3' AND c_asigna='300222' [1][0] OK
C:[27/02/2018 09:52:23.05][172.16.4.254][1396] SELECT par_cod_asig1,par_cod_asig2,par_cod_asig3 FROM tblaca009 WHERE pensum='5' AND c_uni_ca='3' AND c_asigna='300226' [1][0] OK
C:[27/02/2018 09:52:23.05][172.16.4.254][1396] SELECT par_cod_asig1,par_cod_asig2,par_cod_asig3 FROM tblaca009 WHERE pensum='5' AND c_uni_ca='3' AND c_asigna='300228' [1][0] OK
C:[27/02/2018 09:52:23.19][172.16.4.254][1526] SELECT horas_lab FROM tblaca008 WHERE c_asigna='300207' AND horas_teoricas > 0 [1][0] OK
C:[27/02/2018 09:52:23.19][172.16.4.254][1526] SELECT horas_lab FROM tblaca008 WHERE c_asigna='300209' AND horas_teoricas > 0 [1][0] OK
C:[27/02/2018 09:52:23.19][172.16.4.254][1526] SELECT horas_lab FROM tblaca008 WHERE c_asigna='300213' AND horas_teoricas > 0 [1][0] OK
C:[27/02/2018 09:52:23.19][172.16.4.254][1526] SELECT horas_lab FROM tblaca008 WHERE c_asigna='300218' AND horas_teoricas > 0 [0][0] OK
C:[27/02/2018 09:52:23.19][172.16.4.254][1526] SELECT horas_lab FROM tblaca008 WHERE c_asigna='300222' AND horas_teoricas > 0 [1][0] OK
C:[27/02/2018 09:52:23.19][172.16.4.254][1526] SELECT horas_lab FROM tblaca008 WHERE c_asigna='300226' AND horas_teoricas > 0 [1][0] OK
C:[27/02/2018 09:52:23.19][172.16.4.254][1526] SELECT horas_lab FROM tblaca008 WHERE c_asigna='300228' AND horas_teoricas > 0 [1][0] OK
C:[27/02/2018 09:55:28.51][172.16.4.254][1352] SELECT pre_cod_asig1,pre_cod_asig2,pre_cod_asig3,pre_cod_asig4,pre_cod_asig5,pre_cod_asig6,pre_cod_asig7 FROM tblaca009 WHERE pensum='5' AND c_uni_ca='3' AND c_asigna='300207' [1][0] OK
C:[27/02/2018 09:55:28.51][172.16.4.254][1365] SELECT c_asigna FROM dace004 WHERE exp_e='17-26623337' AND c_asigna='300101' AND status IN ('0','3','B') [1][0] OK
C:[27/02/2018 09:55:28.51][172.16.4.254][1352] SELECT pre_cod_asig1,pre_cod_asig2,pre_cod_asig3,pre_cod_asig4,pre_cod_asig5,pre_cod_asig6,pre_cod_asig7 FROM tblaca009 WHERE pensum='5' AND c_uni_ca='3' AND c_asigna='300209' [1][0] OK
C:[27/02/2018 09:55:28.51][172.16.4.254][1365] SELECT c_asigna FROM dace004 WHERE exp_e='17-26623337' AND c_asigna='300101' AND status IN ('0','3','B') [1][0] OK
C:[27/02/2018 09:55:28.51][172.16.4.254][1352] SELECT pre_cod_asig1,pre_cod_asig2,pre_cod_asig3,pre_cod_asig4,pre_cod_asig5,pre_cod_asig6,pre_cod_asig7 FROM tblaca009 WHERE pensum='5' AND c_uni_ca='3' AND c_asigna='300213' [1][0] OK
C:[27/02/2018 09:55:28.51][172.16.4.254][1365] SELECT c_asigna FROM dace004 WHERE exp_e='17-26623337' AND c_asigna='300101' AND status IN ('0','3','B') [1][0] OK
C:[27/02/2018 09:55:28.51][172.16.4.254][1352] SELECT pre_cod_asig1,pre_cod_asig2,pre_cod_asig3,pre_cod_asig4,pre_cod_asig5,pre_cod_asig6,pre_cod_asig7 FROM tblaca009 WHERE pensum='5' AND c_uni_ca='3' AND c_asigna='300218' [1][0] OK
C:[27/02/2018 09:55:28.51][172.16.4.254][1365] SELECT c_asigna FROM dace004 WHERE exp_e='17-26623337' AND c_asigna='300101' AND status IN ('0','3','B') [1][0] OK
C:[27/02/2018 09:55:28.51][172.16.4.254][1352] SELECT pre_cod_asig1,pre_cod_asig2,pre_cod_asig3,pre_cod_asig4,pre_cod_asig5,pre_cod_asig6,pre_cod_asig7 FROM tblaca009 WHERE pensum='5' AND c_uni_ca='3' AND c_asigna='300222' [1][0] OK
C:[27/02/2018 09:55:28.51][172.16.4.254][1365] SELECT c_asigna FROM dace004 WHERE exp_e='17-26623337' AND c_asigna='300112' AND status IN ('0','3','B') [1][0] OK
C:[27/02/2018 09:55:28.51][172.16.4.254][1352] SELECT pre_cod_asig1,pre_cod_asig2,pre_cod_asig3,pre_cod_asig4,pre_cod_asig5,pre_cod_asig6,pre_cod_asig7 FROM tblaca009 WHERE pensum='5' AND c_uni_ca='3' AND c_asigna='300226' [1][0] OK
C:[27/02/2018 09:55:28.51][172.16.4.254][1365] SELECT c_asigna FROM dace004 WHERE exp_e='17-26623337' AND c_asigna='300116' AND status IN ('0','3','B') [1][0] OK
C:[27/02/2018 09:55:28.51][172.16.4.254][1352] SELECT pre_cod_asig1,pre_cod_asig2,pre_cod_asig3,pre_cod_asig4,pre_cod_asig5,pre_cod_asig6,pre_cod_asig7 FROM tblaca009 WHERE pensum='5' AND c_uni_ca='3' AND c_asigna='300228' [1][0] OK
C:[27/02/2018 09:55:28.51][172.16.4.254][1365] SELECT c_asigna FROM dace004 WHERE exp_e='17-26623337' AND c_asigna='300101' AND status IN ('0','3','B') [1][0] OK
C:[27/02/2018 09:55:29.25][172.16.4.254][1396] SELECT par_cod_asig1,par_cod_asig2,par_cod_asig3 FROM tblaca009 WHERE pensum='5' AND c_uni_ca='3' AND c_asigna='300207' [1][0] OK
C:[27/02/2018 09:55:29.25][172.16.4.254][1396] SELECT par_cod_asig1,par_cod_asig2,par_cod_asig3 FROM tblaca009 WHERE pensum='5' AND c_uni_ca='3' AND c_asigna='300209' [1][0] OK
C:[27/02/2018 09:55:29.25][172.16.4.254][1396] SELECT par_cod_asig1,par_cod_asig2,par_cod_asig3 FROM tblaca009 WHERE pensum='5' AND c_uni_ca='3' AND c_asigna='300213' [1][0] OK
C:[27/02/2018 09:55:29.25][172.16.4.254][1410] SELECT c_asigna FROM dace004 WHERE exp_e='17-26623337' AND c_asigna='300209' AND status IN ('0','3','B','C') [0][0] OK
C:[27/02/2018 09:55:29.25][172.16.4.254][1396] SELECT par_cod_asig1,par_cod_asig2,par_cod_asig3 FROM tblaca009 WHERE pensum='5' AND c_uni_ca='3' AND c_asigna='300218' [1][0] OK
C:[27/02/2018 09:55:29.25][172.16.4.254][1410] SELECT c_asigna FROM dace004 WHERE exp_e='17-26623337' AND c_asigna='300228' AND status IN ('0','3','B','C') [0][0] OK
C:[27/02/2018 09:55:29.25][172.16.4.254][1396] SELECT par_cod_asig1,par_cod_asig2,par_cod_asig3 FROM tblaca009 WHERE pensum='5' AND c_uni_ca='3' AND c_asigna='300222' [1][0] OK
C:[27/02/2018 09:55:29.25][172.16.4.254][1396] SELECT par_cod_asig1,par_cod_asig2,par_cod_asig3 FROM tblaca009 WHERE pensum='5' AND c_uni_ca='3' AND c_asigna='300226' [1][0] OK
C:[27/02/2018 09:55:29.25][172.16.4.254][1396] SELECT par_cod_asig1,par_cod_asig2,par_cod_asig3 FROM tblaca009 WHERE pensum='5' AND c_uni_ca='3' AND c_asigna='300228' [1][0] OK
C:[27/02/2018 09:55:29.40][172.16.4.254][1526] SELECT horas_lab FROM tblaca008 WHERE c_asigna='300207' AND horas_teoricas > 0 [1][0] OK
C:[27/02/2018 09:55:29.40][172.16.4.254][1526] SELECT horas_lab FROM tblaca008 WHERE c_asigna='300209' AND horas_teoricas > 0 [1][0] OK
C:[27/02/2018 09:55:29.40][172.16.4.254][1526] SELECT horas_lab FROM tblaca008 WHERE c_asigna='300213' AND horas_teoricas > 0 [1][0] OK
C:[27/02/2018 09:55:29.40][172.16.4.254][1526] SELECT horas_lab FROM tblaca008 WHERE c_asigna='300218' AND horas_teoricas > 0 [0][0] OK
C:[27/02/2018 09:55:29.40][172.16.4.254][1526] SELECT horas_lab FROM tblaca008 WHERE c_asigna='300222' AND horas_teoricas > 0 [1][0] OK
C:[27/02/2018 09:55:29.40][172.16.4.254][1526] SELECT horas_lab FROM tblaca008 WHERE c_asigna='300226' AND horas_teoricas > 0 [1][0] OK
C:[27/02/2018 09:55:29.40][172.16.4.254][1526] SELECT horas_lab FROM tblaca008 WHERE c_asigna='300228' AND horas_teoricas > 0 [1][0] OK
C:[27/02/2018 09:59:19.48][172.16.4.40][1352] SELECT pre_cod_asig1,pre_cod_asig2,pre_cod_asig3,pre_cod_asig4,pre_cod_asig5,pre_cod_asig6,pre_cod_asig7 FROM tblaca009 WHERE pensum='5' AND c_uni_ca='5' AND c_asigna='300207' [1][0] OK
C:[27/02/2018 09:59:19.48][172.16.4.40][1365] SELECT c_asigna FROM dace004 WHERE exp_e='17-27935519' AND c_asigna='300101' AND status IN ('0','3','B') [1][0] OK
C:[27/02/2018 09:59:19.48][172.16.4.40][1352] SELECT pre_cod_asig1,pre_cod_asig2,pre_cod_asig3,pre_cod_asig4,pre_cod_asig5,pre_cod_asig6,pre_cod_asig7 FROM tblaca009 WHERE pensum='5' AND c_uni_ca='5' AND c_asigna='300209' [1][0] OK
C:[27/02/2018 09:59:19.48][172.16.4.40][1365] SELECT c_asigna FROM dace004 WHERE exp_e='17-27935519' AND c_asigna='300101' AND status IN ('0','3','B') [1][0] OK
C:[27/02/2018 09:59:19.48][172.16.4.40][1352] SELECT pre_cod_asig1,pre_cod_asig2,pre_cod_asig3,pre_cod_asig4,pre_cod_asig5,pre_cod_asig6,pre_cod_asig7 FROM tblaca009 WHERE pensum='5' AND c_uni_ca='5' AND c_asigna='300213' [1][0] OK
C:[27/02/2018 09:59:19.48][172.16.4.40][1365] SELECT c_asigna FROM dace004 WHERE exp_e='17-27935519' AND c_asigna='300101' AND status IN ('0','3','B') [1][0] OK
C:[27/02/2018 09:59:19.48][172.16.4.40][1352] SELECT pre_cod_asig1,pre_cod_asig2,pre_cod_asig3,pre_cod_asig4,pre_cod_asig5,pre_cod_asig6,pre_cod_asig7 FROM tblaca009 WHERE pensum='5' AND c_uni_ca='5' AND c_asigna='300218' [1][0] OK
C:[27/02/2018 09:59:19.48][172.16.4.40][1365] SELECT c_asigna FROM dace004 WHERE exp_e='17-27935519' AND c_asigna='300101' AND status IN ('0','3','B') [1][0] OK
C:[27/02/2018 09:59:19.48][172.16.4.40][1352] SELECT pre_cod_asig1,pre_cod_asig2,pre_cod_asig3,pre_cod_asig4,pre_cod_asig5,pre_cod_asig6,pre_cod_asig7 FROM tblaca009 WHERE pensum='5' AND c_uni_ca='5' AND c_asigna='300222' [1][0] OK
C:[27/02/2018 09:59:19.48][172.16.4.40][1365] SELECT c_asigna FROM dace004 WHERE exp_e='17-27935519' AND c_asigna='300112' AND status IN ('0','3','B') [1][0] OK
C:[27/02/2018 09:59:19.48][172.16.4.40][1352] SELECT pre_cod_asig1,pre_cod_asig2,pre_cod_asig3,pre_cod_asig4,pre_cod_asig5,pre_cod_asig6,pre_cod_asig7 FROM tblaca009 WHERE pensum='5' AND c_uni_ca='5' AND c_asigna='300226' [1][0] OK
C:[27/02/2018 09:59:19.48][172.16.4.40][1365] SELECT c_asigna FROM dace004 WHERE exp_e='17-27935519' AND c_asigna='300116' AND status IN ('0','3','B') [1][0] OK
C:[27/02/2018 09:59:19.48][172.16.4.40][1352] SELECT pre_cod_asig1,pre_cod_asig2,pre_cod_asig3,pre_cod_asig4,pre_cod_asig5,pre_cod_asig6,pre_cod_asig7 FROM tblaca009 WHERE pensum='5' AND c_uni_ca='5' AND c_asigna='300228' [1][0] OK
C:[27/02/2018 09:59:19.48][172.16.4.40][1365] SELECT c_asigna FROM dace004 WHERE exp_e='17-27935519' AND c_asigna='300101' AND status IN ('0','3','B') [1][0] OK
C:[27/02/2018 09:59:19.23][172.16.4.40][1396] SELECT par_cod_asig1,par_cod_asig2,par_cod_asig3 FROM tblaca009 WHERE pensum='5' AND c_uni_ca='5' AND c_asigna='300207' [1][0] OK
C:[27/02/2018 09:59:19.23][172.16.4.40][1396] SELECT par_cod_asig1,par_cod_asig2,par_cod_asig3 FROM tblaca009 WHERE pensum='5' AND c_uni_ca='5' AND c_asigna='300209' [1][0] OK
C:[27/02/2018 09:59:19.23][172.16.4.40][1396] SELECT par_cod_asig1,par_cod_asig2,par_cod_asig3 FROM tblaca009 WHERE pensum='5' AND c_uni_ca='5' AND c_asigna='300213' [1][0] OK
C:[27/02/2018 09:59:19.23][172.16.4.40][1410] SELECT c_asigna FROM dace004 WHERE exp_e='17-27935519' AND c_asigna='300209' AND status IN ('0','3','B','C') [0][0] OK
C:[27/02/2018 09:59:19.23][172.16.4.40][1396] SELECT par_cod_asig1,par_cod_asig2,par_cod_asig3 FROM tblaca009 WHERE pensum='5' AND c_uni_ca='5' AND c_asigna='300218' [1][0] OK
C:[27/02/2018 09:59:19.23][172.16.4.40][1410] SELECT c_asigna FROM dace004 WHERE exp_e='17-27935519' AND c_asigna='300228' AND status IN ('0','3','B','C') [0][0] OK
C:[27/02/2018 09:59:19.23][172.16.4.40][1396] SELECT par_cod_asig1,par_cod_asig2,par_cod_asig3 FROM tblaca009 WHERE pensum='5' AND c_uni_ca='5' AND c_asigna='300222' [1][0] OK
C:[27/02/2018 09:59:19.23][172.16.4.40][1396] SELECT par_cod_asig1,par_cod_asig2,par_cod_asig3 FROM tblaca009 WHERE pensum='5' AND c_uni_ca='5' AND c_asigna='300226' [1][0] OK
C:[27/02/2018 09:59:19.23][172.16.4.40][1396] SELECT par_cod_asig1,par_cod_asig2,par_cod_asig3 FROM tblaca009 WHERE pensum='5' AND c_uni_ca='5' AND c_asigna='300228' [1][0] OK
C:[27/02/2018 09:59:20.20][172.16.4.40][1526] SELECT horas_lab FROM tblaca008 WHERE c_asigna='300207' AND horas_teoricas > 0 [1][0] OK
C:[27/02/2018 09:59:20.20][172.16.4.40][1526] SELECT horas_lab FROM tblaca008 WHERE c_asigna='300209' AND horas_teoricas > 0 [1][0] OK
C:[27/02/2018 09:59:20.20][172.16.4.40][1526] SELECT horas_lab FROM tblaca008 WHERE c_asigna='300213' AND horas_teoricas > 0 [1][0] OK
C:[27/02/2018 09:59:20.20][172.16.4.40][1526] SELECT horas_lab FROM tblaca008 WHERE c_asigna='300218' AND horas_teoricas > 0 [0][0] OK
C:[27/02/2018 09:59:20.20][172.16.4.40][1526] SELECT horas_lab FROM tblaca008 WHERE c_asigna='300222' AND horas_teoricas > 0 [1][0] OK
C:[27/02/2018 09:59:20.20][172.16.4.40][1526] SELECT horas_lab FROM tblaca008 WHERE c_asigna='300226' AND horas_teoricas > 0 [1][0] OK
C:[27/02/2018 09:59:20.20][172.16.4.40][1526] SELECT horas_lab FROM tblaca008 WHERE c_asigna='300228' AND horas_teoricas > 0 [1][0] OK
C:[27/02/2018 10:07:35.97][172.16.4.254][1352] SELECT pre_cod_asig1,pre_cod_asig2,pre_cod_asig3,pre_cod_asig4,pre_cod_asig5,pre_cod_asig6,pre_cod_asig7 FROM tblaca009 WHERE pensum='5' AND c_uni_ca='4' AND c_asigna='300013' [1][0] OK
C:[27/02/2018 10:07:35.97][172.16.4.254][1352] SELECT pre_cod_asig1,pre_cod_asig2,pre_cod_asig3,pre_cod_asig4,pre_cod_asig5,pre_cod_asig6,pre_cod_asig7 FROM tblaca009 WHERE pensum='5' AND c_uni_ca='4' AND c_asigna='300112' [1][0] OK
C:[27/02/2018 10:07:35.97][172.16.4.254][1352] SELECT pre_cod_asig1,pre_cod_asig2,pre_cod_asig3,pre_cod_asig4,pre_cod_asig5,pre_cod_asig6,pre_cod_asig7 FROM tblaca009 WHERE pensum='5' AND c_uni_ca='4' AND c_asigna='300113' [1][0] OK
C:[27/02/2018 10:07:35.97][172.16.4.254][1352] SELECT pre_cod_asig1,pre_cod_asig2,pre_cod_asig3,pre_cod_asig4,pre_cod_asig5,pre_cod_asig6,pre_cod_asig7 FROM tblaca009 WHERE pensum='5' AND c_uni_ca='4' AND c_asigna='300116' [1][0] OK
C:[27/02/2018 10:07:35.97][172.16.4.254][1352] SELECT pre_cod_asig1,pre_cod_asig2,pre_cod_asig3,pre_cod_asig4,pre_cod_asig5,pre_cod_asig6,pre_cod_asig7 FROM tblaca009 WHERE pensum='5' AND c_uni_ca='4' AND c_asigna='300207' [1][0] OK
C:[27/02/2018 10:07:35.97][172.16.4.254][1365] SELECT c_asigna FROM dace004 WHERE exp_e='17-28255059' AND c_asigna='300101' AND status IN ('0','3','B') [1][0] OK
C:[27/02/2018 10:07:35.97][172.16.4.254][1352] SELECT pre_cod_asig1,pre_cod_asig2,pre_cod_asig3,pre_cod_asig4,pre_cod_asig5,pre_cod_asig6,pre_cod_asig7 FROM tblaca009 WHERE pensum='5' AND c_uni_ca='4' AND c_asigna='300209' [1][0] OK
C:[27/02/2018 10:07:35.97][172.16.4.254][1365] SELECT c_asigna FROM dace004 WHERE exp_e='17-28255059' AND c_asigna='300101' AND status IN ('0','3','B') [1][0] OK
C:[27/02/2018 10:07:35.95][172.16.4.254][1396] SELECT par_cod_asig1,par_cod_asig2,par_cod_asig3 FROM tblaca009 WHERE pensum='5' AND c_uni_ca='4' AND c_asigna='300013' [1][0] OK
C:[27/02/2018 10:07:35.95][172.16.4.254][1396] SELECT par_cod_asig1,par_cod_asig2,par_cod_asig3 FROM tblaca009 WHERE pensum='5' AND c_uni_ca='4' AND c_asigna='300112' [1][0] OK
C:[27/02/2018 10:07:35.95][172.16.4.254][1396] SELECT par_cod_asig1,par_cod_asig2,par_cod_asig3 FROM tblaca009 WHERE pensum='5' AND c_uni_ca='4' AND c_asigna='300113' [1][0] OK
C:[27/02/2018 10:07:35.95][172.16.4.254][1410] SELECT c_asigna FROM dace004 WHERE exp_e='17-28255059' AND c_asigna='300013' AND status IN ('0','3','B','C') [0][0] OK
C:[27/02/2018 10:07:35.95][172.16.4.254][1396] SELECT par_cod_asig1,par_cod_asig2,par_cod_asig3 FROM tblaca009 WHERE pensum='5' AND c_uni_ca='4' AND c_asigna='300116' [1][0] OK
C:[27/02/2018 10:07:35.95][172.16.4.254][1396] SELECT par_cod_asig1,par_cod_asig2,par_cod_asig3 FROM tblaca009 WHERE pensum='5' AND c_uni_ca='4' AND c_asigna='300207' [1][0] OK
C:[27/02/2018 10:07:35.95][172.16.4.254][1396] SELECT par_cod_asig1,par_cod_asig2,par_cod_asig3 FROM tblaca009 WHERE pensum='5' AND c_uni_ca='4' AND c_asigna='300209' [1][0] OK
C:[27/02/2018 10:07:35.86][172.16.4.254][1526] SELECT horas_lab FROM tblaca008 WHERE c_asigna='300013' AND horas_teoricas > 0 [1][0] OK
C:[27/02/2018 10:07:35.86][172.16.4.254][1526] SELECT horas_lab FROM tblaca008 WHERE c_asigna='300112' AND horas_teoricas > 0 [1][0] OK
C:[27/02/2018 10:07:35.86][172.16.4.254][1526] SELECT horas_lab FROM tblaca008 WHERE c_asigna='300113' AND horas_teoricas > 0 [0][0] OK
C:[27/02/2018 10:07:35.86][172.16.4.254][1526] SELECT horas_lab FROM tblaca008 WHERE c_asigna='300116' AND horas_teoricas > 0 [1][0] OK
C:[27/02/2018 10:07:35.86][172.16.4.254][1526] SELECT horas_lab FROM tblaca008 WHERE c_asigna='300207' AND horas_teoricas > 0 [1][0] OK
C:[27/02/2018 10:07:35.86][172.16.4.254][1526] SELECT horas_lab FROM tblaca008 WHERE c_asigna='300209' AND horas_teoricas > 0 [1][0] OK
C:[27/02/2018 10:17:53.57][172.16.4.254][1352] SELECT pre_cod_asig1,pre_cod_asig2,pre_cod_asig3,pre_cod_asig4,pre_cod_asig5,pre_cod_asig6,pre_cod_asig7 FROM tblaca009 WHERE pensum='5' AND c_uni_ca='6' AND c_asigna='300226' [1][0] OK
C:[27/02/2018 10:17:53.57][172.16.4.254][1365] SELECT c_asigna FROM dace004 WHERE exp_e='12-23966912' AND c_asigna='300116' AND status IN ('0','3','B') [1][0] OK
C:[27/02/2018 10:17:53.57][172.16.4.254][1352] SELECT pre_cod_asig1,pre_cod_asig2,pre_cod_asig3,pre_cod_asig4,pre_cod_asig5,pre_cod_asig6,pre_cod_asig7 FROM tblaca009 WHERE pensum='5' AND c_uni_ca='6' AND c_asigna='300228' [1][0] OK
C:[27/02/2018 10:17:53.57][172.16.4.254][1365] SELECT c_asigna FROM dace004 WHERE exp_e='12-23966912' AND c_asigna='300101' AND status IN ('0','3','B') [1][0] OK
C:[27/02/2018 10:17:53.07][172.16.4.254][1396] SELECT par_cod_asig1,par_cod_asig2,par_cod_asig3 FROM tblaca009 WHERE pensum='5' AND c_uni_ca='6' AND c_asigna='300226' [1][0] OK
C:[27/02/2018 10:17:53.07][172.16.4.254][1396] SELECT par_cod_asig1,par_cod_asig2,par_cod_asig3 FROM tblaca009 WHERE pensum='5' AND c_uni_ca='6' AND c_asigna='300228' [1][0] OK
C:[27/02/2018 10:17:53.34][172.16.4.254][1526] SELECT horas_lab FROM tblaca008 WHERE c_asigna='300226' AND horas_teoricas > 0 [1][0] OK
C:[27/02/2018 10:17:53.34][172.16.4.254][1526] SELECT horas_lab FROM tblaca008 WHERE c_asigna='300228' AND horas_teoricas > 0 [1][0] OK
C:[27/02/2018 11:13:10.07][172.16.4.254][1352] SELECT pre_cod_asig1,pre_cod_asig2,pre_cod_asig3,pre_cod_asig4,pre_cod_asig5,pre_cod_asig6,pre_cod_asig7 FROM tblaca009 WHERE pensum='5' AND c_uni_ca='2' AND c_asigna='300207' [1][0] OK
C:[27/02/2018 11:13:10.07][172.16.4.254][1365] SELECT c_asigna FROM dace004 WHERE exp_e='17-26922188' AND c_asigna='300101' AND status IN ('0','3','B') [1][0] OK
C:[27/02/2018 11:13:10.07][172.16.4.254][1352] SELECT pre_cod_asig1,pre_cod_asig2,pre_cod_asig3,pre_cod_asig4,pre_cod_asig5,pre_cod_asig6,pre_cod_asig7 FROM tblaca009 WHERE pensum='5' AND c_uni_ca='2' AND c_asigna='300209' [1][0] OK
C:[27/02/2018 11:13:10.07][172.16.4.254][1365] SELECT c_asigna FROM dace004 WHERE exp_e='17-26922188' AND c_asigna='300101' AND status IN ('0','3','B') [1][0] OK
C:[27/02/2018 11:13:10.07][172.16.4.254][1352] SELECT pre_cod_asig1,pre_cod_asig2,pre_cod_asig3,pre_cod_asig4,pre_cod_asig5,pre_cod_asig6,pre_cod_asig7 FROM tblaca009 WHERE pensum='5' AND c_uni_ca='2' AND c_asigna='300213' [1][0] OK
C:[27/02/2018 11:13:10.07][172.16.4.254][1365] SELECT c_asigna FROM dace004 WHERE exp_e='17-26922188' AND c_asigna='300101' AND status IN ('0','3','B') [1][0] OK
C:[27/02/2018 11:13:10.07][172.16.4.254][1352] SELECT pre_cod_asig1,pre_cod_asig2,pre_cod_asig3,pre_cod_asig4,pre_cod_asig5,pre_cod_asig6,pre_cod_asig7 FROM tblaca009 WHERE pensum='5' AND c_uni_ca='2' AND c_asigna='300218' [1][0] OK
C:[27/02/2018 11:13:10.07][172.16.4.254][1365] SELECT c_asigna FROM dace004 WHERE exp_e='17-26922188' AND c_asigna='300101' AND status IN ('0','3','B') [1][0] OK
C:[27/02/2018 11:13:10.07][172.16.4.254][1352] SELECT pre_cod_asig1,pre_cod_asig2,pre_cod_asig3,pre_cod_asig4,pre_cod_asig5,pre_cod_asig6,pre_cod_asig7 FROM tblaca009 WHERE pensum='5' AND c_uni_ca='2' AND c_asigna='300222' [1][0] OK
C:[27/02/2018 11:13:10.07][172.16.4.254][1365] SELECT c_asigna FROM dace004 WHERE exp_e='17-26922188' AND c_asigna='300112' AND status IN ('0','3','B') [1][0] OK
C:[27/02/2018 11:13:10.07][172.16.4.254][1352] SELECT pre_cod_asig1,pre_cod_asig2,pre_cod_asig3,pre_cod_asig4,pre_cod_asig5,pre_cod_asig6,pre_cod_asig7 FROM tblaca009 WHERE pensum='5' AND c_uni_ca='2' AND c_asigna='300226' [1][0] OK
C:[27/02/2018 11:13:10.07][172.16.4.254][1365] SELECT c_asigna FROM dace004 WHERE exp_e='17-26922188' AND c_asigna='300116' AND status IN ('0','3','B') [1][0] OK
C:[27/02/2018 11:13:10.07][172.16.4.254][1352] SELECT pre_cod_asig1,pre_cod_asig2,pre_cod_asig3,pre_cod_asig4,pre_cod_asig5,pre_cod_asig6,pre_cod_asig7 FROM tblaca009 WHERE pensum='5' AND c_uni_ca='2' AND c_asigna='300228' [1][0] OK
C:[27/02/2018 11:13:10.07][172.16.4.254][1365] SELECT c_asigna FROM dace004 WHERE exp_e='17-26922188' AND c_asigna='300101' AND status IN ('0','3','B') [1][0] OK
C:[27/02/2018 11:13:11.82][172.16.4.254][1396] SELECT par_cod_asig1,par_cod_asig2,par_cod_asig3 FROM tblaca009 WHERE pensum='5' AND c_uni_ca='2' AND c_asigna='300207' [1][0] OK
C:[27/02/2018 11:13:11.82][172.16.4.254][1396] SELECT par_cod_asig1,par_cod_asig2,par_cod_asig3 FROM tblaca009 WHERE pensum='5' AND c_uni_ca='2' AND c_asigna='300209' [1][0] OK
C:[27/02/2018 11:13:11.82][172.16.4.254][1396] SELECT par_cod_asig1,par_cod_asig2,par_cod_asig3 FROM tblaca009 WHERE pensum='5' AND c_uni_ca='2' AND c_asigna='300213' [1][0] OK
C:[27/02/2018 11:13:11.82][172.16.4.254][1410] SELECT c_asigna FROM dace004 WHERE exp_e='17-26922188' AND c_asigna='300209' AND status IN ('0','3','B','C') [0][0] OK
C:[27/02/2018 11:13:11.82][172.16.4.254][1396] SELECT par_cod_asig1,par_cod_asig2,par_cod_asig3 FROM tblaca009 WHERE pensum='5' AND c_uni_ca='2' AND c_asigna='300218' [1][0] OK
C:[27/02/2018 11:13:11.82][172.16.4.254][1410] SELECT c_asigna FROM dace004 WHERE exp_e='17-26922188' AND c_asigna='300228' AND status IN ('0','3','B','C') [0][0] OK
C:[27/02/2018 11:13:11.82][172.16.4.254][1396] SELECT par_cod_asig1,par_cod_asig2,par_cod_asig3 FROM tblaca009 WHERE pensum='5' AND c_uni_ca='2' AND c_asigna='300222' [1][0] OK
C:[27/02/2018 11:13:11.82][172.16.4.254][1396] SELECT par_cod_asig1,par_cod_asig2,par_cod_asig3 FROM tblaca009 WHERE pensum='5' AND c_uni_ca='2' AND c_asigna='300226' [1][0] OK
C:[27/02/2018 11:13:11.82][172.16.4.254][1396] SELECT par_cod_asig1,par_cod_asig2,par_cod_asig3 FROM tblaca009 WHERE pensum='5' AND c_uni_ca='2' AND c_asigna='300228' [1][0] OK
C:[27/02/2018 11:13:11.98][172.16.4.254][1526] SELECT horas_lab FROM tblaca008 WHERE c_asigna='300207' AND horas_teoricas > 0 [1][0] OK
C:[27/02/2018 11:13:11.98][172.16.4.254][1526] SELECT horas_lab FROM tblaca008 WHERE c_asigna='300209' AND horas_teoricas > 0 [1][0] OK
C:[27/02/2018 11:13:11.98][172.16.4.254][1526] SELECT horas_lab FROM tblaca008 WHERE c_asigna='300213' AND horas_teoricas > 0 [1][0] OK
C:[27/02/2018 11:13:11.98][172.16.4.254][1526] SELECT horas_lab FROM tblaca008 WHERE c_asigna='300218' AND horas_teoricas > 0 [0][0] OK
C:[27/02/2018 11:13:11.98][172.16.4.254][1526] SELECT horas_lab FROM tblaca008 WHERE c_asigna='300222' AND horas_teoricas > 0 [1][0] OK
C:[27/02/2018 11:13:11.98][172.16.4.254][1526] SELECT horas_lab FROM tblaca008 WHERE c_asigna='300226' AND horas_teoricas > 0 [1][0] OK
C:[27/02/2018 11:13:11.98][172.16.4.254][1526] SELECT horas_lab FROM tblaca008 WHERE c_asigna='300228' AND horas_teoricas > 0 [1][0] OK
C:[27/02/2018 11:15:34.65][172.16.4.254][1352] SELECT pre_cod_asig1,pre_cod_asig2,pre_cod_asig3,pre_cod_asig4,pre_cod_asig5,pre_cod_asig6,pre_cod_asig7 FROM tblaca009 WHERE pensum='5' AND c_uni_ca='6' AND c_asigna='300013' [1][0] OK
C:[27/02/2018 11:15:34.65][172.16.4.254][1352] SELECT pre_cod_asig1,pre_cod_asig2,pre_cod_asig3,pre_cod_asig4,pre_cod_asig5,pre_cod_asig6,pre_cod_asig7 FROM tblaca009 WHERE pensum='5' AND c_uni_ca='6' AND c_asigna='300101' [1][0] OK
C:[27/02/2018 11:15:34.65][172.16.4.254][1352] SELECT pre_cod_asig1,pre_cod_asig2,pre_cod_asig3,pre_cod_asig4,pre_cod_asig5,pre_cod_asig6,pre_cod_asig7 FROM tblaca009 WHERE pensum='5' AND c_uni_ca='6' AND c_asigna='300112' [1][0] OK
C:[27/02/2018 11:15:34.65][172.16.4.254][1352] SELECT pre_cod_asig1,pre_cod_asig2,pre_cod_asig3,pre_cod_asig4,pre_cod_asig5,pre_cod_asig6,pre_cod_asig7 FROM tblaca009 WHERE pensum='5' AND c_uni_ca='6' AND c_asigna='300113' [1][0] OK
C:[27/02/2018 11:15:34.65][172.16.4.254][1352] SELECT pre_cod_asig1,pre_cod_asig2,pre_cod_asig3,pre_cod_asig4,pre_cod_asig5,pre_cod_asig6,pre_cod_asig7 FROM tblaca009 WHERE pensum='5' AND c_uni_ca='6' AND c_asigna='300116' [1][0] OK
C:[27/02/2018 11:15:34.27][172.16.4.254][1396] SELECT par_cod_asig1,par_cod_asig2,par_cod_asig3 FROM tblaca009 WHERE pensum='5' AND c_uni_ca='6' AND c_asigna='300013' [1][0] OK
C:[27/02/2018 11:15:34.27][172.16.4.254][1396] SELECT par_cod_asig1,par_cod_asig2,par_cod_asig3 FROM tblaca009 WHERE pensum='5' AND c_uni_ca='6' AND c_asigna='300101' [1][0] OK
C:[27/02/2018 11:15:34.27][172.16.4.254][1396] SELECT par_cod_asig1,par_cod_asig2,par_cod_asig3 FROM tblaca009 WHERE pensum='5' AND c_uni_ca='6' AND c_asigna='300112' [1][0] OK
C:[27/02/2018 11:15:34.27][172.16.4.254][1396] SELECT par_cod_asig1,par_cod_asig2,par_cod_asig3 FROM tblaca009 WHERE pensum='5' AND c_uni_ca='6' AND c_asigna='300113' [1][0] OK
C:[27/02/2018 11:15:34.27][172.16.4.254][1410] SELECT c_asigna FROM dace004 WHERE exp_e='17-27390514' AND c_asigna='300013' AND status IN ('0','3','B','C') [0][0] OK
C:[27/02/2018 11:15:34.27][172.16.4.254][1396] SELECT par_cod_asig1,par_cod_asig2,par_cod_asig3 FROM tblaca009 WHERE pensum='5' AND c_uni_ca='6' AND c_asigna='300116' [1][0] OK
C:[27/02/2018 11:15:34.05][172.16.4.254][1526] SELECT horas_lab FROM tblaca008 WHERE c_asigna='300013' AND horas_teoricas > 0 [1][0] OK
C:[27/02/2018 11:15:34.05][172.16.4.254][1526] SELECT horas_lab FROM tblaca008 WHERE c_asigna='300101' AND horas_teoricas > 0 [1][0] OK
C:[27/02/2018 11:15:34.05][172.16.4.254][1526] SELECT horas_lab FROM tblaca008 WHERE c_asigna='300112' AND horas_teoricas > 0 [1][0] OK
C:[27/02/2018 11:15:34.05][172.16.4.254][1526] SELECT horas_lab FROM tblaca008 WHERE c_asigna='300113' AND horas_teoricas > 0 [0][0] OK
C:[27/02/2018 11:15:34.05][172.16.4.254][1526] SELECT horas_lab FROM tblaca008 WHERE c_asigna='300116' AND horas_teoricas > 0 [1][0] OK
C:[27/02/2018 11:55:51.94][172.16.4.254][1352] SELECT pre_cod_asig1,pre_cod_asig2,pre_cod_asig3,pre_cod_asig4,pre_cod_asig5,pre_cod_asig6,pre_cod_asig7 FROM tblaca009 WHERE pensum='5' AND c_uni_ca='5' AND c_asigna='351330' [1][0] OK
C:[27/02/2018 11:55:51.94][172.16.4.254][1365] SELECT c_asigna FROM dace004 WHERE exp_e='14-27506408' AND c_asigna='300218' AND status IN ('0','3','B') [1][0] OK
C:[27/02/2018 11:55:51.94][172.16.4.254][1352] SELECT pre_cod_asig1,pre_cod_asig2,pre_cod_asig3,pre_cod_asig4,pre_cod_asig5,pre_cod_asig6,pre_cod_asig7 FROM tblaca009 WHERE pensum='5' AND c_uni_ca='5' AND c_asigna='352440' [1][0] OK
C:[27/02/2018 11:55:51.94][172.16.4.254][1365] SELECT c_asigna FROM dace004 WHERE exp_e='14-27506408' AND c_asigna='300317' AND status IN ('0','3','B') [1][0] OK
C:[27/02/2018 11:55:51.94][172.16.4.254][1365] SELECT c_asigna FROM dace004 WHERE exp_e='14-27506408' AND c_asigna='300013' AND status IN ('0','3','B') [1][0] OK
C:[27/02/2018 11:55:51.94][172.16.4.254][1365] SELECT c_asigna FROM dace004 WHERE exp_e='14-27506408' AND c_asigna='300113' AND status IN ('0','3','B') [1][0] OK
C:[27/02/2018 11:55:51.70][172.16.4.254][1396] SELECT par_cod_asig1,par_cod_asig2,par_cod_asig3 FROM tblaca009 WHERE pensum='5' AND c_uni_ca='5' AND c_asigna='351330' [1][0] OK
C:[27/02/2018 11:55:51.70][172.16.4.254][1410] SELECT c_asigna FROM dace004 WHERE exp_e='14-27506408' AND c_asigna='300318' AND status IN ('0','3','B','C') [1][0] OK
C:[27/02/2018 11:55:51.70][172.16.4.254][1410] SELECT c_asigna FROM dace004 WHERE exp_e='14-27506408' AND c_asigna='300317' AND status IN ('0','3','B','C') [1][0] OK
C:[27/02/2018 11:55:51.70][172.16.4.254][1396] SELECT par_cod_asig1,par_cod_asig2,par_cod_asig3 FROM tblaca009 WHERE pensum='5' AND c_uni_ca='5' AND c_asigna='352440' [1][0] OK
C:[27/02/2018 11:55:52.20][172.16.4.254][1526] SELECT horas_lab FROM tblaca008 WHERE c_asigna='351330' AND horas_teoricas > 0 [1][0] OK
C:[27/02/2018 11:55:52.20][172.16.4.254][1526] SELECT horas_lab FROM tblaca008 WHERE c_asigna='352440' AND horas_teoricas > 0 [1][0] OK
C:[01/03/2018 11:49:40.72][172.16.4.109][1352] SELECT pre_cod_asig1,pre_cod_asig2,pre_cod_asig3,pre_cod_asig4,pre_cod_asig5,pre_cod_asig6,pre_cod_asig7 FROM tblaca009 WHERE pensum='5' AND c_uni_ca='5' AND c_asigna='355595' [1][0] OK
C:[01/03/2018 11:49:40.72][172.16.4.109][1365] SELECT c_asigna FROM dace004 WHERE exp_e='14-25395510' AND c_asigna='351451' AND status IN ('0','3','B') [1][0] OK
C:[01/03/2018 11:49:40.72][172.16.4.109][1365] SELECT c_asigna FROM dace004 WHERE exp_e='14-25395510' AND c_asigna='355350' AND status IN ('0','3','B') [1][0] OK
C:[01/03/2018 11:49:40.72][172.16.4.109][1365] SELECT c_asigna FROM dace004 WHERE exp_e='14-25395510' AND c_asigna='300318' AND status IN ('0','3','B') [1][0] OK
C:[01/03/2018 11:49:40.72][172.16.4.109][1352] SELECT pre_cod_asig1,pre_cod_asig2,pre_cod_asig3,pre_cod_asig4,pre_cod_asig5,pre_cod_asig6,pre_cod_asig7 FROM tblaca009 WHERE pensum='5' AND c_uni_ca='5' AND c_asigna='355720' [1][0] OK
C:[01/03/2018 11:49:40.72][172.16.4.109][1365] SELECT c_asigna FROM dace004 WHERE exp_e='14-25395510' AND c_asigna='355692' AND status IN ('0','3','B') [1][0] OK
C:[01/03/2018 11:49:40.72][172.16.4.109][1365] SELECT c_asigna FROM dace004 WHERE exp_e='14-25395510' AND c_asigna='355696' AND status IN ('0','3','B') [1][0] OK
C:[01/03/2018 11:49:40.72][172.16.4.109][1352] SELECT pre_cod_asig1,pre_cod_asig2,pre_cod_asig3,pre_cod_asig4,pre_cod_asig5,pre_cod_asig6,pre_cod_asig7 FROM tblaca009 WHERE pensum='5' AND c_uni_ca='5' AND c_asigna='355721' [1][0] OK
C:[01/03/2018 11:49:40.72][172.16.4.109][1365] SELECT c_asigna FROM dace004 WHERE exp_e='14-25395510' AND c_asigna='355693' AND status IN ('0','3','B') [1][0] OK
C:[01/03/2018 11:49:40.72][172.16.4.109][1365] SELECT c_asigna FROM dace004 WHERE exp_e='14-25395510' AND c_asigna='355696' AND status IN ('0','3','B') [1][0] OK
C:[01/03/2018 11:49:40.72][172.16.4.109][1352] SELECT pre_cod_asig1,pre_cod_asig2,pre_cod_asig3,pre_cod_asig4,pre_cod_asig5,pre_cod_asig6,pre_cod_asig7 FROM tblaca009 WHERE pensum='5' AND c_uni_ca='5' AND c_asigna='355723' [1][0] OK
C:[01/03/2018 11:49:40.72][172.16.4.109][1365] SELECT c_asigna FROM dace004 WHERE exp_e='14-25395510' AND c_asigna='355694' AND status IN ('0','3','B') [1][0] OK
C:[01/03/2018 11:49:40.72][172.16.4.109][1352] SELECT pre_cod_asig1,pre_cod_asig2,pre_cod_asig3,pre_cod_asig4,pre_cod_asig5,pre_cod_asig6,pre_cod_asig7 FROM tblaca009 WHERE pensum='5' AND c_uni_ca='5' AND c_asigna='355724' [1][0] OK
C:[01/03/2018 11:49:40.72][172.16.4.109][1365] SELECT c_asigna FROM dace004 WHERE exp_e='14-25395510' AND c_asigna='355692' AND status IN ('0','3','B') [1][0] OK
C:[01/03/2018 11:49:40.72][172.16.4.109][1352] SELECT pre_cod_asig1,pre_cod_asig2,pre_cod_asig3,pre_cod_asig4,pre_cod_asig5,pre_cod_asig6,pre_cod_asig7 FROM tblaca009 WHERE pensum='5' AND c_uni_ca='5' AND c_asigna='355725' [1][0] OK
C:[01/03/2018 11:49:40.72][172.16.4.109][1365] SELECT c_asigna FROM dace004 WHERE exp_e='14-25395510' AND c_asigna='355693' AND status IN ('0','3','B') [1][0] OK
C:[01/03/2018 11:49:40.72][172.16.4.109][1365] SELECT c_asigna FROM dace004 WHERE exp_e='14-25395510' AND c_asigna='355692' AND status IN ('0','3','B') [1][0] OK
C:[01/03/2018 11:49:41.84][172.16.4.109][1396] SELECT par_cod_asig1,par_cod_asig2,par_cod_asig3 FROM tblaca009 WHERE pensum='5' AND c_uni_ca='5' AND c_asigna='355595' [1][0] OK
C:[01/03/2018 11:49:41.84][172.16.4.109][1396] SELECT par_cod_asig1,par_cod_asig2,par_cod_asig3 FROM tblaca009 WHERE pensum='5' AND c_uni_ca='5' AND c_asigna='355720' [1][0] OK
C:[01/03/2018 11:49:41.84][172.16.4.109][1396] SELECT par_cod_asig1,par_cod_asig2,par_cod_asig3 FROM tblaca009 WHERE pensum='5' AND c_uni_ca='5' AND c_asigna='355721' [1][0] OK
C:[01/03/2018 11:49:41.84][172.16.4.109][1396] SELECT par_cod_asig1,par_cod_asig2,par_cod_asig3 FROM tblaca009 WHERE pensum='5' AND c_uni_ca='5' AND c_asigna='355723' [1][0] OK
C:[01/03/2018 11:49:41.84][172.16.4.109][1396] SELECT par_cod_asig1,par_cod_asig2,par_cod_asig3 FROM tblaca009 WHERE pensum='5' AND c_uni_ca='5' AND c_asigna='355724' [1][0] OK
C:[01/03/2018 11:49:41.84][172.16.4.109][1396] SELECT par_cod_asig1,par_cod_asig2,par_cod_asig3 FROM tblaca009 WHERE pensum='5' AND c_uni_ca='5' AND c_asigna='355725' [1][0] OK
C:[01/03/2018 11:49:41.62][172.16.4.109][1526] SELECT horas_lab FROM tblaca008 WHERE c_asigna='355595' AND horas_teoricas > 0 [1][0] OK
C:[01/03/2018 11:49:41.62][172.16.4.109][1526] SELECT horas_lab FROM tblaca008 WHERE c_asigna='355720' AND horas_teoricas > 0 [1][0] OK
C:[01/03/2018 11:49:41.62][172.16.4.109][1526] SELECT horas_lab FROM tblaca008 WHERE c_asigna='355721' AND horas_teoricas > 0 [1][0] OK
C:[01/03/2018 11:49:41.62][172.16.4.109][1526] SELECT horas_lab FROM tblaca008 WHERE c_asigna='355723' AND horas_teoricas > 0 [1][0] OK
C:[01/03/2018 11:49:41.62][172.16.4.109][1526] SELECT horas_lab FROM tblaca008 WHERE c_asigna='355724' AND horas_teoricas > 0 [1][0] OK
C:[01/03/2018 11:49:41.62][172.16.4.109][1526] SELECT horas_lab FROM tblaca008 WHERE c_asigna='355725' AND horas_teoricas > 0 [1][0] OK
C:[02/03/2018 09:53:32.45][172.16.4.254][1352] SELECT pre_cod_asig1,pre_cod_asig2,pre_cod_asig3,pre_cod_asig4,pre_cod_asig5,pre_cod_asig6,pre_cod_asig7 FROM tblaca009 WHERE pensum='5' AND c_uni_ca='3' AND c_asigna='300209' [1][0] OK
C:[02/03/2018 09:53:32.45][172.16.4.254][1365] SELECT c_asigna FROM dace004 WHERE exp_e='13-25476605' AND c_asigna='300101' AND status IN ('0','3','B') [1][0] OK
C:[02/03/2018 09:53:32.45][172.16.4.254][1352] SELECT pre_cod_asig1,pre_cod_asig2,pre_cod_asig3,pre_cod_asig4,pre_cod_asig5,pre_cod_asig6,pre_cod_asig7 FROM tblaca009 WHERE pensum='5' AND c_uni_ca='3' AND c_asigna='300213' [1][0] OK
C:[02/03/2018 09:53:32.45][172.16.4.254][1365] SELECT c_asigna FROM dace004 WHERE exp_e='13-25476605' AND c_asigna='300101' AND status IN ('0','3','B') [1][0] OK
C:[02/03/2018 09:53:32.45][172.16.4.254][1352] SELECT pre_cod_asig1,pre_cod_asig2,pre_cod_asig3,pre_cod_asig4,pre_cod_asig5,pre_cod_asig6,pre_cod_asig7 FROM tblaca009 WHERE pensum='5' AND c_uni_ca='3' AND c_asigna='300218' [1][0] OK
C:[02/03/2018 09:53:32.45][172.16.4.254][1365] SELECT c_asigna FROM dace004 WHERE exp_e='13-25476605' AND c_asigna='300101' AND status IN ('0','3','B') [1][0] OK
C:[02/03/2018 09:53:32.45][172.16.4.254][1352] SELECT pre_cod_asig1,pre_cod_asig2,pre_cod_asig3,pre_cod_asig4,pre_cod_asig5,pre_cod_asig6,pre_cod_asig7 FROM tblaca009 WHERE pensum='5' AND c_uni_ca='3' AND c_asigna='300222' [1][0] OK
C:[02/03/2018 09:53:32.45][172.16.4.254][1365] SELECT c_asigna FROM dace004 WHERE exp_e='13-25476605' AND c_asigna='300112' AND status IN ('0','3','B') [1][0] OK
C:[02/03/2018 09:53:32.45][172.16.4.254][1352] SELECT pre_cod_asig1,pre_cod_asig2,pre_cod_asig3,pre_cod_asig4,pre_cod_asig5,pre_cod_asig6,pre_cod_asig7 FROM tblaca009 WHERE pensum='5' AND c_uni_ca='3' AND c_asigna='300226' [1][0] OK
C:[02/03/2018 09:53:32.45][172.16.4.254][1365] SELECT c_asigna FROM dace004 WHERE exp_e='13-25476605' AND c_asigna='300116' AND status IN ('0','3','B') [1][0] OK
C:[02/03/2018 09:53:32.45][172.16.4.254][1352] SELECT pre_cod_asig1,pre_cod_asig2,pre_cod_asig3,pre_cod_asig4,pre_cod_asig5,pre_cod_asig6,pre_cod_asig7 FROM tblaca009 WHERE pensum='5' AND c_uni_ca='3' AND c_asigna='300228' [1][0] OK
C:[02/03/2018 09:53:32.45][172.16.4.254][1365] SELECT c_asigna FROM dace004 WHERE exp_e='13-25476605' AND c_asigna='300101' AND status IN ('0','3','B') [1][0] OK
C:[02/03/2018 09:53:32.45][172.16.4.254][1352] SELECT pre_cod_asig1,pre_cod_asig2,pre_cod_asig3,pre_cod_asig4,pre_cod_asig5,pre_cod_asig6,pre_cod_asig7 FROM tblaca009 WHERE pensum='5' AND c_uni_ca='3' AND c_asigna='300207' [1][0] OK
C:[02/03/2018 09:53:32.45][172.16.4.254][1365] SELECT c_asigna FROM dace004 WHERE exp_e='13-25476605' AND c_asigna='300101' AND status IN ('0','3','B') [1][0] OK
C:[02/03/2018 09:53:33.57][172.16.4.254][1396] SELECT par_cod_asig1,par_cod_asig2,par_cod_asig3 FROM tblaca009 WHERE pensum='5' AND c_uni_ca='3' AND c_asigna='300209' [1][0] OK
C:[02/03/2018 09:53:33.57][172.16.4.254][1396] SELECT par_cod_asig1,par_cod_asig2,par_cod_asig3 FROM tblaca009 WHERE pensum='5' AND c_uni_ca='3' AND c_asigna='300213' [1][0] OK
C:[02/03/2018 09:53:33.57][172.16.4.254][1410] SELECT c_asigna FROM dace004 WHERE exp_e='13-25476605' AND c_asigna='300209' AND status IN ('0','3','B','C') [0][0] OK
C:[02/03/2018 09:53:33.57][172.16.4.254][1396] SELECT par_cod_asig1,par_cod_asig2,par_cod_asig3 FROM tblaca009 WHERE pensum='5' AND c_uni_ca='3' AND c_asigna='300218' [1][0] OK
C:[02/03/2018 09:53:33.57][172.16.4.254][1410] SELECT c_asigna FROM dace004 WHERE exp_e='13-25476605' AND c_asigna='300228' AND status IN ('0','3','B','C') [0][0] OK
C:[02/03/2018 09:53:33.57][172.16.4.254][1396] SELECT par_cod_asig1,par_cod_asig2,par_cod_asig3 FROM tblaca009 WHERE pensum='5' AND c_uni_ca='3' AND c_asigna='300222' [1][0] OK
C:[02/03/2018 09:53:33.57][172.16.4.254][1396] SELECT par_cod_asig1,par_cod_asig2,par_cod_asig3 FROM tblaca009 WHERE pensum='5' AND c_uni_ca='3' AND c_asigna='300226' [1][0] OK
C:[02/03/2018 09:53:33.57][172.16.4.254][1396] SELECT par_cod_asig1,par_cod_asig2,par_cod_asig3 FROM tblaca009 WHERE pensum='5' AND c_uni_ca='3' AND c_asigna='300228' [1][0] OK
C:[02/03/2018 09:53:33.57][172.16.4.254][1396] SELECT par_cod_asig1,par_cod_asig2,par_cod_asig3 FROM tblaca009 WHERE pensum='5' AND c_uni_ca='3' AND c_asigna='300207' [1][0] OK
C:[02/03/2018 09:53:33.41][172.16.4.254][1526] SELECT horas_lab FROM tblaca008 WHERE c_asigna='300209' AND horas_teoricas > 0 [1][0] OK
C:[02/03/2018 09:53:33.41][172.16.4.254][1526] SELECT horas_lab FROM tblaca008 WHERE c_asigna='300213' AND horas_teoricas > 0 [1][0] OK
C:[02/03/2018 09:53:33.41][172.16.4.254][1526] SELECT horas_lab FROM tblaca008 WHERE c_asigna='300218' AND horas_teoricas > 0 [0][0] OK
C:[02/03/2018 09:53:33.41][172.16.4.254][1526] SELECT horas_lab FROM tblaca008 WHERE c_asigna='300222' AND horas_teoricas > 0 [1][0] OK
C:[02/03/2018 09:53:33.41][172.16.4.254][1526] SELECT horas_lab FROM tblaca008 WHERE c_asigna='300226' AND horas_teoricas > 0 [1][0] OK
C:[02/03/2018 09:53:33.41][172.16.4.254][1526] SELECT horas_lab FROM tblaca008 WHERE c_asigna='300228' AND horas_teoricas > 0 [1][0] OK
C:[05/03/2018 14:23:23.96][172.16.4.81][1352] SELECT pre_cod_asig1,pre_cod_asig2,pre_cod_asig3,pre_cod_asig4,pre_cod_asig5,pre_cod_asig6,pre_cod_asig7 FROM tblaca009 WHERE pensum='5' AND c_uni_ca='3' AND c_asigna='311824' [1][0] OK
C:[05/03/2018 14:23:23.96][172.16.4.81][1365] SELECT c_asigna FROM dace004 WHERE exp_e='12-26391418' AND c_asigna='311796' AND status IN ('0','3','B') [1][0] OK
C:[05/03/2018 14:23:23.96][172.16.4.81][1365] SELECT c_asigna FROM dace004 WHERE exp_e='12-26391418' AND c_asigna='315671' AND status IN ('0','3','B') [1][0] OK
C:[05/03/2018 14:23:23.96][172.16.4.81][1365] SELECT c_asigna FROM dace004 WHERE exp_e='12-26391418' AND c_asigna='311552' AND status IN ('0','3','B') [1][0] OK
C:[05/03/2018 14:23:23.96][172.16.4.81][1365] SELECT c_asigna FROM dace004 WHERE exp_e='12-26391418' AND c_asigna='311430' AND status IN ('0','3','B') [1][0] OK
C:[05/03/2018 14:23:23.96][172.16.4.81][1365] SELECT c_asigna FROM dace004 WHERE exp_e='12-26391418' AND c_asigna='300317' AND status IN ('0','3','B') [1][0] OK
C:[05/03/2018 14:23:23.96][172.16.4.81][1365] SELECT c_asigna FROM dace004 WHERE exp_e='12-26391418' AND c_asigna='300318' AND status IN ('0','3','B') [1][0] OK
C:[05/03/2018 14:23:23.96][172.16.4.81][1365] SELECT c_asigna FROM dace004 WHERE exp_e='12-26391418' AND c_asigna='300313' AND status IN ('0','3','B') [1][0] OK
C:[05/03/2018 14:23:23.96][172.16.4.81][1352] SELECT pre_cod_asig1,pre_cod_asig2,pre_cod_asig3,pre_cod_asig4,pre_cod_asig5,pre_cod_asig6,pre_cod_asig7 FROM tblaca009 WHERE pensum='5' AND c_uni_ca='3' AND c_asigna='311939' [1][0] OK
C:[05/03/2018 14:23:23.96][172.16.4.81][1352] SELECT pre_cod_asig1,pre_cod_asig2,pre_cod_asig3,pre_cod_asig4,pre_cod_asig5,pre_cod_asig6,pre_cod_asig7 FROM tblaca009 WHERE pensum='5' AND c_uni_ca='3' AND c_asigna='311100' [1][0] OK
C:[05/03/2018 14:23:23.96][172.16.4.81][1352] SELECT pre_cod_asig1,pre_cod_asig2,pre_cod_asig3,pre_cod_asig4,pre_cod_asig5,pre_cod_asig6,pre_cod_asig7 FROM tblaca009 WHERE pensum='5' AND c_uni_ca='3' AND c_asigna='311988' [1][0] OK
C:[05/03/2018 14:23:23.96][172.16.4.81][1365] SELECT c_asigna FROM dace004 WHERE exp_e='12-26391418' AND c_asigna='311822' AND status IN ('0','3','B') [1][0] OK
C:[05/03/2018 14:23:23.02][172.16.4.81][1396] SELECT par_cod_asig1,par_cod_asig2,par_cod_asig3 FROM tblaca009 WHERE pensum='5' AND c_uni_ca='3' AND c_asigna='311824' [1][0] OK
C:[05/03/2018 14:23:23.02][172.16.4.81][1396] SELECT par_cod_asig1,par_cod_asig2,par_cod_asig3 FROM tblaca009 WHERE pensum='5' AND c_uni_ca='3' AND c_asigna='311939' [1][0] OK
C:[05/03/2018 14:23:23.02][172.16.4.81][1410] SELECT c_asigna FROM dace004 WHERE exp_e='12-26391418' AND c_asigna='300956' AND status IN ('0','3','B','C') [1][0] OK
C:[05/03/2018 14:23:23.02][172.16.4.81][1396] SELECT par_cod_asig1,par_cod_asig2,par_cod_asig3 FROM tblaca009 WHERE pensum='5' AND c_uni_ca='3' AND c_asigna='311100' [1][0] OK
C:[05/03/2018 14:23:23.02][172.16.4.81][1396] SELECT par_cod_asig1,par_cod_asig2,par_cod_asig3 FROM tblaca009 WHERE pensum='5' AND c_uni_ca='3' AND c_asigna='311988' [1][0] OK
C:[05/03/2018 14:23:23.66][172.16.4.81][1526] SELECT horas_lab FROM tblaca008 WHERE c_asigna='311824' AND horas_teoricas > 0 [1][0] OK
C:[05/03/2018 14:23:23.66][172.16.4.81][1526] SELECT horas_lab FROM tblaca008 WHERE c_asigna='311939' AND horas_teoricas > 0 [0][0] OK
C:[05/03/2018 14:23:23.66][172.16.4.81][1526] SELECT horas_lab FROM tblaca008 WHERE c_asigna='311100' AND horas_teoricas > 0 [1][0] OK
C:[05/03/2018 14:23:23.66][172.16.4.81][1526] SELECT horas_lab FROM tblaca008 WHERE c_asigna='311988' AND horas_teoricas > 0 [1][0] OK
C:[07/03/2018 13:11:33.00][172.16.1.16][1352] SELECT pre_cod_asig1,pre_cod_asig2,pre_cod_asig3,pre_cod_asig4,pre_cod_asig5,pre_cod_asig6,pre_cod_asig7 FROM tblaca009 WHERE pensum='5' AND c_uni_ca='4' AND c_asigna='300105' [1][0] OK
C:[07/03/2018 13:11:33.00][172.16.1.16][1352] SELECT pre_cod_asig1,pre_cod_asig2,pre_cod_asig3,pre_cod_asig4,pre_cod_asig5,pre_cod_asig6,pre_cod_asig7 FROM tblaca009 WHERE pensum='5' AND c_uni_ca='4' AND c_asigna='300116' [1][0] OK
C:[07/03/2018 13:11:33.00][172.16.1.16][1352] SELECT pre_cod_asig1,pre_cod_asig2,pre_cod_asig3,pre_cod_asig4,pre_cod_asig5,pre_cod_asig6,pre_cod_asig7 FROM tblaca009 WHERE pensum='5' AND c_uni_ca='4' AND c_asigna='300207' [1][0] OK
C:[07/03/2018 13:11:33.00][172.16.1.16][1365] SELECT c_asigna FROM dace004 WHERE exp_e='17-27506087' AND c_asigna='300101' AND status IN ('0','3','B') [1][0] OK
C:[07/03/2018 13:11:33.00][172.16.1.16][1352] SELECT pre_cod_asig1,pre_cod_asig2,pre_cod_asig3,pre_cod_asig4,pre_cod_asig5,pre_cod_asig6,pre_cod_asig7 FROM tblaca009 WHERE pensum='5' AND c_uni_ca='4' AND c_asigna='300209' [1][0] OK
C:[07/03/2018 13:11:33.00][172.16.1.16][1365] SELECT c_asigna FROM dace004 WHERE exp_e='17-27506087' AND c_asigna='300101' AND status IN ('0','3','B') [1][0] OK
C:[07/03/2018 13:11:33.00][172.16.1.16][1352] SELECT pre_cod_asig1,pre_cod_asig2,pre_cod_asig3,pre_cod_asig4,pre_cod_asig5,pre_cod_asig6,pre_cod_asig7 FROM tblaca009 WHERE pensum='5' AND c_uni_ca='4' AND c_asigna='300218' [1][0] OK
C:[07/03/2018 13:11:33.00][172.16.1.16][1365] SELECT c_asigna FROM dace004 WHERE exp_e='17-27506087' AND c_asigna='300101' AND status IN ('0','3','B') [1][0] OK
C:[07/03/2018 13:11:33.00][172.16.1.16][1352] SELECT pre_cod_asig1,pre_cod_asig2,pre_cod_asig3,pre_cod_asig4,pre_cod_asig5,pre_cod_asig6,pre_cod_asig7 FROM tblaca009 WHERE pensum='5' AND c_uni_ca='4' AND c_asigna='300222' [1][0] OK
C:[07/03/2018 13:11:33.00][172.16.1.16][1365] SELECT c_asigna FROM dace004 WHERE exp_e='17-27506087' AND c_asigna='300112' AND status IN ('0','3','B') [1][0] OK
C:[07/03/2018 13:11:33.00][172.16.1.16][1352] SELECT pre_cod_asig1,pre_cod_asig2,pre_cod_asig3,pre_cod_asig4,pre_cod_asig5,pre_cod_asig6,pre_cod_asig7 FROM tblaca009 WHERE pensum='5' AND c_uni_ca='4' AND c_asigna='300228' [1][0] OK
C:[07/03/2018 13:11:33.00][172.16.1.16][1365] SELECT c_asigna FROM dace004 WHERE exp_e='17-27506087' AND c_asigna='300101' AND status IN ('0','3','B') [1][0] OK
C:[07/03/2018 13:11:33.50][172.16.1.16][1396] SELECT par_cod_asig1,par_cod_asig2,par_cod_asig3 FROM tblaca009 WHERE pensum='5' AND c_uni_ca='4' AND c_asigna='300105' [1][0] OK
C:[07/03/2018 13:11:33.50][172.16.1.16][1396] SELECT par_cod_asig1,par_cod_asig2,par_cod_asig3 FROM tblaca009 WHERE pensum='5' AND c_uni_ca='4' AND c_asigna='300116' [1][0] OK
C:[07/03/2018 13:11:33.50][172.16.1.16][1396] SELECT par_cod_asig1,par_cod_asig2,par_cod_asig3 FROM tblaca009 WHERE pensum='5' AND c_uni_ca='4' AND c_asigna='300207' [1][0] OK
C:[07/03/2018 13:11:33.50][172.16.1.16][1396] SELECT par_cod_asig1,par_cod_asig2,par_cod_asig3 FROM tblaca009 WHERE pensum='5' AND c_uni_ca='4' AND c_asigna='300209' [1][0] OK
C:[07/03/2018 13:11:33.50][172.16.1.16][1396] SELECT par_cod_asig1,par_cod_asig2,par_cod_asig3 FROM tblaca009 WHERE pensum='5' AND c_uni_ca='4' AND c_asigna='300218' [1][0] OK
C:[07/03/2018 13:11:33.50][172.16.1.16][1410] SELECT c_asigna FROM dace004 WHERE exp_e='17-27506087' AND c_asigna='300228' AND status IN ('0','3','B','C') [0][0] OK
C:[07/03/2018 13:11:33.50][172.16.1.16][1396] SELECT par_cod_asig1,par_cod_asig2,par_cod_asig3 FROM tblaca009 WHERE pensum='5' AND c_uni_ca='4' AND c_asigna='300222' [1][0] OK
C:[07/03/2018 13:11:33.50][172.16.1.16][1396] SELECT par_cod_asig1,par_cod_asig2,par_cod_asig3 FROM tblaca009 WHERE pensum='5' AND c_uni_ca='4' AND c_asigna='300228' [1][0] OK
C:[07/03/2018 13:11:33.53][172.16.1.16][1526] SELECT horas_lab FROM tblaca008 WHERE c_asigna='300105' AND horas_teoricas > 0 [1][0] OK
C:[07/03/2018 13:11:33.53][172.16.1.16][1526] SELECT horas_lab FROM tblaca008 WHERE c_asigna='300116' AND horas_teoricas > 0 [1][0] OK
C:[07/03/2018 13:11:33.53][172.16.1.16][1526] SELECT horas_lab FROM tblaca008 WHERE c_asigna='300207' AND horas_teoricas > 0 [1][0] OK
C:[07/03/2018 13:11:33.53][172.16.1.16][1526] SELECT horas_lab FROM tblaca008 WHERE c_asigna='300209' AND horas_teoricas > 0 [1][0] OK
C:[07/03/2018 13:11:33.53][172.16.1.16][1526] SELECT horas_lab FROM tblaca008 WHERE c_asigna='300218' AND horas_teoricas > 0 [0][0] OK
C:[07/03/2018 13:11:33.53][172.16.1.16][1526] SELECT horas_lab FROM tblaca008 WHERE c_asigna='300222' AND horas_teoricas > 0 [1][0] OK
C:[07/03/2018 13:11:33.53][172.16.1.16][1526] SELECT horas_lab FROM tblaca008 WHERE c_asigna='300228' AND horas_teoricas > 0 [1][0] OK
C:[08/03/2018 12:47:37.47][172.16.1.16][1352] SELECT pre_cod_asig1,pre_cod_asig2,pre_cod_asig3,pre_cod_asig4,pre_cod_asig5,pre_cod_asig6,pre_cod_asig7 FROM tblaca009 WHERE pensum='5' AND c_uni_ca='4' AND c_asigna='300105' [1][0] OK
C:[08/03/2018 12:47:37.47][172.16.1.16][1352] SELECT pre_cod_asig1,pre_cod_asig2,pre_cod_asig3,pre_cod_asig4,pre_cod_asig5,pre_cod_asig6,pre_cod_asig7 FROM tblaca009 WHERE pensum='5' AND c_uni_ca='4' AND c_asigna='300116' [1][0] OK
C:[08/03/2018 12:47:37.47][172.16.1.16][1352] SELECT pre_cod_asig1,pre_cod_asig2,pre_cod_asig3,pre_cod_asig4,pre_cod_asig5,pre_cod_asig6,pre_cod_asig7 FROM tblaca009 WHERE pensum='5' AND c_uni_ca='4' AND c_asigna='300207' [1][0] OK
C:[08/03/2018 12:47:37.47][172.16.1.16][1365] SELECT c_asigna FROM dace004 WHERE exp_e='17-27506087' AND c_asigna='300101' AND status IN ('0','3','B') [1][0] OK
C:[08/03/2018 12:47:37.47][172.16.1.16][1352] SELECT pre_cod_asig1,pre_cod_asig2,pre_cod_asig3,pre_cod_asig4,pre_cod_asig5,pre_cod_asig6,pre_cod_asig7 FROM tblaca009 WHERE pensum='5' AND c_uni_ca='4' AND c_asigna='300209' [1][0] OK
C:[08/03/2018 12:47:37.47][172.16.1.16][1365] SELECT c_asigna FROM dace004 WHERE exp_e='17-27506087' AND c_asigna='300101' AND status IN ('0','3','B') [1][0] OK
C:[08/03/2018 12:47:37.47][172.16.1.16][1352] SELECT pre_cod_asig1,pre_cod_asig2,pre_cod_asig3,pre_cod_asig4,pre_cod_asig5,pre_cod_asig6,pre_cod_asig7 FROM tblaca009 WHERE pensum='5' AND c_uni_ca='4' AND c_asigna='300218' [1][0] OK
C:[08/03/2018 12:47:37.47][172.16.1.16][1365] SELECT c_asigna FROM dace004 WHERE exp_e='17-27506087' AND c_asigna='300101' AND status IN ('0','3','B') [1][0] OK
C:[08/03/2018 12:47:37.47][172.16.1.16][1352] SELECT pre_cod_asig1,pre_cod_asig2,pre_cod_asig3,pre_cod_asig4,pre_cod_asig5,pre_cod_asig6,pre_cod_asig7 FROM tblaca009 WHERE pensum='5' AND c_uni_ca='4' AND c_asigna='300222' [1][0] OK
C:[08/03/2018 12:47:37.47][172.16.1.16][1365] SELECT c_asigna FROM dace004 WHERE exp_e='17-27506087' AND c_asigna='300112' AND status IN ('0','3','B') [1][0] OK
C:[08/03/2018 12:47:37.47][172.16.1.16][1352] SELECT pre_cod_asig1,pre_cod_asig2,pre_cod_asig3,pre_cod_asig4,pre_cod_asig5,pre_cod_asig6,pre_cod_asig7 FROM tblaca009 WHERE pensum='5' AND c_uni_ca='4' AND c_asigna='300228' [1][0] OK
C:[08/03/2018 12:47:37.47][172.16.1.16][1365] SELECT c_asigna FROM dace004 WHERE exp_e='17-27506087' AND c_asigna='300101' AND status IN ('0','3','B') [1][0] OK
C:[08/03/2018 12:47:37.98][172.16.1.16][1396] SELECT par_cod_asig1,par_cod_asig2,par_cod_asig3 FROM tblaca009 WHERE pensum='5' AND c_uni_ca='4' AND c_asigna='300105' [1][0] OK
C:[08/03/2018 12:47:37.98][172.16.1.16][1396] SELECT par_cod_asig1,par_cod_asig2,par_cod_asig3 FROM tblaca009 WHERE pensum='5' AND c_uni_ca='4' AND c_asigna='300116' [1][0] OK
C:[08/03/2018 12:47:37.98][172.16.1.16][1396] SELECT par_cod_asig1,par_cod_asig2,par_cod_asig3 FROM tblaca009 WHERE pensum='5' AND c_uni_ca='4' AND c_asigna='300207' [1][0] OK
C:[08/03/2018 12:47:37.98][172.16.1.16][1396] SELECT par_cod_asig1,par_cod_asig2,par_cod_asig3 FROM tblaca009 WHERE pensum='5' AND c_uni_ca='4' AND c_asigna='300209' [1][0] OK
C:[08/03/2018 12:47:37.98][172.16.1.16][1396] SELECT par_cod_asig1,par_cod_asig2,par_cod_asig3 FROM tblaca009 WHERE pensum='5' AND c_uni_ca='4' AND c_asigna='300218' [1][0] OK
C:[08/03/2018 12:47:37.98][172.16.1.16][1410] SELECT c_asigna FROM dace004 WHERE exp_e='17-27506087' AND c_asigna='300228' AND status IN ('0','3','B','C') [0][0] OK
C:[08/03/2018 12:47:37.98][172.16.1.16][1396] SELECT par_cod_asig1,par_cod_asig2,par_cod_asig3 FROM tblaca009 WHERE pensum='5' AND c_uni_ca='4' AND c_asigna='300222' [1][0] OK
C:[08/03/2018 12:47:37.98][172.16.1.16][1396] SELECT par_cod_asig1,par_cod_asig2,par_cod_asig3 FROM tblaca009 WHERE pensum='5' AND c_uni_ca='4' AND c_asigna='300228' [1][0] OK
C:[08/03/2018 12:47:38.00][172.16.1.16][1526] SELECT horas_lab FROM tblaca008 WHERE c_asigna='300105' AND horas_teoricas > 0 [1][0] OK
C:[08/03/2018 12:47:38.00][172.16.1.16][1526] SELECT horas_lab FROM tblaca008 WHERE c_asigna='300116' AND horas_teoricas > 0 [1][0] OK
C:[08/03/2018 12:47:38.00][172.16.1.16][1526] SELECT horas_lab FROM tblaca008 WHERE c_asigna='300207' AND horas_teoricas > 0 [1][0] OK
C:[08/03/2018 12:47:38.00][172.16.1.16][1526] SELECT horas_lab FROM tblaca008 WHERE c_asigna='300209' AND horas_teoricas > 0 [1][0] OK
C:[08/03/2018 12:47:38.00][172.16.1.16][1526] SELECT horas_lab FROM tblaca008 WHERE c_asigna='300218' AND horas_teoricas > 0 [0][0] OK
C:[08/03/2018 12:47:38.00][172.16.1.16][1526] SELECT horas_lab FROM tblaca008 WHERE c_asigna='300222' AND horas_teoricas > 0 [1][0] OK
C:[08/03/2018 12:47:38.00][172.16.1.16][1526] SELECT horas_lab FROM tblaca008 WHERE c_asigna='300228' AND horas_teoricas > 0 [1][0] OK
C:[09/03/2018 09:33:40.19][172.16.4.254][1352] SELECT pre_cod_asig1,pre_cod_asig2,pre_cod_asig3,pre_cod_asig4,pre_cod_asig5,pre_cod_asig6,pre_cod_asig7 FROM tblaca009 WHERE pensum='5' AND c_uni_ca='3' AND c_asigna='300013' [1][0] OK
C:[09/03/2018 09:33:40.19][172.16.4.254][1352] SELECT pre_cod_asig1,pre_cod_asig2,pre_cod_asig3,pre_cod_asig4,pre_cod_asig5,pre_cod_asig6,pre_cod_asig7 FROM tblaca009 WHERE pensum='5' AND c_uni_ca='3' AND c_asigna='300101' [1][0] OK
C:[09/03/2018 09:33:40.19][172.16.4.254][1352] SELECT pre_cod_asig1,pre_cod_asig2,pre_cod_asig3,pre_cod_asig4,pre_cod_asig5,pre_cod_asig6,pre_cod_asig7 FROM tblaca009 WHERE pensum='5' AND c_uni_ca='3' AND c_asigna='300106' [1][0] OK
C:[09/03/2018 09:33:40.19][172.16.4.254][1352] SELECT pre_cod_asig1,pre_cod_asig2,pre_cod_asig3,pre_cod_asig4,pre_cod_asig5,pre_cod_asig6,pre_cod_asig7 FROM tblaca009 WHERE pensum='5' AND c_uni_ca='3' AND c_asigna='300113' [1][0] OK
C:[09/03/2018 09:33:40.19][172.16.4.254][1352] SELECT pre_cod_asig1,pre_cod_asig2,pre_cod_asig3,pre_cod_asig4,pre_cod_asig5,pre_cod_asig6,pre_cod_asig7 FROM tblaca009 WHERE pensum='5' AND c_uni_ca='3' AND c_asigna='300116' [1][0] OK
C:[09/03/2018 09:33:41.07][172.16.4.254][1396] SELECT par_cod_asig1,par_cod_asig2,par_cod_asig3 FROM tblaca009 WHERE pensum='5' AND c_uni_ca='3' AND c_asigna='300013' [1][0] OK
C:[09/03/2018 09:33:41.07][172.16.4.254][1396] SELECT par_cod_asig1,par_cod_asig2,par_cod_asig3 FROM tblaca009 WHERE pensum='5' AND c_uni_ca='3' AND c_asigna='300101' [1][0] OK
C:[09/03/2018 09:33:41.07][172.16.4.254][1396] SELECT par_cod_asig1,par_cod_asig2,par_cod_asig3 FROM tblaca009 WHERE pensum='5' AND c_uni_ca='3' AND c_asigna='300106' [1][0] OK
C:[09/03/2018 09:33:41.07][172.16.4.254][1396] SELECT par_cod_asig1,par_cod_asig2,par_cod_asig3 FROM tblaca009 WHERE pensum='5' AND c_uni_ca='3' AND c_asigna='300113' [1][0] OK
C:[09/03/2018 09:33:41.07][172.16.4.254][1410] SELECT c_asigna FROM dace004 WHERE exp_e='17-27296568' AND c_asigna='300013' AND status IN ('0','3','B','C') [0][0] OK
C:[09/03/2018 09:33:41.07][172.16.4.254][1396] SELECT par_cod_asig1,par_cod_asig2,par_cod_asig3 FROM tblaca009 WHERE pensum='5' AND c_uni_ca='3' AND c_asigna='300116' [1][0] OK
C:[09/03/2018 09:33:41.34][172.16.4.254][1526] SELECT horas_lab FROM tblaca008 WHERE c_asigna='300013' AND horas_teoricas > 0 [1][0] OK
C:[09/03/2018 09:33:41.34][172.16.4.254][1526] SELECT horas_lab FROM tblaca008 WHERE c_asigna='300101' AND horas_teoricas > 0 [1][0] OK
C:[09/03/2018 09:33:41.34][172.16.4.254][1526] SELECT horas_lab FROM tblaca008 WHERE c_asigna='300106' AND horas_teoricas > 0 [0][0] OK
C:[09/03/2018 09:33:41.34][172.16.4.254][1526] SELECT horas_lab FROM tblaca008 WHERE c_asigna='300113' AND horas_teoricas > 0 [0][0] OK
C:[09/03/2018 09:33:41.34][172.16.4.254][1526] SELECT horas_lab FROM tblaca008 WHERE c_asigna='300116' AND horas_teoricas > 0 [1][0] OK
C:[09/03/2018 10:54:52.97][172.16.4.254][1352] SELECT pre_cod_asig1,pre_cod_asig2,pre_cod_asig3,pre_cod_asig4,pre_cod_asig5,pre_cod_asig6,pre_cod_asig7 FROM tblaca009 WHERE pensum='5' AND c_uni_ca='2' AND c_asigna='322728' [1][0] OK
C:[09/03/2018 10:54:52.97][172.16.4.254][1365] SELECT c_asigna FROM dace004 WHERE exp_e='13-26225064' AND c_asigna='311561' AND status IN ('0','3','B') [1][0] OK
C:[09/03/2018 10:54:52.97][172.16.4.254][1365] SELECT c_asigna FROM dace004 WHERE exp_e='13-26225064' AND c_asigna='322681' AND status IN ('0','3','B') [1][0] OK
C:[09/03/2018 10:54:52.97][172.16.4.254][1352] SELECT pre_cod_asig1,pre_cod_asig2,pre_cod_asig3,pre_cod_asig4,pre_cod_asig5,pre_cod_asig6,pre_cod_asig7 FROM tblaca009 WHERE pensum='5' AND c_uni_ca='2' AND c_asigna='322801' [1][0] OK
C:[09/03/2018 10:54:52.97][172.16.4.254][1365] SELECT c_asigna FROM dace004 WHERE exp_e='13-26225064' AND c_asigna='322780' AND status IN ('0','3','B') [1][0] OK
C:[09/03/2018 10:54:52.97][172.16.4.254][1365] SELECT c_asigna FROM dace004 WHERE exp_e='13-26225064' AND c_asigna='322605' AND status IN ('0','3','B') [1][0] OK
C:[09/03/2018 10:54:52.97][172.16.4.254][1352] SELECT pre_cod_asig1,pre_cod_asig2,pre_cod_asig3,pre_cod_asig4,pre_cod_asig5,pre_cod_asig6,pre_cod_asig7 FROM tblaca009 WHERE pensum='5' AND c_uni_ca='2' AND c_asigna='322826' [1][0] OK
C:[09/03/2018 10:54:52.97][172.16.4.254][1365] SELECT c_asigna FROM dace004 WHERE exp_e='13-26225064' AND c_asigna='322702' AND status IN ('0','3','B') [1][0] OK
C:[09/03/2018 10:54:52.97][172.16.4.254][1352] SELECT pre_cod_asig1,pre_cod_asig2,pre_cod_asig3,pre_cod_asig4,pre_cod_asig5,pre_cod_asig6,pre_cod_asig7 FROM tblaca009 WHERE pensum='5' AND c_uni_ca='2' AND c_asigna='322827' [1][0] OK
C:[09/03/2018 10:54:52.97][172.16.4.254][1365] SELECT c_asigna FROM dace004 WHERE exp_e='13-26225064' AND c_asigna='322703' AND status IN ('0','3','B') [1][0] OK
C:[09/03/2018 10:54:52.97][172.16.4.254][1365] SELECT c_asigna FROM dace004 WHERE exp_e='13-26225064' AND c_asigna='322782' AND status IN ('0','3','B') [1][0] OK
C:[09/03/2018 10:54:52.97][172.16.4.254][1365] SELECT c_asigna FROM dace004 WHERE exp_e='13-26225064' AND c_asigna='322449' AND status IN ('0','3','B') [1][0] OK
C:[09/03/2018 10:54:52.97][172.16.4.254][1352] SELECT pre_cod_asig1,pre_cod_asig2,pre_cod_asig3,pre_cod_asig4,pre_cod_asig5,pre_cod_asig6,pre_cod_asig7 FROM tblaca009 WHERE pensum='5' AND c_uni_ca='2' AND c_asigna='300890' [1][0] OK
C:[09/03/2018 10:54:52.97][172.16.4.254][1352] SELECT pre_cod_asig1,pre_cod_asig2,pre_cod_asig3,pre_cod_asig4,pre_cod_asig5,pre_cod_asig6,pre_cod_asig7 FROM tblaca009 WHERE pensum='5' AND c_uni_ca='2' AND c_asigna='322033' [1][0] OK
C:[09/03/2018 10:54:52.30][172.16.4.254][1396] SELECT par_cod_asig1,par_cod_asig2,par_cod_asig3 FROM tblaca009 WHERE pensum='5' AND c_uni_ca='2' AND c_asigna='322728' [1][0] OK
C:[09/03/2018 10:54:52.30][172.16.4.254][1396] SELECT par_cod_asig1,par_cod_asig2,par_cod_asig3 FROM tblaca009 WHERE pensum='5' AND c_uni_ca='2' AND c_asigna='322801' [1][0] OK
C:[09/03/2018 10:54:52.30][172.16.4.254][1396] SELECT par_cod_asig1,par_cod_asig2,par_cod_asig3 FROM tblaca009 WHERE pensum='5' AND c_uni_ca='2' AND c_asigna='322826' [1][0] OK
C:[09/03/2018 10:54:52.30][172.16.4.254][1396] SELECT par_cod_asig1,par_cod_asig2,par_cod_asig3 FROM tblaca009 WHERE pensum='5' AND c_uni_ca='2' AND c_asigna='322827' [1][0] OK
C:[09/03/2018 10:54:52.30][172.16.4.254][1396] SELECT par_cod_asig1,par_cod_asig2,par_cod_asig3 FROM tblaca009 WHERE pensum='5' AND c_uni_ca='2' AND c_asigna='300890' [1][0] OK
C:[09/03/2018 10:54:52.30][172.16.4.254][1396] SELECT par_cod_asig1,par_cod_asig2,par_cod_asig3 FROM tblaca009 WHERE pensum='5' AND c_uni_ca='2' AND c_asigna='322033' [1][0] OK
C:[09/03/2018 10:54:52.06][172.16.4.254][1526] SELECT horas_lab FROM tblaca008 WHERE c_asigna='322728' AND horas_teoricas > 0 [1][0] OK
C:[09/03/2018 10:54:52.06][172.16.4.254][1526] SELECT horas_lab FROM tblaca008 WHERE c_asigna='322801' AND horas_teoricas > 0 [1][0] OK
C:[09/03/2018 10:54:52.06][172.16.4.254][1526] SELECT horas_lab FROM tblaca008 WHERE c_asigna='322826' AND horas_teoricas > 0 [1][0] OK
C:[09/03/2018 10:54:52.06][172.16.4.254][1526] SELECT horas_lab FROM tblaca008 WHERE c_asigna='322827' AND horas_teoricas > 0 [1][0] OK
C:[09/03/2018 10:54:52.06][172.16.4.254][1526] SELECT horas_lab FROM tblaca008 WHERE c_asigna='300890' AND horas_teoricas > 0 [1][0] OK
C:[09/03/2018 10:54:52.06][172.16.4.254][1526] SELECT horas_lab FROM tblaca008 WHERE c_asigna='322033' AND horas_teoricas > 0 [1][0] OK
C:[18/06/2018 08:48:54.63][172.16.4.254][1352] SELECT pre_cod_asig1,pre_cod_asig2,pre_cod_asig3,pre_cod_asig4,pre_cod_asig5,pre_cod_asig6,pre_cod_asig7 FROM tblaca009 WHERE pensum='5' AND c_uni_ca='5' AND c_asigna='300313' [1][0] OK
C:[18/06/2018 08:48:54.63][172.16.4.254][1365] SELECT c_asigna FROM dace004 WHERE exp_e='16-26676310' AND c_asigna='300213' AND status IN ('0','3','B') [1][0] OK
C:[18/06/2018 08:48:54.63][172.16.4.254][1365] SELECT c_asigna FROM dace004 WHERE exp_e='16-26676310' AND c_asigna='300226' AND status IN ('0','3','B') [1][0] OK
C:[18/06/2018 08:48:54.63][172.16.4.254][1365] SELECT c_asigna FROM dace004 WHERE exp_e='16-26676310' AND c_asigna='300222' AND status IN ('0','3','B') [1][0] OK
C:[18/06/2018 08:48:54.63][172.16.4.254][1365] SELECT c_asigna FROM dace004 WHERE exp_e='16-26676310' AND c_asigna='300209' AND status IN ('0','3','B') [1][0] OK
C:[18/06/2018 08:48:54.63][172.16.4.254][1352] SELECT pre_cod_asig1,pre_cod_asig2,pre_cod_asig3,pre_cod_asig4,pre_cod_asig5,pre_cod_asig6,pre_cod_asig7 FROM tblaca009 WHERE pensum='5' AND c_uni_ca='5' AND c_asigna='300318' [1][0] OK
C:[18/06/2018 08:48:54.63][172.16.4.254][1365] SELECT c_asigna FROM dace004 WHERE exp_e='16-26676310' AND c_asigna='300228' AND status IN ('0','3','B') [1][0] OK
C:[18/06/2018 08:48:54.63][172.16.4.254][1365] SELECT c_asigna FROM dace004 WHERE exp_e='16-26676310' AND c_asigna='300207' AND status IN ('0','3','B') [1][0] OK
C:[18/06/2018 08:48:54.63][172.16.4.254][1365] SELECT c_asigna FROM dace004 WHERE exp_e='16-26676310' AND c_asigna='300218' AND status IN ('0','3','B') [1][0] OK
C:[18/06/2018 08:48:55.32][172.16.4.254][1396] SELECT par_cod_asig1,par_cod_asig2,par_cod_asig3 FROM tblaca009 WHERE pensum='5' AND c_uni_ca='5' AND c_asigna='300313' [1][0] OK
C:[18/06/2018 08:48:55.32][172.16.4.254][1396] SELECT par_cod_asig1,par_cod_asig2,par_cod_asig3 FROM tblaca009 WHERE pensum='5' AND c_uni_ca='5' AND c_asigna='300318' [1][0] OK
C:[18/06/2018 08:48:55.57][172.16.4.254][1526] SELECT horas_lab FROM tblaca008 WHERE c_asigna='300313' AND horas_teoricas > 0 [1][0] OK
C:[18/06/2018 08:48:55.57][172.16.4.254][1526] SELECT horas_lab FROM tblaca008 WHERE c_asigna='300318' AND horas_teoricas > 0 [1][0] OK
C:[18/06/2018 08:58:02.14][172.16.4.254][1352] SELECT pre_cod_asig1,pre_cod_asig2,pre_cod_asig3,pre_cod_asig4,pre_cod_asig5,pre_cod_asig6,pre_cod_asig7 FROM tblaca009 WHERE pensum='5' AND c_uni_ca='2' AND c_asigna='300313' [1][0] OK
C:[18/06/2018 08:58:02.14][172.16.4.254][1365] SELECT c_asigna FROM dace004 WHERE exp_e='16-26359944' AND c_asigna='300213' AND status IN ('0','3','B') [1][0] OK
C:[18/06/2018 08:58:02.14][172.16.4.254][1365] SELECT c_asigna FROM dace004 WHERE exp_e='16-26359944' AND c_asigna='300226' AND status IN ('0','3','B') [1][0] OK
C:[18/06/2018 08:58:02.14][172.16.4.254][1365] SELECT c_asigna FROM dace004 WHERE exp_e='16-26359944' AND c_asigna='300209' AND status IN ('0','3','B') [1][0] OK
C:[18/06/2018 08:58:02.14][172.16.4.254][1352] SELECT pre_cod_asig1,pre_cod_asig2,pre_cod_asig3,pre_cod_asig4,pre_cod_asig5,pre_cod_asig6,pre_cod_asig7 FROM tblaca009 WHERE pensum='5' AND c_uni_ca='2' AND c_asigna='300318' [1][0] OK
C:[18/06/2018 08:58:02.14][172.16.4.254][1365] SELECT c_asigna FROM dace004 WHERE exp_e='16-26359944' AND c_asigna='300228' AND status IN ('0','3','B') [1][0] OK
C:[18/06/2018 08:58:02.14][172.16.4.254][1365] SELECT c_asigna FROM dace004 WHERE exp_e='16-26359944' AND c_asigna='300207' AND status IN ('0','3','B') [1][0] OK
C:[18/06/2018 08:58:02.14][172.16.4.254][1365] SELECT c_asigna FROM dace004 WHERE exp_e='16-26359944' AND c_asigna='300218' AND status IN ('0','3','B') [1][0] OK
C:[18/06/2018 08:58:02.14][172.16.4.254][1352] SELECT pre_cod_asig1,pre_cod_asig2,pre_cod_asig3,pre_cod_asig4,pre_cod_asig5,pre_cod_asig6,pre_cod_asig7 FROM tblaca009 WHERE pensum='5' AND c_uni_ca='2' AND c_asigna='320311' [1][0] OK
C:[18/06/2018 08:58:02.14][172.16.4.254][1365] SELECT c_asigna FROM dace004 WHERE exp_e='16-26359944' AND c_asigna='300013' AND status IN ('0','3','B') [1][0] OK
C:[18/06/2018 08:58:02.14][172.16.4.254][1365] SELECT c_asigna FROM dace004 WHERE exp_e='16-26359944' AND c_asigna='300113' AND status IN ('0','3','B') [1][0] OK
C:[18/06/2018 08:58:03.51][172.16.4.254][1396] SELECT par_cod_asig1,par_cod_asig2,par_cod_asig3 FROM tblaca009 WHERE pensum='5' AND c_uni_ca='2' AND c_asigna='300313' [1][0] OK
C:[18/06/2018 08:58:03.51][172.16.4.254][1396] SELECT par_cod_asig1,par_cod_asig2,par_cod_asig3 FROM tblaca009 WHERE pensum='5' AND c_uni_ca='2' AND c_asigna='300318' [1][0] OK
C:[18/06/2018 08:58:03.51][172.16.4.254][1396] SELECT par_cod_asig1,par_cod_asig2,par_cod_asig3 FROM tblaca009 WHERE pensum='5' AND c_uni_ca='2' AND c_asigna='320311' [1][0] OK
C:[18/06/2018 08:58:03.91][172.16.4.254][1526] SELECT horas_lab FROM tblaca008 WHERE c_asigna='300313' AND horas_teoricas > 0 [1][0] OK
C:[18/06/2018 08:58:03.91][172.16.4.254][1526] SELECT horas_lab FROM tblaca008 WHERE c_asigna='300318' AND horas_teoricas > 0 [1][0] OK
C:[18/06/2018 08:58:03.91][172.16.4.254][1526] SELECT horas_lab FROM tblaca008 WHERE c_asigna='320311' AND horas_teoricas > 0 [1][0] OK
C:[18/06/2018 09:00:37.50][172.16.4.254][1352] SELECT pre_cod_asig1,pre_cod_asig2,pre_cod_asig3,pre_cod_asig4,pre_cod_asig5,pre_cod_asig6,pre_cod_asig7 FROM tblaca009 WHERE pensum='5' AND c_uni_ca='5' AND c_asigna='300313' [1][0] OK
C:[18/06/2018 09:00:37.50][172.16.4.254][1365] SELECT c_asigna FROM dace004 WHERE exp_e='15-26359378' AND c_asigna='300213' AND status IN ('0','3','B') [1][0] OK
C:[18/06/2018 09:00:37.50][172.16.4.254][1365] SELECT c_asigna FROM dace004 WHERE exp_e='15-26359378' AND c_asigna='300226' AND status IN ('0','3','B') [1][0] OK
C:[18/06/2018 09:00:37.50][172.16.4.254][1365] SELECT c_asigna FROM dace004 WHERE exp_e='15-26359378' AND c_asigna='300222' AND status IN ('0','3','B') [1][0] OK
C:[18/06/2018 09:00:37.50][172.16.4.254][1365] SELECT c_asigna FROM dace004 WHERE exp_e='15-26359378' AND c_asigna='300209' AND status IN ('0','3','B') [1][0] OK
C:[18/06/2018 09:00:37.50][172.16.4.254][1352] SELECT pre_cod_asig1,pre_cod_asig2,pre_cod_asig3,pre_cod_asig4,pre_cod_asig5,pre_cod_asig6,pre_cod_asig7 FROM tblaca009 WHERE pensum='5' AND c_uni_ca='5' AND c_asigna='300318' [1][0] OK
C:[18/06/2018 09:00:37.50][172.16.4.254][1365] SELECT c_asigna FROM dace004 WHERE exp_e='15-26359378' AND c_asigna='300228' AND status IN ('0','3','B') [1][0] OK
C:[18/06/2018 09:00:37.50][172.16.4.254][1365] SELECT c_asigna FROM dace004 WHERE exp_e='15-26359378' AND c_asigna='300207' AND status IN ('0','3','B') [1][0] OK
C:[18/06/2018 09:00:37.50][172.16.4.254][1365] SELECT c_asigna FROM dace004 WHERE exp_e='15-26359378' AND c_asigna='300218' AND status IN ('0','3','B') [1][0] OK
C:[18/06/2018 09:00:37.64][172.16.4.254][1396] SELECT par_cod_asig1,par_cod_asig2,par_cod_asig3 FROM tblaca009 WHERE pensum='5' AND c_uni_ca='5' AND c_asigna='300313' [1][0] OK
C:[18/06/2018 09:00:37.64][172.16.4.254][1396] SELECT par_cod_asig1,par_cod_asig2,par_cod_asig3 FROM tblaca009 WHERE pensum='5' AND c_uni_ca='5' AND c_asigna='300318' [1][0] OK
C:[18/06/2018 09:00:37.88][172.16.4.254][1526] SELECT horas_lab FROM tblaca008 WHERE c_asigna='300313' AND horas_teoricas > 0 [1][0] OK
C:[18/06/2018 09:00:37.88][172.16.4.254][1526] SELECT horas_lab FROM tblaca008 WHERE c_asigna='300318' AND horas_teoricas > 0 [1][0] OK
C:[18/06/2018 09:22:36.88][172.16.4.254][1352] SELECT pre_cod_asig1,pre_cod_asig2,pre_cod_asig3,pre_cod_asig4,pre_cod_asig5,pre_cod_asig6,pre_cod_asig7 FROM tblaca009 WHERE pensum='5' AND c_uni_ca='3' AND c_asigna='300317' [1][0] OK
C:[18/06/2018 09:22:36.88][172.16.4.254][1365] SELECT c_asigna FROM dace004 WHERE exp_e='16-26278676' AND c_asigna='300207' AND status IN ('0','3','B') [1][0] OK
C:[18/06/2018 09:22:36.88][172.16.4.254][1365] SELECT c_asigna FROM dace004 WHERE exp_e='16-26278676' AND c_asigna='300209' AND status IN ('0','3','B') [1][0] OK
C:[18/06/2018 09:22:36.88][172.16.4.254][1352] SELECT pre_cod_asig1,pre_cod_asig2,pre_cod_asig3,pre_cod_asig4,pre_cod_asig5,pre_cod_asig6,pre_cod_asig7 FROM tblaca009 WHERE pensum='5' AND c_uni_ca='3' AND c_asigna='300318' [1][0] OK
C:[18/06/2018 09:22:36.88][172.16.4.254][1365] SELECT c_asigna FROM dace004 WHERE exp_e='16-26278676' AND c_asigna='300228' AND status IN ('0','3','B') [1][0] OK
C:[18/06/2018 09:22:36.88][172.16.4.254][1365] SELECT c_asigna FROM dace004 WHERE exp_e='16-26278676' AND c_asigna='300207' AND status IN ('0','3','B') [1][0] OK
C:[18/06/2018 09:22:36.88][172.16.4.254][1365] SELECT c_asigna FROM dace004 WHERE exp_e='16-26278676' AND c_asigna='300218' AND status IN ('0','3','B') [1][0] OK
C:[18/06/2018 09:22:36.76][172.16.4.254][1396] SELECT par_cod_asig1,par_cod_asig2,par_cod_asig3 FROM tblaca009 WHERE pensum='5' AND c_uni_ca='3' AND c_asigna='300317' [1][0] OK
C:[18/06/2018 09:22:36.76][172.16.4.254][1396] SELECT par_cod_asig1,par_cod_asig2,par_cod_asig3 FROM tblaca009 WHERE pensum='5' AND c_uni_ca='3' AND c_asigna='300318' [1][0] OK
C:[18/06/2018 09:22:36.05][172.16.4.254][1526] SELECT horas_lab FROM tblaca008 WHERE c_asigna='300317' AND horas_teoricas > 0 [1][0] OK
C:[18/06/2018 09:22:36.05][172.16.4.254][1526] SELECT horas_lab FROM tblaca008 WHERE c_asigna='300318' AND horas_teoricas > 0 [1][0] OK
C:[18/06/2018 09:27:30.79][172.16.4.254][1352] SELECT pre_cod_asig1,pre_cod_asig2,pre_cod_asig3,pre_cod_asig4,pre_cod_asig5,pre_cod_asig6,pre_cod_asig7 FROM tblaca009 WHERE pensum='5' AND c_uni_ca='4' AND c_asigna='300207' [1][0] OK
C:[18/06/2018 09:27:30.79][172.16.4.254][1365] SELECT c_asigna FROM dace004 WHERE exp_e='15-26650574' AND c_asigna='300101' AND status IN ('0','3','B') [1][0] OK
C:[18/06/2018 09:27:30.79][172.16.4.254][1352] SELECT pre_cod_asig1,pre_cod_asig2,pre_cod_asig3,pre_cod_asig4,pre_cod_asig5,pre_cod_asig6,pre_cod_asig7 FROM tblaca009 WHERE pensum='5' AND c_uni_ca='4' AND c_asigna='300313' [1][0] OK
C:[18/06/2018 09:27:30.79][172.16.4.254][1365] SELECT c_asigna FROM dace004 WHERE exp_e='15-26650574' AND c_asigna='300213' AND status IN ('0','3','B') [1][0] OK
C:[18/06/2018 09:27:30.79][172.16.4.254][1365] SELECT c_asigna FROM dace004 WHERE exp_e='15-26650574' AND c_asigna='300226' AND status IN ('0','3','B') [1][0] OK
C:[18/06/2018 09:27:30.79][172.16.4.254][1365] SELECT c_asigna FROM dace004 WHERE exp_e='15-26650574' AND c_asigna='300222' AND status IN ('0','3','B') [1][0] OK
C:[18/06/2018 09:27:30.79][172.16.4.254][1365] SELECT c_asigna FROM dace004 WHERE exp_e='15-26650574' AND c_asigna='300209' AND status IN ('0','3','B') [1][0] OK
C:[18/06/2018 09:27:30.67][172.16.4.254][1396] SELECT par_cod_asig1,par_cod_asig2,par_cod_asig3 FROM tblaca009 WHERE pensum='5' AND c_uni_ca='4' AND c_asigna='300207' [1][0] OK
C:[18/06/2018 09:27:30.67][172.16.4.254][1396] SELECT par_cod_asig1,par_cod_asig2,par_cod_asig3 FROM tblaca009 WHERE pensum='5' AND c_uni_ca='4' AND c_asigna='300313' [1][0] OK
C:[18/06/2018 09:27:30.95][172.16.4.254][1526] SELECT horas_lab FROM tblaca008 WHERE c_asigna='300207' AND horas_teoricas > 0 [1][0] OK
C:[18/06/2018 09:27:30.95][172.16.4.254][1526] SELECT horas_lab FROM tblaca008 WHERE c_asigna='300313' AND horas_teoricas > 0 [1][0] OK
C:[18/06/2018 09:29:35.09][172.16.4.254][1352] SELECT pre_cod_asig1,pre_cod_asig2,pre_cod_asig3,pre_cod_asig4,pre_cod_asig5,pre_cod_asig6,pre_cod_asig7 FROM tblaca009 WHERE pensum='5' AND c_uni_ca='3' AND c_asigna='300207' [1][0] OK
C:[18/06/2018 09:29:35.09][172.16.4.254][1365] SELECT c_asigna FROM dace004 WHERE exp_e='18-27958987' AND c_asigna='300101' AND status IN ('0','3','B') [1][0] OK
C:[18/06/2018 09:29:35.09][172.16.4.254][1352] SELECT pre_cod_asig1,pre_cod_asig2,pre_cod_asig3,pre_cod_asig4,pre_cod_asig5,pre_cod_asig6,pre_cod_asig7 FROM tblaca009 WHERE pensum='5' AND c_uni_ca='3' AND c_asigna='300226' [1][0] OK
C:[18/06/2018 09:29:35.09][172.16.4.254][1365] SELECT c_asigna FROM dace004 WHERE exp_e='18-27958987' AND c_asigna='300116' AND status IN ('0','3','B') [1][0] OK
C:[18/06/2018 09:29:35.09][172.16.4.254][1352] SELECT pre_cod_asig1,pre_cod_asig2,pre_cod_asig3,pre_cod_asig4,pre_cod_asig5,pre_cod_asig6,pre_cod_asig7 FROM tblaca009 WHERE pensum='5' AND c_uni_ca='3' AND c_asigna='300209' [1][0] OK
C:[18/06/2018 09:29:35.09][172.16.4.254][1365] SELECT c_asigna FROM dace004 WHERE exp_e='18-27958987' AND c_asigna='300101' AND status IN ('0','3','B') [1][0] OK
C:[18/06/2018 09:29:35.84][172.16.4.254][1396] SELECT par_cod_asig1,par_cod_asig2,par_cod_asig3 FROM tblaca009 WHERE pensum='5' AND c_uni_ca='3' AND c_asigna='300207' [1][0] OK
C:[18/06/2018 09:29:35.84][172.16.4.254][1396] SELECT par_cod_asig1,par_cod_asig2,par_cod_asig3 FROM tblaca009 WHERE pensum='5' AND c_uni_ca='3' AND c_asigna='300226' [1][0] OK
C:[18/06/2018 09:29:35.84][172.16.4.254][1396] SELECT par_cod_asig1,par_cod_asig2,par_cod_asig3 FROM tblaca009 WHERE pensum='5' AND c_uni_ca='3' AND c_asigna='300209' [1][0] OK
C:[18/06/2018 09:29:35.25][172.16.4.254][1526] SELECT horas_lab FROM tblaca008 WHERE c_asigna='300207' AND horas_teoricas > 0 [1][0] OK
C:[18/06/2018 09:29:35.25][172.16.4.254][1526] SELECT horas_lab FROM tblaca008 WHERE c_asigna='300226' AND horas_teoricas > 0 [1][0] OK
C:[18/06/2018 09:53:47.21][172.16.4.254][1352] SELECT pre_cod_asig1,pre_cod_asig2,pre_cod_asig3,pre_cod_asig4,pre_cod_asig5,pre_cod_asig6,pre_cod_asig7 FROM tblaca009 WHERE pensum='5' AND c_uni_ca='2' AND c_asigna='300428' [1][0] OK
C:[18/06/2018 09:53:47.21][172.16.4.254][1365] SELECT c_asigna FROM dace004 WHERE exp_e='12-24513622' AND c_asigna='300317' AND status IN ('0','3','B') [1][0] OK
C:[18/06/2018 09:53:47.21][172.16.4.254][1365] SELECT c_asigna FROM dace004 WHERE exp_e='12-24513622' AND c_asigna='300209' AND status IN ('0','3','B') [1][0] OK
C:[18/06/2018 09:53:47.21][172.16.4.254][1352] SELECT pre_cod_asig1,pre_cod_asig2,pre_cod_asig3,pre_cod_asig4,pre_cod_asig5,pre_cod_asig6,pre_cod_asig7 FROM tblaca009 WHERE pensum='5' AND c_uni_ca='2' AND c_asigna='322436' [1][0] OK
C:[18/06/2018 09:53:47.21][172.16.4.254][1365] SELECT c_asigna FROM dace004 WHERE exp_e='12-24513622' AND c_asigna='300317' AND status IN ('0','3','B') [1][0] OK
C:[18/06/2018 09:53:47.21][172.16.4.254][1365] SELECT c_asigna FROM dace004 WHERE exp_e='12-24513622' AND c_asigna='320311' AND status IN ('0','3','B') [1][0] OK
C:[18/06/2018 09:53:47.21][172.16.4.254][1352] SELECT pre_cod_asig1,pre_cod_asig2,pre_cod_asig3,pre_cod_asig4,pre_cod_asig5,pre_cod_asig6,pre_cod_asig7 FROM tblaca009 WHERE pensum='5' AND c_uni_ca='2' AND c_asigna='322550' [1][0] OK
C:[18/06/2018 09:53:47.21][172.16.4.254][1365] SELECT c_asigna FROM dace004 WHERE exp_e='12-24513622' AND c_asigna='322433' AND status IN ('0','3','B') [1][0] OK
C:[18/06/2018 09:53:47.22][172.16.4.254][1396] SELECT par_cod_asig1,par_cod_asig2,par_cod_asig3 FROM tblaca009 WHERE pensum='5' AND c_uni_ca='2' AND c_asigna='300428' [1][0] OK
C:[18/06/2018 09:53:47.22][172.16.4.254][1396] SELECT par_cod_asig1,par_cod_asig2,par_cod_asig3 FROM tblaca009 WHERE pensum='5' AND c_uni_ca='2' AND c_asigna='322436' [1][0] OK
C:[18/06/2018 09:53:47.22][172.16.4.254][1396] SELECT par_cod_asig1,par_cod_asig2,par_cod_asig3 FROM tblaca009 WHERE pensum='5' AND c_uni_ca='2' AND c_asigna='322550' [1][0] OK
C:[18/06/2018 09:53:47.62][172.16.4.254][1526] SELECT horas_lab FROM tblaca008 WHERE c_asigna='300428' AND horas_teoricas > 0 [1][0] OK
C:[18/06/2018 09:53:47.62][172.16.4.254][1526] SELECT horas_lab FROM tblaca008 WHERE c_asigna='322436' AND horas_teoricas > 0 [1][0] OK
C:[18/06/2018 09:53:47.62][172.16.4.254][1526] SELECT horas_lab FROM tblaca008 WHERE c_asigna='322550' AND horas_teoricas > 0 [1][0] OK
C:[18/06/2018 10:04:35.61][172.16.4.254][1352] SELECT pre_cod_asig1,pre_cod_asig2,pre_cod_asig3,pre_cod_asig4,pre_cod_asig5,pre_cod_asig6,pre_cod_asig7 FROM tblaca009 WHERE pensum='5' AND c_uni_ca='2' AND c_asigna='300013' [1][0] OK
C:[18/06/2018 10:04:35.61][172.16.4.254][1352] SELECT pre_cod_asig1,pre_cod_asig2,pre_cod_asig3,pre_cod_asig4,pre_cod_asig5,pre_cod_asig6,pre_cod_asig7 FROM tblaca009 WHERE pensum='5' AND c_uni_ca='2' AND c_asigna='300207' [1][0] OK
C:[18/06/2018 10:04:35.61][172.16.4.254][1365] SELECT c_asigna FROM dace004 WHERE exp_e='18-26969737' AND c_asigna='300101' AND status IN ('0','3','B') [1][0] OK
C:[18/06/2018 10:04:35.61][172.16.4.254][1352] SELECT pre_cod_asig1,pre_cod_asig2,pre_cod_asig3,pre_cod_asig4,pre_cod_asig5,pre_cod_asig6,pre_cod_asig7 FROM tblaca009 WHERE pensum='5' AND c_uni_ca='2' AND c_asigna='300209' [1][0] OK
C:[18/06/2018 10:04:35.61][172.16.4.254][1365] SELECT c_asigna FROM dace004 WHERE exp_e='18-26969737' AND c_asigna='300101' AND status IN ('0','3','B') [1][0] OK
C:[18/06/2018 10:04:35.24][172.16.4.254][1396] SELECT par_cod_asig1,par_cod_asig2,par_cod_asig3 FROM tblaca009 WHERE pensum='5' AND c_uni_ca='2' AND c_asigna='300013' [1][0] OK
C:[18/06/2018 10:04:35.24][172.16.4.254][1396] SELECT par_cod_asig1,par_cod_asig2,par_cod_asig3 FROM tblaca009 WHERE pensum='5' AND c_uni_ca='2' AND c_asigna='300207' [1][0] OK
C:[18/06/2018 10:04:35.24][172.16.4.254][1396] SELECT par_cod_asig1,par_cod_asig2,par_cod_asig3 FROM tblaca009 WHERE pensum='5' AND c_uni_ca='2' AND c_asigna='300209' [1][0] OK
C:[18/06/2018 10:04:35.65][172.16.4.254][1526] SELECT horas_lab FROM tblaca008 WHERE c_asigna='300013' AND horas_teoricas > 0 [1][0] OK
C:[18/06/2018 10:04:35.65][172.16.4.254][1526] SELECT horas_lab FROM tblaca008 WHERE c_asigna='300207' AND horas_teoricas > 0 [1][0] OK
C:[18/06/2018 10:04:35.65][172.16.4.254][1526] SELECT horas_lab FROM tblaca008 WHERE c_asigna='300209' AND horas_teoricas > 0 [1][0] OK
C:[18/06/2018 10:08:06.39][172.16.4.230][1352] SELECT pre_cod_asig1,pre_cod_asig2,pre_cod_asig3,pre_cod_asig4,pre_cod_asig5,pre_cod_asig6,pre_cod_asig7 FROM tblaca009 WHERE pensum='5' AND c_uni_ca='2' AND c_asigna='300101' [1][0] OK
C:[18/06/2018 10:08:06.39][172.16.4.230][1352] SELECT pre_cod_asig1,pre_cod_asig2,pre_cod_asig3,pre_cod_asig4,pre_cod_asig5,pre_cod_asig6,pre_cod_asig7 FROM tblaca009 WHERE pensum='5' AND c_uni_ca='2' AND c_asigna='300113' [1][0] OK
C:[18/06/2018 10:08:06.39][172.16.4.230][1352] SELECT pre_cod_asig1,pre_cod_asig2,pre_cod_asig3,pre_cod_asig4,pre_cod_asig5,pre_cod_asig6,pre_cod_asig7 FROM tblaca009 WHERE pensum='5' AND c_uni_ca='2' AND c_asigna='300314' [1][0] OK
C:[18/06/2018 10:08:06.39][172.16.4.230][1365] SELECT c_asigna FROM dace004 WHERE exp_e='18-27923859' AND c_asigna='300106' AND status IN ('0','3','B') [1][0] OK
C:[18/06/2018 10:08:06.87][172.16.4.230][1396] SELECT par_cod_asig1,par_cod_asig2,par_cod_asig3 FROM tblaca009 WHERE pensum='5' AND c_uni_ca='2' AND c_asigna='300101' [1][0] OK
C:[18/06/2018 10:08:06.87][172.16.4.230][1396] SELECT par_cod_asig1,par_cod_asig2,par_cod_asig3 FROM tblaca009 WHERE pensum='5' AND c_uni_ca='2' AND c_asigna='300113' [1][0] OK
C:[18/06/2018 10:08:06.87][172.16.4.230][1410] SELECT c_asigna FROM dace004 WHERE exp_e='18-27923859' AND c_asigna='300013' AND status IN ('0','3','B','C') [1][0] OK
C:[18/06/2018 10:08:06.87][172.16.4.230][1396] SELECT par_cod_asig1,par_cod_asig2,par_cod_asig3 FROM tblaca009 WHERE pensum='5' AND c_uni_ca='2' AND c_asigna='300314' [1][0] OK
C:[18/06/2018 10:08:06.39][172.16.4.230][1526] SELECT horas_lab FROM tblaca008 WHERE c_asigna='300101' AND horas_teoricas > 0 [1][0] OK
C:[18/06/2018 10:08:06.39][172.16.4.230][1526] SELECT horas_lab FROM tblaca008 WHERE c_asigna='300113' AND horas_teoricas > 0 [0][0] OK
C:[18/06/2018 10:08:06.39][172.16.4.230][1526] SELECT horas_lab FROM tblaca008 WHERE c_asigna='300314' AND horas_teoricas > 0 [0][0] OK
C:[18/06/2018 10:11:55.68][172.16.4.254][1352] SELECT pre_cod_asig1,pre_cod_asig2,pre_cod_asig3,pre_cod_asig4,pre_cod_asig5,pre_cod_asig6,pre_cod_asig7 FROM tblaca009 WHERE pensum='5' AND c_uni_ca='2' AND c_asigna='300317' [1][0] OK
C:[18/06/2018 10:11:55.68][172.16.4.254][1365] SELECT c_asigna FROM dace004 WHERE exp_e='15-27417389' AND c_asigna='300207' AND status IN ('0','3','B') [1][0] OK
C:[18/06/2018 10:11:55.68][172.16.4.254][1365] SELECT c_asigna FROM dace004 WHERE exp_e='15-27417389' AND c_asigna='300209' AND status IN ('0','3','B') [1][0] OK
C:[18/06/2018 10:11:55.06][172.16.4.254][1396] SELECT par_cod_asig1,par_cod_asig2,par_cod_asig3 FROM tblaca009 WHERE pensum='5' AND c_uni_ca='2' AND c_asigna='300317' [1][0] OK
C:[18/06/2018 10:11:55.20][172.16.4.254][1526] SELECT horas_lab FROM tblaca008 WHERE c_asigna='300317' AND horas_teoricas > 0 [1][0] OK
C:[18/06/2018 10:23:10.55][172.16.4.254][1352] SELECT pre_cod_asig1,pre_cod_asig2,pre_cod_asig3,pre_cod_asig4,pre_cod_asig5,pre_cod_asig6,pre_cod_asig7 FROM tblaca009 WHERE pensum='5' AND c_uni_ca='2' AND c_asigna='300013' [1][0] OK
C:[18/06/2018 10:23:10.55][172.16.4.254][1352] SELECT pre_cod_asig1,pre_cod_asig2,pre_cod_asig3,pre_cod_asig4,pre_cod_asig5,pre_cod_asig6,pre_cod_asig7 FROM tblaca009 WHERE pensum='5' AND c_uni_ca='2' AND c_asigna='300101' [1][0] OK
C:[18/06/2018 10:23:10.55][172.16.4.254][1352] SELECT pre_cod_asig1,pre_cod_asig2,pre_cod_asig3,pre_cod_asig4,pre_cod_asig5,pre_cod_asig6,pre_cod_asig7 FROM tblaca009 WHERE pensum='5' AND c_uni_ca='2' AND c_asigna='300113' [1][0] OK
C:[18/06/2018 10:23:10.86][172.16.4.254][1396] SELECT par_cod_asig1,par_cod_asig2,par_cod_asig3 FROM tblaca009 WHERE pensum='5' AND c_uni_ca='2' AND c_asigna='300013' [1][0] OK
C:[18/06/2018 10:23:10.86][172.16.4.254][1396] SELECT par_cod_asig1,par_cod_asig2,par_cod_asig3 FROM tblaca009 WHERE pensum='5' AND c_uni_ca='2' AND c_asigna='300101' [1][0] OK
C:[18/06/2018 10:23:10.86][172.16.4.254][1396] SELECT par_cod_asig1,par_cod_asig2,par_cod_asig3 FROM tblaca009 WHERE pensum='5' AND c_uni_ca='2' AND c_asigna='300113' [1][0] OK
C:[18/06/2018 10:23:10.86][172.16.4.254][1410] SELECT c_asigna FROM dace004 WHERE exp_e='18-28375558' AND c_asigna='300013' AND status IN ('0','3','B','C') [0][0] OK
C:[18/06/2018 10:23:10.37][172.16.4.254][1526] SELECT horas_lab FROM tblaca008 WHERE c_asigna='300013' AND horas_teoricas > 0 [1][0] OK
C:[18/06/2018 10:23:10.37][172.16.4.254][1526] SELECT horas_lab FROM tblaca008 WHERE c_asigna='300101' AND horas_teoricas > 0 [1][0] OK
C:[18/06/2018 10:23:10.37][172.16.4.254][1526] SELECT horas_lab FROM tblaca008 WHERE c_asigna='300113' AND horas_teoricas > 0 [0][0] OK
C:[18/06/2018 10:23:29.19][172.16.4.254][1352] SELECT pre_cod_asig1,pre_cod_asig2,pre_cod_asig3,pre_cod_asig4,pre_cod_asig5,pre_cod_asig6,pre_cod_asig7 FROM tblaca009 WHERE pensum='5' AND c_uni_ca='4' AND c_asigna='300317' [1][0] OK
C:[18/06/2018 10:23:29.19][172.16.4.254][1365] SELECT c_asigna FROM dace004 WHERE exp_e='14-25777893' AND c_asigna='300207' AND status IN ('0','3','B') [1][0] OK
C:[18/06/2018 10:23:29.19][172.16.4.254][1365] SELECT c_asigna FROM dace004 WHERE exp_e='14-25777893' AND c_asigna='300209' AND status IN ('0','3','B') [1][0] OK
C:[18/06/2018 10:23:29.19][172.16.4.254][1352] SELECT pre_cod_asig1,pre_cod_asig2,pre_cod_asig3,pre_cod_asig4,pre_cod_asig5,pre_cod_asig6,pre_cod_asig7 FROM tblaca009 WHERE pensum='5' AND c_uni_ca='4' AND c_asigna='300422' [1][0] OK
C:[18/06/2018 10:23:29.19][172.16.4.254][1365] SELECT c_asigna FROM dace004 WHERE exp_e='14-25777893' AND c_asigna='300105' AND status IN ('0','3','B') [1][0] OK
C:[18/06/2018 10:23:29.19][172.16.4.254][1365] SELECT c_asigna FROM dace004 WHERE exp_e='14-25777893' AND c_asigna='300314' AND status IN ('0','3','B') [1][0] OK
C:[18/06/2018 10:23:29.19][172.16.4.254][1352] SELECT pre_cod_asig1,pre_cod_asig2,pre_cod_asig3,pre_cod_asig4,pre_cod_asig5,pre_cod_asig6,pre_cod_asig7 FROM tblaca009 WHERE pensum='5' AND c_uni_ca='4' AND c_asigna='330435' [1][0] OK
C:[18/06/2018 10:23:29.19][172.16.4.254][1365] SELECT c_asigna FROM dace004 WHERE exp_e='14-25777893' AND c_asigna='300318' AND status IN ('0','3','B') [1][0] OK
C:[18/06/2018 10:23:30.21][172.16.4.254][1396] SELECT par_cod_asig1,par_cod_asig2,par_cod_asig3 FROM tblaca009 WHERE pensum='5' AND c_uni_ca='4' AND c_asigna='300317' [1][0] OK
C:[18/06/2018 10:23:30.21][172.16.4.254][1396] SELECT par_cod_asig1,par_cod_asig2,par_cod_asig3 FROM tblaca009 WHERE pensum='5' AND c_uni_ca='4' AND c_asigna='300422' [1][0] OK
C:[18/06/2018 10:23:30.21][172.16.4.254][1396] SELECT par_cod_asig1,par_cod_asig2,par_cod_asig3 FROM tblaca009 WHERE pensum='5' AND c_uni_ca='4' AND c_asigna='330435' [1][0] OK
C:[18/06/2018 10:23:30.59][172.16.4.254][1526] SELECT horas_lab FROM tblaca008 WHERE c_asigna='300317' AND horas_teoricas > 0 [1][0] OK
C:[18/06/2018 10:23:30.59][172.16.4.254][1526] SELECT horas_lab FROM tblaca008 WHERE c_asigna='300422' AND horas_teoricas > 0 [0][0] OK
C:[18/06/2018 10:23:30.59][172.16.4.254][1526] SELECT horas_lab FROM tblaca008 WHERE c_asigna='330435' AND horas_teoricas > 0 [1][0] OK
C:[18/06/2018 10:24:40.24][172.16.4.254][1352] SELECT pre_cod_asig1,pre_cod_asig2,pre_cod_asig3,pre_cod_asig4,pre_cod_asig5,pre_cod_asig6,pre_cod_asig7 FROM tblaca009 WHERE pensum='5' AND c_uni_ca='4' AND c_asigna='300317' [1][0] OK
C:[18/06/2018 10:24:40.24][172.16.4.254][1365] SELECT c_asigna FROM dace004 WHERE exp_e='14-25777893' AND c_asigna='300207' AND status IN ('0','3','B') [1][0] OK
C:[18/06/2018 10:24:40.24][172.16.4.254][1365] SELECT c_asigna FROM dace004 WHERE exp_e='14-25777893' AND c_asigna='300209' AND status IN ('0','3','B') [1][0] OK
C:[18/06/2018 10:24:40.24][172.16.4.254][1352] SELECT pre_cod_asig1,pre_cod_asig2,pre_cod_asig3,pre_cod_asig4,pre_cod_asig5,pre_cod_asig6,pre_cod_asig7 FROM tblaca009 WHERE pensum='5' AND c_uni_ca='4' AND c_asigna='300422' [1][0] OK
C:[18/06/2018 10:24:40.24][172.16.4.254][1365] SELECT c_asigna FROM dace004 WHERE exp_e='14-25777893' AND c_asigna='300105' AND status IN ('0','3','B') [1][0] OK
C:[18/06/2018 10:24:40.24][172.16.4.254][1365] SELECT c_asigna FROM dace004 WHERE exp_e='14-25777893' AND c_asigna='300314' AND status IN ('0','3','B') [1][0] OK
C:[18/06/2018 10:24:40.24][172.16.4.254][1352] SELECT pre_cod_asig1,pre_cod_asig2,pre_cod_asig3,pre_cod_asig4,pre_cod_asig5,pre_cod_asig6,pre_cod_asig7 FROM tblaca009 WHERE pensum='5' AND c_uni_ca='4' AND c_asigna='330435' [1][0] OK
C:[18/06/2018 10:24:40.24][172.16.4.254][1365] SELECT c_asigna FROM dace004 WHERE exp_e='14-25777893' AND c_asigna='300318' AND status IN ('0','3','B') [1][0] OK
C:[18/06/2018 10:24:40.24][172.16.4.254][1396] SELECT par_cod_asig1,par_cod_asig2,par_cod_asig3 FROM tblaca009 WHERE pensum='5' AND c_uni_ca='4' AND c_asigna='300317' [1][0] OK
C:[18/06/2018 10:24:40.24][172.16.4.254][1396] SELECT par_cod_asig1,par_cod_asig2,par_cod_asig3 FROM tblaca009 WHERE pensum='5' AND c_uni_ca='4' AND c_asigna='300422' [1][0] OK
C:[18/06/2018 10:24:40.24][172.16.4.254][1396] SELECT par_cod_asig1,par_cod_asig2,par_cod_asig3 FROM tblaca009 WHERE pensum='5' AND c_uni_ca='4' AND c_asigna='330435' [1][0] OK
C:[18/06/2018 10:24:40.64][172.16.4.254][1526] SELECT horas_lab FROM tblaca008 WHERE c_asigna='300317' AND horas_teoricas > 0 [1][0] OK
C:[18/06/2018 10:24:40.64][172.16.4.254][1526] SELECT horas_lab FROM tblaca008 WHERE c_asigna='300422' AND horas_teoricas > 0 [0][0] OK
C:[18/06/2018 10:24:40.64][172.16.4.254][1526] SELECT horas_lab FROM tblaca008 WHERE c_asigna='330435' AND horas_teoricas > 0 [1][0] OK
C:[18/06/2018 11:00:19.82][172.16.4.254][1352] SELECT pre_cod_asig1,pre_cod_asig2,pre_cod_asig3,pre_cod_asig4,pre_cod_asig5,pre_cod_asig6,pre_cod_asig7 FROM tblaca009 WHERE pensum='5' AND c_uni_ca='5' AND c_asigna='300318' [1][0] OK
C:[18/06/2018 11:00:19.82][172.16.4.254][1365] SELECT c_asigna FROM dace004 WHERE exp_e='16-27335534' AND c_asigna='300228' AND status IN ('0','3','B') [1][0] OK
C:[18/06/2018 11:00:19.82][172.16.4.254][1365] SELECT c_asigna FROM dace004 WHERE exp_e='16-27335534' AND c_asigna='300207' AND status IN ('0','3','B') [1][0] OK
C:[18/06/2018 11:00:19.82][172.16.4.254][1365] SELECT c_asigna FROM dace004 WHERE exp_e='16-27335534' AND c_asigna='300218' AND status IN ('0','3','B') [1][0] OK
C:[18/06/2018 11:00:19.82][172.16.4.254][1352] SELECT pre_cod_asig1,pre_cod_asig2,pre_cod_asig3,pre_cod_asig4,pre_cod_asig5,pre_cod_asig6,pre_cod_asig7 FROM tblaca009 WHERE pensum='5' AND c_uni_ca='5' AND c_asigna='300428' [1][0] OK
C:[18/06/2018 11:00:19.82][172.16.4.254][1365] SELECT c_asigna FROM dace004 WHERE exp_e='16-27335534' AND c_asigna='300317' AND status IN ('0','3','B') [1][0] OK
C:[18/06/2018 11:00:19.82][172.16.4.254][1365] SELECT c_asigna FROM dace004 WHERE exp_e='16-27335534' AND c_asigna='300209' AND status IN ('0','3','B') [1][0] OK
C:[18/06/2018 11:00:19.70][172.16.4.254][1396] SELECT par_cod_asig1,par_cod_asig2,par_cod_asig3 FROM tblaca009 WHERE pensum='5' AND c_uni_ca='5' AND c_asigna='300318' [1][0] OK
C:[18/06/2018 11:00:19.70][172.16.4.254][1396] SELECT par_cod_asig1,par_cod_asig2,par_cod_asig3 FROM tblaca009 WHERE pensum='5' AND c_uni_ca='5' AND c_asigna='300428' [1][0] OK
C:[18/06/2018 11:00:19.98][172.16.4.254][1526] SELECT horas_lab FROM tblaca008 WHERE c_asigna='300318' AND horas_teoricas > 0 [1][0] OK
C:[18/06/2018 11:00:19.98][172.16.4.254][1526] SELECT horas_lab FROM tblaca008 WHERE c_asigna='300428' AND horas_teoricas > 0 [1][0] OK
C:[18/06/2018 11:28:21.20][172.16.4.254][1352] SELECT pre_cod_asig1,pre_cod_asig2,pre_cod_asig3,pre_cod_asig4,pre_cod_asig5,pre_cod_asig6,pre_cod_asig7 FROM tblaca009 WHERE pensum='5' AND c_uni_ca='4' AND c_asigna='300013' [1][0] OK
C:[18/06/2018 11:28:21.20][172.16.4.254][1352] SELECT pre_cod_asig1,pre_cod_asig2,pre_cod_asig3,pre_cod_asig4,pre_cod_asig5,pre_cod_asig6,pre_cod_asig7 FROM tblaca009 WHERE pensum='5' AND c_uni_ca='4' AND c_asigna='300113' [1][0] OK
C:[18/06/2018 11:28:21.20][172.16.4.254][1352] SELECT pre_cod_asig1,pre_cod_asig2,pre_cod_asig3,pre_cod_asig4,pre_cod_asig5,pre_cod_asig6,pre_cod_asig7 FROM tblaca009 WHERE pensum='5' AND c_uni_ca='4' AND c_asigna='300116' [1][0] OK
C:[18/06/2018 11:28:22.59][172.16.4.254][1396] SELECT par_cod_asig1,par_cod_asig2,par_cod_asig3 FROM tblaca009 WHERE pensum='5' AND c_uni_ca='4' AND c_asigna='300013' [1][0] OK
C:[18/06/2018 11:28:22.59][172.16.4.254][1396] SELECT par_cod_asig1,par_cod_asig2,par_cod_asig3 FROM tblaca009 WHERE pensum='5' AND c_uni_ca='4' AND c_asigna='300113' [1][0] OK
C:[18/06/2018 11:28:22.59][172.16.4.254][1410] SELECT c_asigna FROM dace004 WHERE exp_e='18-28031225' AND c_asigna='300013' AND status IN ('0','3','B','C') [0][0] OK
C:[18/06/2018 11:28:22.59][172.16.4.254][1396] SELECT par_cod_asig1,par_cod_asig2,par_cod_asig3 FROM tblaca009 WHERE pensum='5' AND c_uni_ca='4' AND c_asigna='300116' [1][0] OK
C:[18/06/2018 11:28:22.12][172.16.4.254][1526] SELECT horas_lab FROM tblaca008 WHERE c_asigna='300013' AND horas_teoricas > 0 [1][0] OK
C:[18/06/2018 11:28:22.12][172.16.4.254][1526] SELECT horas_lab FROM tblaca008 WHERE c_asigna='300113' AND horas_teoricas > 0 [0][0] OK
C:[18/06/2018 11:28:22.12][172.16.4.254][1526] SELECT horas_lab FROM tblaca008 WHERE c_asigna='300116' AND horas_teoricas > 0 [1][0] OK
C:[18/06/2018 11:39:52.70][172.16.4.254][1352] SELECT pre_cod_asig1,pre_cod_asig2,pre_cod_asig3,pre_cod_asig4,pre_cod_asig5,pre_cod_asig6,pre_cod_asig7 FROM tblaca009 WHERE pensum='5' AND c_uni_ca='6' AND c_asigna='300105' [1][0] OK
C:[18/06/2018 11:39:52.70][172.16.4.254][1352] SELECT pre_cod_asig1,pre_cod_asig2,pre_cod_asig3,pre_cod_asig4,pre_cod_asig5,pre_cod_asig6,pre_cod_asig7 FROM tblaca009 WHERE pensum='5' AND c_uni_ca='6' AND c_asigna='300218' [1][0] OK
C:[18/06/2018 11:39:52.70][172.16.4.254][1365] SELECT c_asigna FROM dace004 WHERE exp_e='15-26939030' AND c_asigna='300101' AND status IN ('0','3','B') [1][0] OK
C:[18/06/2018 11:39:52.70][172.16.4.254][1352] SELECT pre_cod_asig1,pre_cod_asig2,pre_cod_asig3,pre_cod_asig4,pre_cod_asig5,pre_cod_asig6,pre_cod_asig7 FROM tblaca009 WHERE pensum='5' AND c_uni_ca='6' AND c_asigna='300228' [1][0] OK
C:[18/06/2018 11:39:52.70][172.16.4.254][1365] SELECT c_asigna FROM dace004 WHERE exp_e='15-26939030' AND c_asigna='300101' AND status IN ('0','3','B') [1][0] OK
C:[18/06/2018 11:39:52.31][172.16.4.254][1396] SELECT par_cod_asig1,par_cod_asig2,par_cod_asig3 FROM tblaca009 WHERE pensum='5' AND c_uni_ca='6' AND c_asigna='300105' [1][0] OK
C:[18/06/2018 11:39:52.31][172.16.4.254][1396] SELECT par_cod_asig1,par_cod_asig2,par_cod_asig3 FROM tblaca009 WHERE pensum='5' AND c_uni_ca='6' AND c_asigna='300218' [1][0] OK
C:[18/06/2018 11:39:52.31][172.16.4.254][1410] SELECT c_asigna FROM dace004 WHERE exp_e='15-26939030' AND c_asigna='300228' AND status IN ('0','3','B','C') [0][0] OK
C:[18/06/2018 11:39:52.31][172.16.4.254][1396] SELECT par_cod_asig1,par_cod_asig2,par_cod_asig3 FROM tblaca009 WHERE pensum='5' AND c_uni_ca='6' AND c_asigna='300228' [1][0] OK
C:[18/06/2018 11:39:52.83][172.16.4.254][1526] SELECT horas_lab FROM tblaca008 WHERE c_asigna='300105' AND horas_teoricas > 0 [1][0] OK
C:[18/06/2018 11:39:52.83][172.16.4.254][1526] SELECT horas_lab FROM tblaca008 WHERE c_asigna='300218' AND horas_teoricas > 0 [0][0] OK
C:[18/06/2018 11:39:52.83][172.16.4.254][1526] SELECT horas_lab FROM tblaca008 WHERE c_asigna='300228' AND horas_teoricas > 0 [1][0] OK
C:[18/06/2018 13:37:29.47][172.16.4.254][1352] SELECT pre_cod_asig1,pre_cod_asig2,pre_cod_asig3,pre_cod_asig4,pre_cod_asig5,pre_cod_asig6,pre_cod_asig7 FROM tblaca009 WHERE pensum='5' AND c_uni_ca='4' AND c_asigna='300113' [1][0] OK
C:[18/06/2018 13:37:29.47][172.16.4.254][1352] SELECT pre_cod_asig1,pre_cod_asig2,pre_cod_asig3,pre_cod_asig4,pre_cod_asig5,pre_cod_asig6,pre_cod_asig7 FROM tblaca009 WHERE pensum='5' AND c_uni_ca='4' AND c_asigna='300314' [1][0] OK
C:[18/06/2018 13:37:29.47][172.16.4.254][1365] SELECT c_asigna FROM dace004 WHERE exp_e='18-27935140' AND c_asigna='300106' AND status IN ('0','3','B') [1][0] OK
C:[18/06/2018 13:37:29.84][172.16.4.254][1396] SELECT par_cod_asig1,par_cod_asig2,par_cod_asig3 FROM tblaca009 WHERE pensum='5' AND c_uni_ca='4' AND c_asigna='300113' [1][0] OK
C:[18/06/2018 13:37:29.84][172.16.4.254][1410] SELECT c_asigna FROM dace004 WHERE exp_e='18-27935140' AND c_asigna='300013' AND status IN ('0','3','B','C') [1][0] OK
C:[18/06/2018 13:37:29.84][172.16.4.254][1396] SELECT par_cod_asig1,par_cod_asig2,par_cod_asig3 FROM tblaca009 WHERE pensum='5' AND c_uni_ca='4' AND c_asigna='300314' [1][0] OK
C:[18/06/2018 13:37:29.26][172.16.4.254][1526] SELECT horas_lab FROM tblaca008 WHERE c_asigna='300113' AND horas_teoricas > 0 [0][0] OK
C:[18/06/2018 13:37:29.26][172.16.4.254][1526] SELECT horas_lab FROM tblaca008 WHERE c_asigna='300314' AND horas_teoricas > 0 [0][0] OK
C:[18/06/2018 13:38:52.70][172.16.4.254][1352] SELECT pre_cod_asig1,pre_cod_asig2,pre_cod_asig3,pre_cod_asig4,pre_cod_asig5,pre_cod_asig6,pre_cod_asig7 FROM tblaca009 WHERE pensum='5' AND c_uni_ca='4' AND c_asigna='300113' [1][0] OK
C:[18/06/2018 13:38:52.70][172.16.4.254][1352] SELECT pre_cod_asig1,pre_cod_asig2,pre_cod_asig3,pre_cod_asig4,pre_cod_asig5,pre_cod_asig6,pre_cod_asig7 FROM tblaca009 WHERE pensum='5' AND c_uni_ca='4' AND c_asigna='300314' [1][0] OK
C:[18/06/2018 13:38:52.70][172.16.4.254][1365] SELECT c_asigna FROM dace004 WHERE exp_e='18-27935140' AND c_asigna='300106' AND status IN ('0','3','B') [1][0] OK
C:[18/06/2018 13:38:52.07][172.16.4.254][1396] SELECT par_cod_asig1,par_cod_asig2,par_cod_asig3 FROM tblaca009 WHERE pensum='5' AND c_uni_ca='4' AND c_asigna='300113' [1][0] OK
C:[18/06/2018 13:38:52.07][172.16.4.254][1410] SELECT c_asigna FROM dace004 WHERE exp_e='18-27935140' AND c_asigna='300013' AND status IN ('0','3','B','C') [1][0] OK
C:[18/06/2018 13:38:52.07][172.16.4.254][1396] SELECT par_cod_asig1,par_cod_asig2,par_cod_asig3 FROM tblaca009 WHERE pensum='5' AND c_uni_ca='4' AND c_asigna='300314' [1][0] OK
C:[18/06/2018 13:38:52.46][172.16.4.254][1526] SELECT horas_lab FROM tblaca008 WHERE c_asigna='300113' AND horas_teoricas > 0 [0][0] OK
C:[18/06/2018 13:38:52.46][172.16.4.254][1526] SELECT horas_lab FROM tblaca008 WHERE c_asigna='300314' AND horas_teoricas > 0 [0][0] OK
C:[18/06/2018 14:07:00.36][172.16.4.254][1352] SELECT pre_cod_asig1,pre_cod_asig2,pre_cod_asig3,pre_cod_asig4,pre_cod_asig5,pre_cod_asig6,pre_cod_asig7 FROM tblaca009 WHERE pensum='5' AND c_uni_ca='4' AND c_asigna='300113' [1][0] OK
C:[18/06/2018 14:07:00.36][172.16.4.254][1352] SELECT pre_cod_asig1,pre_cod_asig2,pre_cod_asig3,pre_cod_asig4,pre_cod_asig5,pre_cod_asig6,pre_cod_asig7 FROM tblaca009 WHERE pensum='5' AND c_uni_ca='4' AND c_asigna='300314' [1][0] OK
C:[18/06/2018 14:07:00.36][172.16.4.254][1365] SELECT c_asigna FROM dace004 WHERE exp_e='18-27935140' AND c_asigna='300106' AND status IN ('0','3','B') [1][0] OK
C:[18/06/2018 14:07:00.36][172.16.4.254][1352] SELECT pre_cod_asig1,pre_cod_asig2,pre_cod_asig3,pre_cod_asig4,pre_cod_asig5,pre_cod_asig6,pre_cod_asig7 FROM tblaca009 WHERE pensum='5' AND c_uni_ca='4' AND c_asigna='300101' [1][0] OK
C:[18/06/2018 14:07:00.87][172.16.4.254][1396] SELECT par_cod_asig1,par_cod_asig2,par_cod_asig3 FROM tblaca009 WHERE pensum='5' AND c_uni_ca='4' AND c_asigna='300113' [1][0] OK
C:[18/06/2018 14:07:00.87][172.16.4.254][1410] SELECT c_asigna FROM dace004 WHERE exp_e='18-27935140' AND c_asigna='300013' AND status IN ('0','3','B','C') [1][0] OK
C:[18/06/2018 14:07:00.87][172.16.4.254][1396] SELECT par_cod_asig1,par_cod_asig2,par_cod_asig3 FROM tblaca009 WHERE pensum='5' AND c_uni_ca='4' AND c_asigna='300314' [1][0] OK
C:[18/06/2018 14:07:00.87][172.16.4.254][1396] SELECT par_cod_asig1,par_cod_asig2,par_cod_asig3 FROM tblaca009 WHERE pensum='5' AND c_uni_ca='4' AND c_asigna='300101' [1][0] OK
C:[18/06/2018 14:07:00.39][172.16.4.254][1526] SELECT horas_lab FROM tblaca008 WHERE c_asigna='300113' AND horas_teoricas > 0 [0][0] OK
C:[18/06/2018 14:07:00.39][172.16.4.254][1526] SELECT horas_lab FROM tblaca008 WHERE c_asigna='300314' AND horas_teoricas > 0 [0][0] OK
C:[18/06/2018 14:20:51.27][172.16.4.40][1352] SELECT pre_cod_asig1,pre_cod_asig2,pre_cod_asig3,pre_cod_asig4,pre_cod_asig5,pre_cod_asig6,pre_cod_asig7 FROM tblaca009 WHERE pensum='5' AND c_uni_ca='6' AND c_asigna='300013' [1][0] OK
C:[18/06/2018 14:20:51.27][172.16.4.40][1352] SELECT pre_cod_asig1,pre_cod_asig2,pre_cod_asig3,pre_cod_asig4,pre_cod_asig5,pre_cod_asig6,pre_cod_asig7 FROM tblaca009 WHERE pensum='5' AND c_uni_ca='6' AND c_asigna='300113' [1][0] OK
C:[18/06/2018 14:20:51.27][172.16.4.40][1352] SELECT pre_cod_asig1,pre_cod_asig2,pre_cod_asig3,pre_cod_asig4,pre_cod_asig5,pre_cod_asig6,pre_cod_asig7 FROM tblaca009 WHERE pensum='5' AND c_uni_ca='6' AND c_asigna='300116' [1][0] OK
C:[18/06/2018 14:20:51.66][172.16.4.40][1396] SELECT par_cod_asig1,par_cod_asig2,par_cod_asig3 FROM tblaca009 WHERE pensum='5' AND c_uni_ca='6' AND c_asigna='300013' [1][0] OK
C:[18/06/2018 14:20:51.66][172.16.4.40][1396] SELECT par_cod_asig1,par_cod_asig2,par_cod_asig3 FROM tblaca009 WHERE pensum='5' AND c_uni_ca='6' AND c_asigna='300113' [1][0] OK
C:[18/06/2018 14:20:51.66][172.16.4.40][1410] SELECT c_asigna FROM dace004 WHERE exp_e='18-27602492' AND c_asigna='300013' AND status IN ('0','3','B','C') [0][0] OK
C:[18/06/2018 14:20:51.66][172.16.4.40][1396] SELECT par_cod_asig1,par_cod_asig2,par_cod_asig3 FROM tblaca009 WHERE pensum='5' AND c_uni_ca='6' AND c_asigna='300116' [1][0] OK
C:[18/06/2018 14:20:51.16][172.16.4.40][1526] SELECT horas_lab FROM tblaca008 WHERE c_asigna='300013' AND horas_teoricas > 0 [1][0] OK
C:[18/06/2018 14:20:51.16][172.16.4.40][1526] SELECT horas_lab FROM tblaca008 WHERE c_asigna='300113' AND horas_teoricas > 0 [0][0] OK
C:[18/06/2018 14:20:51.16][172.16.4.40][1526] SELECT horas_lab FROM tblaca008 WHERE c_asigna='300116' AND horas_teoricas > 0 [1][0] OK
C:[18/06/2018 15:19:39.76][172.16.4.162][1352] SELECT pre_cod_asig1,pre_cod_asig2,pre_cod_asig3,pre_cod_asig4,pre_cod_asig5,pre_cod_asig6,pre_cod_asig7 FROM tblaca009 WHERE pensum='5' AND c_uni_ca='5' AND c_asigna='300209' [1][0] OK
C:[18/06/2018 15:19:39.76][172.16.4.162][1365] SELECT c_asigna FROM dace004 WHERE exp_e='17-27615479' AND c_asigna='300101' AND status IN ('0','3','B') [1][0] OK
C:[18/06/2018 15:19:39.76][172.16.4.162][1352] SELECT pre_cod_asig1,pre_cod_asig2,pre_cod_asig3,pre_cod_asig4,pre_cod_asig5,pre_cod_asig6,pre_cod_asig7 FROM tblaca009 WHERE pensum='5' AND c_uni_ca='5' AND c_asigna='300228' [1][0] OK
C:[18/06/2018 15:19:39.76][172.16.4.162][1365] SELECT c_asigna FROM dace004 WHERE exp_e='17-27615479' AND c_asigna='300101' AND status IN ('0','3','B') [1][0] OK
C:[18/06/2018 15:19:39.76][172.16.4.162][1352] SELECT pre_cod_asig1,pre_cod_asig2,pre_cod_asig3,pre_cod_asig4,pre_cod_asig5,pre_cod_asig6,pre_cod_asig7 FROM tblaca009 WHERE pensum='5' AND c_uni_ca='5' AND c_asigna='300207' [1][0] OK
C:[18/06/2018 15:19:39.76][172.16.4.162][1365] SELECT c_asigna FROM dace004 WHERE exp_e='17-27615479' AND c_asigna='300101' AND status IN ('0','3','B') [1][0] OK
C:[18/06/2018 15:19:39.51][172.16.4.162][1396] SELECT par_cod_asig1,par_cod_asig2,par_cod_asig3 FROM tblaca009 WHERE pensum='5' AND c_uni_ca='5' AND c_asigna='300209' [1][0] OK
C:[18/06/2018 15:19:39.51][172.16.4.162][1396] SELECT par_cod_asig1,par_cod_asig2,par_cod_asig3 FROM tblaca009 WHERE pensum='5' AND c_uni_ca='5' AND c_asigna='300228' [1][0] OK
C:[18/06/2018 15:19:39.51][172.16.4.162][1396] SELECT par_cod_asig1,par_cod_asig2,par_cod_asig3 FROM tblaca009 WHERE pensum='5' AND c_uni_ca='5' AND c_asigna='300207' [1][0] OK
C:[18/06/2018 15:19:39.89][172.16.4.162][1526] SELECT horas_lab FROM tblaca008 WHERE c_asigna='300209' AND horas_teoricas > 0 [1][0] OK
C:[18/06/2018 15:19:39.89][172.16.4.162][1526] SELECT horas_lab FROM tblaca008 WHERE c_asigna='300228' AND horas_teoricas > 0 [1][0] OK
C:[18/06/2018 15:24:57.78][172.16.0.179][1352] SELECT pre_cod_asig1,pre_cod_asig2,pre_cod_asig3,pre_cod_asig4,pre_cod_asig5,pre_cod_asig6,pre_cod_asig7 FROM tblaca009 WHERE pensum='5' AND c_uni_ca='3' AND c_asigna='300101' [1][0] OK
C:[18/06/2018 15:24:57.78][172.16.0.179][1352] SELECT pre_cod_asig1,pre_cod_asig2,pre_cod_asig3,pre_cod_asig4,pre_cod_asig5,pre_cod_asig6,pre_cod_asig7 FROM tblaca009 WHERE pensum='5' AND c_uni_ca='3' AND c_asigna='300112' [1][0] OK
C:[18/06/2018 15:24:57.78][172.16.0.179][1352] SELECT pre_cod_asig1,pre_cod_asig2,pre_cod_asig3,pre_cod_asig4,pre_cod_asig5,pre_cod_asig6,pre_cod_asig7 FROM tblaca009 WHERE pensum='5' AND c_uni_ca='3' AND c_asigna='300113' [1][0] OK
C:[18/06/2018 15:24:57.16][172.16.0.179][1396] SELECT par_cod_asig1,par_cod_asig2,par_cod_asig3 FROM tblaca009 WHERE pensum='5' AND c_uni_ca='3' AND c_asigna='300101' [1][0] OK
C:[18/06/2018 15:24:57.16][172.16.0.179][1396] SELECT par_cod_asig1,par_cod_asig2,par_cod_asig3 FROM tblaca009 WHERE pensum='5' AND c_uni_ca='3' AND c_asigna='300112' [1][0] OK
C:[18/06/2018 15:24:57.16][172.16.0.179][1396] SELECT par_cod_asig1,par_cod_asig2,par_cod_asig3 FROM tblaca009 WHERE pensum='5' AND c_uni_ca='3' AND c_asigna='300113' [1][0] OK
C:[18/06/2018 15:24:57.16][172.16.0.179][1410] SELECT c_asigna FROM dace004 WHERE exp_e='18-27729388' AND c_asigna='300013' AND status IN ('0','3','B','C') [1][0] OK
C:[18/06/2018 15:24:58.68][172.16.0.179][1526] SELECT horas_lab FROM tblaca008 WHERE c_asigna='300101' AND horas_teoricas > 0 [1][0] OK
C:[18/06/2018 15:24:58.68][172.16.0.179][1526] SELECT horas_lab FROM tblaca008 WHERE c_asigna='300112' AND horas_teoricas > 0 [1][0] OK
C:[18/06/2018 15:24:58.68][172.16.0.179][1526] SELECT horas_lab FROM tblaca008 WHERE c_asigna='300113' AND horas_teoricas > 0 [0][0] OK
C:[19/06/2018 09:28:40.26][172.16.4.254][1352] SELECT pre_cod_asig1,pre_cod_asig2,pre_cod_asig3,pre_cod_asig4,pre_cod_asig5,pre_cod_asig6,pre_cod_asig7 FROM tblaca009 WHERE pensum='5' AND c_uni_ca='4' AND c_asigna='300101' [1][0] OK
C:[19/06/2018 09:28:40.26][172.16.4.254][1352] SELECT pre_cod_asig1,pre_cod_asig2,pre_cod_asig3,pre_cod_asig4,pre_cod_asig5,pre_cod_asig6,pre_cod_asig7 FROM tblaca009 WHERE pensum='5' AND c_uni_ca='4' AND c_asigna='300113' [1][0] OK
C:[19/06/2018 09:28:40.51][172.16.4.254][1396] SELECT par_cod_asig1,par_cod_asig2,par_cod_asig3 FROM tblaca009 WHERE pensum='5' AND c_uni_ca='4' AND c_asigna='300101' [1][0] OK
C:[19/06/2018 09:28:40.51][172.16.4.254][1396] SELECT par_cod_asig1,par_cod_asig2,par_cod_asig3 FROM tblaca009 WHERE pensum='5' AND c_uni_ca='4' AND c_asigna='300113' [1][0] OK
C:[19/06/2018 09:28:40.51][172.16.4.254][1410] SELECT c_asigna FROM dace004 WHERE exp_e='16-27112237' AND c_asigna='300013' AND status IN ('0','3','B','C') [1][0] OK
C:[19/06/2018 09:28:40.89][172.16.4.254][1526] SELECT horas_lab FROM tblaca008 WHERE c_asigna='300101' AND horas_teoricas > 0 [1][0] OK
C:[19/06/2018 09:28:40.89][172.16.4.254][1526] SELECT horas_lab FROM tblaca008 WHERE c_asigna='300113' AND horas_teoricas > 0 [0][0] OK
C:[19/06/2018 10:38:14.52][172.16.4.254][1352] SELECT pre_cod_asig1,pre_cod_asig2,pre_cod_asig3,pre_cod_asig4,pre_cod_asig5,pre_cod_asig6,pre_cod_asig7 FROM tblaca009 WHERE pensum='5' AND c_uni_ca='3' AND c_asigna='300013' [1][0] OK
C:[19/06/2018 10:38:14.52][172.16.4.254][1352] SELECT pre_cod_asig1,pre_cod_asig2,pre_cod_asig3,pre_cod_asig4,pre_cod_asig5,pre_cod_asig6,pre_cod_asig7 FROM tblaca009 WHERE pensum='5' AND c_uni_ca='3' AND c_asigna='300101' [1][0] OK
C:[19/06/2018 10:38:14.78][172.16.4.254][1396] SELECT par_cod_asig1,par_cod_asig2,par_cod_asig3 FROM tblaca009 WHERE pensum='5' AND c_uni_ca='3' AND c_asigna='300013' [1][0] OK
C:[19/06/2018 10:38:14.78][172.16.4.254][1396] SELECT par_cod_asig1,par_cod_asig2,par_cod_asig3 FROM tblaca009 WHERE pensum='5' AND c_uni_ca='3' AND c_asigna='300101' [1][0] OK
C:[19/06/2018 10:38:14.04][172.16.4.254][1526] SELECT horas_lab FROM tblaca008 WHERE c_asigna='300013' AND horas_teoricas > 0 [1][0] OK
C:[19/06/2018 10:38:14.04][172.16.4.254][1526] SELECT horas_lab FROM tblaca008 WHERE c_asigna='300101' AND horas_teoricas > 0 [1][0] OK
C:[19/06/2018 10:42:30.02][172.16.4.254][1352] SELECT pre_cod_asig1,pre_cod_asig2,pre_cod_asig3,pre_cod_asig4,pre_cod_asig5,pre_cod_asig6,pre_cod_asig7 FROM tblaca009 WHERE pensum='5' AND c_uni_ca='4' AND c_asigna='300013' [1][0] OK
C:[19/06/2018 10:42:30.02][172.16.4.254][1352] SELECT pre_cod_asig1,pre_cod_asig2,pre_cod_asig3,pre_cod_asig4,pre_cod_asig5,pre_cod_asig6,pre_cod_asig7 FROM tblaca009 WHERE pensum='5' AND c_uni_ca='4' AND c_asigna='300113' [1][0] OK
C:[19/06/2018 10:42:30.02][172.16.4.254][1352] SELECT pre_cod_asig1,pre_cod_asig2,pre_cod_asig3,pre_cod_asig4,pre_cod_asig5,pre_cod_asig6,pre_cod_asig7 FROM tblaca009 WHERE pensum='5' AND c_uni_ca='4' AND c_asigna='300116' [1][0] OK
C:[19/06/2018 10:42:30.39][172.16.4.254][1396] SELECT par_cod_asig1,par_cod_asig2,par_cod_asig3 FROM tblaca009 WHERE pensum='5' AND c_uni_ca='4' AND c_asigna='300013' [1][0] OK
C:[19/06/2018 10:42:30.39][172.16.4.254][1396] SELECT par_cod_asig1,par_cod_asig2,par_cod_asig3 FROM tblaca009 WHERE pensum='5' AND c_uni_ca='4' AND c_asigna='300113' [1][0] OK
C:[19/06/2018 10:42:30.39][172.16.4.254][1410] SELECT c_asigna FROM dace004 WHERE exp_e='18-28031225' AND c_asigna='300013' AND status IN ('0','3','B','C') [0][0] OK
C:[19/06/2018 10:42:30.39][172.16.4.254][1396] SELECT par_cod_asig1,par_cod_asig2,par_cod_asig3 FROM tblaca009 WHERE pensum='5' AND c_uni_ca='4' AND c_asigna='300116' [1][0] OK
C:[19/06/2018 10:42:30.91][172.16.4.254][1526] SELECT horas_lab FROM tblaca008 WHERE c_asigna='300013' AND horas_teoricas > 0 [1][0] OK
C:[19/06/2018 10:42:30.91][172.16.4.254][1526] SELECT horas_lab FROM tblaca008 WHERE c_asigna='300113' AND horas_teoricas > 0 [0][0] OK
C:[19/06/2018 10:42:30.91][172.16.4.254][1526] SELECT horas_lab FROM tblaca008 WHERE c_asigna='300116' AND horas_teoricas > 0 [1][0] OK
C:[20/06/2018 10:46:41.40][172.16.4.242][1352] SELECT pre_cod_asig1,pre_cod_asig2,pre_cod_asig3,pre_cod_asig4,pre_cod_asig5,pre_cod_asig6,pre_cod_asig7 FROM tblaca009 WHERE pensum='5' AND c_uni_ca='6' AND c_asigna='300112' [1][0] OK
C:[20/06/2018 10:46:41.40][172.16.4.242][1352] SELECT pre_cod_asig1,pre_cod_asig2,pre_cod_asig3,pre_cod_asig4,pre_cod_asig5,pre_cod_asig6,pre_cod_asig7 FROM tblaca009 WHERE pensum='5' AND c_uni_ca='6' AND c_asigna='300116' [1][0] OK
C:[20/06/2018 10:46:41.40][172.16.4.242][1352] SELECT pre_cod_asig1,pre_cod_asig2,pre_cod_asig3,pre_cod_asig4,pre_cod_asig5,pre_cod_asig6,pre_cod_asig7 FROM tblaca009 WHERE pensum='5' AND c_uni_ca='6' AND c_asigna='300101' [1][0] OK
C:[20/06/2018 10:46:41.77][172.16.4.242][1396] SELECT par_cod_asig1,par_cod_asig2,par_cod_asig3 FROM tblaca009 WHERE pensum='5' AND c_uni_ca='6' AND c_asigna='300112' [1][0] OK
C:[20/06/2018 10:46:41.77][172.16.4.242][1396] SELECT par_cod_asig1,par_cod_asig2,par_cod_asig3 FROM tblaca009 WHERE pensum='5' AND c_uni_ca='6' AND c_asigna='300116' [1][0] OK
C:[20/06/2018 10:46:41.77][172.16.4.242][1396] SELECT par_cod_asig1,par_cod_asig2,par_cod_asig3 FROM tblaca009 WHERE pensum='5' AND c_uni_ca='6' AND c_asigna='300101' [1][0] OK
C:[20/06/2018 10:46:41.16][172.16.4.242][1526] SELECT horas_lab FROM tblaca008 WHERE c_asigna='300112' AND horas_teoricas > 0 [1][0] OK
C:[20/06/2018 10:46:41.16][172.16.4.242][1526] SELECT horas_lab FROM tblaca008 WHERE c_asigna='300116' AND horas_teoricas > 0 [1][0] OK
C:[20/06/2018 11:52:49.37][172.16.4.254][1352] SELECT pre_cod_asig1,pre_cod_asig2,pre_cod_asig3,pre_cod_asig4,pre_cod_asig5,pre_cod_asig6,pre_cod_asig7 FROM tblaca009 WHERE pensum='5' AND c_uni_ca='3' AND c_asigna='300207' [1][0] OK
C:[20/06/2018 11:52:49.37][172.16.4.254][1365] SELECT c_asigna FROM dace004 WHERE exp_e='14-24412257' AND c_asigna='300101' AND status IN ('0','3','B') [1][0] OK
C:[20/06/2018 11:52:49.37][172.16.4.254][1352] SELECT pre_cod_asig1,pre_cod_asig2,pre_cod_asig3,pre_cod_asig4,pre_cod_asig5,pre_cod_asig6,pre_cod_asig7 FROM tblaca009 WHERE pensum='5' AND c_uni_ca='3' AND c_asigna='300218' [1][0] OK
C:[20/06/2018 11:52:49.37][172.16.4.254][1365] SELECT c_asigna FROM dace004 WHERE exp_e='14-24412257' AND c_asigna='300101' AND status IN ('0','3','B') [1][0] OK
C:[20/06/2018 11:52:49.87][172.16.4.254][1396] SELECT par_cod_asig1,par_cod_asig2,par_cod_asig3 FROM tblaca009 WHERE pensum='5' AND c_uni_ca='3' AND c_asigna='300207' [1][0] OK
C:[20/06/2018 11:52:49.87][172.16.4.254][1396] SELECT par_cod_asig1,par_cod_asig2,par_cod_asig3 FROM tblaca009 WHERE pensum='5' AND c_uni_ca='3' AND c_asigna='300218' [1][0] OK
C:[20/06/2018 11:52:49.87][172.16.4.254][1410] SELECT c_asigna FROM dace004 WHERE exp_e='14-24412257' AND c_asigna='300228' AND status IN ('0','3','B','C') [1][0] OK
C:[20/06/2018 11:52:49.26][172.16.4.254][1526] SELECT horas_lab FROM tblaca008 WHERE c_asigna='300207' AND horas_teoricas > 0 [1][0] OK
C:[20/06/2018 11:52:49.26][172.16.4.254][1526] SELECT horas_lab FROM tblaca008 WHERE c_asigna='300218' AND horas_teoricas > 0 [0][0] OK
C:[20/06/2018 12:40:13.55][172.16.4.242][1352] SELECT pre_cod_asig1,pre_cod_asig2,pre_cod_asig3,pre_cod_asig4,pre_cod_asig5,pre_cod_asig6,pre_cod_asig7 FROM tblaca009 WHERE pensum='5' AND c_uni_ca='5' AND c_asigna='300101' [1][0] OK
C:[20/06/2018 12:40:13.55][172.16.4.242][1352] SELECT pre_cod_asig1,pre_cod_asig2,pre_cod_asig3,pre_cod_asig4,pre_cod_asig5,pre_cod_asig6,pre_cod_asig7 FROM tblaca009 WHERE pensum='5' AND c_uni_ca='5' AND c_asigna='300112' [1][0] OK
C:[20/06/2018 12:40:13.55][172.16.4.242][1352] SELECT pre_cod_asig1,pre_cod_asig2,pre_cod_asig3,pre_cod_asig4,pre_cod_asig5,pre_cod_asig6,pre_cod_asig7 FROM tblaca009 WHERE pensum='5' AND c_uni_ca='5' AND c_asigna='300113' [1][0] OK
C:[20/06/2018 12:40:13.92][172.16.4.242][1396] SELECT par_cod_asig1,par_cod_asig2,par_cod_asig3 FROM tblaca009 WHERE pensum='5' AND c_uni_ca='5' AND c_asigna='300101' [1][0] OK
C:[20/06/2018 12:40:13.92][172.16.4.242][1396] SELECT par_cod_asig1,par_cod_asig2,par_cod_asig3 FROM tblaca009 WHERE pensum='5' AND c_uni_ca='5' AND c_asigna='300112' [1][0] OK
C:[20/06/2018 12:40:13.92][172.16.4.242][1396] SELECT par_cod_asig1,par_cod_asig2,par_cod_asig3 FROM tblaca009 WHERE pensum='5' AND c_uni_ca='5' AND c_asigna='300113' [1][0] OK
C:[20/06/2018 12:40:13.92][172.16.4.242][1410] SELECT c_asigna FROM dace004 WHERE exp_e='18-28376246' AND c_asigna='300013' AND status IN ('0','3','B','C') [1][0] OK
C:[20/06/2018 12:40:13.43][172.16.4.242][1526] SELECT horas_lab FROM tblaca008 WHERE c_asigna='300101' AND horas_teoricas > 0 [1][0] OK
C:[20/06/2018 12:40:13.43][172.16.4.242][1526] SELECT horas_lab FROM tblaca008 WHERE c_asigna='300112' AND horas_teoricas > 0 [1][0] OK
C:[20/06/2018 12:40:13.43][172.16.4.242][1526] SELECT horas_lab FROM tblaca008 WHERE c_asigna='300113' AND horas_teoricas > 0 [0][0] OK
C:[20/06/2018 15:02:22.17][172.16.4.254][1352] SELECT pre_cod_asig1,pre_cod_asig2,pre_cod_asig3,pre_cod_asig4,pre_cod_asig5,pre_cod_asig6,pre_cod_asig7 FROM tblaca009 WHERE pensum='5' AND c_uni_ca='3' AND c_asigna='300207' [1][0] OK
C:[20/06/2018 15:02:22.17][172.16.4.254][1365] SELECT c_asigna FROM dace004 WHERE exp_e='17-26939563' AND c_asigna='300101' AND status IN ('0','3','B') [1][0] OK
C:[20/06/2018 15:02:22.17][172.16.4.254][1352] SELECT pre_cod_asig1,pre_cod_asig2,pre_cod_asig3,pre_cod_asig4,pre_cod_asig5,pre_cod_asig6,pre_cod_asig7 FROM tblaca009 WHERE pensum='5' AND c_uni_ca='3' AND c_asigna='300209' [1][0] OK
C:[20/06/2018 15:02:22.17][172.16.4.254][1365] SELECT c_asigna FROM dace004 WHERE exp_e='17-26939563' AND c_asigna='300101' AND status IN ('0','3','B') [1][0] OK
C:[20/06/2018 15:02:22.17][172.16.4.254][1352] SELECT pre_cod_asig1,pre_cod_asig2,pre_cod_asig3,pre_cod_asig4,pre_cod_asig5,pre_cod_asig6,pre_cod_asig7 FROM tblaca009 WHERE pensum='5' AND c_uni_ca='3' AND c_asigna='300213' [1][0] OK
C:[20/06/2018 15:02:22.17][172.16.4.254][1365] SELECT c_asigna FROM dace004 WHERE exp_e='17-26939563' AND c_asigna='300101' AND status IN ('0','3','B') [1][0] OK
C:[20/06/2018 15:02:23.83][172.16.4.254][1396] SELECT par_cod_asig1,par_cod_asig2,par_cod_asig3 FROM tblaca009 WHERE pensum='5' AND c_uni_ca='3' AND c_asigna='300207' [1][0] OK
C:[20/06/2018 15:02:23.83][172.16.4.254][1396] SELECT par_cod_asig1,par_cod_asig2,par_cod_asig3 FROM tblaca009 WHERE pensum='5' AND c_uni_ca='3' AND c_asigna='300209' [1][0] OK
C:[20/06/2018 15:02:23.83][172.16.4.254][1396] SELECT par_cod_asig1,par_cod_asig2,par_cod_asig3 FROM tblaca009 WHERE pensum='5' AND c_uni_ca='3' AND c_asigna='300213' [1][0] OK
C:[20/06/2018 15:02:23.83][172.16.4.254][1410] SELECT c_asigna FROM dace004 WHERE exp_e='17-26939563' AND c_asigna='300209' AND status IN ('0','3','B','C') [0][0] OK
C:[20/06/2018 15:02:23.35][172.16.4.254][1526] SELECT horas_lab FROM tblaca008 WHERE c_asigna='300207' AND horas_teoricas > 0 [1][0] OK
C:[20/06/2018 15:02:23.35][172.16.4.254][1526] SELECT horas_lab FROM tblaca008 WHERE c_asigna='300209' AND horas_teoricas > 0 [1][0] OK
C:[20/06/2018 15:02:23.35][172.16.4.254][1526] SELECT horas_lab FROM tblaca008 WHERE c_asigna='300213' AND horas_teoricas > 0 [1][0] OK
C:[21/06/2018 10:11:24.75][172.16.4.254][1352] SELECT pre_cod_asig1,pre_cod_asig2,pre_cod_asig3,pre_cod_asig4,pre_cod_asig5,pre_cod_asig6,pre_cod_asig7 FROM tblaca009 WHERE pensum='5' AND c_uni_ca='4' AND c_asigna='300207' [1][0] OK
C:[21/06/2018 10:11:24.75][172.16.4.254][1365] SELECT c_asigna FROM dace004 WHERE exp_e='18-28533559' AND c_asigna='300101' AND status IN ('0','3','B') [1][0] OK
C:[21/06/2018 10:11:24.75][172.16.4.254][1352] SELECT pre_cod_asig1,pre_cod_asig2,pre_cod_asig3,pre_cod_asig4,pre_cod_asig5,pre_cod_asig6,pre_cod_asig7 FROM tblaca009 WHERE pensum='5' AND c_uni_ca='4' AND c_asigna='300209' [1][0] OK
C:[21/06/2018 10:11:24.75][172.16.4.254][1365] SELECT c_asigna FROM dace004 WHERE exp_e='18-28533559' AND c_asigna='300101' AND status IN ('0','3','B') [1][0] OK
C:[21/06/2018 10:11:24.75][172.16.4.254][1352] SELECT pre_cod_asig1,pre_cod_asig2,pre_cod_asig3,pre_cod_asig4,pre_cod_asig5,pre_cod_asig6,pre_cod_asig7 FROM tblaca009 WHERE pensum='5' AND c_uni_ca='4' AND c_asigna='300226' [1][0] OK
C:[21/06/2018 10:11:24.75][172.16.4.254][1365] SELECT c_asigna FROM dace004 WHERE exp_e='18-28533559' AND c_asigna='300116' AND status IN ('0','3','B') [1][0] OK
C:[21/06/2018 10:11:25.50][172.16.4.254][1396] SELECT par_cod_asig1,par_cod_asig2,par_cod_asig3 FROM tblaca009 WHERE pensum='5' AND c_uni_ca='4' AND c_asigna='300207' [1][0] OK
C:[21/06/2018 10:11:25.50][172.16.4.254][1396] SELECT par_cod_asig1,par_cod_asig2,par_cod_asig3 FROM tblaca009 WHERE pensum='5' AND c_uni_ca='4' AND c_asigna='300209' [1][0] OK
C:[21/06/2018 10:11:25.50][172.16.4.254][1396] SELECT par_cod_asig1,par_cod_asig2,par_cod_asig3 FROM tblaca009 WHERE pensum='5' AND c_uni_ca='4' AND c_asigna='300226' [1][0] OK
C:[21/06/2018 10:11:25.90][172.16.4.254][1526] SELECT horas_lab FROM tblaca008 WHERE c_asigna='300207' AND horas_teoricas > 0 [1][0] OK
C:[21/06/2018 10:11:25.90][172.16.4.254][1526] SELECT horas_lab FROM tblaca008 WHERE c_asigna='300209' AND horas_teoricas > 0 [1][0] OK
C:[21/06/2018 10:11:25.90][172.16.4.254][1526] SELECT horas_lab FROM tblaca008 WHERE c_asigna='300226' AND horas_teoricas > 0 [1][0] OK
C:[21/06/2018 10:12:33.43][172.16.4.254][1352] SELECT pre_cod_asig1,pre_cod_asig2,pre_cod_asig3,pre_cod_asig4,pre_cod_asig5,pre_cod_asig6,pre_cod_asig7 FROM tblaca009 WHERE pensum='5' AND c_uni_ca='6' AND c_asigna='300207' [1][0] OK
C:[21/06/2018 10:12:33.43][172.16.4.254][1365] SELECT c_asigna FROM dace004 WHERE exp_e='18-28675758' AND c_asigna='300101' AND status IN ('0','3','B') [1][0] OK
C:[21/06/2018 10:12:33.43][172.16.4.254][1352] SELECT pre_cod_asig1,pre_cod_asig2,pre_cod_asig3,pre_cod_asig4,pre_cod_asig5,pre_cod_asig6,pre_cod_asig7 FROM tblaca009 WHERE pensum='5' AND c_uni_ca='6' AND c_asigna='300209' [1][0] OK
C:[21/06/2018 10:12:33.43][172.16.4.254][1365] SELECT c_asigna FROM dace004 WHERE exp_e='18-28675758' AND c_asigna='300101' AND status IN ('0','3','B') [1][0] OK
C:[21/06/2018 10:12:33.43][172.16.4.254][1352] SELECT pre_cod_asig1,pre_cod_asig2,pre_cod_asig3,pre_cod_asig4,pre_cod_asig5,pre_cod_asig6,pre_cod_asig7 FROM tblaca009 WHERE pensum='5' AND c_uni_ca='6' AND c_asigna='300226' [1][0] OK
C:[21/06/2018 10:12:33.43][172.16.4.254][1365] SELECT c_asigna FROM dace004 WHERE exp_e='18-28675758' AND c_asigna='300116' AND status IN ('0','3','B') [1][0] OK
C:[21/06/2018 10:12:33.19][172.16.4.254][1396] SELECT par_cod_asig1,par_cod_asig2,par_cod_asig3 FROM tblaca009 WHERE pensum='5' AND c_uni_ca='6' AND c_asigna='300207' [1][0] OK
C:[21/06/2018 10:12:33.19][172.16.4.254][1396] SELECT par_cod_asig1,par_cod_asig2,par_cod_asig3 FROM tblaca009 WHERE pensum='5' AND c_uni_ca='6' AND c_asigna='300209' [1][0] OK
C:[21/06/2018 10:12:33.19][172.16.4.254][1396] SELECT par_cod_asig1,par_cod_asig2,par_cod_asig3 FROM tblaca009 WHERE pensum='5' AND c_uni_ca='6' AND c_asigna='300226' [1][0] OK
C:[21/06/2018 10:12:33.57][172.16.4.254][1526] SELECT horas_lab FROM tblaca008 WHERE c_asigna='300207' AND horas_teoricas > 0 [1][0] OK
C:[21/06/2018 10:12:33.57][172.16.4.254][1526] SELECT horas_lab FROM tblaca008 WHERE c_asigna='300209' AND horas_teoricas > 0 [1][0] OK
C:[21/06/2018 10:12:33.57][172.16.4.254][1526] SELECT horas_lab FROM tblaca008 WHERE c_asigna='300226' AND horas_teoricas > 0 [1][0] OK
C:[21/06/2018 11:08:49.96][172.16.4.254][1352] SELECT pre_cod_asig1,pre_cod_asig2,pre_cod_asig3,pre_cod_asig4,pre_cod_asig5,pre_cod_asig6,pre_cod_asig7 FROM tblaca009 WHERE pensum='5' AND c_uni_ca='5' AND c_asigna='300209' [1][0] OK
C:[21/06/2018 11:08:49.96][172.16.4.254][1365] SELECT c_asigna FROM dace004 WHERE exp_e='15-25935222' AND c_asigna='300101' AND status IN ('0','3','B') [1][0] OK
C:[21/06/2018 11:08:49.96][172.16.4.254][1352] SELECT pre_cod_asig1,pre_cod_asig2,pre_cod_asig3,pre_cod_asig4,pre_cod_asig5,pre_cod_asig6,pre_cod_asig7 FROM tblaca009 WHERE pensum='5' AND c_uni_ca='5' AND c_asigna='300222' [1][0] OK
C:[21/06/2018 11:08:49.96][172.16.4.254][1365] SELECT c_asigna FROM dace004 WHERE exp_e='15-25935222' AND c_asigna='300112' AND status IN ('0','3','B') [1][0] OK
C:[21/06/2018 11:08:49.46][172.16.4.254][1396] SELECT par_cod_asig1,par_cod_asig2,par_cod_asig3 FROM tblaca009 WHERE pensum='5' AND c_uni_ca='5' AND c_asigna='300209' [1][0] OK
C:[21/06/2018 11:08:49.46][172.16.4.254][1396] SELECT par_cod_asig1,par_cod_asig2,par_cod_asig3 FROM tblaca009 WHERE pensum='5' AND c_uni_ca='5' AND c_asigna='300222' [1][0] OK
C:[21/06/2018 11:08:49.77][172.16.4.254][1526] SELECT horas_lab FROM tblaca008 WHERE c_asigna='300209' AND horas_teoricas > 0 [1][0] OK
C:[21/06/2018 11:08:49.77][172.16.4.254][1526] SELECT horas_lab FROM tblaca008 WHERE c_asigna='300222' AND horas_teoricas > 0 [1][0] OK
C:[21/06/2018 14:17:23.20][172.16.4.254][1352] SELECT pre_cod_asig1,pre_cod_asig2,pre_cod_asig3,pre_cod_asig4,pre_cod_asig5,pre_cod_asig6,pre_cod_asig7 FROM tblaca009 WHERE pensum='5' AND c_uni_ca='4' AND c_asigna='300209' [1][0] OK
C:[21/06/2018 14:17:23.20][172.16.4.254][1365] SELECT c_asigna FROM dace004 WHERE exp_e='18-27730033' AND c_asigna='300101' AND status IN ('0','3','B') [1][0] OK
C:[21/06/2018 14:17:23.20][172.16.4.254][1352] SELECT pre_cod_asig1,pre_cod_asig2,pre_cod_asig3,pre_cod_asig4,pre_cod_asig5,pre_cod_asig6,pre_cod_asig7 FROM tblaca009 WHERE pensum='5' AND c_uni_ca='4' AND c_asigna='300213' [1][0] OK
C:[21/06/2018 14:17:23.20][172.16.4.254][1365] SELECT c_asigna FROM dace004 WHERE exp_e='18-27730033' AND c_asigna='300101' AND status IN ('0','3','B') [1][0] OK
C:[21/06/2018 14:17:23.20][172.16.4.254][1352] SELECT pre_cod_asig1,pre_cod_asig2,pre_cod_asig3,pre_cod_asig4,pre_cod_asig5,pre_cod_asig6,pre_cod_asig7 FROM tblaca009 WHERE pensum='5' AND c_uni_ca='4' AND c_asigna='300222' [1][0] OK
C:[21/06/2018 14:17:23.20][172.16.4.254][1365] SELECT c_asigna FROM dace004 WHERE exp_e='18-27730033' AND c_asigna='300112' AND status IN ('0','3','B') [1][0] OK
C:[21/06/2018 14:17:23.98][172.16.4.254][1396] SELECT par_cod_asig1,par_cod_asig2,par_cod_asig3 FROM tblaca009 WHERE pensum='5' AND c_uni_ca='4' AND c_asigna='300209' [1][0] OK
C:[21/06/2018 14:17:23.98][172.16.4.254][1396] SELECT par_cod_asig1,par_cod_asig2,par_cod_asig3 FROM tblaca009 WHERE pensum='5' AND c_uni_ca='4' AND c_asigna='300213' [1][0] OK
C:[21/06/2018 14:17:23.98][172.16.4.254][1410] SELECT c_asigna FROM dace004 WHERE exp_e='18-27730033' AND c_asigna='300209' AND status IN ('0','3','B','C') [0][0] OK
C:[21/06/2018 14:17:23.98][172.16.4.254][1396] SELECT par_cod_asig1,par_cod_asig2,par_cod_asig3 FROM tblaca009 WHERE pensum='5' AND c_uni_ca='4' AND c_asigna='300222' [1][0] OK
C:[21/06/2018 14:17:23.46][172.16.4.254][1526] SELECT horas_lab FROM tblaca008 WHERE c_asigna='300209' AND horas_teoricas > 0 [1][0] OK
C:[21/06/2018 14:17:23.46][172.16.4.254][1526] SELECT horas_lab FROM tblaca008 WHERE c_asigna='300213' AND horas_teoricas > 0 [1][0] OK
C:[21/06/2018 14:17:23.46][172.16.4.254][1526] SELECT horas_lab FROM tblaca008 WHERE c_asigna='300222' AND horas_teoricas > 0 [1][0] OK
C:[21/06/2018 14:34:31.69][172.16.4.254][1352] SELECT pre_cod_asig1,pre_cod_asig2,pre_cod_asig3,pre_cod_asig4,pre_cod_asig5,pre_cod_asig6,pre_cod_asig7 FROM tblaca009 WHERE pensum='5' AND c_uni_ca='4' AND c_asigna='300207' [1][0] OK
C:[21/06/2018 14:34:31.69][172.16.4.254][1365] SELECT c_asigna FROM dace004 WHERE exp_e='18-27527312' AND c_asigna='300101' AND status IN ('0','3','B') [1][0] OK
C:[21/06/2018 14:34:31.69][172.16.4.254][1352] SELECT pre_cod_asig1,pre_cod_asig2,pre_cod_asig3,pre_cod_asig4,pre_cod_asig5,pre_cod_asig6,pre_cod_asig7 FROM tblaca009 WHERE pensum='5' AND c_uni_ca='4' AND c_asigna='300209' [1][0] OK
C:[21/06/2018 14:34:31.69][172.16.4.254][1365] SELECT c_asigna FROM dace004 WHERE exp_e='18-27527312' AND c_asigna='300101' AND status IN ('0','3','B') [1][0] OK
C:[21/06/2018 14:34:31.69][172.16.4.254][1352] SELECT pre_cod_asig1,pre_cod_asig2,pre_cod_asig3,pre_cod_asig4,pre_cod_asig5,pre_cod_asig6,pre_cod_asig7 FROM tblaca009 WHERE pensum='5' AND c_uni_ca='4' AND c_asigna='300213' [1][0] OK
C:[21/06/2018 14:34:31.69][172.16.4.254][1365] SELECT c_asigna FROM dace004 WHERE exp_e='18-27527312' AND c_asigna='300101' AND status IN ('0','3','B') [1][0] OK
C:[21/06/2018 14:34:31.44][172.16.4.254][1396] SELECT par_cod_asig1,par_cod_asig2,par_cod_asig3 FROM tblaca009 WHERE pensum='5' AND c_uni_ca='4' AND c_asigna='300207' [1][0] OK
C:[21/06/2018 14:34:31.44][172.16.4.254][1396] SELECT par_cod_asig1,par_cod_asig2,par_cod_asig3 FROM tblaca009 WHERE pensum='5' AND c_uni_ca='4' AND c_asigna='300209' [1][0] OK
C:[21/06/2018 14:34:31.44][172.16.4.254][1396] SELECT par_cod_asig1,par_cod_asig2,par_cod_asig3 FROM tblaca009 WHERE pensum='5' AND c_uni_ca='4' AND c_asigna='300213' [1][0] OK
C:[21/06/2018 14:34:31.44][172.16.4.254][1410] SELECT c_asigna FROM dace004 WHERE exp_e='18-27527312' AND c_asigna='300209' AND status IN ('0','3','B','C') [0][0] OK
C:[21/06/2018 14:34:32.95][172.16.4.254][1526] SELECT horas_lab FROM tblaca008 WHERE c_asigna='300207' AND horas_teoricas > 0 [1][0] OK
C:[21/06/2018 14:34:32.95][172.16.4.254][1526] SELECT horas_lab FROM tblaca008 WHERE c_asigna='300209' AND horas_teoricas > 0 [1][0] OK
C:[21/06/2018 14:34:32.95][172.16.4.254][1526] SELECT horas_lab FROM tblaca008 WHERE c_asigna='300213' AND horas_teoricas > 0 [1][0] OK
C:[21/06/2018 14:36:27.96][172.16.4.254][1352] SELECT pre_cod_asig1,pre_cod_asig2,pre_cod_asig3,pre_cod_asig4,pre_cod_asig5,pre_cod_asig6,pre_cod_asig7 FROM tblaca009 WHERE pensum='5' AND c_uni_ca='4' AND c_asigna='300207' [1][0] OK
C:[21/06/2018 14:36:27.96][172.16.4.254][1365] SELECT c_asigna FROM dace004 WHERE exp_e='18-29589504' AND c_asigna='300101' AND status IN ('0','3','B') [1][0] OK
C:[21/06/2018 14:36:27.96][172.16.4.254][1352] SELECT pre_cod_asig1,pre_cod_asig2,pre_cod_asig3,pre_cod_asig4,pre_cod_asig5,pre_cod_asig6,pre_cod_asig7 FROM tblaca009 WHERE pensum='5' AND c_uni_ca='4' AND c_asigna='300209' [1][0] OK
C:[21/06/2018 14:36:27.96][172.16.4.254][1365] SELECT c_asigna FROM dace004 WHERE exp_e='18-29589504' AND c_asigna='300101' AND status IN ('0','3','B') [1][0] OK
C:[21/06/2018 14:36:27.96][172.16.4.254][1352] SELECT pre_cod_asig1,pre_cod_asig2,pre_cod_asig3,pre_cod_asig4,pre_cod_asig5,pre_cod_asig6,pre_cod_asig7 FROM tblaca009 WHERE pensum='5' AND c_uni_ca='4' AND c_asigna='300213' [1][0] OK
C:[21/06/2018 14:36:27.96][172.16.4.254][1365] SELECT c_asigna FROM dace004 WHERE exp_e='18-29589504' AND c_asigna='300101' AND status IN ('0','3','B') [1][0] OK
C:[21/06/2018 14:36:27.71][172.16.4.254][1396] SELECT par_cod_asig1,par_cod_asig2,par_cod_asig3 FROM tblaca009 WHERE pensum='5' AND c_uni_ca='4' AND c_asigna='300207' [1][0] OK
C:[21/06/2018 14:36:27.71][172.16.4.254][1396] SELECT par_cod_asig1,par_cod_asig2,par_cod_asig3 FROM tblaca009 WHERE pensum='5' AND c_uni_ca='4' AND c_asigna='300209' [1][0] OK
C:[21/06/2018 14:36:27.71][172.16.4.254][1396] SELECT par_cod_asig1,par_cod_asig2,par_cod_asig3 FROM tblaca009 WHERE pensum='5' AND c_uni_ca='4' AND c_asigna='300213' [1][0] OK
C:[21/06/2018 14:36:27.71][172.16.4.254][1410] SELECT c_asigna FROM dace004 WHERE exp_e='18-29589504' AND c_asigna='300209' AND status IN ('0','3','B','C') [0][0] OK
C:[21/06/2018 14:36:27.22][172.16.4.254][1526] SELECT horas_lab FROM tblaca008 WHERE c_asigna='300207' AND horas_teoricas > 0 [1][0] OK
C:[21/06/2018 14:36:27.22][172.16.4.254][1526] SELECT horas_lab FROM tblaca008 WHERE c_asigna='300209' AND horas_teoricas > 0 [1][0] OK
C:[21/06/2018 14:36:27.22][172.16.4.254][1526] SELECT horas_lab FROM tblaca008 WHERE c_asigna='300213' AND horas_teoricas > 0 [1][0] OK
C:[25/06/2018 09:08:20.28][172.16.4.242][1352] SELECT pre_cod_asig1,pre_cod_asig2,pre_cod_asig3,pre_cod_asig4,pre_cod_asig5,pre_cod_asig6,pre_cod_asig7 FROM tblaca009 WHERE pensum='5' AND c_uni_ca='4' AND c_asigna='300207' [1][0] OK
C:[25/06/2018 09:08:20.28][172.16.4.242][1365] SELECT c_asigna FROM dace004 WHERE exp_e='15-26936223' AND c_asigna='300101' AND status IN ('0','3','B') [1][0] OK
C:[25/06/2018 09:08:20.28][172.16.4.242][1352] SELECT pre_cod_asig1,pre_cod_asig2,pre_cod_asig3,pre_cod_asig4,pre_cod_asig5,pre_cod_asig6,pre_cod_asig7 FROM tblaca009 WHERE pensum='5' AND c_uni_ca='4' AND c_asigna='300209' [1][0] OK
C:[25/06/2018 09:08:20.28][172.16.4.242][1365] SELECT c_asigna FROM dace004 WHERE exp_e='15-26936223' AND c_asigna='300101' AND status IN ('0','3','B') [1][0] OK
C:[25/06/2018 09:08:20.28][172.16.4.242][1352] SELECT pre_cod_asig1,pre_cod_asig2,pre_cod_asig3,pre_cod_asig4,pre_cod_asig5,pre_cod_asig6,pre_cod_asig7 FROM tblaca009 WHERE pensum='5' AND c_uni_ca='4' AND c_asigna='300222' [1][0] OK
C:[25/06/2018 09:08:20.28][172.16.4.242][1365] SELECT c_asigna FROM dace004 WHERE exp_e='15-26936223' AND c_asigna='300112' AND status IN ('0','3','B') [1][0] OK
C:[25/06/2018 09:08:20.03][172.16.4.242][1396] SELECT par_cod_asig1,par_cod_asig2,par_cod_asig3 FROM tblaca009 WHERE pensum='5' AND c_uni_ca='4' AND c_asigna='300207' [1][0] OK
C:[25/06/2018 09:08:20.03][172.16.4.242][1396] SELECT par_cod_asig1,par_cod_asig2,par_cod_asig3 FROM tblaca009 WHERE pensum='5' AND c_uni_ca='4' AND c_asigna='300209' [1][0] OK
C:[25/06/2018 09:08:20.03][172.16.4.242][1396] SELECT par_cod_asig1,par_cod_asig2,par_cod_asig3 FROM tblaca009 WHERE pensum='5' AND c_uni_ca='4' AND c_asigna='300222' [1][0] OK
C:[25/06/2018 09:08:21.43][172.16.4.242][1526] SELECT horas_lab FROM tblaca008 WHERE c_asigna='300207' AND horas_teoricas > 0 [1][0] OK
C:[25/06/2018 09:08:21.43][172.16.4.242][1526] SELECT horas_lab FROM tblaca008 WHERE c_asigna='300209' AND horas_teoricas > 0 [1][0] OK
C:[25/06/2018 09:08:21.43][172.16.4.242][1526] SELECT horas_lab FROM tblaca008 WHERE c_asigna='300222' AND horas_teoricas > 0 [1][0] OK
C:[06/11/2018 09:51:19.36][172.17.118.246][1352] SELECT pre_cod_asig1,pre_cod_asig2,pre_cod_asig3,pre_cod_asig4,pre_cod_asig5,pre_cod_asig6,pre_cod_asig7 FROM tblaca009 WHERE pensum='5' AND c_uni_ca='6' AND c_asigna='300313' [1][0] OK
C:[06/11/2018 09:51:19.36][172.17.118.246][1365] SELECT c_asigna FROM dace004 WHERE exp_e='13-20507142' AND c_asigna='300213' AND status IN ('0','3','B') [1][0] OK
C:[06/11/2018 09:51:19.36][172.17.118.246][1365] SELECT c_asigna FROM dace004 WHERE exp_e='13-20507142' AND c_asigna='300226' AND status IN ('0','3','B') [1][0] OK
C:[06/11/2018 09:51:19.36][172.17.118.246][1365] SELECT c_asigna FROM dace004 WHERE exp_e='13-20507142' AND c_asigna='300222' AND status IN ('0','3','B') [1][0] OK
C:[06/11/2018 09:51:19.36][172.17.118.246][1365] SELECT c_asigna FROM dace004 WHERE exp_e='13-20507142' AND c_asigna='300209' AND status IN ('0','3','B') [1][0] OK
C:[06/11/2018 09:51:19.36][172.17.118.246][1352] SELECT pre_cod_asig1,pre_cod_asig2,pre_cod_asig3,pre_cod_asig4,pre_cod_asig5,pre_cod_asig6,pre_cod_asig7 FROM tblaca009 WHERE pensum='5' AND c_uni_ca='6' AND c_asigna='342436' [1][0] OK
C:[06/11/2018 09:51:19.36][172.17.118.246][1365] SELECT c_asigna FROM dace004 WHERE exp_e='13-20507142' AND c_asigna='300318' AND status IN ('0','3','B') [1][0] OK
C:[06/11/2018 09:51:19.36][172.17.118.246][1365] SELECT c_asigna FROM dace004 WHERE exp_e='13-20507142' AND c_asigna='300317' AND status IN ('0','3','B') [1][0] OK
C:[06/11/2018 09:51:19.36][172.17.118.246][1352] SELECT pre_cod_asig1,pre_cod_asig2,pre_cod_asig3,pre_cod_asig4,pre_cod_asig5,pre_cod_asig6,pre_cod_asig7 FROM tblaca009 WHERE pensum='5' AND c_uni_ca='6' AND c_asigna='342444' [1][0] OK
C:[06/11/2018 09:51:19.36][172.17.118.246][1365] SELECT c_asigna FROM dace004 WHERE exp_e='13-20507142' AND c_asigna='340323' AND status IN ('0','3','B') [1][0] OK
C:[06/11/2018 09:51:19.36][172.17.118.246][1352] SELECT pre_cod_asig1,pre_cod_asig2,pre_cod_asig3,pre_cod_asig4,pre_cod_asig5,pre_cod_asig6,pre_cod_asig7 FROM tblaca009 WHERE pensum='5' AND c_uni_ca='6' AND c_asigna='311561' [1][0] OK
C:[06/11/2018 09:51:19.36][172.17.118.246][1365] SELECT c_asigna FROM dace004 WHERE exp_e='13-20507142' AND c_asigna='300318' AND status IN ('0','3','B') [1][0] OK
C:[06/11/2018 09:51:20.86][172.17.118.246][1396] SELECT par_cod_asig1,par_cod_asig2,par_cod_asig3 FROM tblaca009 WHERE pensum='5' AND c_uni_ca='6' AND c_asigna='300313' [1][0] OK
C:[06/11/2018 09:51:20.86][172.17.118.246][1396] SELECT par_cod_asig1,par_cod_asig2,par_cod_asig3 FROM tblaca009 WHERE pensum='5' AND c_uni_ca='6' AND c_asigna='342436' [1][0] OK
C:[06/11/2018 09:51:20.86][172.17.118.246][1396] SELECT par_cod_asig1,par_cod_asig2,par_cod_asig3 FROM tblaca009 WHERE pensum='5' AND c_uni_ca='6' AND c_asigna='342444' [1][0] OK
C:[06/11/2018 09:51:20.86][172.17.118.246][1396] SELECT par_cod_asig1,par_cod_asig2,par_cod_asig3 FROM tblaca009 WHERE pensum='5' AND c_uni_ca='6' AND c_asigna='311561' [1][0] OK
C:[06/11/2018 09:51:20.39][172.17.118.246][1526] SELECT horas_lab FROM tblaca008 WHERE c_asigna='300313' AND horas_teoricas > 0 [1][0] OK
C:[06/11/2018 09:51:20.39][172.17.118.246][1526] SELECT horas_lab FROM tblaca008 WHERE c_asigna='342436' AND horas_teoricas > 0 [1][0] OK
C:[06/11/2018 09:51:20.39][172.17.118.246][1526] SELECT horas_lab FROM tblaca008 WHERE c_asigna='342444' AND horas_teoricas > 0 [1][0] OK
C:[06/11/2018 09:51:20.39][172.17.118.246][1526] SELECT horas_lab FROM tblaca008 WHERE c_asigna='311561' AND horas_teoricas > 0 [1][0] OK
C:[06/11/2018 09:53:37.85][172.17.137.27][1352] SELECT pre_cod_asig1,pre_cod_asig2,pre_cod_asig3,pre_cod_asig4,pre_cod_asig5,pre_cod_asig6,pre_cod_asig7 FROM tblaca009 WHERE pensum='5' AND c_uni_ca='2' AND c_asigna='300207' [1][0] OK
C:[06/11/2018 09:53:37.85][172.17.137.27][1365] SELECT c_asigna FROM dace004 WHERE exp_e='17-27308490' AND c_asigna='300101' AND status IN ('0','3','B') [1][0] OK
C:[06/11/2018 09:53:37.85][172.17.137.27][1352] SELECT pre_cod_asig1,pre_cod_asig2,pre_cod_asig3,pre_cod_asig4,pre_cod_asig5,pre_cod_asig6,pre_cod_asig7 FROM tblaca009 WHERE pensum='5' AND c_uni_ca='2' AND c_asigna='300209' [1][0] OK
C:[06/11/2018 09:53:37.85][172.17.137.27][1365] SELECT c_asigna FROM dace004 WHERE exp_e='17-27308490' AND c_asigna='300101' AND status IN ('0','3','B') [1][0] OK
C:[06/11/2018 09:53:37.85][172.17.137.27][1352] SELECT pre_cod_asig1,pre_cod_asig2,pre_cod_asig3,pre_cod_asig4,pre_cod_asig5,pre_cod_asig6,pre_cod_asig7 FROM tblaca009 WHERE pensum='5' AND c_uni_ca='2' AND c_asigna='322449' [1][0] OK
C:[06/11/2018 09:53:37.85][172.17.137.27][1365] SELECT c_asigna FROM dace004 WHERE exp_e='17-27308490' AND c_asigna='300222' AND status IN ('0','3','B') [1][0] OK
C:[06/11/2018 09:53:37.85][172.17.137.27][1352] SELECT pre_cod_asig1,pre_cod_asig2,pre_cod_asig3,pre_cod_asig4,pre_cod_asig5,pre_cod_asig6,pre_cod_asig7 FROM tblaca009 WHERE pensum='5' AND c_uni_ca='2' AND c_asigna='300213' [1][0] OK
C:[06/11/2018 09:53:37.85][172.17.137.27][1365] SELECT c_asigna FROM dace004 WHERE exp_e='17-27308490' AND c_asigna='300101' AND status IN ('0','3','B') [1][0] OK
C:[06/11/2018 09:53:37.85][172.17.137.27][1352] SELECT pre_cod_asig1,pre_cod_asig2,pre_cod_asig3,pre_cod_asig4,pre_cod_asig5,pre_cod_asig6,pre_cod_asig7 FROM tblaca009 WHERE pensum='5' AND c_uni_ca='2' AND c_asigna='300228' [1][0] OK
C:[06/11/2018 09:53:37.85][172.17.137.27][1365] SELECT c_asigna FROM dace004 WHERE exp_e='17-27308490' AND c_asigna='300101' AND status IN ('0','3','B') [1][0] OK
C:[06/11/2018 09:53:38.10][172.17.137.27][1396] SELECT par_cod_asig1,par_cod_asig2,par_cod_asig3 FROM tblaca009 WHERE pensum='5' AND c_uni_ca='2' AND c_asigna='300207' [1][0] OK
C:[06/11/2018 09:53:38.10][172.17.137.27][1396] SELECT par_cod_asig1,par_cod_asig2,par_cod_asig3 FROM tblaca009 WHERE pensum='5' AND c_uni_ca='2' AND c_asigna='300209' [1][0] OK
C:[06/11/2018 09:53:38.10][172.17.137.27][1396] SELECT par_cod_asig1,par_cod_asig2,par_cod_asig3 FROM tblaca009 WHERE pensum='5' AND c_uni_ca='2' AND c_asigna='322449' [1][0] OK
C:[06/11/2018 09:53:38.10][172.17.137.27][1396] SELECT par_cod_asig1,par_cod_asig2,par_cod_asig3 FROM tblaca009 WHERE pensum='5' AND c_uni_ca='2' AND c_asigna='300213' [1][0] OK
C:[06/11/2018 09:53:38.10][172.17.137.27][1410] SELECT c_asigna FROM dace004 WHERE exp_e='17-27308490' AND c_asigna='300209' AND status IN ('0','3','B','C') [0][0] OK
C:[06/11/2018 09:53:38.10][172.17.137.27][1396] SELECT par_cod_asig1,par_cod_asig2,par_cod_asig3 FROM tblaca009 WHERE pensum='5' AND c_uni_ca='2' AND c_asigna='300228' [1][0] OK
C:[06/11/2018 09:53:38.91][172.17.137.27][1526] SELECT horas_lab FROM tblaca008 WHERE c_asigna='300207' AND horas_teoricas > 0 [1][0] OK
C:[06/11/2018 09:53:38.91][172.17.137.27][1526] SELECT horas_lab FROM tblaca008 WHERE c_asigna='300209' AND horas_teoricas > 0 [1][0] OK
C:[06/11/2018 09:53:38.91][172.17.137.27][1526] SELECT horas_lab FROM tblaca008 WHERE c_asigna='322449' AND horas_teoricas > 0 [1][0] OK
C:[06/11/2018 09:53:51.41][172.17.119.113][1352] SELECT pre_cod_asig1,pre_cod_asig2,pre_cod_asig3,pre_cod_asig4,pre_cod_asig5,pre_cod_asig6,pre_cod_asig7 FROM tblaca009 WHERE pensum='5' AND c_uni_ca='5' AND c_asigna='300013' [1][0] OK
C:[06/11/2018 09:53:51.41][172.17.119.113][1352] SELECT pre_cod_asig1,pre_cod_asig2,pre_cod_asig3,pre_cod_asig4,pre_cod_asig5,pre_cod_asig6,pre_cod_asig7 FROM tblaca009 WHERE pensum='5' AND c_uni_ca='5' AND c_asigna='300113' [1][0] OK
C:[06/11/2018 09:53:51.41][172.17.119.113][1352] SELECT pre_cod_asig1,pre_cod_asig2,pre_cod_asig3,pre_cod_asig4,pre_cod_asig5,pre_cod_asig6,pre_cod_asig7 FROM tblaca009 WHERE pensum='5' AND c_uni_ca='5' AND c_asigna='300116' [1][0] OK
C:[06/11/2018 09:53:51.41][172.17.119.113][1352] SELECT pre_cod_asig1,pre_cod_asig2,pre_cod_asig3,pre_cod_asig4,pre_cod_asig5,pre_cod_asig6,pre_cod_asig7 FROM tblaca009 WHERE pensum='5' AND c_uni_ca='5' AND c_asigna='300207' [1][0] OK
C:[06/11/2018 09:53:51.41][172.17.119.113][1365] SELECT c_asigna FROM dace004 WHERE exp_e='18-29643227' AND c_asigna='300101' AND status IN ('0','3','B') [1][0] OK
C:[06/11/2018 09:53:51.41][172.17.119.113][1352] SELECT pre_cod_asig1,pre_cod_asig2,pre_cod_asig3,pre_cod_asig4,pre_cod_asig5,pre_cod_asig6,pre_cod_asig7 FROM tblaca009 WHERE pensum='5' AND c_uni_ca='5' AND c_asigna='300209' [1][0] OK
C:[06/11/2018 09:53:51.41][172.17.119.113][1365] SELECT c_asigna FROM dace004 WHERE exp_e='18-29643227' AND c_asigna='300101' AND status IN ('0','3','B') [1][0] OK
C:[06/11/2018 09:53:51.41][172.17.119.113][1352] SELECT pre_cod_asig1,pre_cod_asig2,pre_cod_asig3,pre_cod_asig4,pre_cod_asig5,pre_cod_asig6,pre_cod_asig7 FROM tblaca009 WHERE pensum='5' AND c_uni_ca='5' AND c_asigna='300213' [1][0] OK
C:[06/11/2018 09:53:51.41][172.17.119.113][1365] SELECT c_asigna FROM dace004 WHERE exp_e='18-29643227' AND c_asigna='300101' AND status IN ('0','3','B') [1][0] OK
C:[06/11/2018 09:53:52.55][172.17.119.113][1396] SELECT par_cod_asig1,par_cod_asig2,par_cod_asig3 FROM tblaca009 WHERE pensum='5' AND c_uni_ca='5' AND c_asigna='300013' [1][0] OK
C:[06/11/2018 09:53:52.55][172.17.119.113][1396] SELECT par_cod_asig1,par_cod_asig2,par_cod_asig3 FROM tblaca009 WHERE pensum='5' AND c_uni_ca='5' AND c_asigna='300113' [1][0] OK
C:[06/11/2018 09:53:52.55][172.17.119.113][1410] SELECT c_asigna FROM dace004 WHERE exp_e='18-29643227' AND c_asigna='300013' AND status IN ('0','3','B','C') [0][0] OK
C:[06/11/2018 09:53:52.55][172.17.119.113][1396] SELECT par_cod_asig1,par_cod_asig2,par_cod_asig3 FROM tblaca009 WHERE pensum='5' AND c_uni_ca='5' AND c_asigna='300116' [1][0] OK
C:[06/11/2018 09:53:52.55][172.17.119.113][1396] SELECT par_cod_asig1,par_cod_asig2,par_cod_asig3 FROM tblaca009 WHERE pensum='5' AND c_uni_ca='5' AND c_asigna='300207' [1][0] OK
C:[06/11/2018 09:53:52.55][172.17.119.113][1396] SELECT par_cod_asig1,par_cod_asig2,par_cod_asig3 FROM tblaca009 WHERE pensum='5' AND c_uni_ca='5' AND c_asigna='300209' [1][0] OK
C:[06/11/2018 09:53:52.55][172.17.119.113][1396] SELECT par_cod_asig1,par_cod_asig2,par_cod_asig3 FROM tblaca009 WHERE pensum='5' AND c_uni_ca='5' AND c_asigna='300213' [1][0] OK
C:[06/11/2018 09:53:52.55][172.17.119.113][1410] SELECT c_asigna FROM dace004 WHERE exp_e='18-29643227' AND c_asigna='300209' AND status IN ('0','3','B','C') [0][0] OK
C:[06/11/2018 09:53:52.56][172.17.119.113][1526] SELECT horas_lab FROM tblaca008 WHERE c_asigna='300013' AND horas_teoricas > 0 [1][0] OK
C:[06/11/2018 09:53:52.56][172.17.119.113][1526] SELECT horas_lab FROM tblaca008 WHERE c_asigna='300113' AND horas_teoricas > 0 [0][0] OK
C:[06/11/2018 09:53:52.56][172.17.119.113][1526] SELECT horas_lab FROM tblaca008 WHERE c_asigna='300116' AND horas_teoricas > 0 [1][0] OK
C:[06/11/2018 09:53:52.56][172.17.119.113][1526] SELECT horas_lab FROM tblaca008 WHERE c_asigna='300207' AND horas_teoricas > 0 [1][0] OK
C:[06/11/2018 09:53:52.56][172.17.119.113][1526] SELECT horas_lab FROM tblaca008 WHERE c_asigna='300209' AND horas_teoricas > 0 [1][0] OK
C:[06/11/2018 09:58:25.31][172.17.119.113][1352] SELECT pre_cod_asig1,pre_cod_asig2,pre_cod_asig3,pre_cod_asig4,pre_cod_asig5,pre_cod_asig6,pre_cod_asig7 FROM tblaca009 WHERE pensum='5' AND c_uni_ca='2' AND c_asigna='300013' [1][0] OK
C:[06/11/2018 09:58:25.31][172.17.119.113][1352] SELECT pre_cod_asig1,pre_cod_asig2,pre_cod_asig3,pre_cod_asig4,pre_cod_asig5,pre_cod_asig6,pre_cod_asig7 FROM tblaca009 WHERE pensum='5' AND c_uni_ca='2' AND c_asigna='300101' [1][0] OK
C:[06/11/2018 09:58:25.31][172.17.119.113][1352] SELECT pre_cod_asig1,pre_cod_asig2,pre_cod_asig3,pre_cod_asig4,pre_cod_asig5,pre_cod_asig6,pre_cod_asig7 FROM tblaca009 WHERE pensum='5' AND c_uni_ca='2' AND c_asigna='300113' [1][0] OK
C:[06/11/2018 09:58:25.31][172.17.119.113][1352] SELECT pre_cod_asig1,pre_cod_asig2,pre_cod_asig3,pre_cod_asig4,pre_cod_asig5,pre_cod_asig6,pre_cod_asig7 FROM tblaca009 WHERE pensum='5' AND c_uni_ca='2' AND c_asigna='300116' [1][0] OK
C:[06/11/2018 09:58:25.31][172.17.119.113][1352] SELECT pre_cod_asig1,pre_cod_asig2,pre_cod_asig3,pre_cod_asig4,pre_cod_asig5,pre_cod_asig6,pre_cod_asig7 FROM tblaca009 WHERE pensum='5' AND c_uni_ca='2' AND c_asigna='300314' [1][0] OK
C:[06/11/2018 09:58:25.31][172.17.119.113][1365] SELECT c_asigna FROM dace004 WHERE exp_e='18-27923487' AND c_asigna='300106' AND status IN ('0','3','B') [1][0] OK
C:[06/11/2018 09:58:25.14][172.17.119.113][1396] SELECT par_cod_asig1,par_cod_asig2,par_cod_asig3 FROM tblaca009 WHERE pensum='5' AND c_uni_ca='2' AND c_asigna='300013' [1][0] OK
C:[06/11/2018 09:58:25.14][172.17.119.113][1396] SELECT par_cod_asig1,par_cod_asig2,par_cod_asig3 FROM tblaca009 WHERE pensum='5' AND c_uni_ca='2' AND c_asigna='300101' [1][0] OK
C:[06/11/2018 09:58:25.14][172.17.119.113][1396] SELECT par_cod_asig1,par_cod_asig2,par_cod_asig3 FROM tblaca009 WHERE pensum='5' AND c_uni_ca='2' AND c_asigna='300113' [1][0] OK
C:[06/11/2018 09:58:25.14][172.17.119.113][1410] SELECT c_asigna FROM dace004 WHERE exp_e='18-27923487' AND c_asigna='300013' AND status IN ('0','3','B','C') [0][0] OK
C:[06/11/2018 09:58:25.14][172.17.119.113][1396] SELECT par_cod_asig1,par_cod_asig2,par_cod_asig3 FROM tblaca009 WHERE pensum='5' AND c_uni_ca='2' AND c_asigna='300116' [1][0] OK
C:[06/11/2018 09:58:25.14][172.17.119.113][1396] SELECT par_cod_asig1,par_cod_asig2,par_cod_asig3 FROM tblaca009 WHERE pensum='5' AND c_uni_ca='2' AND c_asigna='300314' [1][0] OK
C:[06/11/2018 09:58:25.84][172.17.119.113][1526] SELECT horas_lab FROM tblaca008 WHERE c_asigna='300013' AND horas_teoricas > 0 [1][0] OK
C:[06/11/2018 09:58:25.84][172.17.119.113][1526] SELECT horas_lab FROM tblaca008 WHERE c_asigna='300101' AND horas_teoricas > 0 [1][0] OK
C:[06/11/2018 09:58:25.84][172.17.119.113][1526] SELECT horas_lab FROM tblaca008 WHERE c_asigna='300113' AND horas_teoricas > 0 [0][0] OK
C:[06/11/2018 09:58:25.84][172.17.119.113][1526] SELECT horas_lab FROM tblaca008 WHERE c_asigna='300116' AND horas_teoricas > 0 [1][0] OK
C:[06/11/2018 09:58:25.84][172.17.119.113][1526] SELECT horas_lab FROM tblaca008 WHERE c_asigna='300314' AND horas_teoricas > 0 [0][0] OK
C:[06/11/2018 10:05:03.70][172.17.119.113][1352] SELECT pre_cod_asig1,pre_cod_asig2,pre_cod_asig3,pre_cod_asig4,pre_cod_asig5,pre_cod_asig6,pre_cod_asig7 FROM tblaca009 WHERE pensum='5' AND c_uni_ca='5' AND c_asigna='300013' [1][0] OK
C:[06/11/2018 10:05:03.70][172.17.119.113][1352] SELECT pre_cod_asig1,pre_cod_asig2,pre_cod_asig3,pre_cod_asig4,pre_cod_asig5,pre_cod_asig6,pre_cod_asig7 FROM tblaca009 WHERE pensum='5' AND c_uni_ca='5' AND c_asigna='300101' [1][0] OK
C:[06/11/2018 10:05:03.70][172.17.119.113][1352] SELECT pre_cod_asig1,pre_cod_asig2,pre_cod_asig3,pre_cod_asig4,pre_cod_asig5,pre_cod_asig6,pre_cod_asig7 FROM tblaca009 WHERE pensum='5' AND c_uni_ca='5' AND c_asigna='300113' [1][0] OK
C:[06/11/2018 10:05:03.70][172.17.119.113][1352] SELECT pre_cod_asig1,pre_cod_asig2,pre_cod_asig3,pre_cod_asig4,pre_cod_asig5,pre_cod_asig6,pre_cod_asig7 FROM tblaca009 WHERE pensum='5' AND c_uni_ca='5' AND c_asigna='300314' [1][0] OK
C:[06/11/2018 10:05:03.70][172.17.119.113][1365] SELECT c_asigna FROM dace004 WHERE exp_e='18-27380515' AND c_asigna='300106' AND status IN ('0','3','B') [1][0] OK
C:[06/11/2018 10:05:03.32][172.17.119.113][1396] SELECT par_cod_asig1,par_cod_asig2,par_cod_asig3 FROM tblaca009 WHERE pensum='5' AND c_uni_ca='5' AND c_asigna='300013' [1][0] OK
C:[06/11/2018 10:05:03.32][172.17.119.113][1396] SELECT par_cod_asig1,par_cod_asig2,par_cod_asig3 FROM tblaca009 WHERE pensum='5' AND c_uni_ca='5' AND c_asigna='300101' [1][0] OK
C:[06/11/2018 10:05:03.32][172.17.119.113][1396] SELECT par_cod_asig1,par_cod_asig2,par_cod_asig3 FROM tblaca009 WHERE pensum='5' AND c_uni_ca='5' AND c_asigna='300113' [1][0] OK
C:[06/11/2018 10:05:03.32][172.17.119.113][1410] SELECT c_asigna FROM dace004 WHERE exp_e='18-27380515' AND c_asigna='300013' AND status IN ('0','3','B','C') [0][0] OK
C:[06/11/2018 10:05:03.32][172.17.119.113][1396] SELECT par_cod_asig1,par_cod_asig2,par_cod_asig3 FROM tblaca009 WHERE pensum='5' AND c_uni_ca='5' AND c_asigna='300314' [1][0] OK
C:[06/11/2018 10:05:03.98][172.17.119.113][1526] SELECT horas_lab FROM tblaca008 WHERE c_asigna='300013' AND horas_teoricas > 0 [1][0] OK
C:[06/11/2018 10:05:03.98][172.17.119.113][1526] SELECT horas_lab FROM tblaca008 WHERE c_asigna='300101' AND horas_teoricas > 0 [1][0] OK
C:[06/11/2018 10:05:03.98][172.17.119.113][1526] SELECT horas_lab FROM tblaca008 WHERE c_asigna='300113' AND horas_teoricas > 0 [0][0] OK
C:[06/11/2018 10:05:03.98][172.17.119.113][1526] SELECT horas_lab FROM tblaca008 WHERE c_asigna='300314' AND horas_teoricas > 0 [0][0] OK
C:[06/11/2018 10:06:04.98][172.17.137.27][1352] SELECT pre_cod_asig1,pre_cod_asig2,pre_cod_asig3,pre_cod_asig4,pre_cod_asig5,pre_cod_asig6,pre_cod_asig7 FROM tblaca009 WHERE pensum='5' AND c_uni_ca='5' AND c_asigna='300207' [1][0] OK
C:[06/11/2018 10:06:04.98][172.17.137.27][1365] SELECT c_asigna FROM dace004 WHERE exp_e='17-26676543' AND c_asigna='300101' AND status IN ('0','3','B') [1][0] OK
C:[06/11/2018 10:06:04.98][172.17.137.27][1352] SELECT pre_cod_asig1,pre_cod_asig2,pre_cod_asig3,pre_cod_asig4,pre_cod_asig5,pre_cod_asig6,pre_cod_asig7 FROM tblaca009 WHERE pensum='5' AND c_uni_ca='5' AND c_asigna='300209' [1][0] OK
C:[06/11/2018 10:06:04.98][172.17.137.27][1365] SELECT c_asigna FROM dace004 WHERE exp_e='17-26676543' AND c_asigna='300101' AND status IN ('0','3','B') [1][0] OK
C:[06/11/2018 10:06:04.98][172.17.137.27][1352] SELECT pre_cod_asig1,pre_cod_asig2,pre_cod_asig3,pre_cod_asig4,pre_cod_asig5,pre_cod_asig6,pre_cod_asig7 FROM tblaca009 WHERE pensum='5' AND c_uni_ca='5' AND c_asigna='300213' [1][0] OK
C:[06/11/2018 10:06:04.98][172.17.137.27][1365] SELECT c_asigna FROM dace004 WHERE exp_e='17-26676543' AND c_asigna='300101' AND status IN ('0','3','B') [1][0] OK
C:[06/11/2018 10:06:04.98][172.17.137.27][1352] SELECT pre_cod_asig1,pre_cod_asig2,pre_cod_asig3,pre_cod_asig4,pre_cod_asig5,pre_cod_asig6,pre_cod_asig7 FROM tblaca009 WHERE pensum='5' AND c_uni_ca='5' AND c_asigna='300222' [1][0] OK
C:[06/11/2018 10:06:04.98][172.17.137.27][1365] SELECT c_asigna FROM dace004 WHERE exp_e='17-26676543' AND c_asigna='300112' AND status IN ('0','3','B') [1][0] OK
C:[06/11/2018 10:06:05.98][172.17.137.27][1396] SELECT par_cod_asig1,par_cod_asig2,par_cod_asig3 FROM tblaca009 WHERE pensum='5' AND c_uni_ca='5' AND c_asigna='300207' [1][0] OK
C:[06/11/2018 10:06:05.98][172.17.137.27][1396] SELECT par_cod_asig1,par_cod_asig2,par_cod_asig3 FROM tblaca009 WHERE pensum='5' AND c_uni_ca='5' AND c_asigna='300209' [1][0] OK
C:[06/11/2018 10:06:05.98][172.17.137.27][1396] SELECT par_cod_asig1,par_cod_asig2,par_cod_asig3 FROM tblaca009 WHERE pensum='5' AND c_uni_ca='5' AND c_asigna='300213' [1][0] OK
C:[06/11/2018 10:06:05.98][172.17.137.27][1410] SELECT c_asigna FROM dace004 WHERE exp_e='17-26676543' AND c_asigna='300209' AND status IN ('0','3','B','C') [0][0] OK
C:[06/11/2018 10:06:05.98][172.17.137.27][1396] SELECT par_cod_asig1,par_cod_asig2,par_cod_asig3 FROM tblaca009 WHERE pensum='5' AND c_uni_ca='5' AND c_asigna='300222' [1][0] OK
C:[06/11/2018 10:06:05.67][172.17.137.27][1526] SELECT horas_lab FROM tblaca008 WHERE c_asigna='300207' AND horas_teoricas > 0 [1][0] OK
C:[06/11/2018 10:06:05.67][172.17.137.27][1526] SELECT horas_lab FROM tblaca008 WHERE c_asigna='300209' AND horas_teoricas > 0 [1][0] OK
C:[06/11/2018 10:07:30.63][172.17.119.113][1352] SELECT pre_cod_asig1,pre_cod_asig2,pre_cod_asig3,pre_cod_asig4,pre_cod_asig5,pre_cod_asig6,pre_cod_asig7 FROM tblaca009 WHERE pensum='5' AND c_uni_ca='2' AND c_asigna='300013' [1][0] OK
C:[06/11/2018 10:07:30.63][172.17.119.113][1352] SELECT pre_cod_asig1,pre_cod_asig2,pre_cod_asig3,pre_cod_asig4,pre_cod_asig5,pre_cod_asig6,pre_cod_asig7 FROM tblaca009 WHERE pensum='5' AND c_uni_ca='2' AND c_asigna='300101' [1][0] OK
C:[06/11/2018 10:07:30.63][172.17.119.113][1352] SELECT pre_cod_asig1,pre_cod_asig2,pre_cod_asig3,pre_cod_asig4,pre_cod_asig5,pre_cod_asig6,pre_cod_asig7 FROM tblaca009 WHERE pensum='5' AND c_uni_ca='2' AND c_asigna='300113' [1][0] OK
C:[06/11/2018 10:07:30.63][172.17.119.113][1352] SELECT pre_cod_asig1,pre_cod_asig2,pre_cod_asig3,pre_cod_asig4,pre_cod_asig5,pre_cod_asig6,pre_cod_asig7 FROM tblaca009 WHERE pensum='5' AND c_uni_ca='2' AND c_asigna='300116' [1][0] OK
C:[06/11/2018 10:07:30.63][172.17.119.113][1352] SELECT pre_cod_asig1,pre_cod_asig2,pre_cod_asig3,pre_cod_asig4,pre_cod_asig5,pre_cod_asig6,pre_cod_asig7 FROM tblaca009 WHERE pensum='5' AND c_uni_ca='2' AND c_asigna='300314' [1][0] OK
C:[06/11/2018 10:07:30.63][172.17.119.113][1365] SELECT c_asigna FROM dace004 WHERE exp_e='18-27923487' AND c_asigna='300106' AND status IN ('0','3','B') [1][0] OK
C:[06/11/2018 10:07:30.39][172.17.119.113][1396] SELECT par_cod_asig1,par_cod_asig2,par_cod_asig3 FROM tblaca009 WHERE pensum='5' AND c_uni_ca='2' AND c_asigna='300013' [1][0] OK
C:[06/11/2018 10:07:30.39][172.17.119.113][1396] SELECT par_cod_asig1,par_cod_asig2,par_cod_asig3 FROM tblaca009 WHERE pensum='5' AND c_uni_ca='2' AND c_asigna='300101' [1][0] OK
C:[06/11/2018 10:07:30.39][172.17.119.113][1396] SELECT par_cod_asig1,par_cod_asig2,par_cod_asig3 FROM tblaca009 WHERE pensum='5' AND c_uni_ca='2' AND c_asigna='300113' [1][0] OK
C:[06/11/2018 10:07:30.39][172.17.119.113][1410] SELECT c_asigna FROM dace004 WHERE exp_e='18-27923487' AND c_asigna='300013' AND status IN ('0','3','B','C') [0][0] OK
C:[06/11/2018 10:07:30.39][172.17.119.113][1396] SELECT par_cod_asig1,par_cod_asig2,par_cod_asig3 FROM tblaca009 WHERE pensum='5' AND c_uni_ca='2' AND c_asigna='300116' [1][0] OK
C:[06/11/2018 10:07:30.39][172.17.119.113][1396] SELECT par_cod_asig1,par_cod_asig2,par_cod_asig3 FROM tblaca009 WHERE pensum='5' AND c_uni_ca='2' AND c_asigna='300314' [1][0] OK
C:[06/11/2018 10:07:31.16][172.17.119.113][1526] SELECT horas_lab FROM tblaca008 WHERE c_asigna='300013' AND horas_teoricas > 0 [1][0] OK
C:[06/11/2018 10:07:31.16][172.17.119.113][1526] SELECT horas_lab FROM tblaca008 WHERE c_asigna='300101' AND horas_teoricas > 0 [1][0] OK
C:[06/11/2018 10:07:31.16][172.17.119.113][1526] SELECT horas_lab FROM tblaca008 WHERE c_asigna='300113' AND horas_teoricas > 0 [0][0] OK
C:[06/11/2018 10:07:31.16][172.17.119.113][1526] SELECT horas_lab FROM tblaca008 WHERE c_asigna='300116' AND horas_teoricas > 0 [1][0] OK
C:[06/11/2018 10:07:31.16][172.17.119.113][1526] SELECT horas_lab FROM tblaca008 WHERE c_asigna='300314' AND horas_teoricas > 0 [0][0] OK
C:[06/11/2018 10:12:38.09][172.17.119.113][1352] SELECT pre_cod_asig1,pre_cod_asig2,pre_cod_asig3,pre_cod_asig4,pre_cod_asig5,pre_cod_asig6,pre_cod_asig7 FROM tblaca009 WHERE pensum='5' AND c_uni_ca='4' AND c_asigna='300207' [1][0] OK
C:[06/11/2018 10:12:38.09][172.17.119.113][1365] SELECT c_asigna FROM dace004 WHERE exp_e='16-27296927' AND c_asigna='300101' AND status IN ('0','3','B') [1][0] OK
C:[06/11/2018 10:12:38.09][172.17.119.113][1352] SELECT pre_cod_asig1,pre_cod_asig2,pre_cod_asig3,pre_cod_asig4,pre_cod_asig5,pre_cod_asig6,pre_cod_asig7 FROM tblaca009 WHERE pensum='5' AND c_uni_ca='4' AND c_asigna='300209' [1][0] OK
C:[06/11/2018 10:12:38.09][172.17.119.113][1365] SELECT c_asigna FROM dace004 WHERE exp_e='16-27296927' AND c_asigna='300101' AND status IN ('0','3','B') [1][0] OK
C:[06/11/2018 10:12:38.09][172.17.119.113][1352] SELECT pre_cod_asig1,pre_cod_asig2,pre_cod_asig3,pre_cod_asig4,pre_cod_asig5,pre_cod_asig6,pre_cod_asig7 FROM tblaca009 WHERE pensum='5' AND c_uni_ca='4' AND c_asigna='300213' [1][0] OK
C:[06/11/2018 10:12:38.09][172.17.119.113][1365] SELECT c_asigna FROM dace004 WHERE exp_e='16-27296927' AND c_asigna='300101' AND status IN ('0','3','B') [1][0] OK
C:[06/11/2018 10:12:38.09][172.17.119.113][1352] SELECT pre_cod_asig1,pre_cod_asig2,pre_cod_asig3,pre_cod_asig4,pre_cod_asig5,pre_cod_asig6,pre_cod_asig7 FROM tblaca009 WHERE pensum='5' AND c_uni_ca='4' AND c_asigna='300218' [1][0] OK
C:[06/11/2018 10:12:38.09][172.17.119.113][1365] SELECT c_asigna FROM dace004 WHERE exp_e='16-27296927' AND c_asigna='300101' AND status IN ('0','3','B') [1][0] OK
C:[06/11/2018 10:12:38.09][172.17.119.113][1352] SELECT pre_cod_asig1,pre_cod_asig2,pre_cod_asig3,pre_cod_asig4,pre_cod_asig5,pre_cod_asig6,pre_cod_asig7 FROM tblaca009 WHERE pensum='5' AND c_uni_ca='4' AND c_asigna='300222' [1][0] OK
C:[06/11/2018 10:12:38.09][172.17.119.113][1365] SELECT c_asigna FROM dace004 WHERE exp_e='16-27296927' AND c_asigna='300112' AND status IN ('0','3','B') [1][0] OK
C:[06/11/2018 10:12:38.09][172.17.119.113][1352] SELECT pre_cod_asig1,pre_cod_asig2,pre_cod_asig3,pre_cod_asig4,pre_cod_asig5,pre_cod_asig6,pre_cod_asig7 FROM tblaca009 WHERE pensum='5' AND c_uni_ca='4' AND c_asigna='300228' [1][0] OK
C:[06/11/2018 10:12:38.09][172.17.119.113][1365] SELECT c_asigna FROM dace004 WHERE exp_e='16-27296927' AND c_asigna='300101' AND status IN ('0','3','B') [1][0] OK
C:[06/11/2018 10:12:38.58][172.17.119.113][1396] SELECT par_cod_asig1,par_cod_asig2,par_cod_asig3 FROM tblaca009 WHERE pensum='5' AND c_uni_ca='4' AND c_asigna='300207' [1][0] OK
C:[06/11/2018 10:12:38.58][172.17.119.113][1396] SELECT par_cod_asig1,par_cod_asig2,par_cod_asig3 FROM tblaca009 WHERE pensum='5' AND c_uni_ca='4' AND c_asigna='300209' [1][0] OK
C:[06/11/2018 10:12:38.58][172.17.119.113][1396] SELECT par_cod_asig1,par_cod_asig2,par_cod_asig3 FROM tblaca009 WHERE pensum='5' AND c_uni_ca='4' AND c_asigna='300213' [1][0] OK
C:[06/11/2018 10:12:38.58][172.17.119.113][1410] SELECT c_asigna FROM dace004 WHERE exp_e='16-27296927' AND c_asigna='300209' AND status IN ('0','3','B','C') [0][0] OK
C:[06/11/2018 10:12:38.58][172.17.119.113][1396] SELECT par_cod_asig1,par_cod_asig2,par_cod_asig3 FROM tblaca009 WHERE pensum='5' AND c_uni_ca='4' AND c_asigna='300218' [1][0] OK
C:[06/11/2018 10:12:38.58][172.17.119.113][1410] SELECT c_asigna FROM dace004 WHERE exp_e='16-27296927' AND c_asigna='300228' AND status IN ('0','3','B','C') [0][0] OK
C:[06/11/2018 10:12:38.58][172.17.119.113][1396] SELECT par_cod_asig1,par_cod_asig2,par_cod_asig3 FROM tblaca009 WHERE pensum='5' AND c_uni_ca='4' AND c_asigna='300222' [1][0] OK
C:[06/11/2018 10:12:38.58][172.17.119.113][1396] SELECT par_cod_asig1,par_cod_asig2,par_cod_asig3 FROM tblaca009 WHERE pensum='5' AND c_uni_ca='4' AND c_asigna='300228' [1][0] OK
C:[06/11/2018 10:12:38.62][172.17.119.113][1526] SELECT horas_lab FROM tblaca008 WHERE c_asigna='300207' AND horas_teoricas > 0 [1][0] OK
C:[06/11/2018 10:12:38.62][172.17.119.113][1526] SELECT horas_lab FROM tblaca008 WHERE c_asigna='300209' AND horas_teoricas > 0 [1][0] OK
C:[06/11/2018 10:12:38.62][172.17.119.113][1526] SELECT horas_lab FROM tblaca008 WHERE c_asigna='300213' AND horas_teoricas > 0 [1][0] OK
C:[06/11/2018 10:12:38.62][172.17.119.113][1526] SELECT horas_lab FROM tblaca008 WHERE c_asigna='300218' AND horas_teoricas > 0 [0][0] OK
C:[06/11/2018 10:12:38.62][172.17.119.113][1526] SELECT horas_lab FROM tblaca008 WHERE c_asigna='300222' AND horas_teoricas > 0 [1][0] OK
C:[06/11/2018 10:12:38.62][172.17.119.113][1526] SELECT horas_lab FROM tblaca008 WHERE c_asigna='300228' AND horas_teoricas > 0 [1][0] OK
C:[06/11/2018 10:30:35.19][172.16.4.210][1352] SELECT pre_cod_asig1,pre_cod_asig2,pre_cod_asig3,pre_cod_asig4,pre_cod_asig5,pre_cod_asig6,pre_cod_asig7 FROM tblaca009 WHERE pensum='5' AND c_uni_ca='3' AND c_asigna='300116' [1][0] OK
C:[06/11/2018 10:30:35.19][172.16.4.210][1352] SELECT pre_cod_asig1,pre_cod_asig2,pre_cod_asig3,pre_cod_asig4,pre_cod_asig5,pre_cod_asig6,pre_cod_asig7 FROM tblaca009 WHERE pensum='5' AND c_uni_ca='3' AND c_asigna='300207' [1][0] OK
C:[06/11/2018 10:30:35.19][172.16.4.210][1365] SELECT c_asigna FROM dace004 WHERE exp_e='18-27874079' AND c_asigna='300101' AND status IN ('0','3','B') [1][0] OK
C:[06/11/2018 10:30:35.19][172.16.4.210][1352] SELECT pre_cod_asig1,pre_cod_asig2,pre_cod_asig3,pre_cod_asig4,pre_cod_asig5,pre_cod_asig6,pre_cod_asig7 FROM tblaca009 WHERE pensum='5' AND c_uni_ca='3' AND c_asigna='300218' [1][0] OK
C:[06/11/2018 10:30:35.19][172.16.4.210][1365] SELECT c_asigna FROM dace004 WHERE exp_e='18-27874079' AND c_asigna='300101' AND status IN ('0','3','B') [1][0] OK
C:[06/11/2018 10:30:35.19][172.16.4.210][1352] SELECT pre_cod_asig1,pre_cod_asig2,pre_cod_asig3,pre_cod_asig4,pre_cod_asig5,pre_cod_asig6,pre_cod_asig7 FROM tblaca009 WHERE pensum='5' AND c_uni_ca='3' AND c_asigna='300222' [1][0] OK
C:[06/11/2018 10:30:35.19][172.16.4.210][1365] SELECT c_asigna FROM dace004 WHERE exp_e='18-27874079' AND c_asigna='300112' AND status IN ('0','3','B') [1][0] OK
C:[06/11/2018 10:30:35.19][172.16.4.210][1352] SELECT pre_cod_asig1,pre_cod_asig2,pre_cod_asig3,pre_cod_asig4,pre_cod_asig5,pre_cod_asig6,pre_cod_asig7 FROM tblaca009 WHERE pensum='5' AND c_uni_ca='3' AND c_asigna='300228' [1][0] OK
C:[06/11/2018 10:30:35.19][172.16.4.210][1365] SELECT c_asigna FROM dace004 WHERE exp_e='18-27874079' AND c_asigna='300101' AND status IN ('0','3','B') [1][0] OK
C:[06/11/2018 10:30:35.19][172.16.4.210][1352] SELECT pre_cod_asig1,pre_cod_asig2,pre_cod_asig3,pre_cod_asig4,pre_cod_asig5,pre_cod_asig6,pre_cod_asig7 FROM tblaca009 WHERE pensum='5' AND c_uni_ca='3' AND c_asigna='311320' [1][0] OK
C:[06/11/2018 10:30:35.19][172.16.4.210][1365] SELECT c_asigna FROM dace004 WHERE exp_e='18-27874079' AND c_asigna='300013' AND status IN ('0','3','B') [1][0] OK
C:[06/11/2018 10:30:35.19][172.16.4.210][1365] SELECT c_asigna FROM dace004 WHERE exp_e='18-27874079' AND c_asigna='300113' AND status IN ('0','3','B') [1][0] OK
C:[06/11/2018 10:30:35.68][172.16.4.210][1396] SELECT par_cod_asig1,par_cod_asig2,par_cod_asig3 FROM tblaca009 WHERE pensum='5' AND c_uni_ca='3' AND c_asigna='300116' [1][0] OK
C:[06/11/2018 10:30:35.68][172.16.4.210][1396] SELECT par_cod_asig1,par_cod_asig2,par_cod_asig3 FROM tblaca009 WHERE pensum='5' AND c_uni_ca='3' AND c_asigna='300207' [1][0] OK
C:[06/11/2018 10:30:35.68][172.16.4.210][1396] SELECT par_cod_asig1,par_cod_asig2,par_cod_asig3 FROM tblaca009 WHERE pensum='5' AND c_uni_ca='3' AND c_asigna='300218' [1][0] OK
C:[06/11/2018 10:30:35.68][172.16.4.210][1410] SELECT c_asigna FROM dace004 WHERE exp_e='18-27874079' AND c_asigna='300228' AND status IN ('0','3','B','C') [0][0] OK
C:[06/11/2018 10:30:35.68][172.16.4.210][1396] SELECT par_cod_asig1,par_cod_asig2,par_cod_asig3 FROM tblaca009 WHERE pensum='5' AND c_uni_ca='3' AND c_asigna='300222' [1][0] OK
C:[06/11/2018 10:30:35.68][172.16.4.210][1396] SELECT par_cod_asig1,par_cod_asig2,par_cod_asig3 FROM tblaca009 WHERE pensum='5' AND c_uni_ca='3' AND c_asigna='300228' [1][0] OK
C:[06/11/2018 10:30:35.68][172.16.4.210][1396] SELECT par_cod_asig1,par_cod_asig2,par_cod_asig3 FROM tblaca009 WHERE pensum='5' AND c_uni_ca='3' AND c_asigna='311320' [1][0] OK
C:[06/11/2018 10:30:36.59][172.16.4.210][1526] SELECT horas_lab FROM tblaca008 WHERE c_asigna='300116' AND horas_teoricas > 0 [1][0] OK
C:[06/11/2018 10:30:36.59][172.16.4.210][1526] SELECT horas_lab FROM tblaca008 WHERE c_asigna='300207' AND horas_teoricas > 0 [1][0] OK
C:[06/11/2018 10:30:36.59][172.16.4.210][1526] SELECT horas_lab FROM tblaca008 WHERE c_asigna='300218' AND horas_teoricas > 0 [0][0] OK
C:[06/11/2018 10:30:36.59][172.16.4.210][1526] SELECT horas_lab FROM tblaca008 WHERE c_asigna='300222' AND horas_teoricas > 0 [1][0] OK
C:[06/11/2018 10:30:36.59][172.16.4.210][1526] SELECT horas_lab FROM tblaca008 WHERE c_asigna='300228' AND horas_teoricas > 0 [1][0] OK
C:[06/11/2018 10:30:36.59][172.16.4.210][1526] SELECT horas_lab FROM tblaca008 WHERE c_asigna='311320' AND horas_teoricas > 0 [1][0] OK
C:[06/11/2018 10:31:37.68][172.16.4.210][1352] SELECT pre_cod_asig1,pre_cod_asig2,pre_cod_asig3,pre_cod_asig4,pre_cod_asig5,pre_cod_asig6,pre_cod_asig7 FROM tblaca009 WHERE pensum='5' AND c_uni_ca='6' AND c_asigna='300207' [1][0] OK
C:[06/11/2018 10:31:37.68][172.16.4.210][1365] SELECT c_asigna FROM dace004 WHERE exp_e='18-27602492' AND c_asigna='300101' AND status IN ('0','3','B') [1][0] OK
C:[06/11/2018 10:31:37.68][172.16.4.210][1352] SELECT pre_cod_asig1,pre_cod_asig2,pre_cod_asig3,pre_cod_asig4,pre_cod_asig5,pre_cod_asig6,pre_cod_asig7 FROM tblaca009 WHERE pensum='5' AND c_uni_ca='6' AND c_asigna='300209' [1][0] OK
C:[06/11/2018 10:31:37.68][172.16.4.210][1365] SELECT c_asigna FROM dace004 WHERE exp_e='18-27602492' AND c_asigna='300101' AND status IN ('0','3','B') [1][0] OK
C:[06/11/2018 10:31:37.68][172.16.4.210][1352] SELECT pre_cod_asig1,pre_cod_asig2,pre_cod_asig3,pre_cod_asig4,pre_cod_asig5,pre_cod_asig6,pre_cod_asig7 FROM tblaca009 WHERE pensum='5' AND c_uni_ca='6' AND c_asigna='300213' [1][0] OK
C:[06/11/2018 10:31:37.68][172.16.4.210][1365] SELECT c_asigna FROM dace004 WHERE exp_e='18-27602492' AND c_asigna='300101' AND status IN ('0','3','B') [1][0] OK
C:[06/11/2018 10:31:37.68][172.16.4.210][1352] SELECT pre_cod_asig1,pre_cod_asig2,pre_cod_asig3,pre_cod_asig4,pre_cod_asig5,pre_cod_asig6,pre_cod_asig7 FROM tblaca009 WHERE pensum='5' AND c_uni_ca='6' AND c_asigna='300218' [1][0] OK
C:[06/11/2018 10:31:37.68][172.16.4.210][1365] SELECT c_asigna FROM dace004 WHERE exp_e='18-27602492' AND c_asigna='300101' AND status IN ('0','3','B') [1][0] OK
C:[06/11/2018 10:31:37.68][172.16.4.210][1352] SELECT pre_cod_asig1,pre_cod_asig2,pre_cod_asig3,pre_cod_asig4,pre_cod_asig5,pre_cod_asig6,pre_cod_asig7 FROM tblaca009 WHERE pensum='5' AND c_uni_ca='6' AND c_asigna='300222' [1][0] OK
C:[06/11/2018 10:31:37.68][172.16.4.210][1365] SELECT c_asigna FROM dace004 WHERE exp_e='18-27602492' AND c_asigna='300112' AND status IN ('0','3','B') [1][0] OK
C:[06/11/2018 10:31:37.68][172.16.4.210][1352] SELECT pre_cod_asig1,pre_cod_asig2,pre_cod_asig3,pre_cod_asig4,pre_cod_asig5,pre_cod_asig6,pre_cod_asig7 FROM tblaca009 WHERE pensum='5' AND c_uni_ca='6' AND c_asigna='300226' [1][0] OK
C:[06/11/2018 10:31:37.68][172.16.4.210][1365] SELECT c_asigna FROM dace004 WHERE exp_e='18-27602492' AND c_asigna='300116' AND status IN ('0','3','B') [1][0] OK
C:[06/11/2018 10:31:37.68][172.16.4.210][1352] SELECT pre_cod_asig1,pre_cod_asig2,pre_cod_asig3,pre_cod_asig4,pre_cod_asig5,pre_cod_asig6,pre_cod_asig7 FROM tblaca009 WHERE pensum='5' AND c_uni_ca='6' AND c_asigna='300228' [1][0] OK
C:[06/11/2018 10:31:37.68][172.16.4.210][1365] SELECT c_asigna FROM dace004 WHERE exp_e='18-27602492' AND c_asigna='300101' AND status IN ('0','3','B') [1][0] OK
C:[06/11/2018 10:31:38.43][172.16.4.210][1396] SELECT par_cod_asig1,par_cod_asig2,par_cod_asig3 FROM tblaca009 WHERE pensum='5' AND c_uni_ca='6' AND c_asigna='300207' [1][0] OK
C:[06/11/2018 10:31:38.43][172.16.4.210][1396] SELECT par_cod_asig1,par_cod_asig2,par_cod_asig3 FROM tblaca009 WHERE pensum='5' AND c_uni_ca='6' AND c_asigna='300209' [1][0] OK
C:[06/11/2018 10:31:38.43][172.16.4.210][1396] SELECT par_cod_asig1,par_cod_asig2,par_cod_asig3 FROM tblaca009 WHERE pensum='5' AND c_uni_ca='6' AND c_asigna='300213' [1][0] OK
C:[06/11/2018 10:31:38.43][172.16.4.210][1410] SELECT c_asigna FROM dace004 WHERE exp_e='18-27602492' AND c_asigna='300209' AND status IN ('0','3','B','C') [0][0] OK
C:[06/11/2018 10:31:38.43][172.16.4.210][1396] SELECT par_cod_asig1,par_cod_asig2,par_cod_asig3 FROM tblaca009 WHERE pensum='5' AND c_uni_ca='6' AND c_asigna='300218' [1][0] OK
C:[06/11/2018 10:31:38.43][172.16.4.210][1410] SELECT c_asigna FROM dace004 WHERE exp_e='18-27602492' AND c_asigna='300228' AND status IN ('0','3','B','C') [0][0] OK
C:[06/11/2018 10:31:38.43][172.16.4.210][1396] SELECT par_cod_asig1,par_cod_asig2,par_cod_asig3 FROM tblaca009 WHERE pensum='5' AND c_uni_ca='6' AND c_asigna='300222' [1][0] OK
C:[06/11/2018 10:31:38.43][172.16.4.210][1396] SELECT par_cod_asig1,par_cod_asig2,par_cod_asig3 FROM tblaca009 WHERE pensum='5' AND c_uni_ca='6' AND c_asigna='300226' [1][0] OK
C:[06/11/2018 10:31:38.43][172.16.4.210][1396] SELECT par_cod_asig1,par_cod_asig2,par_cod_asig3 FROM tblaca009 WHERE pensum='5' AND c_uni_ca='6' AND c_asigna='300228' [1][0] OK
C:[06/11/2018 10:31:38.60][172.16.4.210][1526] SELECT horas_lab FROM tblaca008 WHERE c_asigna='300207' AND horas_teoricas > 0 [1][0] OK
C:[06/11/2018 10:31:38.60][172.16.4.210][1526] SELECT horas_lab FROM tblaca008 WHERE c_asigna='300209' AND horas_teoricas > 0 [1][0] OK
C:[06/11/2018 10:31:38.60][172.16.4.210][1526] SELECT horas_lab FROM tblaca008 WHERE c_asigna='300213' AND horas_teoricas > 0 [1][0] OK
C:[06/11/2018 10:31:38.60][172.16.4.210][1526] SELECT horas_lab FROM tblaca008 WHERE c_asigna='300218' AND horas_teoricas > 0 [0][0] OK
C:[06/11/2018 10:31:38.60][172.16.4.210][1526] SELECT horas_lab FROM tblaca008 WHERE c_asigna='300222' AND horas_teoricas > 0 [1][0] OK
C:[06/11/2018 10:31:38.60][172.16.4.210][1526] SELECT horas_lab FROM tblaca008 WHERE c_asigna='300226' AND horas_teoricas > 0 [1][0] OK
C:[06/11/2018 10:31:38.60][172.16.4.210][1526] SELECT horas_lab FROM tblaca008 WHERE c_asigna='300228' AND horas_teoricas > 0 [1][0] OK
C:[06/11/2018 10:38:21.07][172.16.4.210][1352] SELECT pre_cod_asig1,pre_cod_asig2,pre_cod_asig3,pre_cod_asig4,pre_cod_asig5,pre_cod_asig6,pre_cod_asig7 FROM tblaca009 WHERE pensum='5' AND c_uni_ca='2' AND c_asigna='300207' [1][0] OK
C:[06/11/2018 10:38:21.07][172.16.4.210][1365] SELECT c_asigna FROM dace004 WHERE exp_e='18-27602503' AND c_asigna='300101' AND status IN ('0','3','B') [1][0] OK
C:[06/11/2018 10:38:21.07][172.16.4.210][1352] SELECT pre_cod_asig1,pre_cod_asig2,pre_cod_asig3,pre_cod_asig4,pre_cod_asig5,pre_cod_asig6,pre_cod_asig7 FROM tblaca009 WHERE pensum='5' AND c_uni_ca='2' AND c_asigna='300209' [1][0] OK
C:[06/11/2018 10:38:21.07][172.16.4.210][1365] SELECT c_asigna FROM dace004 WHERE exp_e='18-27602503' AND c_asigna='300101' AND status IN ('0','3','B') [1][0] OK
C:[06/11/2018 10:38:21.07][172.16.4.210][1352] SELECT pre_cod_asig1,pre_cod_asig2,pre_cod_asig3,pre_cod_asig4,pre_cod_asig5,pre_cod_asig6,pre_cod_asig7 FROM tblaca009 WHERE pensum='5' AND c_uni_ca='2' AND c_asigna='300213' [1][0] OK
C:[06/11/2018 10:38:21.07][172.16.4.210][1365] SELECT c_asigna FROM dace004 WHERE exp_e='18-27602503' AND c_asigna='300101' AND status IN ('0','3','B') [1][0] OK
C:[06/11/2018 10:38:21.07][172.16.4.210][1352] SELECT pre_cod_asig1,pre_cod_asig2,pre_cod_asig3,pre_cod_asig4,pre_cod_asig5,pre_cod_asig6,pre_cod_asig7 FROM tblaca009 WHERE pensum='5' AND c_uni_ca='2' AND c_asigna='300218' [1][0] OK
C:[06/11/2018 10:38:21.07][172.16.4.210][1365] SELECT c_asigna FROM dace004 WHERE exp_e='18-27602503' AND c_asigna='300101' AND status IN ('0','3','B') [1][0] OK
C:[06/11/2018 10:38:21.07][172.16.4.210][1352] SELECT pre_cod_asig1,pre_cod_asig2,pre_cod_asig3,pre_cod_asig4,pre_cod_asig5,pre_cod_asig6,pre_cod_asig7 FROM tblaca009 WHERE pensum='5' AND c_uni_ca='2' AND c_asigna='300228' [1][0] OK
C:[06/11/2018 10:38:21.07][172.16.4.210][1365] SELECT c_asigna FROM dace004 WHERE exp_e='18-27602503' AND c_asigna='300101' AND status IN ('0','3','B') [1][0] OK
C:[06/11/2018 10:38:21.31][172.16.4.210][1396] SELECT par_cod_asig1,par_cod_asig2,par_cod_asig3 FROM tblaca009 WHERE pensum='5' AND c_uni_ca='2' AND c_asigna='300207' [1][0] OK
C:[06/11/2018 10:38:21.31][172.16.4.210][1396] SELECT par_cod_asig1,par_cod_asig2,par_cod_asig3 FROM tblaca009 WHERE pensum='5' AND c_uni_ca='2' AND c_asigna='300209' [1][0] OK
C:[06/11/2018 10:38:21.31][172.16.4.210][1396] SELECT par_cod_asig1,par_cod_asig2,par_cod_asig3 FROM tblaca009 WHERE pensum='5' AND c_uni_ca='2' AND c_asigna='300213' [1][0] OK
C:[06/11/2018 10:38:21.31][172.16.4.210][1410] SELECT c_asigna FROM dace004 WHERE exp_e='18-27602503' AND c_asigna='300209' AND status IN ('0','3','B','C') [0][0] OK
C:[06/11/2018 10:38:21.31][172.16.4.210][1396] SELECT par_cod_asig1,par_cod_asig2,par_cod_asig3 FROM tblaca009 WHERE pensum='5' AND c_uni_ca='2' AND c_asigna='300218' [1][0] OK
C:[06/11/2018 10:38:21.31][172.16.4.210][1410] SELECT c_asigna FROM dace004 WHERE exp_e='18-27602503' AND c_asigna='300228' AND status IN ('0','3','B','C') [0][0] OK
C:[06/11/2018 10:38:21.31][172.16.4.210][1396] SELECT par_cod_asig1,par_cod_asig2,par_cod_asig3 FROM tblaca009 WHERE pensum='5' AND c_uni_ca='2' AND c_asigna='300228' [1][0] OK
C:[06/11/2018 10:38:21.19][172.16.4.210][1526] SELECT horas_lab FROM tblaca008 WHERE c_asigna='300207' AND horas_teoricas > 0 [1][0] OK
C:[06/11/2018 10:38:21.19][172.16.4.210][1526] SELECT horas_lab FROM tblaca008 WHERE c_asigna='300209' AND horas_teoricas > 0 [1][0] OK
C:[06/11/2018 10:38:21.19][172.16.4.210][1526] SELECT horas_lab FROM tblaca008 WHERE c_asigna='300213' AND horas_teoricas > 0 [1][0] OK
C:[06/11/2018 10:38:21.19][172.16.4.210][1526] SELECT horas_lab FROM tblaca008 WHERE c_asigna='300218' AND horas_teoricas > 0 [0][0] OK
C:[06/11/2018 10:38:21.19][172.16.4.210][1526] SELECT horas_lab FROM tblaca008 WHERE c_asigna='300228' AND horas_teoricas > 0 [1][0] OK
C:[06/11/2018 10:39:53.40][172.16.4.210][1352] SELECT pre_cod_asig1,pre_cod_asig2,pre_cod_asig3,pre_cod_asig4,pre_cod_asig5,pre_cod_asig6,pre_cod_asig7 FROM tblaca009 WHERE pensum='5' AND c_uni_ca='5' AND c_asigna='300222' [1][0] OK
C:[06/11/2018 10:39:53.40][172.16.4.210][1365] SELECT c_asigna FROM dace004 WHERE exp_e='18-27921582' AND c_asigna='300112' AND status IN ('0','3','B') [1][0] OK
C:[06/11/2018 10:39:53.40][172.16.4.210][1352] SELECT pre_cod_asig1,pre_cod_asig2,pre_cod_asig3,pre_cod_asig4,pre_cod_asig5,pre_cod_asig6,pre_cod_asig7 FROM tblaca009 WHERE pensum='5' AND c_uni_ca='5' AND c_asigna='300314' [1][0] OK
C:[06/11/2018 10:39:53.40][172.16.4.210][1365] SELECT c_asigna FROM dace004 WHERE exp_e='18-27921582' AND c_asigna='300106' AND status IN ('0','3','B') [1][0] OK
C:[06/11/2018 10:39:53.40][172.16.4.210][1352] SELECT pre_cod_asig1,pre_cod_asig2,pre_cod_asig3,pre_cod_asig4,pre_cod_asig5,pre_cod_asig6,pre_cod_asig7 FROM tblaca009 WHERE pensum='5' AND c_uni_ca='5' AND c_asigna='300317' [1][0] OK
C:[06/11/2018 10:39:53.40][172.16.4.210][1365] SELECT c_asigna FROM dace004 WHERE exp_e='18-27921582' AND c_asigna='300207' AND status IN ('0','3','B') [1][0] OK
C:[06/11/2018 10:39:53.40][172.16.4.210][1365] SELECT c_asigna FROM dace004 WHERE exp_e='18-27921582' AND c_asigna='300209' AND status IN ('0','3','B') [1][0] OK
C:[06/11/2018 10:39:53.40][172.16.4.210][1352] SELECT pre_cod_asig1,pre_cod_asig2,pre_cod_asig3,pre_cod_asig4,pre_cod_asig5,pre_cod_asig6,pre_cod_asig7 FROM tblaca009 WHERE pensum='5' AND c_uni_ca='5' AND c_asigna='300228' [1][0] OK
C:[06/11/2018 10:39:53.40][172.16.4.210][1365] SELECT c_asigna FROM dace004 WHERE exp_e='18-27921582' AND c_asigna='300101' AND status IN ('0','3','B') [1][0] OK
C:[06/11/2018 10:39:53.51][172.16.4.210][1396] SELECT par_cod_asig1,par_cod_asig2,par_cod_asig3 FROM tblaca009 WHERE pensum='5' AND c_uni_ca='5' AND c_asigna='300222' [1][0] OK
C:[06/11/2018 10:39:53.51][172.16.4.210][1396] SELECT par_cod_asig1,par_cod_asig2,par_cod_asig3 FROM tblaca009 WHERE pensum='5' AND c_uni_ca='5' AND c_asigna='300314' [1][0] OK
C:[06/11/2018 10:39:53.51][172.16.4.210][1396] SELECT par_cod_asig1,par_cod_asig2,par_cod_asig3 FROM tblaca009 WHERE pensum='5' AND c_uni_ca='5' AND c_asigna='300317' [1][0] OK
C:[06/11/2018 10:39:53.51][172.16.4.210][1396] SELECT par_cod_asig1,par_cod_asig2,par_cod_asig3 FROM tblaca009 WHERE pensum='5' AND c_uni_ca='5' AND c_asigna='300228' [1][0] OK
C:[06/11/2018 10:39:53.04][172.16.4.210][1526] SELECT horas_lab FROM tblaca008 WHERE c_asigna='300222' AND horas_teoricas > 0 [1][0] OK
C:[06/11/2018 10:39:53.04][172.16.4.210][1526] SELECT horas_lab FROM tblaca008 WHERE c_asigna='300314' AND horas_teoricas > 0 [0][0] OK
C:[06/11/2018 10:39:53.04][172.16.4.210][1526] SELECT horas_lab FROM tblaca008 WHERE c_asigna='300317' AND horas_teoricas > 0 [1][0] OK
C:[06/11/2018 10:41:31.46][172.16.4.210][1352] SELECT pre_cod_asig1,pre_cod_asig2,pre_cod_asig3,pre_cod_asig4,pre_cod_asig5,pre_cod_asig6,pre_cod_asig7 FROM tblaca009 WHERE pensum='5' AND c_uni_ca='5' AND c_asigna='300222' [1][0] OK
C:[06/11/2018 10:41:31.46][172.16.4.210][1365] SELECT c_asigna FROM dace004 WHERE exp_e='18-27921582' AND c_asigna='300112' AND status IN ('0','3','B') [1][0] OK
C:[06/11/2018 10:41:31.46][172.16.4.210][1352] SELECT pre_cod_asig1,pre_cod_asig2,pre_cod_asig3,pre_cod_asig4,pre_cod_asig5,pre_cod_asig6,pre_cod_asig7 FROM tblaca009 WHERE pensum='5' AND c_uni_ca='5' AND c_asigna='300314' [1][0] OK
C:[06/11/2018 10:41:31.46][172.16.4.210][1365] SELECT c_asigna FROM dace004 WHERE exp_e='18-27921582' AND c_asigna='300106' AND status IN ('0','3','B') [1][0] OK
C:[06/11/2018 10:41:31.46][172.16.4.210][1352] SELECT pre_cod_asig1,pre_cod_asig2,pre_cod_asig3,pre_cod_asig4,pre_cod_asig5,pre_cod_asig6,pre_cod_asig7 FROM tblaca009 WHERE pensum='5' AND c_uni_ca='5' AND c_asigna='300317' [1][0] OK
C:[06/11/2018 10:41:31.46][172.16.4.210][1365] SELECT c_asigna FROM dace004 WHERE exp_e='18-27921582' AND c_asigna='300207' AND status IN ('0','3','B') [1][0] OK
C:[06/11/2018 10:41:31.46][172.16.4.210][1365] SELECT c_asigna FROM dace004 WHERE exp_e='18-27921582' AND c_asigna='300209' AND status IN ('0','3','B') [1][0] OK
C:[06/11/2018 10:41:31.46][172.16.4.210][1352] SELECT pre_cod_asig1,pre_cod_asig2,pre_cod_asig3,pre_cod_asig4,pre_cod_asig5,pre_cod_asig6,pre_cod_asig7 FROM tblaca009 WHERE pensum='5' AND c_uni_ca='5' AND c_asigna='300228' [1][0] OK
C:[06/11/2018 10:41:31.46][172.16.4.210][1365] SELECT c_asigna FROM dace004 WHERE exp_e='18-27921582' AND c_asigna='300101' AND status IN ('0','3','B') [1][0] OK
C:[06/11/2018 10:41:32.58][172.16.4.210][1396] SELECT par_cod_asig1,par_cod_asig2,par_cod_asig3 FROM tblaca009 WHERE pensum='5' AND c_uni_ca='5' AND c_asigna='300222' [1][0] OK
C:[06/11/2018 10:41:32.58][172.16.4.210][1396] SELECT par_cod_asig1,par_cod_asig2,par_cod_asig3 FROM tblaca009 WHERE pensum='5' AND c_uni_ca='5' AND c_asigna='300314' [1][0] OK
C:[06/11/2018 10:41:32.58][172.16.4.210][1396] SELECT par_cod_asig1,par_cod_asig2,par_cod_asig3 FROM tblaca009 WHERE pensum='5' AND c_uni_ca='5' AND c_asigna='300317' [1][0] OK
C:[06/11/2018 10:41:32.58][172.16.4.210][1396] SELECT par_cod_asig1,par_cod_asig2,par_cod_asig3 FROM tblaca009 WHERE pensum='5' AND c_uni_ca='5' AND c_asigna='300228' [1][0] OK
C:[06/11/2018 10:41:32.11][172.16.4.210][1526] SELECT horas_lab FROM tblaca008 WHERE c_asigna='300222' AND horas_teoricas > 0 [1][0] OK
C:[06/11/2018 10:41:32.11][172.16.4.210][1526] SELECT horas_lab FROM tblaca008 WHERE c_asigna='300314' AND horas_teoricas > 0 [0][0] OK
C:[06/11/2018 10:41:32.11][172.16.4.210][1526] SELECT horas_lab FROM tblaca008 WHERE c_asigna='300317' AND horas_teoricas > 0 [1][0] OK
C:[06/11/2018 10:44:22.20][172.16.4.210][1352] SELECT pre_cod_asig1,pre_cod_asig2,pre_cod_asig3,pre_cod_asig4,pre_cod_asig5,pre_cod_asig6,pre_cod_asig7 FROM tblaca009 WHERE pensum='5' AND c_uni_ca='5' AND c_asigna='300207' [1][0] OK
C:[06/11/2018 10:44:22.20][172.16.4.210][1365] SELECT c_asigna FROM dace004 WHERE exp_e='18-27733479' AND c_asigna='300101' AND status IN ('0','3','B') [1][0] OK
C:[06/11/2018 10:44:22.20][172.16.4.210][1352] SELECT pre_cod_asig1,pre_cod_asig2,pre_cod_asig3,pre_cod_asig4,pre_cod_asig5,pre_cod_asig6,pre_cod_asig7 FROM tblaca009 WHERE pensum='5' AND c_uni_ca='5' AND c_asigna='300209' [1][0] OK
C:[06/11/2018 10:44:22.20][172.16.4.210][1365] SELECT c_asigna FROM dace004 WHERE exp_e='18-27733479' AND c_asigna='300101' AND status IN ('0','3','B') [1][0] OK
C:[06/11/2018 10:44:22.20][172.16.4.210][1352] SELECT pre_cod_asig1,pre_cod_asig2,pre_cod_asig3,pre_cod_asig4,pre_cod_asig5,pre_cod_asig6,pre_cod_asig7 FROM tblaca009 WHERE pensum='5' AND c_uni_ca='5' AND c_asigna='300213' [1][0] OK
C:[06/11/2018 10:44:22.20][172.16.4.210][1365] SELECT c_asigna FROM dace004 WHERE exp_e='18-27733479' AND c_asigna='300101' AND status IN ('0','3','B') [1][0] OK
C:[06/11/2018 10:44:22.20][172.16.4.210][1352] SELECT pre_cod_asig1,pre_cod_asig2,pre_cod_asig3,pre_cod_asig4,pre_cod_asig5,pre_cod_asig6,pre_cod_asig7 FROM tblaca009 WHERE pensum='5' AND c_uni_ca='5' AND c_asigna='300222' [1][0] OK
C:[06/11/2018 10:44:22.20][172.16.4.210][1365] SELECT c_asigna FROM dace004 WHERE exp_e='18-27733479' AND c_asigna='300112' AND status IN ('0','3','B') [1][0] OK
C:[06/11/2018 10:44:22.20][172.16.4.210][1352] SELECT pre_cod_asig1,pre_cod_asig2,pre_cod_asig3,pre_cod_asig4,pre_cod_asig5,pre_cod_asig6,pre_cod_asig7 FROM tblaca009 WHERE pensum='5' AND c_uni_ca='5' AND c_asigna='300226' [1][0] OK
C:[06/11/2018 10:44:22.20][172.16.4.210][1365] SELECT c_asigna FROM dace004 WHERE exp_e='18-27733479' AND c_asigna='300116' AND status IN ('0','3','B') [1][0] OK
C:[06/11/2018 10:44:22.45][172.16.4.210][1396] SELECT par_cod_asig1,par_cod_asig2,par_cod_asig3 FROM tblaca009 WHERE pensum='5' AND c_uni_ca='5' AND c_asigna='300207' [1][0] OK
C:[06/11/2018 10:44:22.45][172.16.4.210][1396] SELECT par_cod_asig1,par_cod_asig2,par_cod_asig3 FROM tblaca009 WHERE pensum='5' AND c_uni_ca='5' AND c_asigna='300209' [1][0] OK
C:[06/11/2018 10:44:22.45][172.16.4.210][1396] SELECT par_cod_asig1,par_cod_asig2,par_cod_asig3 FROM tblaca009 WHERE pensum='5' AND c_uni_ca='5' AND c_asigna='300213' [1][0] OK
C:[06/11/2018 10:44:22.45][172.16.4.210][1410] SELECT c_asigna FROM dace004 WHERE exp_e='18-27733479' AND c_asigna='300209' AND status IN ('0','3','B','C') [0][0] OK
C:[06/11/2018 10:44:22.45][172.16.4.210][1396] SELECT par_cod_asig1,par_cod_asig2,par_cod_asig3 FROM tblaca009 WHERE pensum='5' AND c_uni_ca='5' AND c_asigna='300222' [1][0] OK
C:[06/11/2018 10:44:22.45][172.16.4.210][1396] SELECT par_cod_asig1,par_cod_asig2,par_cod_asig3 FROM tblaca009 WHERE pensum='5' AND c_uni_ca='5' AND c_asigna='300226' [1][0] OK
C:[06/11/2018 10:44:22.24][172.16.4.210][1526] SELECT horas_lab FROM tblaca008 WHERE c_asigna='300207' AND horas_teoricas > 0 [1][0] OK
C:[06/11/2018 10:44:22.24][172.16.4.210][1526] SELECT horas_lab FROM tblaca008 WHERE c_asigna='300209' AND horas_teoricas > 0 [1][0] OK
C:[06/11/2018 10:44:22.24][172.16.4.210][1526] SELECT horas_lab FROM tblaca008 WHERE c_asigna='300213' AND horas_teoricas > 0 [1][0] OK
C:[06/11/2018 10:44:22.24][172.16.4.210][1526] SELECT horas_lab FROM tblaca008 WHERE c_asigna='300222' AND horas_teoricas > 0 [1][0] OK
C:[06/11/2018 10:44:22.24][172.16.4.210][1526] SELECT horas_lab FROM tblaca008 WHERE c_asigna='300226' AND horas_teoricas > 0 [1][0] OK
C:[06/11/2018 10:47:13.41][172.17.119.105][1352] SELECT pre_cod_asig1,pre_cod_asig2,pre_cod_asig3,pre_cod_asig4,pre_cod_asig5,pre_cod_asig6,pre_cod_asig7 FROM tblaca009 WHERE pensum='5' AND c_uni_ca='4' AND c_asigna='300013' [1][0] OK
C:[06/11/2018 10:47:13.41][172.17.119.105][1352] SELECT pre_cod_asig1,pre_cod_asig2,pre_cod_asig3,pre_cod_asig4,pre_cod_asig5,pre_cod_asig6,pre_cod_asig7 FROM tblaca009 WHERE pensum='5' AND c_uni_ca='4' AND c_asigna='300113' [1][0] OK
C:[06/11/2018 10:47:13.41][172.17.119.105][1352] SELECT pre_cod_asig1,pre_cod_asig2,pre_cod_asig3,pre_cod_asig4,pre_cod_asig5,pre_cod_asig6,pre_cod_asig7 FROM tblaca009 WHERE pensum='5' AND c_uni_ca='4' AND c_asigna='300116' [1][0] OK
C:[06/11/2018 10:47:13.41][172.17.119.105][1352] SELECT pre_cod_asig1,pre_cod_asig2,pre_cod_asig3,pre_cod_asig4,pre_cod_asig5,pre_cod_asig6,pre_cod_asig7 FROM tblaca009 WHERE pensum='5' AND c_uni_ca='4' AND c_asigna='300207' [1][0] OK
C:[06/11/2018 10:47:13.41][172.17.119.105][1365] SELECT c_asigna FROM dace004 WHERE exp_e='18-27923493' AND c_asigna='300101' AND status IN ('0','3','B') [1][0] OK
C:[06/11/2018 10:47:13.41][172.17.119.105][1352] SELECT pre_cod_asig1,pre_cod_asig2,pre_cod_asig3,pre_cod_asig4,pre_cod_asig5,pre_cod_asig6,pre_cod_asig7 FROM tblaca009 WHERE pensum='5' AND c_uni_ca='4' AND c_asigna='300209' [1][0] OK
C:[06/11/2018 10:47:13.41][172.17.119.105][1365] SELECT c_asigna FROM dace004 WHERE exp_e='18-27923493' AND c_asigna='300101' AND status IN ('0','3','B') [1][0] OK
C:[06/11/2018 10:47:13.29][172.17.119.105][1396] SELECT par_cod_asig1,par_cod_asig2,par_cod_asig3 FROM tblaca009 WHERE pensum='5' AND c_uni_ca='4' AND c_asigna='300013' [1][0] OK
C:[06/11/2018 10:47:13.29][172.17.119.105][1396] SELECT par_cod_asig1,par_cod_asig2,par_cod_asig3 FROM tblaca009 WHERE pensum='5' AND c_uni_ca='4' AND c_asigna='300113' [1][0] OK
C:[06/11/2018 10:47:13.29][172.17.119.105][1410] SELECT c_asigna FROM dace004 WHERE exp_e='18-27923493' AND c_asigna='300013' AND status IN ('0','3','B','C') [0][0] OK
C:[06/11/2018 10:47:13.29][172.17.119.105][1396] SELECT par_cod_asig1,par_cod_asig2,par_cod_asig3 FROM tblaca009 WHERE pensum='5' AND c_uni_ca='4' AND c_asigna='300116' [1][0] OK
C:[06/11/2018 10:47:13.29][172.17.119.105][1396] SELECT par_cod_asig1,par_cod_asig2,par_cod_asig3 FROM tblaca009 WHERE pensum='5' AND c_uni_ca='4' AND c_asigna='300207' [1][0] OK
C:[06/11/2018 10:47:13.29][172.17.119.105][1396] SELECT par_cod_asig1,par_cod_asig2,par_cod_asig3 FROM tblaca009 WHERE pensum='5' AND c_uni_ca='4' AND c_asigna='300209' [1][0] OK
C:[06/11/2018 10:47:13.08][172.17.119.105][1526] SELECT horas_lab FROM tblaca008 WHERE c_asigna='300013' AND horas_teoricas > 0 [1][0] OK
C:[06/11/2018 10:47:13.08][172.17.119.105][1526] SELECT horas_lab FROM tblaca008 WHERE c_asigna='300113' AND horas_teoricas > 0 [0][0] OK
C:[06/11/2018 10:47:13.08][172.17.119.105][1526] SELECT horas_lab FROM tblaca008 WHERE c_asigna='300116' AND horas_teoricas > 0 [1][0] OK
C:[06/11/2018 10:47:13.08][172.17.119.105][1526] SELECT horas_lab FROM tblaca008 WHERE c_asigna='300207' AND horas_teoricas > 0 [1][0] OK
C:[06/11/2018 10:47:13.08][172.17.119.105][1526] SELECT horas_lab FROM tblaca008 WHERE c_asigna='300209' AND horas_teoricas > 0 [1][0] OK
C:[06/11/2018 10:50:48.73][172.16.4.210][1352] SELECT pre_cod_asig1,pre_cod_asig2,pre_cod_asig3,pre_cod_asig4,pre_cod_asig5,pre_cod_asig6,pre_cod_asig7 FROM tblaca009 WHERE pensum='5' AND c_uni_ca='3' AND c_asigna='300213' [1][0] OK
C:[06/11/2018 10:50:48.73][172.16.4.210][1365] SELECT c_asigna FROM dace004 WHERE exp_e='17-27504219' AND c_asigna='300101' AND status IN ('0','3','B') [1][0] OK
C:[06/11/2018 10:50:48.73][172.16.4.210][1352] SELECT pre_cod_asig1,pre_cod_asig2,pre_cod_asig3,pre_cod_asig4,pre_cod_asig5,pre_cod_asig6,pre_cod_asig7 FROM tblaca009 WHERE pensum='5' AND c_uni_ca='3' AND c_asigna='300218' [1][0] OK
C:[06/11/2018 10:50:48.73][172.16.4.210][1365] SELECT c_asigna FROM dace004 WHERE exp_e='17-27504219' AND c_asigna='300101' AND status IN ('0','3','B') [1][0] OK
C:[06/11/2018 10:50:48.73][172.16.4.210][1352] SELECT pre_cod_asig1,pre_cod_asig2,pre_cod_asig3,pre_cod_asig4,pre_cod_asig5,pre_cod_asig6,pre_cod_asig7 FROM tblaca009 WHERE pensum='5' AND c_uni_ca='3' AND c_asigna='300228' [1][0] OK
C:[06/11/2018 10:50:48.73][172.16.4.210][1365] SELECT c_asigna FROM dace004 WHERE exp_e='17-27504219' AND c_asigna='300101' AND status IN ('0','3','B') [1][0] OK
C:[06/11/2018 10:50:48.73][172.16.4.210][1352] SELECT pre_cod_asig1,pre_cod_asig2,pre_cod_asig3,pre_cod_asig4,pre_cod_asig5,pre_cod_asig6,pre_cod_asig7 FROM tblaca009 WHERE pensum='5' AND c_uni_ca='3' AND c_asigna='300317' [1][0] OK
C:[06/11/2018 10:50:48.73][172.16.4.210][1365] SELECT c_asigna FROM dace004 WHERE exp_e='17-27504219' AND c_asigna='300207' AND status IN ('0','3','B') [1][0] OK
C:[06/11/2018 10:50:48.73][172.16.4.210][1365] SELECT c_asigna FROM dace004 WHERE exp_e='17-27504219' AND c_asigna='300209' AND status IN ('0','3','B') [1][0] OK
C:[06/11/2018 10:50:48.73][172.16.4.210][1352] SELECT pre_cod_asig1,pre_cod_asig2,pre_cod_asig3,pre_cod_asig4,pre_cod_asig5,pre_cod_asig6,pre_cod_asig7 FROM tblaca009 WHERE pensum='5' AND c_uni_ca='3' AND c_asigna='311320' [1][0] OK
C:[06/11/2018 10:50:48.73][172.16.4.210][1365] SELECT c_asigna FROM dace004 WHERE exp_e='17-27504219' AND c_asigna='300013' AND status IN ('0','3','B') [1][0] OK
C:[06/11/2018 10:50:48.73][172.16.4.210][1365] SELECT c_asigna FROM dace004 WHERE exp_e='17-27504219' AND c_asigna='300113' AND status IN ('0','3','B') [1][0] OK
C:[06/11/2018 10:50:49.23][172.16.4.210][1396] SELECT par_cod_asig1,par_cod_asig2,par_cod_asig3 FROM tblaca009 WHERE pensum='5' AND c_uni_ca='3' AND c_asigna='300213' [1][0] OK
C:[06/11/2018 10:50:49.23][172.16.4.210][1410] SELECT c_asigna FROM dace004 WHERE exp_e='17-27504219' AND c_asigna='300209' AND status IN ('0','3','B','C') [1][0] OK
C:[06/11/2018 10:50:49.23][172.16.4.210][1396] SELECT par_cod_asig1,par_cod_asig2,par_cod_asig3 FROM tblaca009 WHERE pensum='5' AND c_uni_ca='3' AND c_asigna='300218' [1][0] OK
C:[06/11/2018 10:50:49.23][172.16.4.210][1410] SELECT c_asigna FROM dace004 WHERE exp_e='17-27504219' AND c_asigna='300228' AND status IN ('0','3','B','C') [0][0] OK
C:[06/11/2018 10:50:49.23][172.16.4.210][1396] SELECT par_cod_asig1,par_cod_asig2,par_cod_asig3 FROM tblaca009 WHERE pensum='5' AND c_uni_ca='3' AND c_asigna='300228' [1][0] OK
C:[06/11/2018 10:50:49.23][172.16.4.210][1396] SELECT par_cod_asig1,par_cod_asig2,par_cod_asig3 FROM tblaca009 WHERE pensum='5' AND c_uni_ca='3' AND c_asigna='300317' [1][0] OK
C:[06/11/2018 10:50:49.23][172.16.4.210][1396] SELECT par_cod_asig1,par_cod_asig2,par_cod_asig3 FROM tblaca009 WHERE pensum='5' AND c_uni_ca='3' AND c_asigna='311320' [1][0] OK
C:[06/11/2018 10:50:49.18][172.16.4.210][1526] SELECT horas_lab FROM tblaca008 WHERE c_asigna='300213' AND horas_teoricas > 0 [1][0] OK
C:[06/11/2018 10:50:49.18][172.16.4.210][1526] SELECT horas_lab FROM tblaca008 WHERE c_asigna='300218' AND horas_teoricas > 0 [0][0] OK
C:[06/11/2018 10:50:49.18][172.16.4.210][1526] SELECT horas_lab FROM tblaca008 WHERE c_asigna='300228' AND horas_teoricas > 0 [1][0] OK
C:[06/11/2018 10:50:49.18][172.16.4.210][1526] SELECT horas_lab FROM tblaca008 WHERE c_asigna='300317' AND horas_teoricas > 0 [1][0] OK
C:[06/11/2018 10:50:49.18][172.16.4.210][1526] SELECT horas_lab FROM tblaca008 WHERE c_asigna='311320' AND horas_teoricas > 0 [1][0] OK
C:[06/11/2018 10:55:07.34][172.17.118.246][1352] SELECT pre_cod_asig1,pre_cod_asig2,pre_cod_asig3,pre_cod_asig4,pre_cod_asig5,pre_cod_asig6,pre_cod_asig7 FROM tblaca009 WHERE pensum='5' AND c_uni_ca='4' AND c_asigna='300013' [1][0] OK
C:[06/11/2018 10:55:07.34][172.17.118.246][1352] SELECT pre_cod_asig1,pre_cod_asig2,pre_cod_asig3,pre_cod_asig4,pre_cod_asig5,pre_cod_asig6,pre_cod_asig7 FROM tblaca009 WHERE pensum='5' AND c_uni_ca='4' AND c_asigna='300207' [1][0] OK
C:[06/11/2018 10:55:07.34][172.17.118.246][1365] SELECT c_asigna FROM dace004 WHERE exp_e='16-26341026' AND c_asigna='300101' AND status IN ('0','3','B') [1][0] OK
C:[06/11/2018 10:55:07.34][172.17.118.246][1352] SELECT pre_cod_asig1,pre_cod_asig2,pre_cod_asig3,pre_cod_asig4,pre_cod_asig5,pre_cod_asig6,pre_cod_asig7 FROM tblaca009 WHERE pensum='5' AND c_uni_ca='4' AND c_asigna='300209' [1][0] OK
C:[06/11/2018 10:55:07.34][172.17.118.246][1365] SELECT c_asigna FROM dace004 WHERE exp_e='16-26341026' AND c_asigna='300101' AND status IN ('0','3','B') [1][0] OK
C:[06/11/2018 10:55:07.34][172.17.118.246][1352] SELECT pre_cod_asig1,pre_cod_asig2,pre_cod_asig3,pre_cod_asig4,pre_cod_asig5,pre_cod_asig6,pre_cod_asig7 FROM tblaca009 WHERE pensum='5' AND c_uni_ca='4' AND c_asigna='300218' [1][0] OK
C:[06/11/2018 10:55:07.34][172.17.118.246][1365] SELECT c_asigna FROM dace004 WHERE exp_e='16-26341026' AND c_asigna='300101' AND status IN ('0','3','B') [1][0] OK
C:[06/11/2018 10:55:07.34][172.17.118.246][1352] SELECT pre_cod_asig1,pre_cod_asig2,pre_cod_asig3,pre_cod_asig4,pre_cod_asig5,pre_cod_asig6,pre_cod_asig7 FROM tblaca009 WHERE pensum='5' AND c_uni_ca='4' AND c_asigna='300226' [1][0] OK
C:[06/11/2018 10:55:07.34][172.17.118.246][1365] SELECT c_asigna FROM dace004 WHERE exp_e='16-26341026' AND c_asigna='300116' AND status IN ('0','3','B') [1][0] OK
C:[06/11/2018 10:55:07.48][172.17.118.246][1396] SELECT par_cod_asig1,par_cod_asig2,par_cod_asig3 FROM tblaca009 WHERE pensum='5' AND c_uni_ca='4' AND c_asigna='300013' [1][0] OK
C:[06/11/2018 10:55:07.48][172.17.118.246][1396] SELECT par_cod_asig1,par_cod_asig2,par_cod_asig3 FROM tblaca009 WHERE pensum='5' AND c_uni_ca='4' AND c_asigna='300207' [1][0] OK
C:[06/11/2018 10:55:07.48][172.17.118.246][1396] SELECT par_cod_asig1,par_cod_asig2,par_cod_asig3 FROM tblaca009 WHERE pensum='5' AND c_uni_ca='4' AND c_asigna='300209' [1][0] OK
C:[06/11/2018 10:55:07.48][172.17.118.246][1396] SELECT par_cod_asig1,par_cod_asig2,par_cod_asig3 FROM tblaca009 WHERE pensum='5' AND c_uni_ca='4' AND c_asigna='300218' [1][0] OK
C:[06/11/2018 10:55:07.48][172.17.118.246][1410] SELECT c_asigna FROM dace004 WHERE exp_e='16-26341026' AND c_asigna='300228' AND status IN ('0','3','B','C') [1][0] OK
C:[06/11/2018 10:55:07.48][172.17.118.246][1396] SELECT par_cod_asig1,par_cod_asig2,par_cod_asig3 FROM tblaca009 WHERE pensum='5' AND c_uni_ca='4' AND c_asigna='300226' [1][0] OK
C:[06/11/2018 10:55:08.27][172.17.118.246][1526] SELECT horas_lab FROM tblaca008 WHERE c_asigna='300013' AND horas_teoricas > 0 [1][0] OK
C:[06/11/2018 10:55:08.27][172.17.118.246][1526] SELECT horas_lab FROM tblaca008 WHERE c_asigna='300207' AND horas_teoricas > 0 [1][0] OK
C:[06/11/2018 10:55:08.27][172.17.118.246][1526] SELECT horas_lab FROM tblaca008 WHERE c_asigna='300209' AND horas_teoricas > 0 [1][0] OK
C:[06/11/2018 10:55:08.27][172.17.118.246][1526] SELECT horas_lab FROM tblaca008 WHERE c_asigna='300218' AND horas_teoricas > 0 [0][0] OK
C:[06/11/2018 10:55:08.27][172.17.118.246][1526] SELECT horas_lab FROM tblaca008 WHERE c_asigna='300226' AND horas_teoricas > 0 [1][0] OK
C:[06/11/2018 11:07:06.04][172.16.4.210][1352] SELECT pre_cod_asig1,pre_cod_asig2,pre_cod_asig3,pre_cod_asig4,pre_cod_asig5,pre_cod_asig6,pre_cod_asig7 FROM tblaca009 WHERE pensum='5' AND c_uni_ca='3' AND c_asigna='300209' [1][0] OK
C:[06/11/2018 11:07:06.04][172.16.4.210][1365] SELECT c_asigna FROM dace004 WHERE exp_e='17-26500176' AND c_asigna='300101' AND status IN ('0','3','B') [1][0] OK
C:[06/11/2018 11:07:06.04][172.16.4.210][1352] SELECT pre_cod_asig1,pre_cod_asig2,pre_cod_asig3,pre_cod_asig4,pre_cod_asig5,pre_cod_asig6,pre_cod_asig7 FROM tblaca009 WHERE pensum='5' AND c_uni_ca='3' AND c_asigna='300218' [1][0] OK
C:[06/11/2018 11:07:06.04][172.16.4.210][1365] SELECT c_asigna FROM dace004 WHERE exp_e='17-26500176' AND c_asigna='300101' AND status IN ('0','3','B') [1][0] OK
C:[06/11/2018 11:07:06.04][172.16.4.210][1352] SELECT pre_cod_asig1,pre_cod_asig2,pre_cod_asig3,pre_cod_asig4,pre_cod_asig5,pre_cod_asig6,pre_cod_asig7 FROM tblaca009 WHERE pensum='5' AND c_uni_ca='3' AND c_asigna='300222' [1][0] OK
C:[06/11/2018 11:07:06.04][172.16.4.210][1365] SELECT c_asigna FROM dace004 WHERE exp_e='17-26500176' AND c_asigna='300112' AND status IN ('0','3','B') [1][0] OK
C:[06/11/2018 11:07:06.04][172.16.4.210][1352] SELECT pre_cod_asig1,pre_cod_asig2,pre_cod_asig3,pre_cod_asig4,pre_cod_asig5,pre_cod_asig6,pre_cod_asig7 FROM tblaca009 WHERE pensum='5' AND c_uni_ca='3' AND c_asigna='300226' [1][0] OK
C:[06/11/2018 11:07:06.04][172.16.4.210][1365] SELECT c_asigna FROM dace004 WHERE exp_e='17-26500176' AND c_asigna='300116' AND status IN ('0','3','B') [1][0] OK
C:[06/11/2018 11:07:06.04][172.16.4.210][1352] SELECT pre_cod_asig1,pre_cod_asig2,pre_cod_asig3,pre_cod_asig4,pre_cod_asig5,pre_cod_asig6,pre_cod_asig7 FROM tblaca009 WHERE pensum='5' AND c_uni_ca='3' AND c_asigna='300228' [1][0] OK
C:[06/11/2018 11:07:06.04][172.16.4.210][1365] SELECT c_asigna FROM dace004 WHERE exp_e='17-26500176' AND c_asigna='300101' AND status IN ('0','3','B') [1][0] OK
C:[06/11/2018 11:07:06.04][172.16.4.210][1352] SELECT pre_cod_asig1,pre_cod_asig2,pre_cod_asig3,pre_cod_asig4,pre_cod_asig5,pre_cod_asig6,pre_cod_asig7 FROM tblaca009 WHERE pensum='5' AND c_uni_ca='3' AND c_asigna='300314' [1][0] OK
C:[06/11/2018 11:07:06.04][172.16.4.210][1365] SELECT c_asigna FROM dace004 WHERE exp_e='17-26500176' AND c_asigna='300106' AND status IN ('0','3','B') [1][0] OK
C:[06/11/2018 11:07:06.55][172.16.4.210][1396] SELECT par_cod_asig1,par_cod_asig2,par_cod_asig3 FROM tblaca009 WHERE pensum='5' AND c_uni_ca='3' AND c_asigna='300209' [1][0] OK
C:[06/11/2018 11:07:06.55][172.16.4.210][1396] SELECT par_cod_asig1,par_cod_asig2,par_cod_asig3 FROM tblaca009 WHERE pensum='5' AND c_uni_ca='3' AND c_asigna='300218' [1][0] OK
C:[06/11/2018 11:07:06.55][172.16.4.210][1410] SELECT c_asigna FROM dace004 WHERE exp_e='17-26500176' AND c_asigna='300228' AND status IN ('0','3','B','C') [0][0] OK
C:[06/11/2018 11:07:06.55][172.16.4.210][1396] SELECT par_cod_asig1,par_cod_asig2,par_cod_asig3 FROM tblaca009 WHERE pensum='5' AND c_uni_ca='3' AND c_asigna='300222' [1][0] OK
C:[06/11/2018 11:07:06.55][172.16.4.210][1396] SELECT par_cod_asig1,par_cod_asig2,par_cod_asig3 FROM tblaca009 WHERE pensum='5' AND c_uni_ca='3' AND c_asigna='300226' [1][0] OK
C:[06/11/2018 11:07:06.55][172.16.4.210][1396] SELECT par_cod_asig1,par_cod_asig2,par_cod_asig3 FROM tblaca009 WHERE pensum='5' AND c_uni_ca='3' AND c_asigna='300228' [1][0] OK
C:[06/11/2018 11:07:06.55][172.16.4.210][1396] SELECT par_cod_asig1,par_cod_asig2,par_cod_asig3 FROM tblaca009 WHERE pensum='5' AND c_uni_ca='3' AND c_asigna='300314' [1][0] OK
C:[06/11/2018 11:07:06.45][172.16.4.210][1526] SELECT horas_lab FROM tblaca008 WHERE c_asigna='300209' AND horas_teoricas > 0 [1][0] OK
C:[06/11/2018 11:07:06.45][172.16.4.210][1526] SELECT horas_lab FROM tblaca008 WHERE c_asigna='300218' AND horas_teoricas > 0 [0][0] OK
C:[06/11/2018 11:07:06.45][172.16.4.210][1526] SELECT horas_lab FROM tblaca008 WHERE c_asigna='300222' AND horas_teoricas > 0 [1][0] OK
C:[06/11/2018 11:07:06.45][172.16.4.210][1526] SELECT horas_lab FROM tblaca008 WHERE c_asigna='300226' AND horas_teoricas > 0 [1][0] OK
C:[06/11/2018 11:07:06.45][172.16.4.210][1526] SELECT horas_lab FROM tblaca008 WHERE c_asigna='300228' AND horas_teoricas > 0 [1][0] OK
C:[06/11/2018 11:07:06.45][172.16.4.210][1526] SELECT horas_lab FROM tblaca008 WHERE c_asigna='300314' AND horas_teoricas > 0 [0][0] OK
C:[06/11/2018 11:07:27.01][172.17.118.246][1352] SELECT pre_cod_asig1,pre_cod_asig2,pre_cod_asig3,pre_cod_asig4,pre_cod_asig5,pre_cod_asig6,pre_cod_asig7 FROM tblaca009 WHERE pensum='5' AND c_uni_ca='2' AND c_asigna='300313' [1][0] OK
C:[06/11/2018 11:07:27.01][172.17.118.246][1365] SELECT c_asigna FROM dace004 WHERE exp_e='17-27255671' AND c_asigna='300213' AND status IN ('0','3','B') [1][0] OK
C:[06/11/2018 11:07:27.01][172.17.118.246][1365] SELECT c_asigna FROM dace004 WHERE exp_e='17-27255671' AND c_asigna='300226' AND status IN ('0','3','B') [1][0] OK
C:[06/11/2018 11:07:27.01][172.17.118.246][1365] SELECT c_asigna FROM dace004 WHERE exp_e='17-27255671' AND c_asigna='300209' AND status IN ('0','3','B') [1][0] OK
C:[06/11/2018 11:07:27.01][172.17.118.246][1352] SELECT pre_cod_asig1,pre_cod_asig2,pre_cod_asig3,pre_cod_asig4,pre_cod_asig5,pre_cod_asig6,pre_cod_asig7 FROM tblaca009 WHERE pensum='5' AND c_uni_ca='2' AND c_asigna='300317' [1][0] OK
C:[06/11/2018 11:07:27.01][172.17.118.246][1365] SELECT c_asigna FROM dace004 WHERE exp_e='17-27255671' AND c_asigna='300207' AND status IN ('0','3','B') [1][0] OK
C:[06/11/2018 11:07:27.01][172.17.118.246][1365] SELECT c_asigna FROM dace004 WHERE exp_e='17-27255671' AND c_asigna='300209' AND status IN ('0','3','B') [1][0] OK
C:[06/11/2018 11:07:27.01][172.17.118.246][1352] SELECT pre_cod_asig1,pre_cod_asig2,pre_cod_asig3,pre_cod_asig4,pre_cod_asig5,pre_cod_asig6,pre_cod_asig7 FROM tblaca009 WHERE pensum='5' AND c_uni_ca='2' AND c_asigna='300318' [1][0] OK
C:[06/11/2018 11:07:27.01][172.17.118.246][1365] SELECT c_asigna FROM dace004 WHERE exp_e='17-27255671' AND c_asigna='300228' AND status IN ('0','3','B') [1][0] OK
C:[06/11/2018 11:07:27.01][172.17.118.246][1365] SELECT c_asigna FROM dace004 WHERE exp_e='17-27255671' AND c_asigna='300207' AND status IN ('0','3','B') [1][0] OK
C:[06/11/2018 11:07:27.01][172.17.118.246][1365] SELECT c_asigna FROM dace004 WHERE exp_e='17-27255671' AND c_asigna='300218' AND status IN ('0','3','B') [1][0] OK
C:[06/11/2018 11:07:27.01][172.17.118.246][1352] SELECT pre_cod_asig1,pre_cod_asig2,pre_cod_asig3,pre_cod_asig4,pre_cod_asig5,pre_cod_asig6,pre_cod_asig7 FROM tblaca009 WHERE pensum='5' AND c_uni_ca='2' AND c_asigna='320323' [1][0] OK
C:[06/11/2018 11:07:27.01][172.17.118.246][1365] SELECT c_asigna FROM dace004 WHERE exp_e='17-27255671' AND c_asigna='300228' AND status IN ('0','3','B') [1][0] OK
C:[06/11/2018 11:07:27.01][172.17.118.246][1365] SELECT c_asigna FROM dace004 WHERE exp_e='17-27255671' AND c_asigna='300218' AND status IN ('0','3','B') [1][0] OK
C:[06/11/2018 11:07:27.01][172.17.118.246][1352] SELECT pre_cod_asig1,pre_cod_asig2,pre_cod_asig3,pre_cod_asig4,pre_cod_asig5,pre_cod_asig6,pre_cod_asig7 FROM tblaca009 WHERE pensum='5' AND c_uni_ca='2' AND c_asigna='322449' [1][0] OK
C:[06/11/2018 11:07:27.01][172.17.118.246][1365] SELECT c_asigna FROM dace004 WHERE exp_e='17-27255671' AND c_asigna='300222' AND status IN ('0','3','B') [1][0] OK
C:[06/11/2018 11:07:27.01][172.17.118.246][1396] SELECT par_cod_asig1,par_cod_asig2,par_cod_asig3 FROM tblaca009 WHERE pensum='5' AND c_uni_ca='2' AND c_asigna='300313' [1][0] OK
C:[06/11/2018 11:07:27.01][172.17.118.246][1396] SELECT par_cod_asig1,par_cod_asig2,par_cod_asig3 FROM tblaca009 WHERE pensum='5' AND c_uni_ca='2' AND c_asigna='300317' [1][0] OK
C:[06/11/2018 11:07:27.01][172.17.118.246][1396] SELECT par_cod_asig1,par_cod_asig2,par_cod_asig3 FROM tblaca009 WHERE pensum='5' AND c_uni_ca='2' AND c_asigna='300318' [1][0] OK
C:[06/11/2018 11:07:27.01][172.17.118.246][1396] SELECT par_cod_asig1,par_cod_asig2,par_cod_asig3 FROM tblaca009 WHERE pensum='5' AND c_uni_ca='2' AND c_asigna='320323' [1][0] OK
C:[06/11/2018 11:07:27.01][172.17.118.246][1396] SELECT par_cod_asig1,par_cod_asig2,par_cod_asig3 FROM tblaca009 WHERE pensum='5' AND c_uni_ca='2' AND c_asigna='322449' [1][0] OK
C:[06/11/2018 11:07:27.66][172.17.118.246][1526] SELECT horas_lab FROM tblaca008 WHERE c_asigna='300313' AND horas_teoricas > 0 [1][0] OK
C:[06/11/2018 11:07:27.66][172.17.118.246][1526] SELECT horas_lab FROM tblaca008 WHERE c_asigna='300317' AND horas_teoricas > 0 [1][0] OK
C:[06/11/2018 11:07:27.66][172.17.118.246][1526] SELECT horas_lab FROM tblaca008 WHERE c_asigna='300318' AND horas_teoricas > 0 [1][0] OK
C:[06/11/2018 11:07:27.66][172.17.118.246][1526] SELECT horas_lab FROM tblaca008 WHERE c_asigna='320323' AND horas_teoricas > 0 [1][0] OK
C:[06/11/2018 11:07:27.66][172.17.118.246][1526] SELECT horas_lab FROM tblaca008 WHERE c_asigna='322449' AND horas_teoricas > 0 [1][0] OK
C:[06/11/2018 11:12:05.34][172.17.119.105][1352] SELECT pre_cod_asig1,pre_cod_asig2,pre_cod_asig3,pre_cod_asig4,pre_cod_asig5,pre_cod_asig6,pre_cod_asig7 FROM tblaca009 WHERE pensum='5' AND c_uni_ca='4' AND c_asigna='300428' [1][0] OK
C:[06/11/2018 11:12:05.34][172.17.119.105][1365] SELECT c_asigna FROM dace004 WHERE exp_e='13-21453289' AND c_asigna='300317' AND status IN ('0','3','B') [1][0] OK
C:[06/11/2018 11:12:05.34][172.17.119.105][1365] SELECT c_asigna FROM dace004 WHERE exp_e='13-21453289' AND c_asigna='300209' AND status IN ('0','3','B') [1][0] OK
C:[06/11/2018 11:12:05.34][172.17.119.105][1352] SELECT pre_cod_asig1,pre_cod_asig2,pre_cod_asig3,pre_cod_asig4,pre_cod_asig5,pre_cod_asig6,pre_cod_asig7 FROM tblaca009 WHERE pensum='5' AND c_uni_ca='4' AND c_asigna='332604' [1][0] OK
C:[06/11/2018 11:12:05.34][172.17.119.105][1365] SELECT c_asigna FROM dace004 WHERE exp_e='13-21453289' AND c_asigna='332558' AND status IN ('0','3','B') [1][0] OK
C:[06/11/2018 11:12:05.34][172.17.119.105][1352] SELECT pre_cod_asig1,pre_cod_asig2,pre_cod_asig3,pre_cod_asig4,pre_cod_asig5,pre_cod_asig6,pre_cod_asig7 FROM tblaca009 WHERE pensum='5' AND c_uni_ca='4' AND c_asigna='333639' [1][0] OK
C:[06/11/2018 11:12:05.34][172.17.119.105][1365] SELECT c_asigna FROM dace004 WHERE exp_e='13-21453289' AND c_asigna='333585' AND status IN ('0','3','B') [1][0] OK
C:[06/11/2018 11:12:05.34][172.17.119.105][1352] SELECT pre_cod_asig1,pre_cod_asig2,pre_cod_asig3,pre_cod_asig4,pre_cod_asig5,pre_cod_asig6,pre_cod_asig7 FROM tblaca009 WHERE pensum='5' AND c_uni_ca='4' AND c_asigna='333683' [1][0] OK
C:[06/11/2018 11:12:05.34][172.17.119.105][1365] SELECT c_asigna FROM dace004 WHERE exp_e='13-21453289' AND c_asigna='333564' AND status IN ('0','3','B') [1][0] OK
C:[06/11/2018 11:12:05.34][172.17.119.105][1352] SELECT pre_cod_asig1,pre_cod_asig2,pre_cod_asig3,pre_cod_asig4,pre_cod_asig5,pre_cod_asig6,pre_cod_asig7 FROM tblaca009 WHERE pensum='5' AND c_uni_ca='4' AND c_asigna='333563' [1][0] OK
C:[06/11/2018 11:12:05.34][172.17.119.105][1365] SELECT c_asigna FROM dace004 WHERE exp_e='13-21453289' AND c_asigna='333440' AND status IN ('0','3','B') [1][0] OK
C:[06/11/2018 11:12:05.34][172.17.119.105][1365] SELECT c_asigna FROM dace004 WHERE exp_e='13-21453289' AND c_asigna='333442' AND status IN ('0','3','B') [1][0] OK
C:[06/11/2018 11:12:05.34][172.17.119.105][1365] SELECT c_asigna FROM dace004 WHERE exp_e='13-21453289' AND c_asigna='300209' AND status IN ('0','3','B') [1][0] OK
C:[06/11/2018 11:12:05.34][172.17.119.105][1365] SELECT c_asigna FROM dace004 WHERE exp_e='13-21453289' AND c_asigna='330310' AND status IN ('0','3','B') [1][0] OK
C:[06/11/2018 11:12:05.34][172.17.119.105][1365] SELECT c_asigna FROM dace004 WHERE exp_e='13-21453289' AND c_asigna='300317' AND status IN ('0','3','B') [1][0] OK
C:[06/11/2018 11:12:05.34][172.17.119.105][1365] SELECT c_asigna FROM dace004 WHERE exp_e='13-21453289' AND c_asigna='333326' AND status IN ('0','3','B') [1][0] OK
C:[06/11/2018 11:12:06.33][172.17.119.105][1396] SELECT par_cod_asig1,par_cod_asig2,par_cod_asig3 FROM tblaca009 WHERE pensum='5' AND c_uni_ca='4' AND c_asigna='300428' [1][0] OK
C:[06/11/2018 11:12:06.33][172.17.119.105][1396] SELECT par_cod_asig1,par_cod_asig2,par_cod_asig3 FROM tblaca009 WHERE pensum='5' AND c_uni_ca='4' AND c_asigna='332604' [1][0] OK
C:[06/11/2018 11:12:06.33][172.17.119.105][1396] SELECT par_cod_asig1,par_cod_asig2,par_cod_asig3 FROM tblaca009 WHERE pensum='5' AND c_uni_ca='4' AND c_asigna='333639' [1][0] OK
C:[06/11/2018 11:12:06.33][172.17.119.105][1396] SELECT par_cod_asig1,par_cod_asig2,par_cod_asig3 FROM tblaca009 WHERE pensum='5' AND c_uni_ca='4' AND c_asigna='333683' [1][0] OK
C:[06/11/2018 11:12:06.33][172.17.119.105][1396] SELECT par_cod_asig1,par_cod_asig2,par_cod_asig3 FROM tblaca009 WHERE pensum='5' AND c_uni_ca='4' AND c_asigna='333563' [1][0] OK
C:[06/11/2018 11:12:06.99][172.17.119.105][1526] SELECT horas_lab FROM tblaca008 WHERE c_asigna='300428' AND horas_teoricas > 0 [1][0] OK
C:[06/11/2018 11:12:06.99][172.17.119.105][1526] SELECT horas_lab FROM tblaca008 WHERE c_asigna='332604' AND horas_teoricas > 0 [1][0] OK
C:[06/11/2018 11:12:06.99][172.17.119.105][1526] SELECT horas_lab FROM tblaca008 WHERE c_asigna='333639' AND horas_teoricas > 0 [1][0] OK
C:[06/11/2018 11:12:06.99][172.17.119.105][1526] SELECT horas_lab FROM tblaca008 WHERE c_asigna='333683' AND horas_teoricas > 0 [1][0] OK
C:[06/11/2018 11:19:17.47][172.16.4.210][1352] SELECT pre_cod_asig1,pre_cod_asig2,pre_cod_asig3,pre_cod_asig4,pre_cod_asig5,pre_cod_asig6,pre_cod_asig7 FROM tblaca009 WHERE pensum='5' AND c_uni_ca='2' AND c_asigna='300207' [1][0] OK
C:[06/11/2018 11:19:17.47][172.16.4.210][1365] SELECT c_asigna FROM dace004 WHERE exp_e='18-27574241' AND c_asigna='300101' AND status IN ('0','3','B') [1][0] OK
C:[06/11/2018 11:19:17.47][172.16.4.210][1352] SELECT pre_cod_asig1,pre_cod_asig2,pre_cod_asig3,pre_cod_asig4,pre_cod_asig5,pre_cod_asig6,pre_cod_asig7 FROM tblaca009 WHERE pensum='5' AND c_uni_ca='2' AND c_asigna='300209' [1][0] OK
C:[06/11/2018 11:19:17.47][172.16.4.210][1365] SELECT c_asigna FROM dace004 WHERE exp_e='18-27574241' AND c_asigna='300101' AND status IN ('0','3','B') [1][0] OK
C:[06/11/2018 11:19:17.47][172.16.4.210][1352] SELECT pre_cod_asig1,pre_cod_asig2,pre_cod_asig3,pre_cod_asig4,pre_cod_asig5,pre_cod_asig6,pre_cod_asig7 FROM tblaca009 WHERE pensum='5' AND c_uni_ca='2' AND c_asigna='300213' [1][0] OK
C:[06/11/2018 11:19:17.47][172.16.4.210][1365] SELECT c_asigna FROM dace004 WHERE exp_e='18-27574241' AND c_asigna='300101' AND status IN ('0','3','B') [1][0] OK
C:[06/11/2018 11:19:17.47][172.16.4.210][1352] SELECT pre_cod_asig1,pre_cod_asig2,pre_cod_asig3,pre_cod_asig4,pre_cod_asig5,pre_cod_asig6,pre_cod_asig7 FROM tblaca009 WHERE pensum='5' AND c_uni_ca='2' AND c_asigna='300218' [1][0] OK
C:[06/11/2018 11:19:17.47][172.16.4.210][1365] SELECT c_asigna FROM dace004 WHERE exp_e='18-27574241' AND c_asigna='300101' AND status IN ('0','3','B') [1][0] OK
C:[06/11/2018 11:19:17.47][172.16.4.210][1352] SELECT pre_cod_asig1,pre_cod_asig2,pre_cod_asig3,pre_cod_asig4,pre_cod_asig5,pre_cod_asig6,pre_cod_asig7 FROM tblaca009 WHERE pensum='5' AND c_uni_ca='2' AND c_asigna='300222' [1][0] OK
C:[06/11/2018 11:19:17.47][172.16.4.210][1365] SELECT c_asigna FROM dace004 WHERE exp_e='18-27574241' AND c_asigna='300112' AND status IN ('0','3','B') [1][0] OK
C:[06/11/2018 11:19:17.47][172.16.4.210][1352] SELECT pre_cod_asig1,pre_cod_asig2,pre_cod_asig3,pre_cod_asig4,pre_cod_asig5,pre_cod_asig6,pre_cod_asig7 FROM tblaca009 WHERE pensum='5' AND c_uni_ca='2' AND c_asigna='300228' [1][0] OK
C:[06/11/2018 11:19:17.47][172.16.4.210][1365] SELECT c_asigna FROM dace004 WHERE exp_e='18-27574241' AND c_asigna='300101' AND status IN ('0','3','B') [1][0] OK
C:[06/11/2018 11:19:17.97][172.16.4.210][1396] SELECT par_cod_asig1,par_cod_asig2,par_cod_asig3 FROM tblaca009 WHERE pensum='5' AND c_uni_ca='2' AND c_asigna='300207' [1][0] OK
C:[06/11/2018 11:19:17.97][172.16.4.210][1396] SELECT par_cod_asig1,par_cod_asig2,par_cod_asig3 FROM tblaca009 WHERE pensum='5' AND c_uni_ca='2' AND c_asigna='300209' [1][0] OK
C:[06/11/2018 11:19:17.97][172.16.4.210][1396] SELECT par_cod_asig1,par_cod_asig2,par_cod_asig3 FROM tblaca009 WHERE pensum='5' AND c_uni_ca='2' AND c_asigna='300213' [1][0] OK
C:[06/11/2018 11:19:17.97][172.16.4.210][1410] SELECT c_asigna FROM dace004 WHERE exp_e='18-27574241' AND c_asigna='300209' AND status IN ('0','3','B','C') [0][0] OK
C:[06/11/2018 11:19:17.97][172.16.4.210][1396] SELECT par_cod_asig1,par_cod_asig2,par_cod_asig3 FROM tblaca009 WHERE pensum='5' AND c_uni_ca='2' AND c_asigna='300218' [1][0] OK
C:[06/11/2018 11:19:17.97][172.16.4.210][1410] SELECT c_asigna FROM dace004 WHERE exp_e='18-27574241' AND c_asigna='300228' AND status IN ('0','3','B','C') [0][0] OK
C:[06/11/2018 11:19:17.97][172.16.4.210][1396] SELECT par_cod_asig1,par_cod_asig2,par_cod_asig3 FROM tblaca009 WHERE pensum='5' AND c_uni_ca='2' AND c_asigna='300222' [1][0] OK
C:[06/11/2018 11:19:17.97][172.16.4.210][1396] SELECT par_cod_asig1,par_cod_asig2,par_cod_asig3 FROM tblaca009 WHERE pensum='5' AND c_uni_ca='2' AND c_asigna='300228' [1][0] OK
C:[06/11/2018 11:19:17.00][172.16.4.210][1526] SELECT horas_lab FROM tblaca008 WHERE c_asigna='300207' AND horas_teoricas > 0 [1][0] OK
C:[06/11/2018 11:19:17.00][172.16.4.210][1526] SELECT horas_lab FROM tblaca008 WHERE c_asigna='300209' AND horas_teoricas > 0 [1][0] OK
C:[06/11/2018 11:19:17.00][172.16.4.210][1526] SELECT horas_lab FROM tblaca008 WHERE c_asigna='300213' AND horas_teoricas > 0 [1][0] OK
C:[06/11/2018 11:19:17.00][172.16.4.210][1526] SELECT horas_lab FROM tblaca008 WHERE c_asigna='300218' AND horas_teoricas > 0 [0][0] OK
C:[06/11/2018 11:19:17.00][172.16.4.210][1526] SELECT horas_lab FROM tblaca008 WHERE c_asigna='300222' AND horas_teoricas > 0 [1][0] OK
C:[06/11/2018 11:19:17.00][172.16.4.210][1526] SELECT horas_lab FROM tblaca008 WHERE c_asigna='300228' AND horas_teoricas > 0 [1][0] OK
C:[06/11/2018 11:19:44.32][172.16.4.210][1352] SELECT pre_cod_asig1,pre_cod_asig2,pre_cod_asig3,pre_cod_asig4,pre_cod_asig5,pre_cod_asig6,pre_cod_asig7 FROM tblaca009 WHERE pensum='5' AND c_uni_ca='2' AND c_asigna='300207' [1][0] OK
C:[06/11/2018 11:19:44.32][172.16.4.210][1365] SELECT c_asigna FROM dace004 WHERE exp_e='18-27574241' AND c_asigna='300101' AND status IN ('0','3','B') [1][0] OK
C:[06/11/2018 11:19:44.32][172.16.4.210][1352] SELECT pre_cod_asig1,pre_cod_asig2,pre_cod_asig3,pre_cod_asig4,pre_cod_asig5,pre_cod_asig6,pre_cod_asig7 FROM tblaca009 WHERE pensum='5' AND c_uni_ca='2' AND c_asigna='300209' [1][0] OK
C:[06/11/2018 11:19:44.32][172.16.4.210][1365] SELECT c_asigna FROM dace004 WHERE exp_e='18-27574241' AND c_asigna='300101' AND status IN ('0','3','B') [1][0] OK
C:[06/11/2018 11:19:44.32][172.16.4.210][1352] SELECT pre_cod_asig1,pre_cod_asig2,pre_cod_asig3,pre_cod_asig4,pre_cod_asig5,pre_cod_asig6,pre_cod_asig7 FROM tblaca009 WHERE pensum='5' AND c_uni_ca='2' AND c_asigna='300213' [1][0] OK
C:[06/11/2018 11:19:44.32][172.16.4.210][1365] SELECT c_asigna FROM dace004 WHERE exp_e='18-27574241' AND c_asigna='300101' AND status IN ('0','3','B') [1][0] OK
C:[06/11/2018 11:19:44.32][172.16.4.210][1352] SELECT pre_cod_asig1,pre_cod_asig2,pre_cod_asig3,pre_cod_asig4,pre_cod_asig5,pre_cod_asig6,pre_cod_asig7 FROM tblaca009 WHERE pensum='5' AND c_uni_ca='2' AND c_asigna='300218' [1][0] OK
C:[06/11/2018 11:19:44.32][172.16.4.210][1365] SELECT c_asigna FROM dace004 WHERE exp_e='18-27574241' AND c_asigna='300101' AND status IN ('0','3','B') [1][0] OK
C:[06/11/2018 11:19:44.32][172.16.4.210][1352] SELECT pre_cod_asig1,pre_cod_asig2,pre_cod_asig3,pre_cod_asig4,pre_cod_asig5,pre_cod_asig6,pre_cod_asig7 FROM tblaca009 WHERE pensum='5' AND c_uni_ca='2' AND c_asigna='300222' [1][0] OK
C:[06/11/2018 11:19:44.32][172.16.4.210][1365] SELECT c_asigna FROM dace004 WHERE exp_e='18-27574241' AND c_asigna='300112' AND status IN ('0','3','B') [1][0] OK
C:[06/11/2018 11:19:44.32][172.16.4.210][1352] SELECT pre_cod_asig1,pre_cod_asig2,pre_cod_asig3,pre_cod_asig4,pre_cod_asig5,pre_cod_asig6,pre_cod_asig7 FROM tblaca009 WHERE pensum='5' AND c_uni_ca='2' AND c_asigna='300228' [1][0] OK
C:[06/11/2018 11:19:44.32][172.16.4.210][1365] SELECT c_asigna FROM dace004 WHERE exp_e='18-27574241' AND c_asigna='300101' AND status IN ('0','3','B') [1][0] OK
C:[06/11/2018 11:19:44.92][172.16.4.210][1396] SELECT par_cod_asig1,par_cod_asig2,par_cod_asig3 FROM tblaca009 WHERE pensum='5' AND c_uni_ca='2' AND c_asigna='300207' [1][0] OK
C:[06/11/2018 11:19:44.92][172.16.4.210][1396] SELECT par_cod_asig1,par_cod_asig2,par_cod_asig3 FROM tblaca009 WHERE pensum='5' AND c_uni_ca='2' AND c_asigna='300209' [1][0] OK
C:[06/11/2018 11:19:44.92][172.16.4.210][1396] SELECT par_cod_asig1,par_cod_asig2,par_cod_asig3 FROM tblaca009 WHERE pensum='5' AND c_uni_ca='2' AND c_asigna='300213' [1][0] OK
C:[06/11/2018 11:19:44.92][172.16.4.210][1410] SELECT c_asigna FROM dace004 WHERE exp_e='18-27574241' AND c_asigna='300209' AND status IN ('0','3','B','C') [0][0] OK
C:[06/11/2018 11:19:44.92][172.16.4.210][1396] SELECT par_cod_asig1,par_cod_asig2,par_cod_asig3 FROM tblaca009 WHERE pensum='5' AND c_uni_ca='2' AND c_asigna='300218' [1][0] OK
C:[06/11/2018 11:19:44.92][172.16.4.210][1410] SELECT c_asigna FROM dace004 WHERE exp_e='18-27574241' AND c_asigna='300228' AND status IN ('0','3','B','C') [0][0] OK
C:[06/11/2018 11:19:44.92][172.16.4.210][1396] SELECT par_cod_asig1,par_cod_asig2,par_cod_asig3 FROM tblaca009 WHERE pensum='5' AND c_uni_ca='2' AND c_asigna='300222' [1][0] OK
C:[06/11/2018 11:19:44.92][172.16.4.210][1396] SELECT par_cod_asig1,par_cod_asig2,par_cod_asig3 FROM tblaca009 WHERE pensum='5' AND c_uni_ca='2' AND c_asigna='300228' [1][0] OK
C:[06/11/2018 11:19:44.85][172.16.4.210][1526] SELECT horas_lab FROM tblaca008 WHERE c_asigna='300207' AND horas_teoricas > 0 [1][0] OK
C:[06/11/2018 11:19:44.85][172.16.4.210][1526] SELECT horas_lab FROM tblaca008 WHERE c_asigna='300209' AND horas_teoricas > 0 [1][0] OK
C:[06/11/2018 11:19:44.85][172.16.4.210][1526] SELECT horas_lab FROM tblaca008 WHERE c_asigna='300213' AND horas_teoricas > 0 [1][0] OK
C:[06/11/2018 11:19:44.85][172.16.4.210][1526] SELECT horas_lab FROM tblaca008 WHERE c_asigna='300218' AND horas_teoricas > 0 [0][0] OK
C:[06/11/2018 11:19:44.85][172.16.4.210][1526] SELECT horas_lab FROM tblaca008 WHERE c_asigna='300222' AND horas_teoricas > 0 [1][0] OK
C:[06/11/2018 11:19:44.85][172.16.4.210][1526] SELECT horas_lab FROM tblaca008 WHERE c_asigna='300228' AND horas_teoricas > 0 [1][0] OK
C:[06/11/2018 11:22:47.74][172.16.4.210][1352] SELECT pre_cod_asig1,pre_cod_asig2,pre_cod_asig3,pre_cod_asig4,pre_cod_asig5,pre_cod_asig6,pre_cod_asig7 FROM tblaca009 WHERE pensum='5' AND c_uni_ca='6' AND c_asigna='300318' [1][0] OK
C:[06/11/2018 11:22:47.74][172.16.4.210][1365] SELECT c_asigna FROM dace004 WHERE exp_e='15-26362987' AND c_asigna='300228' AND status IN ('0','3','B') [1][0] OK
C:[06/11/2018 11:22:47.74][172.16.4.210][1365] SELECT c_asigna FROM dace004 WHERE exp_e='15-26362987' AND c_asigna='300207' AND status IN ('0','3','B') [1][0] OK
C:[06/11/2018 11:22:47.74][172.16.4.210][1365] SELECT c_asigna FROM dace004 WHERE exp_e='15-26362987' AND c_asigna='300218' AND status IN ('0','3','B') [1][0] OK
C:[06/11/2018 11:22:47.74][172.16.4.210][1352] SELECT pre_cod_asig1,pre_cod_asig2,pre_cod_asig3,pre_cod_asig4,pre_cod_asig5,pre_cod_asig6,pre_cod_asig7 FROM tblaca009 WHERE pensum='5' AND c_uni_ca='6' AND c_asigna='340323' [1][0] OK
C:[06/11/2018 11:22:47.74][172.16.4.210][1365] SELECT c_asigna FROM dace004 WHERE exp_e='15-26362987' AND c_asigna='300228' AND status IN ('0','3','B') [1][0] OK
C:[06/11/2018 11:22:47.74][172.16.4.210][1365] SELECT c_asigna FROM dace004 WHERE exp_e='15-26362987' AND c_asigna='300207' AND status IN ('0','3','B') [1][0] OK
C:[06/11/2018 11:22:47.74][172.16.4.210][1352] SELECT pre_cod_asig1,pre_cod_asig2,pre_cod_asig3,pre_cod_asig4,pre_cod_asig5,pre_cod_asig6,pre_cod_asig7 FROM tblaca009 WHERE pensum='5' AND c_uni_ca='6' AND c_asigna='340327' [1][0] OK
C:[06/11/2018 11:22:47.74][172.16.4.210][1365] SELECT c_asigna FROM dace004 WHERE exp_e='15-26362987' AND c_asigna='300013' AND status IN ('0','3','B') [1][0] OK
C:[06/11/2018 11:22:47.74][172.16.4.210][1365] SELECT c_asigna FROM dace004 WHERE exp_e='15-26362987' AND c_asigna='300113' AND status IN ('0','3','B') [1][0] OK
C:[06/11/2018 11:22:47.74][172.16.4.210][1352] SELECT pre_cod_asig1,pre_cod_asig2,pre_cod_asig3,pre_cod_asig4,pre_cod_asig5,pre_cod_asig6,pre_cod_asig7 FROM tblaca009 WHERE pensum='5' AND c_uni_ca='6' AND c_asigna='300428' [1][0] OK
C:[06/11/2018 11:22:47.74][172.16.4.210][1365] SELECT c_asigna FROM dace004 WHERE exp_e='15-26362987' AND c_asigna='300317' AND status IN ('0','3','B') [1][0] OK
C:[06/11/2018 11:22:47.74][172.16.4.210][1365] SELECT c_asigna FROM dace004 WHERE exp_e='15-26362987' AND c_asigna='300209' AND status IN ('0','3','B') [1][0] OK
C:[06/11/2018 11:22:47.74][172.16.4.210][1352] SELECT pre_cod_asig1,pre_cod_asig2,pre_cod_asig3,pre_cod_asig4,pre_cod_asig5,pre_cod_asig6,pre_cod_asig7 FROM tblaca009 WHERE pensum='5' AND c_uni_ca='6' AND c_asigna='344446' [1][0] OK
C:[06/11/2018 11:22:47.74][172.16.4.210][1365] SELECT c_asigna FROM dace004 WHERE exp_e='15-26362987' AND c_asigna='300317' AND status IN ('0','3','B') [1][0] OK
C:[06/11/2018 11:22:47.74][172.16.4.210][1365] SELECT c_asigna FROM dace004 WHERE exp_e='15-26362987' AND c_asigna='300313' AND status IN ('0','3','B') [1][0] OK
C:[06/11/2018 11:22:47.74][172.16.4.210][1365] SELECT c_asigna FROM dace004 WHERE exp_e='15-26362987' AND c_asigna='300209' AND status IN ('0','3','B') [1][0] OK
C:[06/11/2018 11:22:47.74][172.16.4.210][1365] SELECT c_asigna FROM dace004 WHERE exp_e='15-26362987' AND c_asigna='300222' AND status IN ('0','3','B') [1][0] OK
C:[06/11/2018 11:22:47.74][172.16.4.210][1365] SELECT c_asigna FROM dace004 WHERE exp_e='15-26362987' AND c_asigna='300226' AND status IN ('0','3','B') [1][0] OK
C:[06/11/2018 11:22:47.10][172.16.4.210][1396] SELECT par_cod_asig1,par_cod_asig2,par_cod_asig3 FROM tblaca009 WHERE pensum='5' AND c_uni_ca='6' AND c_asigna='300318' [1][0] OK
C:[06/11/2018 11:22:47.10][172.16.4.210][1396] SELECT par_cod_asig1,par_cod_asig2,par_cod_asig3 FROM tblaca009 WHERE pensum='5' AND c_uni_ca='6' AND c_asigna='340323' [1][0] OK
C:[06/11/2018 11:22:47.10][172.16.4.210][1396] SELECT par_cod_asig1,par_cod_asig2,par_cod_asig3 FROM tblaca009 WHERE pensum='5' AND c_uni_ca='6' AND c_asigna='340327' [1][0] OK
C:[06/11/2018 11:22:47.10][172.16.4.210][1396] SELECT par_cod_asig1,par_cod_asig2,par_cod_asig3 FROM tblaca009 WHERE pensum='5' AND c_uni_ca='6' AND c_asigna='300428' [1][0] OK
C:[06/11/2018 11:22:47.10][172.16.4.210][1396] SELECT par_cod_asig1,par_cod_asig2,par_cod_asig3 FROM tblaca009 WHERE pensum='5' AND c_uni_ca='6' AND c_asigna='344446' [1][0] OK
C:[06/11/2018 11:22:47.83][172.16.4.210][1526] SELECT horas_lab FROM tblaca008 WHERE c_asigna='300318' AND horas_teoricas > 0 [1][0] OK
C:[06/11/2018 11:22:47.83][172.16.4.210][1526] SELECT horas_lab FROM tblaca008 WHERE c_asigna='340323' AND horas_teoricas > 0 [1][0] OK
C:[06/11/2018 11:22:47.83][172.16.4.210][1526] SELECT horas_lab FROM tblaca008 WHERE c_asigna='340327' AND horas_teoricas > 0 [1][0] OK
C:[06/11/2018 11:22:47.83][172.16.4.210][1526] SELECT horas_lab FROM tblaca008 WHERE c_asigna='300428' AND horas_teoricas > 0 [1][0] OK
C:[06/11/2018 11:22:47.83][172.16.4.210][1526] SELECT horas_lab FROM tblaca008 WHERE c_asigna='344446' AND horas_teoricas > 0 [1][0] OK
C:[06/11/2018 11:24:41.85][172.16.4.210][1352] SELECT pre_cod_asig1,pre_cod_asig2,pre_cod_asig3,pre_cod_asig4,pre_cod_asig5,pre_cod_asig6,pre_cod_asig7 FROM tblaca009 WHERE pensum='5' AND c_uni_ca='6' AND c_asigna='300313' [1][0] OK
C:[06/11/2018 11:24:41.85][172.16.4.210][1365] SELECT c_asigna FROM dace004 WHERE exp_e='15-27504446' AND c_asigna='300213' AND status IN ('0','3','B') [1][0] OK
C:[06/11/2018 11:24:41.85][172.16.4.210][1365] SELECT c_asigna FROM dace004 WHERE exp_e='15-27504446' AND c_asigna='300226' AND status IN ('0','3','B') [1][0] OK
C:[06/11/2018 11:24:41.85][172.16.4.210][1365] SELECT c_asigna FROM dace004 WHERE exp_e='15-27504446' AND c_asigna='300222' AND status IN ('0','3','B') [1][0] OK
C:[06/11/2018 11:24:41.85][172.16.4.210][1365] SELECT c_asigna FROM dace004 WHERE exp_e='15-27504446' AND c_asigna='300209' AND status IN ('0','3','B') [1][0] OK
C:[06/11/2018 11:24:41.85][172.16.4.210][1352] SELECT pre_cod_asig1,pre_cod_asig2,pre_cod_asig3,pre_cod_asig4,pre_cod_asig5,pre_cod_asig6,pre_cod_asig7 FROM tblaca009 WHERE pensum='5' AND c_uni_ca='6' AND c_asigna='300317' [1][0] OK
C:[06/11/2018 11:24:41.85][172.16.4.210][1365] SELECT c_asigna FROM dace004 WHERE exp_e='15-27504446' AND c_asigna='300207' AND status IN ('0','3','B') [1][0] OK
C:[06/11/2018 11:24:41.85][172.16.4.210][1365] SELECT c_asigna FROM dace004 WHERE exp_e='15-27504446' AND c_asigna='300209' AND status IN ('0','3','B') [1][0] OK
C:[06/11/2018 11:24:41.85][172.16.4.210][1352] SELECT pre_cod_asig1,pre_cod_asig2,pre_cod_asig3,pre_cod_asig4,pre_cod_asig5,pre_cod_asig6,pre_cod_asig7 FROM tblaca009 WHERE pensum='5' AND c_uni_ca='6' AND c_asigna='300318' [1][0] OK
C:[06/11/2018 11:24:41.85][172.16.4.210][1365] SELECT c_asigna FROM dace004 WHERE exp_e='15-27504446' AND c_asigna='300228' AND status IN ('0','3','B') [1][0] OK
C:[06/11/2018 11:24:41.85][172.16.4.210][1365] SELECT c_asigna FROM dace004 WHERE exp_e='15-27504446' AND c_asigna='300207' AND status IN ('0','3','B') [1][0] OK
C:[06/11/2018 11:24:41.85][172.16.4.210][1365] SELECT c_asigna FROM dace004 WHERE exp_e='15-27504446' AND c_asigna='300218' AND status IN ('0','3','B') [1][0] OK
C:[06/11/2018 11:24:41.35][172.16.4.210][1396] SELECT par_cod_asig1,par_cod_asig2,par_cod_asig3 FROM tblaca009 WHERE pensum='5' AND c_uni_ca='6' AND c_asigna='300313' [1][0] OK
C:[06/11/2018 11:24:41.35][172.16.4.210][1396] SELECT par_cod_asig1,par_cod_asig2,par_cod_asig3 FROM tblaca009 WHERE pensum='5' AND c_uni_ca='6' AND c_asigna='300317' [1][0] OK
C:[06/11/2018 11:24:41.35][172.16.4.210][1396] SELECT par_cod_asig1,par_cod_asig2,par_cod_asig3 FROM tblaca009 WHERE pensum='5' AND c_uni_ca='6' AND c_asigna='300318' [1][0] OK
C:[06/11/2018 11:24:41.73][172.16.4.210][1526] SELECT horas_lab FROM tblaca008 WHERE c_asigna='300313' AND horas_teoricas > 0 [1][0] OK
C:[06/11/2018 11:24:41.73][172.16.4.210][1526] SELECT horas_lab FROM tblaca008 WHERE c_asigna='300317' AND horas_teoricas > 0 [1][0] OK
C:[06/11/2018 11:24:41.73][172.16.4.210][1526] SELECT horas_lab FROM tblaca008 WHERE c_asigna='300318' AND horas_teoricas > 0 [1][0] OK
C:[06/11/2018 11:26:22.02][172.17.119.105][1352] SELECT pre_cod_asig1,pre_cod_asig2,pre_cod_asig3,pre_cod_asig4,pre_cod_asig5,pre_cod_asig6,pre_cod_asig7 FROM tblaca009 WHERE pensum='5' AND c_uni_ca='6' AND c_asigna='300013' [1][0] OK
C:[06/11/2018 11:26:22.02][172.17.119.105][1352] SELECT pre_cod_asig1,pre_cod_asig2,pre_cod_asig3,pre_cod_asig4,pre_cod_asig5,pre_cod_asig6,pre_cod_asig7 FROM tblaca009 WHERE pensum='5' AND c_uni_ca='6' AND c_asigna='300101' [1][0] OK
C:[06/11/2018 11:26:22.02][172.17.119.105][1352] SELECT pre_cod_asig1,pre_cod_asig2,pre_cod_asig3,pre_cod_asig4,pre_cod_asig5,pre_cod_asig6,pre_cod_asig7 FROM tblaca009 WHERE pensum='5' AND c_uni_ca='6' AND c_asigna='300113' [1][0] OK
C:[06/11/2018 11:26:22.02][172.17.119.105][1352] SELECT pre_cod_asig1,pre_cod_asig2,pre_cod_asig3,pre_cod_asig4,pre_cod_asig5,pre_cod_asig6,pre_cod_asig7 FROM tblaca009 WHERE pensum='5' AND c_uni_ca='6' AND c_asigna='300116' [1][0] OK
C:[06/11/2018 11:26:22.02][172.17.119.105][1352] SELECT pre_cod_asig1,pre_cod_asig2,pre_cod_asig3,pre_cod_asig4,pre_cod_asig5,pre_cod_asig6,pre_cod_asig7 FROM tblaca009 WHERE pensum='5' AND c_uni_ca='6' AND c_asigna='300106' [1][0] OK
C:[06/11/2018 11:26:22.02][172.17.119.105][1352] SELECT pre_cod_asig1,pre_cod_asig2,pre_cod_asig3,pre_cod_asig4,pre_cod_asig5,pre_cod_asig6,pre_cod_asig7 FROM tblaca009 WHERE pensum='5' AND c_uni_ca='6' AND c_asigna='300112' [1][0] OK
C:[06/11/2018 11:26:22.78][172.17.119.105][1396] SELECT par_cod_asig1,par_cod_asig2,par_cod_asig3 FROM tblaca009 WHERE pensum='5' AND c_uni_ca='6' AND c_asigna='300013' [1][0] OK
C:[06/11/2018 11:26:22.78][172.17.119.105][1396] SELECT par_cod_asig1,par_cod_asig2,par_cod_asig3 FROM tblaca009 WHERE pensum='5' AND c_uni_ca='6' AND c_asigna='300101' [1][0] OK
C:[06/11/2018 11:26:22.78][172.17.119.105][1396] SELECT par_cod_asig1,par_cod_asig2,par_cod_asig3 FROM tblaca009 WHERE pensum='5' AND c_uni_ca='6' AND c_asigna='300113' [1][0] OK
C:[06/11/2018 11:26:22.78][172.17.119.105][1410] SELECT c_asigna FROM dace004 WHERE exp_e='18-28375599' AND c_asigna='300013' AND status IN ('0','3','B','C') [0][0] OK
C:[06/11/2018 11:26:22.78][172.17.119.105][1396] SELECT par_cod_asig1,par_cod_asig2,par_cod_asig3 FROM tblaca009 WHERE pensum='5' AND c_uni_ca='6' AND c_asigna='300116' [1][0] OK
C:[06/11/2018 11:26:22.78][172.17.119.105][1396] SELECT par_cod_asig1,par_cod_asig2,par_cod_asig3 FROM tblaca009 WHERE pensum='5' AND c_uni_ca='6' AND c_asigna='300106' [1][0] OK
C:[06/11/2018 11:26:22.78][172.17.119.105][1396] SELECT par_cod_asig1,par_cod_asig2,par_cod_asig3 FROM tblaca009 WHERE pensum='5' AND c_uni_ca='6' AND c_asigna='300112' [1][0] OK
C:[06/11/2018 11:26:22.70][172.17.119.105][1526] SELECT horas_lab FROM tblaca008 WHERE c_asigna='300013' AND horas_teoricas > 0 [1][0] OK
C:[06/11/2018 11:26:22.70][172.17.119.105][1526] SELECT horas_lab FROM tblaca008 WHERE c_asigna='300101' AND horas_teoricas > 0 [1][0] OK
C:[06/11/2018 11:26:22.70][172.17.119.105][1526] SELECT horas_lab FROM tblaca008 WHERE c_asigna='300113' AND horas_teoricas > 0 [0][0] OK
C:[06/11/2018 11:26:22.70][172.17.119.105][1526] SELECT horas_lab FROM tblaca008 WHERE c_asigna='300116' AND horas_teoricas > 0 [1][0] OK
C:[06/11/2018 11:28:36.84][172.16.4.210][1352] SELECT pre_cod_asig1,pre_cod_asig2,pre_cod_asig3,pre_cod_asig4,pre_cod_asig5,pre_cod_asig6,pre_cod_asig7 FROM tblaca009 WHERE pensum='5' AND c_uni_ca='3' AND c_asigna='300207' [1][0] OK
C:[06/11/2018 11:28:36.84][172.16.4.210][1365] SELECT c_asigna FROM dace004 WHERE exp_e='17-26500176' AND c_asigna='300101' AND status IN ('0','3','B') [1][0] OK
C:[06/11/2018 11:28:36.84][172.16.4.210][1352] SELECT pre_cod_asig1,pre_cod_asig2,pre_cod_asig3,pre_cod_asig4,pre_cod_asig5,pre_cod_asig6,pre_cod_asig7 FROM tblaca009 WHERE pensum='5' AND c_uni_ca='3' AND c_asigna='300209' [1][0] OK
C:[06/11/2018 11:28:36.84][172.16.4.210][1365] SELECT c_asigna FROM dace004 WHERE exp_e='17-26500176' AND c_asigna='300101' AND status IN ('0','3','B') [1][0] OK
C:[06/11/2018 11:28:36.84][172.16.4.210][1352] SELECT pre_cod_asig1,pre_cod_asig2,pre_cod_asig3,pre_cod_asig4,pre_cod_asig5,pre_cod_asig6,pre_cod_asig7 FROM tblaca009 WHERE pensum='5' AND c_uni_ca='3' AND c_asigna='300218' [1][0] OK
C:[06/11/2018 11:28:36.84][172.16.4.210][1365] SELECT c_asigna FROM dace004 WHERE exp_e='17-26500176' AND c_asigna='300101' AND status IN ('0','3','B') [1][0] OK
C:[06/11/2018 11:28:36.84][172.16.4.210][1352] SELECT pre_cod_asig1,pre_cod_asig2,pre_cod_asig3,pre_cod_asig4,pre_cod_asig5,pre_cod_asig6,pre_cod_asig7 FROM tblaca009 WHERE pensum='5' AND c_uni_ca='3' AND c_asigna='300222' [1][0] OK
C:[06/11/2018 11:28:36.84][172.16.4.210][1365] SELECT c_asigna FROM dace004 WHERE exp_e='17-26500176' AND c_asigna='300112' AND status IN ('0','3','B') [1][0] OK
C:[06/11/2018 11:28:36.84][172.16.4.210][1352] SELECT pre_cod_asig1,pre_cod_asig2,pre_cod_asig3,pre_cod_asig4,pre_cod_asig5,pre_cod_asig6,pre_cod_asig7 FROM tblaca009 WHERE pensum='5' AND c_uni_ca='3' AND c_asigna='300226' [1][0] OK
C:[06/11/2018 11:28:36.84][172.16.4.210][1365] SELECT c_asigna FROM dace004 WHERE exp_e='17-26500176' AND c_asigna='300116' AND status IN ('0','3','B') [1][0] OK
C:[06/11/2018 11:28:36.84][172.16.4.210][1352] SELECT pre_cod_asig1,pre_cod_asig2,pre_cod_asig3,pre_cod_asig4,pre_cod_asig5,pre_cod_asig6,pre_cod_asig7 FROM tblaca009 WHERE pensum='5' AND c_uni_ca='3' AND c_asigna='300228' [1][0] OK
C:[06/11/2018 11:28:36.84][172.16.4.210][1365] SELECT c_asigna FROM dace004 WHERE exp_e='17-26500176' AND c_asigna='300101' AND status IN ('0','3','B') [1][0] OK
C:[06/11/2018 11:28:36.84][172.16.4.210][1352] SELECT pre_cod_asig1,pre_cod_asig2,pre_cod_asig3,pre_cod_asig4,pre_cod_asig5,pre_cod_asig6,pre_cod_asig7 FROM tblaca009 WHERE pensum='5' AND c_uni_ca='3' AND c_asigna='300314' [1][0] OK
C:[06/11/2018 11:28:36.84][172.16.4.210][1365] SELECT c_asigna FROM dace004 WHERE exp_e='17-26500176' AND c_asigna='300106' AND status IN ('0','3','B') [1][0] OK
C:[06/11/2018 11:28:36.53][172.16.4.210][1396] SELECT par_cod_asig1,par_cod_asig2,par_cod_asig3 FROM tblaca009 WHERE pensum='5' AND c_uni_ca='3' AND c_asigna='300207' [1][0] OK
C:[06/11/2018 11:28:36.53][172.16.4.210][1396] SELECT par_cod_asig1,par_cod_asig2,par_cod_asig3 FROM tblaca009 WHERE pensum='5' AND c_uni_ca='3' AND c_asigna='300209' [1][0] OK
C:[06/11/2018 11:28:36.53][172.16.4.210][1396] SELECT par_cod_asig1,par_cod_asig2,par_cod_asig3 FROM tblaca009 WHERE pensum='5' AND c_uni_ca='3' AND c_asigna='300218' [1][0] OK
C:[06/11/2018 11:28:36.53][172.16.4.210][1410] SELECT c_asigna FROM dace004 WHERE exp_e='17-26500176' AND c_asigna='300228' AND status IN ('0','3','B','C') [0][0] OK
C:[06/11/2018 11:28:36.53][172.16.4.210][1396] SELECT par_cod_asig1,par_cod_asig2,par_cod_asig3 FROM tblaca009 WHERE pensum='5' AND c_uni_ca='3' AND c_asigna='300222' [1][0] OK
C:[06/11/2018 11:28:36.53][172.16.4.210][1396] SELECT par_cod_asig1,par_cod_asig2,par_cod_asig3 FROM tblaca009 WHERE pensum='5' AND c_uni_ca='3' AND c_asigna='300226' [1][0] OK
C:[06/11/2018 11:28:36.53][172.16.4.210][1396] SELECT par_cod_asig1,par_cod_asig2,par_cod_asig3 FROM tblaca009 WHERE pensum='5' AND c_uni_ca='3' AND c_asigna='300228' [1][0] OK
C:[06/11/2018 11:28:36.53][172.16.4.210][1396] SELECT par_cod_asig1,par_cod_asig2,par_cod_asig3 FROM tblaca009 WHERE pensum='5' AND c_uni_ca='3' AND c_asigna='300314' [1][0] OK
C:[06/11/2018 11:28:37.56][172.16.4.210][1526] SELECT horas_lab FROM tblaca008 WHERE c_asigna='300207' AND horas_teoricas > 0 [1][0] OK
C:[06/11/2018 11:28:37.56][172.16.4.210][1526] SELECT horas_lab FROM tblaca008 WHERE c_asigna='300209' AND horas_teoricas > 0 [1][0] OK
C:[06/11/2018 11:28:37.56][172.16.4.210][1526] SELECT horas_lab FROM tblaca008 WHERE c_asigna='300218' AND horas_teoricas > 0 [0][0] OK
C:[06/11/2018 11:28:37.56][172.16.4.210][1526] SELECT horas_lab FROM tblaca008 WHERE c_asigna='300222' AND horas_teoricas > 0 [1][0] OK
C:[06/11/2018 11:28:37.56][172.16.4.210][1526] SELECT horas_lab FROM tblaca008 WHERE c_asigna='300226' AND horas_teoricas > 0 [1][0] OK
C:[06/11/2018 11:28:37.56][172.16.4.210][1526] SELECT horas_lab FROM tblaca008 WHERE c_asigna='300228' AND horas_teoricas > 0 [1][0] OK
C:[06/11/2018 11:28:37.56][172.16.4.210][1526] SELECT horas_lab FROM tblaca008 WHERE c_asigna='300314' AND horas_teoricas > 0 [0][0] OK
C:[07/11/2018 09:06:50.48][172.16.4.210][1352] SELECT pre_cod_asig1,pre_cod_asig2,pre_cod_asig3,pre_cod_asig4,pre_cod_asig5,pre_cod_asig6,pre_cod_asig7 FROM tblaca009 WHERE pensum='5' AND c_uni_ca='4' AND c_asigna='300207' [1][0] OK
C:[07/11/2018 09:06:50.48][172.16.4.210][1365] SELECT c_asigna FROM dace004 WHERE exp_e='18-28534389' AND c_asigna='300101' AND status IN ('0','3','B') [1][0] OK
C:[07/11/2018 09:06:50.48][172.16.4.210][1352] SELECT pre_cod_asig1,pre_cod_asig2,pre_cod_asig3,pre_cod_asig4,pre_cod_asig5,pre_cod_asig6,pre_cod_asig7 FROM tblaca009 WHERE pensum='5' AND c_uni_ca='4' AND c_asigna='300209' [1][0] OK
C:[07/11/2018 09:06:50.48][172.16.4.210][1365] SELECT c_asigna FROM dace004 WHERE exp_e='18-28534389' AND c_asigna='300101' AND status IN ('0','3','B') [1][0] OK
C:[07/11/2018 09:06:50.48][172.16.4.210][1352] SELECT pre_cod_asig1,pre_cod_asig2,pre_cod_asig3,pre_cod_asig4,pre_cod_asig5,pre_cod_asig6,pre_cod_asig7 FROM tblaca009 WHERE pensum='5' AND c_uni_ca='4' AND c_asigna='300213' [1][0] OK
C:[07/11/2018 09:06:50.48][172.16.4.210][1365] SELECT c_asigna FROM dace004 WHERE exp_e='18-28534389' AND c_asigna='300101' AND status IN ('0','3','B') [1][0] OK
C:[07/11/2018 09:06:50.48][172.16.4.210][1352] SELECT pre_cod_asig1,pre_cod_asig2,pre_cod_asig3,pre_cod_asig4,pre_cod_asig5,pre_cod_asig6,pre_cod_asig7 FROM tblaca009 WHERE pensum='5' AND c_uni_ca='4' AND c_asigna='300222' [1][0] OK
C:[07/11/2018 09:06:50.48][172.16.4.210][1365] SELECT c_asigna FROM dace004 WHERE exp_e='18-28534389' AND c_asigna='300112' AND status IN ('0','3','B') [1][0] OK
C:[07/11/2018 09:06:50.48][172.16.4.210][1352] SELECT pre_cod_asig1,pre_cod_asig2,pre_cod_asig3,pre_cod_asig4,pre_cod_asig5,pre_cod_asig6,pre_cod_asig7 FROM tblaca009 WHERE pensum='5' AND c_uni_ca='4' AND c_asigna='300228' [1][0] OK
C:[07/11/2018 09:06:50.48][172.16.4.210][1365] SELECT c_asigna FROM dace004 WHERE exp_e='18-28534389' AND c_asigna='300101' AND status IN ('0','3','B') [1][0] OK
C:[07/11/2018 09:06:51.20][172.16.4.210][1396] SELECT par_cod_asig1,par_cod_asig2,par_cod_asig3 FROM tblaca009 WHERE pensum='5' AND c_uni_ca='4' AND c_asigna='300207' [1][0] OK
C:[07/11/2018 09:06:51.20][172.16.4.210][1396] SELECT par_cod_asig1,par_cod_asig2,par_cod_asig3 FROM tblaca009 WHERE pensum='5' AND c_uni_ca='4' AND c_asigna='300209' [1][0] OK
C:[07/11/2018 09:06:51.20][172.16.4.210][1396] SELECT par_cod_asig1,par_cod_asig2,par_cod_asig3 FROM tblaca009 WHERE pensum='5' AND c_uni_ca='4' AND c_asigna='300213' [1][0] OK
C:[07/11/2018 09:06:51.20][172.16.4.210][1410] SELECT c_asigna FROM dace004 WHERE exp_e='18-28534389' AND c_asigna='300209' AND status IN ('0','3','B','C') [0][0] OK
C:[07/11/2018 09:06:51.20][172.16.4.210][1396] SELECT par_cod_asig1,par_cod_asig2,par_cod_asig3 FROM tblaca009 WHERE pensum='5' AND c_uni_ca='4' AND c_asigna='300222' [1][0] OK
C:[07/11/2018 09:06:51.20][172.16.4.210][1396] SELECT par_cod_asig1,par_cod_asig2,par_cod_asig3 FROM tblaca009 WHERE pensum='5' AND c_uni_ca='4' AND c_asigna='300228' [1][0] OK
C:[07/11/2018 09:06:51.98][172.16.4.210][1526] SELECT horas_lab FROM tblaca008 WHERE c_asigna='300207' AND horas_teoricas > 0 [1][0] OK
C:[07/11/2018 09:06:51.98][172.16.4.210][1526] SELECT horas_lab FROM tblaca008 WHERE c_asigna='300209' AND horas_teoricas > 0 [1][0] OK
C:[07/11/2018 09:22:06.28][172.17.119.113][1352] SELECT pre_cod_asig1,pre_cod_asig2,pre_cod_asig3,pre_cod_asig4,pre_cod_asig5,pre_cod_asig6,pre_cod_asig7 FROM tblaca009 WHERE pensum='5' AND c_uni_ca='4' AND c_asigna='300207' [1][0] OK
C:[07/11/2018 09:22:06.28][172.17.119.113][1365] SELECT c_asigna FROM dace004 WHERE exp_e='17-27308885' AND c_asigna='300101' AND status IN ('0','3','B') [1][0] OK
C:[07/11/2018 09:22:06.28][172.17.119.113][1352] SELECT pre_cod_asig1,pre_cod_asig2,pre_cod_asig3,pre_cod_asig4,pre_cod_asig5,pre_cod_asig6,pre_cod_asig7 FROM tblaca009 WHERE pensum='5' AND c_uni_ca='4' AND c_asigna='300209' [1][0] OK
C:[07/11/2018 09:22:06.28][172.17.119.113][1365] SELECT c_asigna FROM dace004 WHERE exp_e='17-27308885' AND c_asigna='300101' AND status IN ('0','3','B') [1][0] OK
C:[07/11/2018 09:22:06.28][172.17.119.113][1352] SELECT pre_cod_asig1,pre_cod_asig2,pre_cod_asig3,pre_cod_asig4,pre_cod_asig5,pre_cod_asig6,pre_cod_asig7 FROM tblaca009 WHERE pensum='5' AND c_uni_ca='4' AND c_asigna='300226' [1][0] OK
C:[07/11/2018 09:22:06.28][172.17.119.113][1365] SELECT c_asigna FROM dace004 WHERE exp_e='17-27308885' AND c_asigna='300116' AND status IN ('0','3','B') [1][0] OK
C:[07/11/2018 09:22:06.28][172.17.119.113][1352] SELECT pre_cod_asig1,pre_cod_asig2,pre_cod_asig3,pre_cod_asig4,pre_cod_asig5,pre_cod_asig6,pre_cod_asig7 FROM tblaca009 WHERE pensum='5' AND c_uni_ca='4' AND c_asigna='330310' [1][0] OK
C:[07/11/2018 09:22:06.28][172.17.119.113][1365] SELECT c_asigna FROM dace004 WHERE exp_e='17-27308885' AND c_asigna='300013' AND status IN ('0','3','B') [1][0] OK
C:[07/11/2018 09:22:06.28][172.17.119.113][1365] SELECT c_asigna FROM dace004 WHERE exp_e='17-27308885' AND c_asigna='300113' AND status IN ('0','3','B') [1][0] OK
C:[07/11/2018 09:22:06.28][172.17.119.113][1352] SELECT pre_cod_asig1,pre_cod_asig2,pre_cod_asig3,pre_cod_asig4,pre_cod_asig5,pre_cod_asig6,pre_cod_asig7 FROM tblaca009 WHERE pensum='5' AND c_uni_ca='4' AND c_asigna='333326' [1][0] OK
C:[07/11/2018 09:22:06.53][172.17.119.113][1396] SELECT par_cod_asig1,par_cod_asig2,par_cod_asig3 FROM tblaca009 WHERE pensum='5' AND c_uni_ca='4' AND c_asigna='300207' [1][0] OK
C:[07/11/2018 09:22:06.53][172.17.119.113][1396] SELECT par_cod_asig1,par_cod_asig2,par_cod_asig3 FROM tblaca009 WHERE pensum='5' AND c_uni_ca='4' AND c_asigna='300209' [1][0] OK
C:[07/11/2018 09:22:06.53][172.17.119.113][1396] SELECT par_cod_asig1,par_cod_asig2,par_cod_asig3 FROM tblaca009 WHERE pensum='5' AND c_uni_ca='4' AND c_asigna='300226' [1][0] OK
C:[07/11/2018 09:22:06.53][172.17.119.113][1396] SELECT par_cod_asig1,par_cod_asig2,par_cod_asig3 FROM tblaca009 WHERE pensum='5' AND c_uni_ca='4' AND c_asigna='330310' [1][0] OK
C:[07/11/2018 09:22:06.53][172.17.119.113][1396] SELECT par_cod_asig1,par_cod_asig2,par_cod_asig3 FROM tblaca009 WHERE pensum='5' AND c_uni_ca='4' AND c_asigna='333326' [1][0] OK
C:[07/11/2018 09:22:06.18][172.17.119.113][1526] SELECT horas_lab FROM tblaca008 WHERE c_asigna='300207' AND horas_teoricas > 0 [1][0] OK
C:[07/11/2018 09:22:06.18][172.17.119.113][1526] SELECT horas_lab FROM tblaca008 WHERE c_asigna='300209' AND horas_teoricas > 0 [1][0] OK
C:[07/11/2018 09:22:06.18][172.17.119.113][1526] SELECT horas_lab FROM tblaca008 WHERE c_asigna='300226' AND horas_teoricas > 0 [1][0] OK
C:[07/11/2018 09:22:06.18][172.17.119.113][1526] SELECT horas_lab FROM tblaca008 WHERE c_asigna='330310' AND horas_teoricas > 0 [1][0] OK
C:[07/11/2018 09:22:06.18][172.17.119.113][1526] SELECT horas_lab FROM tblaca008 WHERE c_asigna='333326' AND horas_teoricas > 0 [1][0] OK
C:[07/11/2018 09:52:26.80][172.16.4.210][1352] SELECT pre_cod_asig1,pre_cod_asig2,pre_cod_asig3,pre_cod_asig4,pre_cod_asig5,pre_cod_asig6,pre_cod_asig7 FROM tblaca009 WHERE pensum='5' AND c_uni_ca='3' AND c_asigna='300207' [1][0] OK
C:[07/11/2018 09:52:26.80][172.16.4.210][1365] SELECT c_asigna FROM dace004 WHERE exp_e='17-27256985' AND c_asigna='300101' AND status IN ('0','3','B') [1][0] OK
C:[07/11/2018 09:52:26.80][172.16.4.210][1352] SELECT pre_cod_asig1,pre_cod_asig2,pre_cod_asig3,pre_cod_asig4,pre_cod_asig5,pre_cod_asig6,pre_cod_asig7 FROM tblaca009 WHERE pensum='5' AND c_uni_ca='3' AND c_asigna='300209' [1][0] OK
C:[07/11/2018 09:52:26.80][172.16.4.210][1365] SELECT c_asigna FROM dace004 WHERE exp_e='17-27256985' AND c_asigna='300101' AND status IN ('0','3','B') [1][0] OK
C:[07/11/2018 09:52:26.80][172.16.4.210][1352] SELECT pre_cod_asig1,pre_cod_asig2,pre_cod_asig3,pre_cod_asig4,pre_cod_asig5,pre_cod_asig6,pre_cod_asig7 FROM tblaca009 WHERE pensum='5' AND c_uni_ca='3' AND c_asigna='300213' [1][0] OK
C:[07/11/2018 09:52:26.80][172.16.4.210][1365] SELECT c_asigna FROM dace004 WHERE exp_e='17-27256985' AND c_asigna='300101' AND status IN ('0','3','B') [1][0] OK
C:[07/11/2018 09:52:26.80][172.16.4.210][1352] SELECT pre_cod_asig1,pre_cod_asig2,pre_cod_asig3,pre_cod_asig4,pre_cod_asig5,pre_cod_asig6,pre_cod_asig7 FROM tblaca009 WHERE pensum='5' AND c_uni_ca='3' AND c_asigna='300228' [1][0] OK
C:[07/11/2018 09:52:26.80][172.16.4.210][1365] SELECT c_asigna FROM dace004 WHERE exp_e='17-27256985' AND c_asigna='300101' AND status IN ('0','3','B') [1][0] OK
C:[07/11/2018 09:52:26.80][172.16.4.210][1352] SELECT pre_cod_asig1,pre_cod_asig2,pre_cod_asig3,pre_cod_asig4,pre_cod_asig5,pre_cod_asig6,pre_cod_asig7 FROM tblaca009 WHERE pensum='5' AND c_uni_ca='3' AND c_asigna='311320' [1][0] OK
C:[07/11/2018 09:52:26.80][172.16.4.210][1365] SELECT c_asigna FROM dace004 WHERE exp_e='17-27256985' AND c_asigna='300013' AND status IN ('0','3','B') [1][0] OK
C:[07/11/2018 09:52:26.80][172.16.4.210][1365] SELECT c_asigna FROM dace004 WHERE exp_e='17-27256985' AND c_asigna='300113' AND status IN ('0','3','B') [1][0] OK
C:[07/11/2018 09:52:26.17][172.16.4.210][1396] SELECT par_cod_asig1,par_cod_asig2,par_cod_asig3 FROM tblaca009 WHERE pensum='5' AND c_uni_ca='3' AND c_asigna='300207' [1][0] OK
C:[07/11/2018 09:52:26.17][172.16.4.210][1396] SELECT par_cod_asig1,par_cod_asig2,par_cod_asig3 FROM tblaca009 WHERE pensum='5' AND c_uni_ca='3' AND c_asigna='300209' [1][0] OK
C:[07/11/2018 09:52:26.17][172.16.4.210][1396] SELECT par_cod_asig1,par_cod_asig2,par_cod_asig3 FROM tblaca009 WHERE pensum='5' AND c_uni_ca='3' AND c_asigna='300213' [1][0] OK
C:[07/11/2018 09:52:26.17][172.16.4.210][1410] SELECT c_asigna FROM dace004 WHERE exp_e='17-27256985' AND c_asigna='300209' AND status IN ('0','3','B','C') [0][0] OK
C:[07/11/2018 09:52:26.17][172.16.4.210][1396] SELECT par_cod_asig1,par_cod_asig2,par_cod_asig3 FROM tblaca009 WHERE pensum='5' AND c_uni_ca='3' AND c_asigna='300228' [1][0] OK
C:[07/11/2018 09:52:26.17][172.16.4.210][1396] SELECT par_cod_asig1,par_cod_asig2,par_cod_asig3 FROM tblaca009 WHERE pensum='5' AND c_uni_ca='3' AND c_asigna='311320' [1][0] OK
C:[07/11/2018 09:52:26.96][172.16.4.210][1526] SELECT horas_lab FROM tblaca008 WHERE c_asigna='300207' AND horas_teoricas > 0 [1][0] OK
C:[07/11/2018 09:52:26.96][172.16.4.210][1526] SELECT horas_lab FROM tblaca008 WHERE c_asigna='300209' AND horas_teoricas > 0 [1][0] OK
C:[07/11/2018 09:52:26.96][172.16.4.210][1526] SELECT horas_lab FROM tblaca008 WHERE c_asigna='300213' AND horas_teoricas > 0 [1][0] OK
C:[07/11/2018 09:52:26.96][172.16.4.210][1526] SELECT horas_lab FROM tblaca008 WHERE c_asigna='300228' AND horas_teoricas > 0 [1][0] OK
C:[07/11/2018 09:52:26.96][172.16.4.210][1526] SELECT horas_lab FROM tblaca008 WHERE c_asigna='311320' AND horas_teoricas > 0 [1][0] OK
C:[07/11/2018 09:52:51.70][172.17.119.113][1352] SELECT pre_cod_asig1,pre_cod_asig2,pre_cod_asig3,pre_cod_asig4,pre_cod_asig5,pre_cod_asig6,pre_cod_asig7 FROM tblaca009 WHERE pensum='5' AND c_uni_ca='4' AND c_asigna='300209' [1][0] OK
C:[07/11/2018 09:52:51.70][172.17.119.113][1365] SELECT c_asigna FROM dace004 WHERE exp_e='18-27921630' AND c_asigna='300101' AND status IN ('0','3','B') [1][0] OK
C:[07/11/2018 09:52:51.70][172.17.119.113][1352] SELECT pre_cod_asig1,pre_cod_asig2,pre_cod_asig3,pre_cod_asig4,pre_cod_asig5,pre_cod_asig6,pre_cod_asig7 FROM tblaca009 WHERE pensum='5' AND c_uni_ca='4' AND c_asigna='300213' [1][0] OK
C:[07/11/2018 09:52:51.70][172.17.119.113][1365] SELECT c_asigna FROM dace004 WHERE exp_e='18-27921630' AND c_asigna='300101' AND status IN ('0','3','B') [1][0] OK
C:[07/11/2018 09:52:51.70][172.17.119.113][1352] SELECT pre_cod_asig1,pre_cod_asig2,pre_cod_asig3,pre_cod_asig4,pre_cod_asig5,pre_cod_asig6,pre_cod_asig7 FROM tblaca009 WHERE pensum='5' AND c_uni_ca='4' AND c_asigna='300218' [1][0] OK
C:[07/11/2018 09:52:51.70][172.17.119.113][1365] SELECT c_asigna FROM dace004 WHERE exp_e='18-27921630' AND c_asigna='300101' AND status IN ('0','3','B') [1][0] OK
C:[07/11/2018 09:52:51.70][172.17.119.113][1352] SELECT pre_cod_asig1,pre_cod_asig2,pre_cod_asig3,pre_cod_asig4,pre_cod_asig5,pre_cod_asig6,pre_cod_asig7 FROM tblaca009 WHERE pensum='5' AND c_uni_ca='4' AND c_asigna='300226' [1][0] OK
C:[07/11/2018 09:52:51.70][172.17.119.113][1365] SELECT c_asigna FROM dace004 WHERE exp_e='18-27921630' AND c_asigna='300116' AND status IN ('0','3','B') [1][0] OK
C:[07/11/2018 09:52:51.70][172.17.119.113][1352] SELECT pre_cod_asig1,pre_cod_asig2,pre_cod_asig3,pre_cod_asig4,pre_cod_asig5,pre_cod_asig6,pre_cod_asig7 FROM tblaca009 WHERE pensum='5' AND c_uni_ca='4' AND c_asigna='300228' [1][0] OK
C:[07/11/2018 09:52:51.70][172.17.119.113][1365] SELECT c_asigna FROM dace004 WHERE exp_e='18-27921630' AND c_asigna='300101' AND status IN ('0','3','B') [1][0] OK
C:[07/11/2018 09:52:51.95][172.17.119.113][1396] SELECT par_cod_asig1,par_cod_asig2,par_cod_asig3 FROM tblaca009 WHERE pensum='5' AND c_uni_ca='4' AND c_asigna='300209' [1][0] OK
C:[07/11/2018 09:52:51.95][172.17.119.113][1396] SELECT par_cod_asig1,par_cod_asig2,par_cod_asig3 FROM tblaca009 WHERE pensum='5' AND c_uni_ca='4' AND c_asigna='300213' [1][0] OK
C:[07/11/2018 09:52:51.95][172.17.119.113][1410] SELECT c_asigna FROM dace004 WHERE exp_e='18-27921630' AND c_asigna='300209' AND status IN ('0','3','B','C') [0][0] OK
C:[07/11/2018 09:52:51.95][172.17.119.113][1396] SELECT par_cod_asig1,par_cod_asig2,par_cod_asig3 FROM tblaca009 WHERE pensum='5' AND c_uni_ca='4' AND c_asigna='300218' [1][0] OK
C:[07/11/2018 09:52:51.95][172.17.119.113][1410] SELECT c_asigna FROM dace004 WHERE exp_e='18-27921630' AND c_asigna='300228' AND status IN ('0','3','B','C') [0][0] OK
C:[07/11/2018 09:52:51.95][172.17.119.113][1396] SELECT par_cod_asig1,par_cod_asig2,par_cod_asig3 FROM tblaca009 WHERE pensum='5' AND c_uni_ca='4' AND c_asigna='300226' [1][0] OK
C:[07/11/2018 09:52:51.95][172.17.119.113][1396] SELECT par_cod_asig1,par_cod_asig2,par_cod_asig3 FROM tblaca009 WHERE pensum='5' AND c_uni_ca='4' AND c_asigna='300228' [1][0] OK
C:[07/11/2018 09:52:51.95][172.17.119.113][1526] SELECT horas_lab FROM tblaca008 WHERE c_asigna='300209' AND horas_teoricas > 0 [1][0] OK
C:[07/11/2018 09:52:51.95][172.17.119.113][1526] SELECT horas_lab FROM tblaca008 WHERE c_asigna='300213' AND horas_teoricas > 0 [1][0] OK
C:[07/11/2018 09:52:51.95][172.17.119.113][1526] SELECT horas_lab FROM tblaca008 WHERE c_asigna='300218' AND horas_teoricas > 0 [0][0] OK
C:[07/11/2018 09:52:51.95][172.17.119.113][1526] SELECT horas_lab FROM tblaca008 WHERE c_asigna='300226' AND horas_teoricas > 0 [1][0] OK
C:[07/11/2018 09:52:51.95][172.17.119.113][1526] SELECT horas_lab FROM tblaca008 WHERE c_asigna='300228' AND horas_teoricas > 0 [1][0] OK
C:[07/11/2018 09:53:57.33][172.16.4.210][1352] SELECT pre_cod_asig1,pre_cod_asig2,pre_cod_asig3,pre_cod_asig4,pre_cod_asig5,pre_cod_asig6,pre_cod_asig7 FROM tblaca009 WHERE pensum='5' AND c_uni_ca='2' AND c_asigna='300207' [1][0] OK
C:[07/11/2018 09:53:57.33][172.16.4.210][1365] SELECT c_asigna FROM dace004 WHERE exp_e='17-27935381' AND c_asigna='300101' AND status IN ('0','3','B') [1][0] OK
C:[07/11/2018 09:53:57.33][172.16.4.210][1352] SELECT pre_cod_asig1,pre_cod_asig2,pre_cod_asig3,pre_cod_asig4,pre_cod_asig5,pre_cod_asig6,pre_cod_asig7 FROM tblaca009 WHERE pensum='5' AND c_uni_ca='2' AND c_asigna='300209' [1][0] OK
C:[07/11/2018 09:53:57.33][172.16.4.210][1365] SELECT c_asigna FROM dace004 WHERE exp_e='17-27935381' AND c_asigna='300101' AND status IN ('0','3','B') [1][0] OK
C:[07/11/2018 09:53:57.33][172.16.4.210][1352] SELECT pre_cod_asig1,pre_cod_asig2,pre_cod_asig3,pre_cod_asig4,pre_cod_asig5,pre_cod_asig6,pre_cod_asig7 FROM tblaca009 WHERE pensum='5' AND c_uni_ca='2' AND c_asigna='300213' [1][0] OK
C:[07/11/2018 09:53:57.33][172.16.4.210][1365] SELECT c_asigna FROM dace004 WHERE exp_e='17-27935381' AND c_asigna='300101' AND status IN ('0','3','B') [1][0] OK
C:[07/11/2018 09:53:57.33][172.16.4.210][1352] SELECT pre_cod_asig1,pre_cod_asig2,pre_cod_asig3,pre_cod_asig4,pre_cod_asig5,pre_cod_asig6,pre_cod_asig7 FROM tblaca009 WHERE pensum='5' AND c_uni_ca='2' AND c_asigna='300228' [1][0] OK
C:[07/11/2018 09:53:57.33][172.16.4.210][1365] SELECT c_asigna FROM dace004 WHERE exp_e='17-27935381' AND c_asigna='300101' AND status IN ('0','3','B') [1][0] OK
C:[07/11/2018 09:53:57.31][172.16.4.210][1396] SELECT par_cod_asig1,par_cod_asig2,par_cod_asig3 FROM tblaca009 WHERE pensum='5' AND c_uni_ca='2' AND c_asigna='300207' [1][0] OK
C:[07/11/2018 09:53:57.31][172.16.4.210][1396] SELECT par_cod_asig1,par_cod_asig2,par_cod_asig3 FROM tblaca009 WHERE pensum='5' AND c_uni_ca='2' AND c_asigna='300209' [1][0] OK
C:[07/11/2018 09:53:57.31][172.16.4.210][1396] SELECT par_cod_asig1,par_cod_asig2,par_cod_asig3 FROM tblaca009 WHERE pensum='5' AND c_uni_ca='2' AND c_asigna='300213' [1][0] OK
C:[07/11/2018 09:53:57.31][172.16.4.210][1410] SELECT c_asigna FROM dace004 WHERE exp_e='17-27935381' AND c_asigna='300209' AND status IN ('0','3','B','C') [0][0] OK
C:[07/11/2018 09:53:57.31][172.16.4.210][1396] SELECT par_cod_asig1,par_cod_asig2,par_cod_asig3 FROM tblaca009 WHERE pensum='5' AND c_uni_ca='2' AND c_asigna='300228' [1][0] OK
C:[07/11/2018 09:53:58.97][172.16.4.210][1526] SELECT horas_lab FROM tblaca008 WHERE c_asigna='300207' AND horas_teoricas > 0 [1][0] OK
C:[07/11/2018 09:53:58.97][172.16.4.210][1526] SELECT horas_lab FROM tblaca008 WHERE c_asigna='300209' AND horas_teoricas > 0 [1][0] OK
C:[07/11/2018 09:53:58.97][172.16.4.210][1526] SELECT horas_lab FROM tblaca008 WHERE c_asigna='300213' AND horas_teoricas > 0 [1][0] OK
C:[07/11/2018 09:53:58.97][172.16.4.210][1526] SELECT horas_lab FROM tblaca008 WHERE c_asigna='300228' AND horas_teoricas > 0 [1][0] OK
C:[07/11/2018 10:13:08.44][172.16.4.210][1352] SELECT pre_cod_asig1,pre_cod_asig2,pre_cod_asig3,pre_cod_asig4,pre_cod_asig5,pre_cod_asig6,pre_cod_asig7 FROM tblaca009 WHERE pensum='5' AND c_uni_ca='5' AND c_asigna='300207' [1][0] OK
C:[07/11/2018 10:13:08.44][172.16.4.210][1365] SELECT c_asigna FROM dace004 WHERE exp_e='17-27993774' AND c_asigna='300101' AND status IN ('0','3','B') [1][0] OK
C:[07/11/2018 10:13:08.44][172.16.4.210][1352] SELECT pre_cod_asig1,pre_cod_asig2,pre_cod_asig3,pre_cod_asig4,pre_cod_asig5,pre_cod_asig6,pre_cod_asig7 FROM tblaca009 WHERE pensum='5' AND c_uni_ca='5' AND c_asigna='300213' [1][0] OK
C:[07/11/2018 10:13:08.44][172.16.4.210][1365] SELECT c_asigna FROM dace004 WHERE exp_e='17-27993774' AND c_asigna='300101' AND status IN ('0','3','B') [1][0] OK
C:[07/11/2018 10:13:08.44][172.16.4.210][1352] SELECT pre_cod_asig1,pre_cod_asig2,pre_cod_asig3,pre_cod_asig4,pre_cod_asig5,pre_cod_asig6,pre_cod_asig7 FROM tblaca009 WHERE pensum='5' AND c_uni_ca='5' AND c_asigna='300222' [1][0] OK
C:[07/11/2018 10:13:08.44][172.16.4.210][1365] SELECT c_asigna FROM dace004 WHERE exp_e='17-27993774' AND c_asigna='300112' AND status IN ('0','3','B') [1][0] OK
C:[07/11/2018 10:13:08.44][172.16.4.210][1352] SELECT pre_cod_asig1,pre_cod_asig2,pre_cod_asig3,pre_cod_asig4,pre_cod_asig5,pre_cod_asig6,pre_cod_asig7 FROM tblaca009 WHERE pensum='5' AND c_uni_ca='5' AND c_asigna='300228' [1][0] OK
C:[07/11/2018 10:13:08.44][172.16.4.210][1365] SELECT c_asigna FROM dace004 WHERE exp_e='17-27993774' AND c_asigna='300101' AND status IN ('0','3','B') [1][0] OK
C:[07/11/2018 10:13:08.44][172.16.4.210][1396] SELECT par_cod_asig1,par_cod_asig2,par_cod_asig3 FROM tblaca009 WHERE pensum='5' AND c_uni_ca='5' AND c_asigna='300207' [1][0] OK
C:[07/11/2018 10:13:08.44][172.16.4.210][1396] SELECT par_cod_asig1,par_cod_asig2,par_cod_asig3 FROM tblaca009 WHERE pensum='5' AND c_uni_ca='5' AND c_asigna='300213' [1][0] OK
C:[07/11/2018 10:13:08.44][172.16.4.210][1410] SELECT c_asigna FROM dace004 WHERE exp_e='17-27993774' AND c_asigna='300209' AND status IN ('0','3','B','C') [1][0] OK
C:[07/11/2018 10:13:08.44][172.16.4.210][1396] SELECT par_cod_asig1,par_cod_asig2,par_cod_asig3 FROM tblaca009 WHERE pensum='5' AND c_uni_ca='5' AND c_asigna='300222' [1][0] OK
C:[07/11/2018 10:13:08.44][172.16.4.210][1396] SELECT par_cod_asig1,par_cod_asig2,par_cod_asig3 FROM tblaca009 WHERE pensum='5' AND c_uni_ca='5' AND c_asigna='300228' [1][0] OK
C:[07/11/2018 10:13:08.10][172.16.4.210][1526] SELECT horas_lab FROM tblaca008 WHERE c_asigna='300207' AND horas_teoricas > 0 [1][0] OK
C:[07/11/2018 10:13:08.10][172.16.4.210][1526] SELECT horas_lab FROM tblaca008 WHERE c_asigna='300213' AND horas_teoricas > 0 [1][0] OK
C:[07/11/2018 10:13:08.10][172.16.4.210][1526] SELECT horas_lab FROM tblaca008 WHERE c_asigna='300222' AND horas_teoricas > 0 [1][0] OK
C:[07/11/2018 10:13:08.10][172.16.4.210][1526] SELECT horas_lab FROM tblaca008 WHERE c_asigna='300228' AND horas_teoricas > 0 [1][0] OK
C:[07/11/2018 10:15:16.05][172.16.4.210][1352] SELECT pre_cod_asig1,pre_cod_asig2,pre_cod_asig3,pre_cod_asig4,pre_cod_asig5,pre_cod_asig6,pre_cod_asig7 FROM tblaca009 WHERE pensum='5' AND c_uni_ca='6' AND c_asigna='300313' [1][0] OK
C:[07/11/2018 10:15:16.05][172.16.4.210][1365] SELECT c_asigna FROM dace004 WHERE exp_e='11-22824122' AND c_asigna='300213' AND status IN ('0','3','B') [1][0] OK
C:[07/11/2018 10:15:16.05][172.16.4.210][1365] SELECT c_asigna FROM dace004 WHERE exp_e='11-22824122' AND c_asigna='300226' AND status IN ('0','3','B') [1][0] OK
C:[07/11/2018 10:15:16.05][172.16.4.210][1365] SELECT c_asigna FROM dace004 WHERE exp_e='11-22824122' AND c_asigna='300222' AND status IN ('0','3','B') [1][0] OK
C:[07/11/2018 10:15:16.05][172.16.4.210][1365] SELECT c_asigna FROM dace004 WHERE exp_e='11-22824122' AND c_asigna='300209' AND status IN ('0','3','B') [1][0] OK
C:[07/11/2018 10:15:16.05][172.16.4.210][1352] SELECT pre_cod_asig1,pre_cod_asig2,pre_cod_asig3,pre_cod_asig4,pre_cod_asig5,pre_cod_asig6,pre_cod_asig7 FROM tblaca009 WHERE pensum='5' AND c_uni_ca='6' AND c_asigna='344445' [1][0] OK
C:[07/11/2018 10:15:16.05][172.16.4.210][1352] SELECT pre_cod_asig1,pre_cod_asig2,pre_cod_asig3,pre_cod_asig4,pre_cod_asig5,pre_cod_asig6,pre_cod_asig7 FROM tblaca009 WHERE pensum='5' AND c_uni_ca='6' AND c_asigna='342567' [1][0] OK
C:[07/11/2018 10:15:16.05][172.16.4.210][1365] SELECT c_asigna FROM dace004 WHERE exp_e='11-22824122' AND c_asigna='342444' AND status IN ('0','3','B') [1][0] OK
C:[07/11/2018 10:15:17.05][172.16.4.210][1396] SELECT par_cod_asig1,par_cod_asig2,par_cod_asig3 FROM tblaca009 WHERE pensum='5' AND c_uni_ca='6' AND c_asigna='300313' [1][0] OK
C:[07/11/2018 10:15:17.05][172.16.4.210][1396] SELECT par_cod_asig1,par_cod_asig2,par_cod_asig3 FROM tblaca009 WHERE pensum='5' AND c_uni_ca='6' AND c_asigna='344445' [1][0] OK
C:[07/11/2018 10:15:17.05][172.16.4.210][1396] SELECT par_cod_asig1,par_cod_asig2,par_cod_asig3 FROM tblaca009 WHERE pensum='5' AND c_uni_ca='6' AND c_asigna='342567' [1][0] OK
C:[07/11/2018 10:15:17.45][172.16.4.210][1526] SELECT horas_lab FROM tblaca008 WHERE c_asigna='300313' AND horas_teoricas > 0 [1][0] OK
C:[07/11/2018 10:15:17.45][172.16.4.210][1526] SELECT horas_lab FROM tblaca008 WHERE c_asigna='344445' AND horas_teoricas > 0 [1][0] OK
C:[07/11/2018 10:15:17.45][172.16.4.210][1526] SELECT horas_lab FROM tblaca008 WHERE c_asigna='342567' AND horas_teoricas > 0 [1][0] OK
C:[07/11/2018 10:22:17.36][172.17.118.246][1352] SELECT pre_cod_asig1,pre_cod_asig2,pre_cod_asig3,pre_cod_asig4,pre_cod_asig5,pre_cod_asig6,pre_cod_asig7 FROM tblaca009 WHERE pensum='5' AND c_uni_ca='6' AND c_asigna='300228' [1][0] OK
C:[07/11/2018 10:22:17.36][172.17.118.246][1365] SELECT c_asigna FROM dace004 WHERE exp_e='15-26421487' AND c_asigna='300101' AND status IN ('0','3','B') [1][0] OK
C:[07/11/2018 10:22:17.36][172.17.118.246][1352] SELECT pre_cod_asig1,pre_cod_asig2,pre_cod_asig3,pre_cod_asig4,pre_cod_asig5,pre_cod_asig6,pre_cod_asig7 FROM tblaca009 WHERE pensum='5' AND c_uni_ca='6' AND c_asigna='340327' [1][0] OK
C:[07/11/2018 10:22:17.36][172.17.118.246][1365] SELECT c_asigna FROM dace004 WHERE exp_e='15-26421487' AND c_asigna='300013' AND status IN ('0','3','B') [1][0] OK
C:[07/11/2018 10:22:17.36][172.17.118.246][1365] SELECT c_asigna FROM dace004 WHERE exp_e='15-26421487' AND c_asigna='300113' AND status IN ('0','3','B') [1][0] OK
C:[07/11/2018 10:22:17.98][172.17.118.246][1396] SELECT par_cod_asig1,par_cod_asig2,par_cod_asig3 FROM tblaca009 WHERE pensum='5' AND c_uni_ca='6' AND c_asigna='300228' [1][0] OK
C:[07/11/2018 10:22:17.98][172.17.118.246][1396] SELECT par_cod_asig1,par_cod_asig2,par_cod_asig3 FROM tblaca009 WHERE pensum='5' AND c_uni_ca='6' AND c_asigna='340327' [1][0] OK
C:[07/11/2018 10:22:17.26][172.17.118.246][1526] SELECT horas_lab FROM tblaca008 WHERE c_asigna='300228' AND horas_teoricas > 0 [1][0] OK
C:[07/11/2018 10:22:17.26][172.17.118.246][1526] SELECT horas_lab FROM tblaca008 WHERE c_asigna='340327' AND horas_teoricas > 0 [1][0] OK
C:[07/11/2018 10:29:26.96][172.17.138.177][1352] SELECT pre_cod_asig1,pre_cod_asig2,pre_cod_asig3,pre_cod_asig4,pre_cod_asig5,pre_cod_asig6,pre_cod_asig7 FROM tblaca009 WHERE pensum='5' AND c_uni_ca='3' AND c_asigna='311825' [1][0] OK
C:[07/11/2018 10:29:26.96][172.17.138.177][1365] SELECT c_asigna FROM dace004 WHERE exp_e='12-24412780' AND c_asigna='311775' AND status IN ('0','3','B') [1][0] OK
C:[07/11/2018 10:29:26.96][172.17.138.177][1365] SELECT c_asigna FROM dace004 WHERE exp_e='12-24412780' AND c_asigna='311795' AND status IN ('0','3','B') [1][0] OK
C:[07/11/2018 10:29:26.96][172.17.138.177][1352] SELECT pre_cod_asig1,pre_cod_asig2,pre_cod_asig3,pre_cod_asig4,pre_cod_asig5,pre_cod_asig6,pre_cod_asig7 FROM tblaca009 WHERE pensum='5' AND c_uni_ca='3' AND c_asigna='300956' [1][0] OK
C:[07/11/2018 10:29:26.96][172.17.138.177][1365] SELECT c_asigna FROM dace004 WHERE exp_e='12-24412780' AND c_asigna='300422' AND status IN ('0','3','B') [1][0] OK
C:[07/11/2018 10:29:26.96][172.17.138.177][1365] SELECT c_asigna FROM dace004 WHERE exp_e='12-24412780' AND c_asigna='300105' AND status IN ('0','3','B') [1][0] OK
C:[07/11/2018 10:29:26.96][172.17.138.177][1365] SELECT c_asigna FROM dace004 WHERE exp_e='12-24412780' AND c_asigna='300314' AND status IN ('0','3','B') [1][0] OK
C:[07/11/2018 10:29:26.96][172.17.138.177][1352] SELECT pre_cod_asig1,pre_cod_asig2,pre_cod_asig3,pre_cod_asig4,pre_cod_asig5,pre_cod_asig6,pre_cod_asig7 FROM tblaca009 WHERE pensum='5' AND c_uni_ca='3' AND c_asigna='311939' [1][0] OK
C:[07/11/2018 10:29:26.96][172.17.138.177][1352] SELECT pre_cod_asig1,pre_cod_asig2,pre_cod_asig3,pre_cod_asig4,pre_cod_asig5,pre_cod_asig6,pre_cod_asig7 FROM tblaca009 WHERE pensum='5' AND c_uni_ca='3' AND c_asigna='300870' [1][0] OK
C:[07/11/2018 10:29:26.96][172.17.138.177][1352] SELECT pre_cod_asig1,pre_cod_asig2,pre_cod_asig3,pre_cod_asig4,pre_cod_asig5,pre_cod_asig6,pre_cod_asig7 FROM tblaca009 WHERE pensum='5' AND c_uni_ca='3' AND c_asigna='311094' [1][0] OK
C:[07/11/2018 10:29:26.96][172.17.138.177][1365] SELECT c_asigna FROM dace004 WHERE exp_e='12-24412780' AND c_asigna='311822' AND status IN ('0','3','B') [1][0] OK
C:[07/11/2018 10:29:26.96][172.17.138.177][1365] SELECT c_asigna FROM dace004 WHERE exp_e='12-24412780' AND c_asigna='311823' AND status IN ('0','3','B') [1][0] OK
C:[07/11/2018 10:29:26.46][172.17.138.177][1396] SELECT par_cod_asig1,par_cod_asig2,par_cod_asig3 FROM tblaca009 WHERE pensum='5' AND c_uni_ca='3' AND c_asigna='311825' [1][0] OK
C:[07/11/2018 10:29:26.46][172.17.138.177][1396] SELECT par_cod_asig1,par_cod_asig2,par_cod_asig3 FROM tblaca009 WHERE pensum='5' AND c_uni_ca='3' AND c_asigna='300956' [1][0] OK
C:[07/11/2018 10:29:26.46][172.17.138.177][1396] SELECT par_cod_asig1,par_cod_asig2,par_cod_asig3 FROM tblaca009 WHERE pensum='5' AND c_uni_ca='3' AND c_asigna='311939' [1][0] OK
C:[07/11/2018 10:29:26.46][172.17.138.177][1410] SELECT c_asigna FROM dace004 WHERE exp_e='12-24412780' AND c_asigna='300956' AND status IN ('0','3','B','C') [0][0] OK
C:[07/11/2018 10:29:26.46][172.17.138.177][1396] SELECT par_cod_asig1,par_cod_asig2,par_cod_asig3 FROM tblaca009 WHERE pensum='5' AND c_uni_ca='3' AND c_asigna='300870' [1][0] OK
C:[07/11/2018 10:29:26.46][172.17.138.177][1396] SELECT par_cod_asig1,par_cod_asig2,par_cod_asig3 FROM tblaca009 WHERE pensum='5' AND c_uni_ca='3' AND c_asigna='311094' [1][0] OK
C:[07/11/2018 10:29:26.26][172.17.138.177][1526] SELECT horas_lab FROM tblaca008 WHERE c_asigna='311825' AND horas_teoricas > 0 [1][0] OK
C:[07/11/2018 10:29:26.26][172.17.138.177][1526] SELECT horas_lab FROM tblaca008 WHERE c_asigna='300956' AND horas_teoricas > 0 [1][0] OK
C:[07/11/2018 10:29:26.26][172.17.138.177][1526] SELECT horas_lab FROM tblaca008 WHERE c_asigna='311939' AND horas_teoricas > 0 [0][0] OK
C:[07/11/2018 10:29:26.26][172.17.138.177][1526] SELECT horas_lab FROM tblaca008 WHERE c_asigna='300870' AND horas_teoricas > 0 [1][0] OK
C:[07/11/2018 10:29:26.26][172.17.138.177][1526] SELECT horas_lab FROM tblaca008 WHERE c_asigna='311094' AND horas_teoricas > 0 [1][0] OK
C:[07/11/2018 10:34:03.37][172.16.4.210][1352] SELECT pre_cod_asig1,pre_cod_asig2,pre_cod_asig3,pre_cod_asig4,pre_cod_asig5,pre_cod_asig6,pre_cod_asig7 FROM tblaca009 WHERE pensum='5' AND c_uni_ca='2' AND c_asigna='300207' [1][0] OK
C:[07/11/2018 10:34:03.37][172.16.4.210][1365] SELECT c_asigna FROM dace004 WHERE exp_e='18-27574241' AND c_asigna='300101' AND status IN ('0','3','B') [1][0] OK
C:[07/11/2018 10:34:03.37][172.16.4.210][1352] SELECT pre_cod_asig1,pre_cod_asig2,pre_cod_asig3,pre_cod_asig4,pre_cod_asig5,pre_cod_asig6,pre_cod_asig7 FROM tblaca009 WHERE pensum='5' AND c_uni_ca='2' AND c_asigna='300209' [1][0] OK
C:[07/11/2018 10:34:03.37][172.16.4.210][1365] SELECT c_asigna FROM dace004 WHERE exp_e='18-27574241' AND c_asigna='300101' AND status IN ('0','3','B') [1][0] OK
C:[07/11/2018 10:34:03.37][172.16.4.210][1352] SELECT pre_cod_asig1,pre_cod_asig2,pre_cod_asig3,pre_cod_asig4,pre_cod_asig5,pre_cod_asig6,pre_cod_asig7 FROM tblaca009 WHERE pensum='5' AND c_uni_ca='2' AND c_asigna='300218' [1][0] OK
C:[07/11/2018 10:34:03.37][172.16.4.210][1365] SELECT c_asigna FROM dace004 WHERE exp_e='18-27574241' AND c_asigna='300101' AND status IN ('0','3','B') [1][0] OK
C:[07/11/2018 10:34:03.37][172.16.4.210][1352] SELECT pre_cod_asig1,pre_cod_asig2,pre_cod_asig3,pre_cod_asig4,pre_cod_asig5,pre_cod_asig6,pre_cod_asig7 FROM tblaca009 WHERE pensum='5' AND c_uni_ca='2' AND c_asigna='300222' [1][0] OK
C:[07/11/2018 10:34:03.37][172.16.4.210][1365] SELECT c_asigna FROM dace004 WHERE exp_e='18-27574241' AND c_asigna='300112' AND status IN ('0','3','B') [1][0] OK
C:[07/11/2018 10:34:03.37][172.16.4.210][1352] SELECT pre_cod_asig1,pre_cod_asig2,pre_cod_asig3,pre_cod_asig4,pre_cod_asig5,pre_cod_asig6,pre_cod_asig7 FROM tblaca009 WHERE pensum='5' AND c_uni_ca='2' AND c_asigna='300228' [1][0] OK
C:[07/11/2018 10:34:03.37][172.16.4.210][1365] SELECT c_asigna FROM dace004 WHERE exp_e='18-27574241' AND c_asigna='300101' AND status IN ('0','3','B') [1][0] OK
C:[07/11/2018 10:34:03.63][172.16.4.210][1396] SELECT par_cod_asig1,par_cod_asig2,par_cod_asig3 FROM tblaca009 WHERE pensum='5' AND c_uni_ca='2' AND c_asigna='300207' [1][0] OK
C:[07/11/2018 10:34:03.63][172.16.4.210][1396] SELECT par_cod_asig1,par_cod_asig2,par_cod_asig3 FROM tblaca009 WHERE pensum='5' AND c_uni_ca='2' AND c_asigna='300209' [1][0] OK
C:[07/11/2018 10:34:03.63][172.16.4.210][1396] SELECT par_cod_asig1,par_cod_asig2,par_cod_asig3 FROM tblaca009 WHERE pensum='5' AND c_uni_ca='2' AND c_asigna='300218' [1][0] OK
C:[07/11/2018 10:34:03.63][172.16.4.210][1410] SELECT c_asigna FROM dace004 WHERE exp_e='18-27574241' AND c_asigna='300228' AND status IN ('0','3','B','C') [0][0] OK
C:[07/11/2018 10:34:03.63][172.16.4.210][1396] SELECT par_cod_asig1,par_cod_asig2,par_cod_asig3 FROM tblaca009 WHERE pensum='5' AND c_uni_ca='2' AND c_asigna='300222' [1][0] OK
C:[07/11/2018 10:34:03.63][172.16.4.210][1396] SELECT par_cod_asig1,par_cod_asig2,par_cod_asig3 FROM tblaca009 WHERE pensum='5' AND c_uni_ca='2' AND c_asigna='300228' [1][0] OK
C:[07/11/2018 10:34:03.99][172.16.4.210][1526] SELECT horas_lab FROM tblaca008 WHERE c_asigna='300207' AND horas_teoricas > 0 [1][0] OK
C:[07/11/2018 10:34:03.99][172.16.4.210][1526] SELECT horas_lab FROM tblaca008 WHERE c_asigna='300209' AND horas_teoricas > 0 [1][0] OK
C:[07/11/2018 10:34:03.99][172.16.4.210][1526] SELECT horas_lab FROM tblaca008 WHERE c_asigna='300218' AND horas_teoricas > 0 [0][0] OK
C:[07/11/2018 10:34:03.99][172.16.4.210][1526] SELECT horas_lab FROM tblaca008 WHERE c_asigna='300222' AND horas_teoricas > 0 [1][0] OK
C:[07/11/2018 10:34:03.99][172.16.4.210][1526] SELECT horas_lab FROM tblaca008 WHERE c_asigna='300228' AND horas_teoricas > 0 [1][0] OK
C:[07/11/2018 11:05:46.82][172.16.4.248][1352] SELECT pre_cod_asig1,pre_cod_asig2,pre_cod_asig3,pre_cod_asig4,pre_cod_asig5,pre_cod_asig6,pre_cod_asig7 FROM tblaca009 WHERE pensum='5' AND c_uni_ca='3' AND c_asigna='311824' [1][0] OK
C:[07/11/2018 11:05:46.82][172.16.4.248][1365] SELECT c_asigna FROM dace004 WHERE exp_e='13-26138694' AND c_asigna='311796' AND status IN ('0','3','B') [1][0] OK
C:[07/11/2018 11:05:46.82][172.16.4.248][1365] SELECT c_asigna FROM dace004 WHERE exp_e='13-26138694' AND c_asigna='315671' AND status IN ('0','3','B') [1][0] OK
C:[07/11/2018 11:05:46.82][172.16.4.248][1365] SELECT c_asigna FROM dace004 WHERE exp_e='13-26138694' AND c_asigna='311552' AND status IN ('0','3','B') [1][0] OK
C:[07/11/2018 11:05:46.82][172.16.4.248][1365] SELECT c_asigna FROM dace004 WHERE exp_e='13-26138694' AND c_asigna='311430' AND status IN ('0','3','B') [1][0] OK
C:[07/11/2018 11:05:46.82][172.16.4.248][1365] SELECT c_asigna FROM dace004 WHERE exp_e='13-26138694' AND c_asigna='300317' AND status IN ('0','3','B') [1][0] OK
C:[07/11/2018 11:05:46.82][172.16.4.248][1365] SELECT c_asigna FROM dace004 WHERE exp_e='13-26138694' AND c_asigna='300318' AND status IN ('0','3','B') [1][0] OK
C:[07/11/2018 11:05:46.82][172.16.4.248][1365] SELECT c_asigna FROM dace004 WHERE exp_e='13-26138694' AND c_asigna='300313' AND status IN ('0','3','B') [1][0] OK
C:[07/11/2018 11:05:46.82][172.16.4.248][1352] SELECT pre_cod_asig1,pre_cod_asig2,pre_cod_asig3,pre_cod_asig4,pre_cod_asig5,pre_cod_asig6,pre_cod_asig7 FROM tblaca009 WHERE pensum='5' AND c_uni_ca='3' AND c_asigna='311826' [1][0] OK
C:[07/11/2018 11:05:46.82][172.16.4.248][1365] SELECT c_asigna FROM dace004 WHERE exp_e='13-26138694' AND c_asigna='311799' AND status IN ('0','3','B') [1][0] OK
C:[07/11/2018 11:05:46.82][172.16.4.248][1352] SELECT pre_cod_asig1,pre_cod_asig2,pre_cod_asig3,pre_cod_asig4,pre_cod_asig5,pre_cod_asig6,pre_cod_asig7 FROM tblaca009 WHERE pensum='5' AND c_uni_ca='3' AND c_asigna='311827' [1][0] OK
C:[07/11/2018 11:05:46.82][172.16.4.248][1365] SELECT c_asigna FROM dace004 WHERE exp_e='13-26138694' AND c_asigna='311704' AND status IN ('0','3','B') [1][0] OK
C:[07/11/2018 11:05:46.82][172.16.4.248][1352] SELECT pre_cod_asig1,pre_cod_asig2,pre_cod_asig3,pre_cod_asig4,pre_cod_asig5,pre_cod_asig6,pre_cod_asig7 FROM tblaca009 WHERE pensum='5' AND c_uni_ca='3' AND c_asigna='300956' [1][0] OK
C:[07/11/2018 11:05:46.82][172.16.4.248][1365] SELECT c_asigna FROM dace004 WHERE exp_e='13-26138694' AND c_asigna='300422' AND status IN ('0','3','B') [1][0] OK
C:[07/11/2018 11:05:46.82][172.16.4.248][1365] SELECT c_asigna FROM dace004 WHERE exp_e='13-26138694' AND c_asigna='300105' AND status IN ('0','3','B') [1][0] OK
C:[07/11/2018 11:05:46.82][172.16.4.248][1365] SELECT c_asigna FROM dace004 WHERE exp_e='13-26138694' AND c_asigna='300314' AND status IN ('0','3','B') [1][0] OK
C:[07/11/2018 11:05:46.82][172.16.4.248][1352] SELECT pre_cod_asig1,pre_cod_asig2,pre_cod_asig3,pre_cod_asig4,pre_cod_asig5,pre_cod_asig6,pre_cod_asig7 FROM tblaca009 WHERE pensum='5' AND c_uni_ca='3' AND c_asigna='300890' [1][0] OK
C:[07/11/2018 11:05:46.82][172.16.4.248][1352] SELECT pre_cod_asig1,pre_cod_asig2,pre_cod_asig3,pre_cod_asig4,pre_cod_asig5,pre_cod_asig6,pre_cod_asig7 FROM tblaca009 WHERE pensum='5' AND c_uni_ca='3' AND c_asigna='311091' [1][0] OK
C:[07/11/2018 11:05:46.82][172.16.4.248][1365] SELECT c_asigna FROM dace004 WHERE exp_e='13-26138694' AND c_asigna='311825' AND status IN ('0','3','B') [1][0] OK
C:[07/11/2018 11:05:46.82][172.16.4.248][1352] SELECT pre_cod_asig1,pre_cod_asig2,pre_cod_asig3,pre_cod_asig4,pre_cod_asig5,pre_cod_asig6,pre_cod_asig7 FROM tblaca009 WHERE pensum='5' AND c_uni_ca='3' AND c_asigna='311094' [1][0] OK
C:[07/11/2018 11:05:46.82][172.16.4.248][1365] SELECT c_asigna FROM dace004 WHERE exp_e='13-26138694' AND c_asigna='311822' AND status IN ('0','3','B') [1][0] OK
C:[07/11/2018 11:05:46.82][172.16.4.248][1365] SELECT c_asigna FROM dace004 WHERE exp_e='13-26138694' AND c_asigna='311823' AND status IN ('0','3','B') [1][0] OK
C:[07/11/2018 11:05:46.57][172.16.4.248][1396] SELECT par_cod_asig1,par_cod_asig2,par_cod_asig3 FROM tblaca009 WHERE pensum='5' AND c_uni_ca='3' AND c_asigna='311824' [1][0] OK
C:[07/11/2018 11:05:46.57][172.16.4.248][1396] SELECT par_cod_asig1,par_cod_asig2,par_cod_asig3 FROM tblaca009 WHERE pensum='5' AND c_uni_ca='3' AND c_asigna='311826' [1][0] OK
C:[07/11/2018 11:05:46.57][172.16.4.248][1396] SELECT par_cod_asig1,par_cod_asig2,par_cod_asig3 FROM tblaca009 WHERE pensum='5' AND c_uni_ca='3' AND c_asigna='311827' [1][0] OK
C:[07/11/2018 11:05:46.57][172.16.4.248][1396] SELECT par_cod_asig1,par_cod_asig2,par_cod_asig3 FROM tblaca009 WHERE pensum='5' AND c_uni_ca='3' AND c_asigna='300956' [1][0] OK
C:[07/11/2018 11:05:46.57][172.16.4.248][1396] SELECT par_cod_asig1,par_cod_asig2,par_cod_asig3 FROM tblaca009 WHERE pensum='5' AND c_uni_ca='3' AND c_asigna='300890' [1][0] OK
C:[07/11/2018 11:05:46.57][172.16.4.248][1396] SELECT par_cod_asig1,par_cod_asig2,par_cod_asig3 FROM tblaca009 WHERE pensum='5' AND c_uni_ca='3' AND c_asigna='311091' [1][0] OK
C:[07/11/2018 11:05:46.57][172.16.4.248][1396] SELECT par_cod_asig1,par_cod_asig2,par_cod_asig3 FROM tblaca009 WHERE pensum='5' AND c_uni_ca='3' AND c_asigna='311094' [1][0] OK
C:[07/11/2018 11:05:47.47][172.16.4.248][1526] SELECT horas_lab FROM tblaca008 WHERE c_asigna='311824' AND horas_teoricas > 0 [1][0] OK
C:[07/11/2018 11:05:47.47][172.16.4.248][1526] SELECT horas_lab FROM tblaca008 WHERE c_asigna='311826' AND horas_teoricas > 0 [1][0] OK
C:[07/11/2018 11:05:47.47][172.16.4.248][1526] SELECT horas_lab FROM tblaca008 WHERE c_asigna='311827' AND horas_teoricas > 0 [1][0] OK
C:[07/11/2018 11:05:47.47][172.16.4.248][1526] SELECT horas_lab FROM tblaca008 WHERE c_asigna='300956' AND horas_teoricas > 0 [1][0] OK
C:[07/11/2018 11:05:47.47][172.16.4.248][1526] SELECT horas_lab FROM tblaca008 WHERE c_asigna='300890' AND horas_teoricas > 0 [1][0] OK
C:[07/11/2018 11:05:47.47][172.16.4.248][1526] SELECT horas_lab FROM tblaca008 WHERE c_asigna='311091' AND horas_teoricas > 0 [1][0] OK
C:[07/11/2018 11:05:47.47][172.16.4.248][1526] SELECT horas_lab FROM tblaca008 WHERE c_asigna='311094' AND horas_teoricas > 0 [1][0] OK
C:[07/11/2018 11:31:33.48][172.17.118.246][1352] SELECT pre_cod_asig1,pre_cod_asig2,pre_cod_asig3,pre_cod_asig4,pre_cod_asig5,pre_cod_asig6,pre_cod_asig7 FROM tblaca009 WHERE pensum='5' AND c_uni_ca='3' AND c_asigna='311825' [1][0] OK
C:[07/11/2018 11:31:33.48][172.17.118.246][1365] SELECT c_asigna FROM dace004 WHERE exp_e='12-24412780' AND c_asigna='311775' AND status IN ('0','3','B') [1][0] OK
C:[07/11/2018 11:31:33.48][172.17.118.246][1365] SELECT c_asigna FROM dace004 WHERE exp_e='12-24412780' AND c_asigna='311795' AND status IN ('0','3','B') [1][0] OK
C:[07/11/2018 11:31:33.48][172.17.118.246][1352] SELECT pre_cod_asig1,pre_cod_asig2,pre_cod_asig3,pre_cod_asig4,pre_cod_asig5,pre_cod_asig6,pre_cod_asig7 FROM tblaca009 WHERE pensum='5' AND c_uni_ca='3' AND c_asigna='300956' [1][0] OK
C:[07/11/2018 11:31:33.48][172.17.118.246][1365] SELECT c_asigna FROM dace004 WHERE exp_e='12-24412780' AND c_asigna='300422' AND status IN ('0','3','B') [1][0] OK
C:[07/11/2018 11:31:33.48][172.17.118.246][1365] SELECT c_asigna FROM dace004 WHERE exp_e='12-24412780' AND c_asigna='300105' AND status IN ('0','3','B') [1][0] OK
C:[07/11/2018 11:31:33.48][172.17.118.246][1365] SELECT c_asigna FROM dace004 WHERE exp_e='12-24412780' AND c_asigna='300314' AND status IN ('0','3','B') [1][0] OK
C:[07/11/2018 11:31:33.48][172.17.118.246][1352] SELECT pre_cod_asig1,pre_cod_asig2,pre_cod_asig3,pre_cod_asig4,pre_cod_asig5,pre_cod_asig6,pre_cod_asig7 FROM tblaca009 WHERE pensum='5' AND c_uni_ca='3' AND c_asigna='311939' [1][0] OK
C:[07/11/2018 11:31:33.48][172.17.118.246][1352] SELECT pre_cod_asig1,pre_cod_asig2,pre_cod_asig3,pre_cod_asig4,pre_cod_asig5,pre_cod_asig6,pre_cod_asig7 FROM tblaca009 WHERE pensum='5' AND c_uni_ca='3' AND c_asigna='300870' [1][0] OK
C:[07/11/2018 11:31:33.48][172.17.118.246][1352] SELECT pre_cod_asig1,pre_cod_asig2,pre_cod_asig3,pre_cod_asig4,pre_cod_asig5,pre_cod_asig6,pre_cod_asig7 FROM tblaca009 WHERE pensum='5' AND c_uni_ca='3' AND c_asigna='311094' [1][0] OK
C:[07/11/2018 11:31:33.48][172.17.118.246][1365] SELECT c_asigna FROM dace004 WHERE exp_e='12-24412780' AND c_asigna='311822' AND status IN ('0','3','B') [1][0] OK
C:[07/11/2018 11:31:33.48][172.17.118.246][1365] SELECT c_asigna FROM dace004 WHERE exp_e='12-24412780' AND c_asigna='311823' AND status IN ('0','3','B') [1][0] OK
C:[07/11/2018 11:31:33.97][172.17.118.246][1396] SELECT par_cod_asig1,par_cod_asig2,par_cod_asig3 FROM tblaca009 WHERE pensum='5' AND c_uni_ca='3' AND c_asigna='311825' [1][0] OK
C:[07/11/2018 11:31:33.97][172.17.118.246][1396] SELECT par_cod_asig1,par_cod_asig2,par_cod_asig3 FROM tblaca009 WHERE pensum='5' AND c_uni_ca='3' AND c_asigna='300956' [1][0] OK
C:[07/11/2018 11:31:33.97][172.17.118.246][1396] SELECT par_cod_asig1,par_cod_asig2,par_cod_asig3 FROM tblaca009 WHERE pensum='5' AND c_uni_ca='3' AND c_asigna='311939' [1][0] OK
C:[07/11/2018 11:31:33.97][172.17.118.246][1410] SELECT c_asigna FROM dace004 WHERE exp_e='12-24412780' AND c_asigna='300956' AND status IN ('0','3','B','C') [0][0] OK
C:[07/11/2018 11:31:33.97][172.17.118.246][1396] SELECT par_cod_asig1,par_cod_asig2,par_cod_asig3 FROM tblaca009 WHERE pensum='5' AND c_uni_ca='3' AND c_asigna='300870' [1][0] OK
C:[07/11/2018 11:31:33.97][172.17.118.246][1396] SELECT par_cod_asig1,par_cod_asig2,par_cod_asig3 FROM tblaca009 WHERE pensum='5' AND c_uni_ca='3' AND c_asigna='311094' [1][0] OK
C:[07/11/2018 11:31:34.75][172.17.118.246][1526] SELECT horas_lab FROM tblaca008 WHERE c_asigna='311825' AND horas_teoricas > 0 [1][0] OK
C:[07/11/2018 11:31:34.75][172.17.118.246][1526] SELECT horas_lab FROM tblaca008 WHERE c_asigna='300956' AND horas_teoricas > 0 [1][0] OK
C:[07/11/2018 11:31:34.75][172.17.118.246][1526] SELECT horas_lab FROM tblaca008 WHERE c_asigna='311939' AND horas_teoricas > 0 [0][0] OK
C:[07/11/2018 11:31:34.75][172.17.118.246][1526] SELECT horas_lab FROM tblaca008 WHERE c_asigna='300870' AND horas_teoricas > 0 [1][0] OK
C:[07/11/2018 11:31:34.75][172.17.118.246][1526] SELECT horas_lab FROM tblaca008 WHERE c_asigna='311094' AND horas_teoricas > 0 [1][0] OK
C:[08/11/2018 09:34:17.62][172.17.118.246][1352] SELECT pre_cod_asig1,pre_cod_asig2,pre_cod_asig3,pre_cod_asig4,pre_cod_asig5,pre_cod_asig6,pre_cod_asig7 FROM tblaca009 WHERE pensum='5' AND c_uni_ca='3' AND c_asigna='300207' [1][0] OK
C:[08/11/2018 09:34:17.62][172.17.118.246][1365] SELECT c_asigna FROM dace004 WHERE exp_e='18-26969987' AND c_asigna='300101' AND status IN ('0','3','B') [1][0] OK
C:[08/11/2018 09:34:17.62][172.17.118.246][1352] SELECT pre_cod_asig1,pre_cod_asig2,pre_cod_asig3,pre_cod_asig4,pre_cod_asig5,pre_cod_asig6,pre_cod_asig7 FROM tblaca009 WHERE pensum='5' AND c_uni_ca='3' AND c_asigna='300209' [1][0] OK
C:[08/11/2018 09:34:17.62][172.17.118.246][1365] SELECT c_asigna FROM dace004 WHERE exp_e='18-26969987' AND c_asigna='300101' AND status IN ('0','3','B') [1][0] OK
C:[08/11/2018 09:34:17.62][172.17.118.246][1352] SELECT pre_cod_asig1,pre_cod_asig2,pre_cod_asig3,pre_cod_asig4,pre_cod_asig5,pre_cod_asig6,pre_cod_asig7 FROM tblaca009 WHERE pensum='5' AND c_uni_ca='3' AND c_asigna='300213' [1][0] OK
C:[08/11/2018 09:34:17.62][172.17.118.246][1365] SELECT c_asigna FROM dace004 WHERE exp_e='18-26969987' AND c_asigna='300101' AND status IN ('0','3','B') [1][0] OK
C:[08/11/2018 09:34:17.62][172.17.118.246][1352] SELECT pre_cod_asig1,pre_cod_asig2,pre_cod_asig3,pre_cod_asig4,pre_cod_asig5,pre_cod_asig6,pre_cod_asig7 FROM tblaca009 WHERE pensum='5' AND c_uni_ca='3' AND c_asigna='300226' [1][0] OK
C:[08/11/2018 09:34:17.62][172.17.118.246][1365] SELECT c_asigna FROM dace004 WHERE exp_e='18-26969987' AND c_asigna='300116' AND status IN ('0','3','B') [1][0] OK
C:[08/11/2018 09:34:17.62][172.17.118.246][1352] SELECT pre_cod_asig1,pre_cod_asig2,pre_cod_asig3,pre_cod_asig4,pre_cod_asig5,pre_cod_asig6,pre_cod_asig7 FROM tblaca009 WHERE pensum='5' AND c_uni_ca='3' AND c_asigna='311320' [1][0] OK
C:[08/11/2018 09:34:17.62][172.17.118.246][1365] SELECT c_asigna FROM dace004 WHERE exp_e='18-26969987' AND c_asigna='300013' AND status IN ('0','3','B') [1][0] OK
C:[08/11/2018 09:34:17.62][172.17.118.246][1365] SELECT c_asigna FROM dace004 WHERE exp_e='18-26969987' AND c_asigna='300113' AND status IN ('0','3','B') [1][0] OK
C:[08/11/2018 09:34:17.10][172.17.118.246][1396] SELECT par_cod_asig1,par_cod_asig2,par_cod_asig3 FROM tblaca009 WHERE pensum='5' AND c_uni_ca='3' AND c_asigna='300207' [1][0] OK
C:[08/11/2018 09:34:17.10][172.17.118.246][1396] SELECT par_cod_asig1,par_cod_asig2,par_cod_asig3 FROM tblaca009 WHERE pensum='5' AND c_uni_ca='3' AND c_asigna='300209' [1][0] OK
C:[08/11/2018 09:34:17.10][172.17.118.246][1396] SELECT par_cod_asig1,par_cod_asig2,par_cod_asig3 FROM tblaca009 WHERE pensum='5' AND c_uni_ca='3' AND c_asigna='300213' [1][0] OK
C:[08/11/2018 09:34:17.10][172.17.118.246][1410] SELECT c_asigna FROM dace004 WHERE exp_e='18-26969987' AND c_asigna='300209' AND status IN ('0','3','B','C') [0][0] OK
C:[08/11/2018 09:34:17.10][172.17.118.246][1396] SELECT par_cod_asig1,par_cod_asig2,par_cod_asig3 FROM tblaca009 WHERE pensum='5' AND c_uni_ca='3' AND c_asigna='300226' [1][0] OK
C:[08/11/2018 09:34:17.10][172.17.118.246][1396] SELECT par_cod_asig1,par_cod_asig2,par_cod_asig3 FROM tblaca009 WHERE pensum='5' AND c_uni_ca='3' AND c_asigna='311320' [1][0] OK
C:[08/11/2018 09:34:17.89][172.17.118.246][1526] SELECT horas_lab FROM tblaca008 WHERE c_asigna='300207' AND horas_teoricas > 0 [1][0] OK
C:[08/11/2018 09:34:17.89][172.17.118.246][1526] SELECT horas_lab FROM tblaca008 WHERE c_asigna='300209' AND horas_teoricas > 0 [1][0] OK
C:[08/11/2018 09:34:17.89][172.17.118.246][1526] SELECT horas_lab FROM tblaca008 WHERE c_asigna='300213' AND horas_teoricas > 0 [1][0] OK
C:[08/11/2018 09:34:17.89][172.17.118.246][1526] SELECT horas_lab FROM tblaca008 WHERE c_asigna='300226' AND horas_teoricas > 0 [1][0] OK
C:[08/11/2018 09:34:17.89][172.17.118.246][1526] SELECT horas_lab FROM tblaca008 WHERE c_asigna='311320' AND horas_teoricas > 0 [1][0] OK
C:[08/11/2018 09:45:11.80][172.17.119.113][1352] SELECT pre_cod_asig1,pre_cod_asig2,pre_cod_asig3,pre_cod_asig4,pre_cod_asig5,pre_cod_asig6,pre_cod_asig7 FROM tblaca009 WHERE pensum='5' AND c_uni_ca='6' AND c_asigna='300013' [1][0] OK
C:[08/11/2018 09:45:11.80][172.17.119.113][1352] SELECT pre_cod_asig1,pre_cod_asig2,pre_cod_asig3,pre_cod_asig4,pre_cod_asig5,pre_cod_asig6,pre_cod_asig7 FROM tblaca009 WHERE pensum='5' AND c_uni_ca='6' AND c_asigna='300101' [1][0] OK
C:[08/11/2018 09:45:11.06][172.17.119.113][1396] SELECT par_cod_asig1,par_cod_asig2,par_cod_asig3 FROM tblaca009 WHERE pensum='5' AND c_uni_ca='6' AND c_asigna='300013' [1][0] OK
C:[08/11/2018 09:45:11.06][172.17.119.113][1396] SELECT par_cod_asig1,par_cod_asig2,par_cod_asig3 FROM tblaca009 WHERE pensum='5' AND c_uni_ca='6' AND c_asigna='300101' [1][0] OK
C:[08/11/2018 09:45:11.46][172.17.119.113][1526] SELECT horas_lab FROM tblaca008 WHERE c_asigna='300013' AND horas_teoricas > 0 [1][0] OK
C:[08/11/2018 09:45:11.46][172.17.119.113][1526] SELECT horas_lab FROM tblaca008 WHERE c_asigna='300101' AND horas_teoricas > 0 [1][0] OK
C:[08/11/2018 09:47:58.94][172.16.4.210][1352] SELECT pre_cod_asig1,pre_cod_asig2,pre_cod_asig3,pre_cod_asig4,pre_cod_asig5,pre_cod_asig6,pre_cod_asig7 FROM tblaca009 WHERE pensum='5' AND c_uni_ca='3' AND c_asigna='300116' [1][0] OK
C:[08/11/2018 09:47:58.94][172.16.4.210][1352] SELECT pre_cod_asig1,pre_cod_asig2,pre_cod_asig3,pre_cod_asig4,pre_cod_asig5,pre_cod_asig6,pre_cod_asig7 FROM tblaca009 WHERE pensum='5' AND c_uni_ca='3' AND c_asigna='300207' [1][0] OK
C:[08/11/2018 09:47:58.94][172.16.4.210][1365] SELECT c_asigna FROM dace004 WHERE exp_e='18-27874079' AND c_asigna='300101' AND status IN ('0','3','B') [1][0] OK
C:[08/11/2018 09:47:58.94][172.16.4.210][1352] SELECT pre_cod_asig1,pre_cod_asig2,pre_cod_asig3,pre_cod_asig4,pre_cod_asig5,pre_cod_asig6,pre_cod_asig7 FROM tblaca009 WHERE pensum='5' AND c_uni_ca='3' AND c_asigna='300218' [1][0] OK
C:[08/11/2018 09:47:58.94][172.16.4.210][1365] SELECT c_asigna FROM dace004 WHERE exp_e='18-27874079' AND c_asigna='300101' AND status IN ('0','3','B') [1][0] OK
C:[08/11/2018 09:47:58.94][172.16.4.210][1352] SELECT pre_cod_asig1,pre_cod_asig2,pre_cod_asig3,pre_cod_asig4,pre_cod_asig5,pre_cod_asig6,pre_cod_asig7 FROM tblaca009 WHERE pensum='5' AND c_uni_ca='3' AND c_asigna='300222' [1][0] OK
C:[08/11/2018 09:47:58.94][172.16.4.210][1365] SELECT c_asigna FROM dace004 WHERE exp_e='18-27874079' AND c_asigna='300112' AND status IN ('0','3','B') [1][0] OK
C:[08/11/2018 09:47:58.94][172.16.4.210][1352] SELECT pre_cod_asig1,pre_cod_asig2,pre_cod_asig3,pre_cod_asig4,pre_cod_asig5,pre_cod_asig6,pre_cod_asig7 FROM tblaca009 WHERE pensum='5' AND c_uni_ca='3' AND c_asigna='300228' [1][0] OK
C:[08/11/2018 09:47:58.94][172.16.4.210][1365] SELECT c_asigna FROM dace004 WHERE exp_e='18-27874079' AND c_asigna='300101' AND status IN ('0','3','B') [1][0] OK
C:[08/11/2018 09:47:58.94][172.16.4.210][1352] SELECT pre_cod_asig1,pre_cod_asig2,pre_cod_asig3,pre_cod_asig4,pre_cod_asig5,pre_cod_asig6,pre_cod_asig7 FROM tblaca009 WHERE pensum='5' AND c_uni_ca='3' AND c_asigna='311320' [1][0] OK
C:[08/11/2018 09:47:58.94][172.16.4.210][1365] SELECT c_asigna FROM dace004 WHERE exp_e='18-27874079' AND c_asigna='300013' AND status IN ('0','3','B') [1][0] OK
C:[08/11/2018 09:47:58.94][172.16.4.210][1365] SELECT c_asigna FROM dace004 WHERE exp_e='18-27874079' AND c_asigna='300113' AND status IN ('0','3','B') [1][0] OK
C:[08/11/2018 09:47:58.45][172.16.4.210][1396] SELECT par_cod_asig1,par_cod_asig2,par_cod_asig3 FROM tblaca009 WHERE pensum='5' AND c_uni_ca='3' AND c_asigna='300116' [1][0] OK
C:[08/11/2018 09:47:58.45][172.16.4.210][1396] SELECT par_cod_asig1,par_cod_asig2,par_cod_asig3 FROM tblaca009 WHERE pensum='5' AND c_uni_ca='3' AND c_asigna='300207' [1][0] OK
C:[08/11/2018 09:47:58.45][172.16.4.210][1396] SELECT par_cod_asig1,par_cod_asig2,par_cod_asig3 FROM tblaca009 WHERE pensum='5' AND c_uni_ca='3' AND c_asigna='300218' [1][0] OK
C:[08/11/2018 09:47:58.45][172.16.4.210][1410] SELECT c_asigna FROM dace004 WHERE exp_e='18-27874079' AND c_asigna='300228' AND status IN ('0','3','B','C') [0][0] OK
C:[08/11/2018 09:47:58.45][172.16.4.210][1396] SELECT par_cod_asig1,par_cod_asig2,par_cod_asig3 FROM tblaca009 WHERE pensum='5' AND c_uni_ca='3' AND c_asigna='300222' [1][0] OK
C:[08/11/2018 09:47:58.45][172.16.4.210][1396] SELECT par_cod_asig1,par_cod_asig2,par_cod_asig3 FROM tblaca009 WHERE pensum='5' AND c_uni_ca='3' AND c_asigna='300228' [1][0] OK
C:[08/11/2018 09:47:58.45][172.16.4.210][1396] SELECT par_cod_asig1,par_cod_asig2,par_cod_asig3 FROM tblaca009 WHERE pensum='5' AND c_uni_ca='3' AND c_asigna='311320' [1][0] OK
C:[08/11/2018 09:47:59.38][172.16.4.210][1526] SELECT horas_lab FROM tblaca008 WHERE c_asigna='300116' AND horas_teoricas > 0 [1][0] OK
C:[08/11/2018 09:47:59.38][172.16.4.210][1526] SELECT horas_lab FROM tblaca008 WHERE c_asigna='300207' AND horas_teoricas > 0 [1][0] OK
C:[08/11/2018 09:47:59.38][172.16.4.210][1526] SELECT horas_lab FROM tblaca008 WHERE c_asigna='300218' AND horas_teoricas > 0 [0][0] OK
C:[08/11/2018 09:47:59.38][172.16.4.210][1526] SELECT horas_lab FROM tblaca008 WHERE c_asigna='300222' AND horas_teoricas > 0 [1][0] OK
C:[08/11/2018 09:47:59.38][172.16.4.210][1526] SELECT horas_lab FROM tblaca008 WHERE c_asigna='300228' AND horas_teoricas > 0 [1][0] OK
C:[08/11/2018 09:47:59.38][172.16.4.210][1526] SELECT horas_lab FROM tblaca008 WHERE c_asigna='311320' AND horas_teoricas > 0 [1][0] OK
C:[08/11/2018 09:48:25.07][172.16.4.210][1352] SELECT pre_cod_asig1,pre_cod_asig2,pre_cod_asig3,pre_cod_asig4,pre_cod_asig5,pre_cod_asig6,pre_cod_asig7 FROM tblaca009 WHERE pensum='5' AND c_uni_ca='3' AND c_asigna='300116' [1][0] OK
C:[08/11/2018 09:48:25.07][172.16.4.210][1352] SELECT pre_cod_asig1,pre_cod_asig2,pre_cod_asig3,pre_cod_asig4,pre_cod_asig5,pre_cod_asig6,pre_cod_asig7 FROM tblaca009 WHERE pensum='5' AND c_uni_ca='3' AND c_asigna='300207' [1][0] OK
C:[08/11/2018 09:48:25.07][172.16.4.210][1365] SELECT c_asigna FROM dace004 WHERE exp_e='18-27874079' AND c_asigna='300101' AND status IN ('0','3','B') [1][0] OK
C:[08/11/2018 09:48:25.07][172.16.4.210][1352] SELECT pre_cod_asig1,pre_cod_asig2,pre_cod_asig3,pre_cod_asig4,pre_cod_asig5,pre_cod_asig6,pre_cod_asig7 FROM tblaca009 WHERE pensum='5' AND c_uni_ca='3' AND c_asigna='300218' [1][0] OK
C:[08/11/2018 09:48:25.07][172.16.4.210][1365] SELECT c_asigna FROM dace004 WHERE exp_e='18-27874079' AND c_asigna='300101' AND status IN ('0','3','B') [1][0] OK
C:[08/11/2018 09:48:25.07][172.16.4.210][1352] SELECT pre_cod_asig1,pre_cod_asig2,pre_cod_asig3,pre_cod_asig4,pre_cod_asig5,pre_cod_asig6,pre_cod_asig7 FROM tblaca009 WHERE pensum='5' AND c_uni_ca='3' AND c_asigna='300222' [1][0] OK
C:[08/11/2018 09:48:25.07][172.16.4.210][1365] SELECT c_asigna FROM dace004 WHERE exp_e='18-27874079' AND c_asigna='300112' AND status IN ('0','3','B') [1][0] OK
C:[08/11/2018 09:48:25.07][172.16.4.210][1352] SELECT pre_cod_asig1,pre_cod_asig2,pre_cod_asig3,pre_cod_asig4,pre_cod_asig5,pre_cod_asig6,pre_cod_asig7 FROM tblaca009 WHERE pensum='5' AND c_uni_ca='3' AND c_asigna='300228' [1][0] OK
C:[08/11/2018 09:48:25.07][172.16.4.210][1365] SELECT c_asigna FROM dace004 WHERE exp_e='18-27874079' AND c_asigna='300101' AND status IN ('0','3','B') [1][0] OK
C:[08/11/2018 09:48:25.07][172.16.4.210][1352] SELECT pre_cod_asig1,pre_cod_asig2,pre_cod_asig3,pre_cod_asig4,pre_cod_asig5,pre_cod_asig6,pre_cod_asig7 FROM tblaca009 WHERE pensum='5' AND c_uni_ca='3' AND c_asigna='311320' [1][0] OK
C:[08/11/2018 09:48:25.07][172.16.4.210][1365] SELECT c_asigna FROM dace004 WHERE exp_e='18-27874079' AND c_asigna='300013' AND status IN ('0','3','B') [1][0] OK
C:[08/11/2018 09:48:25.07][172.16.4.210][1365] SELECT c_asigna FROM dace004 WHERE exp_e='18-27874079' AND c_asigna='300113' AND status IN ('0','3','B') [1][0] OK
C:[08/11/2018 09:48:25.57][172.16.4.210][1396] SELECT par_cod_asig1,par_cod_asig2,par_cod_asig3 FROM tblaca009 WHERE pensum='5' AND c_uni_ca='3' AND c_asigna='300116' [1][0] OK
C:[08/11/2018 09:48:25.57][172.16.4.210][1396] SELECT par_cod_asig1,par_cod_asig2,par_cod_asig3 FROM tblaca009 WHERE pensum='5' AND c_uni_ca='3' AND c_asigna='300207' [1][0] OK
C:[08/11/2018 09:48:25.57][172.16.4.210][1396] SELECT par_cod_asig1,par_cod_asig2,par_cod_asig3 FROM tblaca009 WHERE pensum='5' AND c_uni_ca='3' AND c_asigna='300218' [1][0] OK
C:[08/11/2018 09:48:25.57][172.16.4.210][1410] SELECT c_asigna FROM dace004 WHERE exp_e='18-27874079' AND c_asigna='300228' AND status IN ('0','3','B','C') [0][0] OK
C:[08/11/2018 09:48:25.57][172.16.4.210][1396] SELECT par_cod_asig1,par_cod_asig2,par_cod_asig3 FROM tblaca009 WHERE pensum='5' AND c_uni_ca='3' AND c_asigna='300222' [1][0] OK
C:[08/11/2018 09:48:25.57][172.16.4.210][1396] SELECT par_cod_asig1,par_cod_asig2,par_cod_asig3 FROM tblaca009 WHERE pensum='5' AND c_uni_ca='3' AND c_asigna='300228' [1][0] OK
C:[08/11/2018 09:48:25.57][172.16.4.210][1396] SELECT par_cod_asig1,par_cod_asig2,par_cod_asig3 FROM tblaca009 WHERE pensum='5' AND c_uni_ca='3' AND c_asigna='311320' [1][0] OK
C:[08/11/2018 09:48:25.50][172.16.4.210][1526] SELECT horas_lab FROM tblaca008 WHERE c_asigna='300116' AND horas_teoricas > 0 [1][0] OK
C:[08/11/2018 09:48:25.50][172.16.4.210][1526] SELECT horas_lab FROM tblaca008 WHERE c_asigna='300207' AND horas_teoricas > 0 [1][0] OK
C:[08/11/2018 09:48:25.50][172.16.4.210][1526] SELECT horas_lab FROM tblaca008 WHERE c_asigna='300218' AND horas_teoricas > 0 [0][0] OK
C:[08/11/2018 09:48:25.50][172.16.4.210][1526] SELECT horas_lab FROM tblaca008 WHERE c_asigna='300222' AND horas_teoricas > 0 [1][0] OK
C:[08/11/2018 09:48:25.50][172.16.4.210][1526] SELECT horas_lab FROM tblaca008 WHERE c_asigna='300228' AND horas_teoricas > 0 [1][0] OK
C:[08/11/2018 09:48:25.50][172.16.4.210][1526] SELECT horas_lab FROM tblaca008 WHERE c_asigna='311320' AND horas_teoricas > 0 [1][0] OK
C:[08/11/2018 09:48:54.47][172.17.118.246][1352] SELECT pre_cod_asig1,pre_cod_asig2,pre_cod_asig3,pre_cod_asig4,pre_cod_asig5,pre_cod_asig6,pre_cod_asig7 FROM tblaca009 WHERE pensum='5' AND c_uni_ca='5' AND c_asigna='300113' [1][0] OK
C:[08/11/2018 09:48:54.47][172.17.118.246][1352] SELECT pre_cod_asig1,pre_cod_asig2,pre_cod_asig3,pre_cod_asig4,pre_cod_asig5,pre_cod_asig6,pre_cod_asig7 FROM tblaca009 WHERE pensum='5' AND c_uni_ca='5' AND c_asigna='300209' [1][0] OK
C:[08/11/2018 09:48:54.47][172.17.118.246][1365] SELECT c_asigna FROM dace004 WHERE exp_e='18-27975322' AND c_asigna='300101' AND status IN ('0','3','B') [1][0] OK
C:[08/11/2018 09:48:54.47][172.17.118.246][1352] SELECT pre_cod_asig1,pre_cod_asig2,pre_cod_asig3,pre_cod_asig4,pre_cod_asig5,pre_cod_asig6,pre_cod_asig7 FROM tblaca009 WHERE pensum='5' AND c_uni_ca='5' AND c_asigna='300218' [1][0] OK
C:[08/11/2018 09:48:54.47][172.17.118.246][1365] SELECT c_asigna FROM dace004 WHERE exp_e='18-27975322' AND c_asigna='300101' AND status IN ('0','3','B') [1][0] OK
C:[08/11/2018 09:48:54.47][172.17.118.246][1352] SELECT pre_cod_asig1,pre_cod_asig2,pre_cod_asig3,pre_cod_asig4,pre_cod_asig5,pre_cod_asig6,pre_cod_asig7 FROM tblaca009 WHERE pensum='5' AND c_uni_ca='5' AND c_asigna='300226' [1][0] OK
C:[08/11/2018 09:48:54.47][172.17.118.246][1365] SELECT c_asigna FROM dace004 WHERE exp_e='18-27975322' AND c_asigna='300116' AND status IN ('0','3','B') [1][0] OK
C:[08/11/2018 09:48:54.47][172.17.118.246][1352] SELECT pre_cod_asig1,pre_cod_asig2,pre_cod_asig3,pre_cod_asig4,pre_cod_asig5,pre_cod_asig6,pre_cod_asig7 FROM tblaca009 WHERE pensum='5' AND c_uni_ca='5' AND c_asigna='300228' [1][0] OK
C:[08/11/2018 09:48:54.47][172.17.118.246][1365] SELECT c_asigna FROM dace004 WHERE exp_e='18-27975322' AND c_asigna='300101' AND status IN ('0','3','B') [1][0] OK
C:[08/11/2018 09:48:54.47][172.17.118.246][1352] SELECT pre_cod_asig1,pre_cod_asig2,pre_cod_asig3,pre_cod_asig4,pre_cod_asig5,pre_cod_asig6,pre_cod_asig7 FROM tblaca009 WHERE pensum='5' AND c_uni_ca='5' AND c_asigna='300213' [1][0] OK
C:[08/11/2018 09:48:54.47][172.17.118.246][1365] SELECT c_asigna FROM dace004 WHERE exp_e='18-27975322' AND c_asigna='300101' AND status IN ('0','3','B') [1][0] OK
C:[08/11/2018 09:48:54.47][172.17.118.246][1352] SELECT pre_cod_asig1,pre_cod_asig2,pre_cod_asig3,pre_cod_asig4,pre_cod_asig5,pre_cod_asig6,pre_cod_asig7 FROM tblaca009 WHERE pensum='5' AND c_uni_ca='5' AND c_asigna='300222' [1][0] OK
C:[08/11/2018 09:48:54.47][172.17.118.246][1365] SELECT c_asigna FROM dace004 WHERE exp_e='18-27975322' AND c_asigna='300112' AND status IN ('0','3','B') [1][0] OK
C:[08/11/2018 09:48:54.08][172.17.118.246][1396] SELECT par_cod_asig1,par_cod_asig2,par_cod_asig3 FROM tblaca009 WHERE pensum='5' AND c_uni_ca='5' AND c_asigna='300113' [1][0] OK
C:[08/11/2018 09:48:54.08][172.17.118.246][1410] SELECT c_asigna FROM dace004 WHERE exp_e='18-27975322' AND c_asigna='300013' AND status IN ('0','3','B','C') [1][0] OK
C:[08/11/2018 09:48:54.08][172.17.118.246][1396] SELECT par_cod_asig1,par_cod_asig2,par_cod_asig3 FROM tblaca009 WHERE pensum='5' AND c_uni_ca='5' AND c_asigna='300209' [1][0] OK
C:[08/11/2018 09:48:54.08][172.17.118.246][1396] SELECT par_cod_asig1,par_cod_asig2,par_cod_asig3 FROM tblaca009 WHERE pensum='5' AND c_uni_ca='5' AND c_asigna='300218' [1][0] OK
C:[08/11/2018 09:48:54.08][172.17.118.246][1410] SELECT c_asigna FROM dace004 WHERE exp_e='18-27975322' AND c_asigna='300228' AND status IN ('0','3','B','C') [0][0] OK
C:[08/11/2018 09:48:54.08][172.17.118.246][1396] SELECT par_cod_asig1,par_cod_asig2,par_cod_asig3 FROM tblaca009 WHERE pensum='5' AND c_uni_ca='5' AND c_asigna='300226' [1][0] OK
C:[08/11/2018 09:48:54.08][172.17.118.246][1396] SELECT par_cod_asig1,par_cod_asig2,par_cod_asig3 FROM tblaca009 WHERE pensum='5' AND c_uni_ca='5' AND c_asigna='300228' [1][0] OK
C:[08/11/2018 09:48:54.08][172.17.118.246][1396] SELECT par_cod_asig1,par_cod_asig2,par_cod_asig3 FROM tblaca009 WHERE pensum='5' AND c_uni_ca='5' AND c_asigna='300213' [1][0] OK
C:[08/11/2018 09:48:54.08][172.17.118.246][1410] SELECT c_asigna FROM dace004 WHERE exp_e='18-27975322' AND c_asigna='300209' AND status IN ('0','3','B','C') [0][0] OK
C:[08/11/2018 09:48:54.08][172.17.118.246][1396] SELECT par_cod_asig1,par_cod_asig2,par_cod_asig3 FROM tblaca009 WHERE pensum='5' AND c_uni_ca='5' AND c_asigna='300222' [1][0] OK
C:[08/11/2018 09:48:55.37][172.17.118.246][1526] SELECT horas_lab FROM tblaca008 WHERE c_asigna='300113' AND horas_teoricas > 0 [0][0] OK
C:[08/11/2018 09:48:55.37][172.17.118.246][1526] SELECT horas_lab FROM tblaca008 WHERE c_asigna='300209' AND horas_teoricas > 0 [1][0] OK
C:[08/11/2018 09:48:55.37][172.17.118.246][1526] SELECT horas_lab FROM tblaca008 WHERE c_asigna='300218' AND horas_teoricas > 0 [0][0] OK
C:[08/11/2018 09:48:55.37][172.17.118.246][1526] SELECT horas_lab FROM tblaca008 WHERE c_asigna='300226' AND horas_teoricas > 0 [1][0] OK
C:[08/11/2018 09:48:55.37][172.17.118.246][1526] SELECT horas_lab FROM tblaca008 WHERE c_asigna='300228' AND horas_teoricas > 0 [1][0] OK
C:[08/11/2018 09:50:57.98][172.16.4.210][1352] SELECT pre_cod_asig1,pre_cod_asig2,pre_cod_asig3,pre_cod_asig4,pre_cod_asig5,pre_cod_asig6,pre_cod_asig7 FROM tblaca009 WHERE pensum='5' AND c_uni_ca='3' AND c_asigna='300116' [1][0] OK
C:[08/11/2018 09:50:57.98][172.16.4.210][1352] SELECT pre_cod_asig1,pre_cod_asig2,pre_cod_asig3,pre_cod_asig4,pre_cod_asig5,pre_cod_asig6,pre_cod_asig7 FROM tblaca009 WHERE pensum='5' AND c_uni_ca='3' AND c_asigna='300207' [1][0] OK
C:[08/11/2018 09:50:57.98][172.16.4.210][1365] SELECT c_asigna FROM dace004 WHERE exp_e='18-27874079' AND c_asigna='300101' AND status IN ('0','3','B') [1][0] OK
C:[08/11/2018 09:50:57.98][172.16.4.210][1352] SELECT pre_cod_asig1,pre_cod_asig2,pre_cod_asig3,pre_cod_asig4,pre_cod_asig5,pre_cod_asig6,pre_cod_asig7 FROM tblaca009 WHERE pensum='5' AND c_uni_ca='3' AND c_asigna='300218' [1][0] OK
C:[08/11/2018 09:50:57.98][172.16.4.210][1365] SELECT c_asigna FROM dace004 WHERE exp_e='18-27874079' AND c_asigna='300101' AND status IN ('0','3','B') [1][0] OK
C:[08/11/2018 09:50:57.98][172.16.4.210][1352] SELECT pre_cod_asig1,pre_cod_asig2,pre_cod_asig3,pre_cod_asig4,pre_cod_asig5,pre_cod_asig6,pre_cod_asig7 FROM tblaca009 WHERE pensum='5' AND c_uni_ca='3' AND c_asigna='300222' [1][0] OK
C:[08/11/2018 09:50:57.98][172.16.4.210][1365] SELECT c_asigna FROM dace004 WHERE exp_e='18-27874079' AND c_asigna='300112' AND status IN ('0','3','B') [1][0] OK
C:[08/11/2018 09:50:57.98][172.16.4.210][1352] SELECT pre_cod_asig1,pre_cod_asig2,pre_cod_asig3,pre_cod_asig4,pre_cod_asig5,pre_cod_asig6,pre_cod_asig7 FROM tblaca009 WHERE pensum='5' AND c_uni_ca='3' AND c_asigna='300228' [1][0] OK
C:[08/11/2018 09:50:57.98][172.16.4.210][1365] SELECT c_asigna FROM dace004 WHERE exp_e='18-27874079' AND c_asigna='300101' AND status IN ('0','3','B') [1][0] OK
C:[08/11/2018 09:50:57.98][172.16.4.210][1352] SELECT pre_cod_asig1,pre_cod_asig2,pre_cod_asig3,pre_cod_asig4,pre_cod_asig5,pre_cod_asig6,pre_cod_asig7 FROM tblaca009 WHERE pensum='5' AND c_uni_ca='3' AND c_asigna='311320' [1][0] OK
C:[08/11/2018 09:50:57.98][172.16.4.210][1365] SELECT c_asigna FROM dace004 WHERE exp_e='18-27874079' AND c_asigna='300013' AND status IN ('0','3','B') [1][0] OK
C:[08/11/2018 09:50:57.98][172.16.4.210][1365] SELECT c_asigna FROM dace004 WHERE exp_e='18-27874079' AND c_asigna='300113' AND status IN ('0','3','B') [1][0] OK
C:[08/11/2018 09:50:57.49][172.16.4.210][1396] SELECT par_cod_asig1,par_cod_asig2,par_cod_asig3 FROM tblaca009 WHERE pensum='5' AND c_uni_ca='3' AND c_asigna='300116' [1][0] OK
C:[08/11/2018 09:50:57.49][172.16.4.210][1396] SELECT par_cod_asig1,par_cod_asig2,par_cod_asig3 FROM tblaca009 WHERE pensum='5' AND c_uni_ca='3' AND c_asigna='300207' [1][0] OK
C:[08/11/2018 09:50:57.49][172.16.4.210][1396] SELECT par_cod_asig1,par_cod_asig2,par_cod_asig3 FROM tblaca009 WHERE pensum='5' AND c_uni_ca='3' AND c_asigna='300218' [1][0] OK
C:[08/11/2018 09:50:57.49][172.16.4.210][1410] SELECT c_asigna FROM dace004 WHERE exp_e='18-27874079' AND c_asigna='300228' AND status IN ('0','3','B','C') [0][0] OK
C:[08/11/2018 09:50:57.49][172.16.4.210][1396] SELECT par_cod_asig1,par_cod_asig2,par_cod_asig3 FROM tblaca009 WHERE pensum='5' AND c_uni_ca='3' AND c_asigna='300222' [1][0] OK
C:[08/11/2018 09:50:57.49][172.16.4.210][1396] SELECT par_cod_asig1,par_cod_asig2,par_cod_asig3 FROM tblaca009 WHERE pensum='5' AND c_uni_ca='3' AND c_asigna='300228' [1][0] OK
C:[08/11/2018 09:50:57.49][172.16.4.210][1396] SELECT par_cod_asig1,par_cod_asig2,par_cod_asig3 FROM tblaca009 WHERE pensum='5' AND c_uni_ca='3' AND c_asigna='311320' [1][0] OK
C:[08/11/2018 09:50:58.39][172.16.4.210][1526] SELECT horas_lab FROM tblaca008 WHERE c_asigna='300116' AND horas_teoricas > 0 [1][0] OK
C:[08/11/2018 09:50:58.39][172.16.4.210][1526] SELECT horas_lab FROM tblaca008 WHERE c_asigna='300207' AND horas_teoricas > 0 [1][0] OK
C:[08/11/2018 09:50:58.39][172.16.4.210][1526] SELECT horas_lab FROM tblaca008 WHERE c_asigna='300218' AND horas_teoricas > 0 [0][0] OK
C:[08/11/2018 09:50:58.39][172.16.4.210][1526] SELECT horas_lab FROM tblaca008 WHERE c_asigna='300222' AND horas_teoricas > 0 [1][0] OK
C:[08/11/2018 09:50:58.39][172.16.4.210][1526] SELECT horas_lab FROM tblaca008 WHERE c_asigna='300228' AND horas_teoricas > 0 [1][0] OK
C:[08/11/2018 09:50:58.39][172.16.4.210][1526] SELECT horas_lab FROM tblaca008 WHERE c_asigna='311320' AND horas_teoricas > 0 [1][0] OK
C:[08/11/2018 09:52:46.22][172.16.4.210][1352] SELECT pre_cod_asig1,pre_cod_asig2,pre_cod_asig3,pre_cod_asig4,pre_cod_asig5,pre_cod_asig6,pre_cod_asig7 FROM tblaca009 WHERE pensum='5' AND c_uni_ca='3' AND c_asigna='300116' [1][0] OK
C:[08/11/2018 09:52:46.22][172.16.4.210][1352] SELECT pre_cod_asig1,pre_cod_asig2,pre_cod_asig3,pre_cod_asig4,pre_cod_asig5,pre_cod_asig6,pre_cod_asig7 FROM tblaca009 WHERE pensum='5' AND c_uni_ca='3' AND c_asigna='300207' [1][0] OK
C:[08/11/2018 09:52:46.22][172.16.4.210][1365] SELECT c_asigna FROM dace004 WHERE exp_e='18-27874079' AND c_asigna='300101' AND status IN ('0','3','B') [1][0] OK
C:[08/11/2018 09:52:46.22][172.16.4.210][1352] SELECT pre_cod_asig1,pre_cod_asig2,pre_cod_asig3,pre_cod_asig4,pre_cod_asig5,pre_cod_asig6,pre_cod_asig7 FROM tblaca009 WHERE pensum='5' AND c_uni_ca='3' AND c_asigna='300218' [1][0] OK
C:[08/11/2018 09:52:46.22][172.16.4.210][1365] SELECT c_asigna FROM dace004 WHERE exp_e='18-27874079' AND c_asigna='300101' AND status IN ('0','3','B') [1][0] OK
C:[08/11/2018 09:52:46.22][172.16.4.210][1352] SELECT pre_cod_asig1,pre_cod_asig2,pre_cod_asig3,pre_cod_asig4,pre_cod_asig5,pre_cod_asig6,pre_cod_asig7 FROM tblaca009 WHERE pensum='5' AND c_uni_ca='3' AND c_asigna='300222' [1][0] OK
C:[08/11/2018 09:52:46.22][172.16.4.210][1365] SELECT c_asigna FROM dace004 WHERE exp_e='18-27874079' AND c_asigna='300112' AND status IN ('0','3','B') [1][0] OK
C:[08/11/2018 09:52:46.22][172.16.4.210][1352] SELECT pre_cod_asig1,pre_cod_asig2,pre_cod_asig3,pre_cod_asig4,pre_cod_asig5,pre_cod_asig6,pre_cod_asig7 FROM tblaca009 WHERE pensum='5' AND c_uni_ca='3' AND c_asigna='300228' [1][0] OK
C:[08/11/2018 09:52:46.22][172.16.4.210][1365] SELECT c_asigna FROM dace004 WHERE exp_e='18-27874079' AND c_asigna='300101' AND status IN ('0','3','B') [1][0] OK
C:[08/11/2018 09:52:46.22][172.16.4.210][1352] SELECT pre_cod_asig1,pre_cod_asig2,pre_cod_asig3,pre_cod_asig4,pre_cod_asig5,pre_cod_asig6,pre_cod_asig7 FROM tblaca009 WHERE pensum='5' AND c_uni_ca='3' AND c_asigna='311320' [1][0] OK
C:[08/11/2018 09:52:46.22][172.16.4.210][1365] SELECT c_asigna FROM dace004 WHERE exp_e='18-27874079' AND c_asigna='300013' AND status IN ('0','3','B') [1][0] OK
C:[08/11/2018 09:52:46.22][172.16.4.210][1365] SELECT c_asigna FROM dace004 WHERE exp_e='18-27874079' AND c_asigna='300113' AND status IN ('0','3','B') [1][0] OK
C:[08/11/2018 09:52:47.29][172.16.4.210][1396] SELECT par_cod_asig1,par_cod_asig2,par_cod_asig3 FROM tblaca009 WHERE pensum='5' AND c_uni_ca='3' AND c_asigna='300116' [1][0] OK
C:[08/11/2018 09:52:47.29][172.16.4.210][1396] SELECT par_cod_asig1,par_cod_asig2,par_cod_asig3 FROM tblaca009 WHERE pensum='5' AND c_uni_ca='3' AND c_asigna='300207' [1][0] OK
C:[08/11/2018 09:52:47.29][172.16.4.210][1396] SELECT par_cod_asig1,par_cod_asig2,par_cod_asig3 FROM tblaca009 WHERE pensum='5' AND c_uni_ca='3' AND c_asigna='300218' [1][0] OK
C:[08/11/2018 09:52:47.29][172.16.4.210][1410] SELECT c_asigna FROM dace004 WHERE exp_e='18-27874079' AND c_asigna='300228' AND status IN ('0','3','B','C') [0][0] OK
C:[08/11/2018 09:52:47.29][172.16.4.210][1396] SELECT par_cod_asig1,par_cod_asig2,par_cod_asig3 FROM tblaca009 WHERE pensum='5' AND c_uni_ca='3' AND c_asigna='300222' [1][0] OK
C:[08/11/2018 09:52:47.29][172.16.4.210][1396] SELECT par_cod_asig1,par_cod_asig2,par_cod_asig3 FROM tblaca009 WHERE pensum='5' AND c_uni_ca='3' AND c_asigna='300228' [1][0] OK
C:[08/11/2018 09:52:47.29][172.16.4.210][1396] SELECT par_cod_asig1,par_cod_asig2,par_cod_asig3 FROM tblaca009 WHERE pensum='5' AND c_uni_ca='3' AND c_asigna='311320' [1][0] OK
C:[08/11/2018 09:52:47.23][172.16.4.210][1526] SELECT horas_lab FROM tblaca008 WHERE c_asigna='300116' AND horas_teoricas > 0 [1][0] OK
C:[08/11/2018 09:52:47.23][172.16.4.210][1526] SELECT horas_lab FROM tblaca008 WHERE c_asigna='300207' AND horas_teoricas > 0 [1][0] OK
C:[08/11/2018 09:52:47.23][172.16.4.210][1526] SELECT horas_lab FROM tblaca008 WHERE c_asigna='300218' AND horas_teoricas > 0 [0][0] OK
C:[08/11/2018 09:52:47.23][172.16.4.210][1526] SELECT horas_lab FROM tblaca008 WHERE c_asigna='300222' AND horas_teoricas > 0 [1][0] OK
C:[08/11/2018 09:52:47.23][172.16.4.210][1526] SELECT horas_lab FROM tblaca008 WHERE c_asigna='300228' AND horas_teoricas > 0 [1][0] OK
C:[08/11/2018 09:52:47.23][172.16.4.210][1526] SELECT horas_lab FROM tblaca008 WHERE c_asigna='311320' AND horas_teoricas > 0 [1][0] OK
C:[08/11/2018 10:03:30.52][172.16.4.210][1352] SELECT pre_cod_asig1,pre_cod_asig2,pre_cod_asig3,pre_cod_asig4,pre_cod_asig5,pre_cod_asig6,pre_cod_asig7 FROM tblaca009 WHERE pensum='5' AND c_uni_ca='5' AND c_asigna='300207' [1][0] OK
C:[08/11/2018 10:03:30.52][172.16.4.210][1365] SELECT c_asigna FROM dace004 WHERE exp_e='18-27922992' AND c_asigna='300101' AND status IN ('0','3','B') [1][0] OK
C:[08/11/2018 10:03:30.52][172.16.4.210][1352] SELECT pre_cod_asig1,pre_cod_asig2,pre_cod_asig3,pre_cod_asig4,pre_cod_asig5,pre_cod_asig6,pre_cod_asig7 FROM tblaca009 WHERE pensum='5' AND c_uni_ca='5' AND c_asigna='300209' [1][0] OK
C:[08/11/2018 10:03:30.52][172.16.4.210][1365] SELECT c_asigna FROM dace004 WHERE exp_e='18-27922992' AND c_asigna='300101' AND status IN ('0','3','B') [1][0] OK
C:[08/11/2018 10:03:30.52][172.16.4.210][1352] SELECT pre_cod_asig1,pre_cod_asig2,pre_cod_asig3,pre_cod_asig4,pre_cod_asig5,pre_cod_asig6,pre_cod_asig7 FROM tblaca009 WHERE pensum='5' AND c_uni_ca='5' AND c_asigna='300213' [1][0] OK
C:[08/11/2018 10:03:30.52][172.16.4.210][1365] SELECT c_asigna FROM dace004 WHERE exp_e='18-27922992' AND c_asigna='300101' AND status IN ('0','3','B') [1][0] OK
C:[08/11/2018 10:03:30.52][172.16.4.210][1352] SELECT pre_cod_asig1,pre_cod_asig2,pre_cod_asig3,pre_cod_asig4,pre_cod_asig5,pre_cod_asig6,pre_cod_asig7 FROM tblaca009 WHERE pensum='5' AND c_uni_ca='5' AND c_asigna='300226' [1][0] OK
C:[08/11/2018 10:03:30.52][172.16.4.210][1365] SELECT c_asigna FROM dace004 WHERE exp_e='18-27922992' AND c_asigna='300116' AND status IN ('0','3','B') [1][0] OK
C:[08/11/2018 10:03:30.53][172.16.4.210][1396] SELECT par_cod_asig1,par_cod_asig2,par_cod_asig3 FROM tblaca009 WHERE pensum='5' AND c_uni_ca='5' AND c_asigna='300207' [1][0] OK
C:[08/11/2018 10:03:30.53][172.16.4.210][1396] SELECT par_cod_asig1,par_cod_asig2,par_cod_asig3 FROM tblaca009 WHERE pensum='5' AND c_uni_ca='5' AND c_asigna='300209' [1][0] OK
C:[08/11/2018 10:03:30.53][172.16.4.210][1396] SELECT par_cod_asig1,par_cod_asig2,par_cod_asig3 FROM tblaca009 WHERE pensum='5' AND c_uni_ca='5' AND c_asigna='300213' [1][0] OK
C:[08/11/2018 10:03:30.53][172.16.4.210][1410] SELECT c_asigna FROM dace004 WHERE exp_e='18-27922992' AND c_asigna='300209' AND status IN ('0','3','B','C') [0][0] OK
C:[08/11/2018 10:03:30.53][172.16.4.210][1396] SELECT par_cod_asig1,par_cod_asig2,par_cod_asig3 FROM tblaca009 WHERE pensum='5' AND c_uni_ca='5' AND c_asigna='300226' [1][0] OK
C:[08/11/2018 10:03:30.19][172.16.4.210][1526] SELECT horas_lab FROM tblaca008 WHERE c_asigna='300207' AND horas_teoricas > 0 [1][0] OK
C:[08/11/2018 10:03:30.19][172.16.4.210][1526] SELECT horas_lab FROM tblaca008 WHERE c_asigna='300209' AND horas_teoricas > 0 [1][0] OK
C:[08/11/2018 10:03:30.19][172.16.4.210][1526] SELECT horas_lab FROM tblaca008 WHERE c_asigna='300213' AND horas_teoricas > 0 [1][0] OK
C:[08/11/2018 10:03:30.19][172.16.4.210][1526] SELECT horas_lab FROM tblaca008 WHERE c_asigna='300226' AND horas_teoricas > 0 [1][0] OK
C:[08/11/2018 11:17:02.51][172.17.119.113][1352] SELECT pre_cod_asig1,pre_cod_asig2,pre_cod_asig3,pre_cod_asig4,pre_cod_asig5,pre_cod_asig6,pre_cod_asig7 FROM tblaca009 WHERE pensum='5' AND c_uni_ca='4' AND c_asigna='300207' [1][0] OK
C:[08/11/2018 11:17:02.51][172.17.119.113][1365] SELECT c_asigna FROM dace004 WHERE exp_e='17-27921925' AND c_asigna='300101' AND status IN ('0','3','B') [1][0] OK
C:[08/11/2018 11:17:02.51][172.17.119.113][1352] SELECT pre_cod_asig1,pre_cod_asig2,pre_cod_asig3,pre_cod_asig4,pre_cod_asig5,pre_cod_asig6,pre_cod_asig7 FROM tblaca009 WHERE pensum='5' AND c_uni_ca='4' AND c_asigna='300213' [1][0] OK
C:[08/11/2018 11:17:02.51][172.17.119.113][1365] SELECT c_asigna FROM dace004 WHERE exp_e='17-27921925' AND c_asigna='300101' AND status IN ('0','3','B') [1][0] OK
C:[08/11/2018 11:17:02.51][172.17.119.113][1352] SELECT pre_cod_asig1,pre_cod_asig2,pre_cod_asig3,pre_cod_asig4,pre_cod_asig5,pre_cod_asig6,pre_cod_asig7 FROM tblaca009 WHERE pensum='5' AND c_uni_ca='4' AND c_asigna='300222' [1][0] OK
C:[08/11/2018 11:17:02.51][172.17.119.113][1365] SELECT c_asigna FROM dace004 WHERE exp_e='17-27921925' AND c_asigna='300112' AND status IN ('0','3','B') [1][0] OK
C:[08/11/2018 11:17:02.51][172.17.119.113][1352] SELECT pre_cod_asig1,pre_cod_asig2,pre_cod_asig3,pre_cod_asig4,pre_cod_asig5,pre_cod_asig6,pre_cod_asig7 FROM tblaca009 WHERE pensum='5' AND c_uni_ca='4' AND c_asigna='300226' [1][0] OK
C:[08/11/2018 11:17:02.51][172.17.119.113][1365] SELECT c_asigna FROM dace004 WHERE exp_e='17-27921925' AND c_asigna='300116' AND status IN ('0','3','B') [1][0] OK
C:[08/11/2018 11:17:02.51][172.17.119.113][1352] SELECT pre_cod_asig1,pre_cod_asig2,pre_cod_asig3,pre_cod_asig4,pre_cod_asig5,pre_cod_asig6,pre_cod_asig7 FROM tblaca009 WHERE pensum='5' AND c_uni_ca='4' AND c_asigna='300314' [1][0] OK
C:[08/11/2018 11:17:02.51][172.17.119.113][1365] SELECT c_asigna FROM dace004 WHERE exp_e='17-27921925' AND c_asigna='300106' AND status IN ('0','3','B') [1][0] OK
C:[08/11/2018 11:17:02.74][172.17.119.113][1396] SELECT par_cod_asig1,par_cod_asig2,par_cod_asig3 FROM tblaca009 WHERE pensum='5' AND c_uni_ca='4' AND c_asigna='300207' [1][0] OK
C:[08/11/2018 11:17:02.74][172.17.119.113][1396] SELECT par_cod_asig1,par_cod_asig2,par_cod_asig3 FROM tblaca009 WHERE pensum='5' AND c_uni_ca='4' AND c_asigna='300213' [1][0] OK
C:[08/11/2018 11:17:02.74][172.17.119.113][1410] SELECT c_asigna FROM dace004 WHERE exp_e='17-27921925' AND c_asigna='300209' AND status IN ('0','3','B','C') [1][0] OK
C:[08/11/2018 11:17:02.74][172.17.119.113][1396] SELECT par_cod_asig1,par_cod_asig2,par_cod_asig3 FROM tblaca009 WHERE pensum='5' AND c_uni_ca='4' AND c_asigna='300222' [1][0] OK
C:[08/11/2018 11:17:02.74][172.17.119.113][1396] SELECT par_cod_asig1,par_cod_asig2,par_cod_asig3 FROM tblaca009 WHERE pensum='5' AND c_uni_ca='4' AND c_asigna='300226' [1][0] OK
C:[08/11/2018 11:17:02.74][172.17.119.113][1396] SELECT par_cod_asig1,par_cod_asig2,par_cod_asig3 FROM tblaca009 WHERE pensum='5' AND c_uni_ca='4' AND c_asigna='300314' [1][0] OK
C:[08/11/2018 11:17:02.54][172.17.119.113][1526] SELECT horas_lab FROM tblaca008 WHERE c_asigna='300207' AND horas_teoricas > 0 [1][0] OK
C:[08/11/2018 11:17:02.54][172.17.119.113][1526] SELECT horas_lab FROM tblaca008 WHERE c_asigna='300213' AND horas_teoricas > 0 [1][0] OK
C:[08/11/2018 11:17:02.54][172.17.119.113][1526] SELECT horas_lab FROM tblaca008 WHERE c_asigna='300222' AND horas_teoricas > 0 [1][0] OK
C:[08/11/2018 11:17:02.54][172.17.119.113][1526] SELECT horas_lab FROM tblaca008 WHERE c_asigna='300226' AND horas_teoricas > 0 [1][0] OK
C:[08/11/2018 11:17:02.54][172.17.119.113][1526] SELECT horas_lab FROM tblaca008 WHERE c_asigna='300314' AND horas_teoricas > 0 [0][0] OK
C:[09/11/2018 11:08:02.06][172.17.138.177][1352] SELECT pre_cod_asig1,pre_cod_asig2,pre_cod_asig3,pre_cod_asig4,pre_cod_asig5,pre_cod_asig6,pre_cod_asig7 FROM tblaca009 WHERE pensum='5' AND c_uni_ca='4' AND c_asigna='300213' [1][0] OK
C:[09/11/2018 11:08:02.06][172.17.138.177][1365] SELECT c_asigna FROM dace004 WHERE exp_e='16-27437013' AND c_asigna='300101' AND status IN ('0','3','B') [1][0] OK
C:[09/11/2018 11:08:02.06][172.17.138.177][1352] SELECT pre_cod_asig1,pre_cod_asig2,pre_cod_asig3,pre_cod_asig4,pre_cod_asig5,pre_cod_asig6,pre_cod_asig7 FROM tblaca009 WHERE pensum='5' AND c_uni_ca='4' AND c_asigna='300218' [1][0] OK
C:[09/11/2018 11:08:02.06][172.17.138.177][1365] SELECT c_asigna FROM dace004 WHERE exp_e='16-27437013' AND c_asigna='300101' AND status IN ('0','3','B') [1][0] OK
C:[09/11/2018 11:08:02.06][172.17.138.177][1352] SELECT pre_cod_asig1,pre_cod_asig2,pre_cod_asig3,pre_cod_asig4,pre_cod_asig5,pre_cod_asig6,pre_cod_asig7 FROM tblaca009 WHERE pensum='5' AND c_uni_ca='4' AND c_asigna='300226' [1][0] OK
C:[09/11/2018 11:08:02.06][172.17.138.177][1365] SELECT c_asigna FROM dace004 WHERE exp_e='16-27437013' AND c_asigna='300116' AND status IN ('0','3','B') [1][0] OK
C:[09/11/2018 11:08:02.06][172.17.138.177][1352] SELECT pre_cod_asig1,pre_cod_asig2,pre_cod_asig3,pre_cod_asig4,pre_cod_asig5,pre_cod_asig6,pre_cod_asig7 FROM tblaca009 WHERE pensum='5' AND c_uni_ca='4' AND c_asigna='300228' [1][0] OK
C:[09/11/2018 11:08:02.06][172.17.138.177][1365] SELECT c_asigna FROM dace004 WHERE exp_e='16-27437013' AND c_asigna='300101' AND status IN ('0','3','B') [1][0] OK
C:[09/11/2018 11:08:02.06][172.17.138.177][1352] SELECT pre_cod_asig1,pre_cod_asig2,pre_cod_asig3,pre_cod_asig4,pre_cod_asig5,pre_cod_asig6,pre_cod_asig7 FROM tblaca009 WHERE pensum='5' AND c_uni_ca='4' AND c_asigna='300317' [1][0] OK
C:[09/11/2018 11:08:02.06][172.17.138.177][1365] SELECT c_asigna FROM dace004 WHERE exp_e='16-27437013' AND c_asigna='300207' AND status IN ('0','3','B') [1][0] OK
C:[09/11/2018 11:08:02.06][172.17.138.177][1365] SELECT c_asigna FROM dace004 WHERE exp_e='16-27437013' AND c_asigna='300209' AND status IN ('0','3','B') [1][0] OK
C:[09/11/2018 11:08:02.78][172.17.138.177][1396] SELECT par_cod_asig1,par_cod_asig2,par_cod_asig3 FROM tblaca009 WHERE pensum='5' AND c_uni_ca='4' AND c_asigna='300213' [1][0] OK
C:[09/11/2018 11:08:02.78][172.17.138.177][1410] SELECT c_asigna FROM dace004 WHERE exp_e='16-27437013' AND c_asigna='300209' AND status IN ('0','3','B','C') [1][0] OK
C:[09/11/2018 11:08:02.78][172.17.138.177][1396] SELECT par_cod_asig1,par_cod_asig2,par_cod_asig3 FROM tblaca009 WHERE pensum='5' AND c_uni_ca='4' AND c_asigna='300218' [1][0] OK
C:[09/11/2018 11:08:02.78][172.17.138.177][1410] SELECT c_asigna FROM dace004 WHERE exp_e='16-27437013' AND c_asigna='300228' AND status IN ('0','3','B','C') [0][0] OK
C:[09/11/2018 11:08:02.78][172.17.138.177][1396] SELECT par_cod_asig1,par_cod_asig2,par_cod_asig3 FROM tblaca009 WHERE pensum='5' AND c_uni_ca='4' AND c_asigna='300226' [1][0] OK
C:[09/11/2018 11:08:02.78][172.17.138.177][1396] SELECT par_cod_asig1,par_cod_asig2,par_cod_asig3 FROM tblaca009 WHERE pensum='5' AND c_uni_ca='4' AND c_asigna='300228' [1][0] OK
C:[09/11/2018 11:08:02.78][172.17.138.177][1396] SELECT par_cod_asig1,par_cod_asig2,par_cod_asig3 FROM tblaca009 WHERE pensum='5' AND c_uni_ca='4' AND c_asigna='300317' [1][0] OK
C:[09/11/2018 11:08:03.68][172.17.138.177][1526] SELECT horas_lab FROM tblaca008 WHERE c_asigna='300213' AND horas_teoricas > 0 [1][0] OK
C:[09/11/2018 11:08:03.68][172.17.138.177][1526] SELECT horas_lab FROM tblaca008 WHERE c_asigna='300218' AND horas_teoricas > 0 [0][0] OK
C:[09/11/2018 11:08:03.68][172.17.138.177][1526] SELECT horas_lab FROM tblaca008 WHERE c_asigna='300226' AND horas_teoricas > 0 [1][0] OK
C:[09/11/2018 11:08:03.68][172.17.138.177][1526] SELECT horas_lab FROM tblaca008 WHERE c_asigna='300228' AND horas_teoricas > 0 [1][0] OK
C:[09/11/2018 11:08:03.68][172.17.138.177][1526] SELECT horas_lab FROM tblaca008 WHERE c_asigna='300317' AND horas_teoricas > 0 [1][0] OK
C:[09/11/2018 12:50:21.75][172.16.4.131][1352] SELECT pre_cod_asig1,pre_cod_asig2,pre_cod_asig3,pre_cod_asig4,pre_cod_asig5,pre_cod_asig6,pre_cod_asig7 FROM tblaca009 WHERE pensum='5' AND c_uni_ca='3' AND c_asigna='300209' [1][0] OK
C:[09/11/2018 12:50:21.75][172.16.4.131][1365] SELECT c_asigna FROM dace004 WHERE exp_e='16-26863293' AND c_asigna='300101' AND status IN ('0','3','B') [1][0] OK
C:[09/11/2018 12:50:21.75][172.16.4.131][1352] SELECT pre_cod_asig1,pre_cod_asig2,pre_cod_asig3,pre_cod_asig4,pre_cod_asig5,pre_cod_asig6,pre_cod_asig7 FROM tblaca009 WHERE pensum='5' AND c_uni_ca='3' AND c_asigna='300218' [1][0] OK
C:[09/11/2018 12:50:21.75][172.16.4.131][1365] SELECT c_asigna FROM dace004 WHERE exp_e='16-26863293' AND c_asigna='300101' AND status IN ('0','3','B') [1][0] OK
C:[09/11/2018 12:50:21.75][172.16.4.131][1352] SELECT pre_cod_asig1,pre_cod_asig2,pre_cod_asig3,pre_cod_asig4,pre_cod_asig5,pre_cod_asig6,pre_cod_asig7 FROM tblaca009 WHERE pensum='5' AND c_uni_ca='3' AND c_asigna='300228' [1][0] OK
C:[09/11/2018 12:50:21.75][172.16.4.131][1365] SELECT c_asigna FROM dace004 WHERE exp_e='16-26863293' AND c_asigna='300101' AND status IN ('0','3','B') [1][0] OK
C:[09/11/2018 12:50:21.75][172.16.4.131][1352] SELECT pre_cod_asig1,pre_cod_asig2,pre_cod_asig3,pre_cod_asig4,pre_cod_asig5,pre_cod_asig6,pre_cod_asig7 FROM tblaca009 WHERE pensum='5' AND c_uni_ca='3' AND c_asigna='311320' [1][0] OK
C:[09/11/2018 12:50:21.75][172.16.4.131][1365] SELECT c_asigna FROM dace004 WHERE exp_e='16-26863293' AND c_asigna='300013' AND status IN ('0','3','B') [1][0] OK
C:[09/11/2018 12:50:21.75][172.16.4.131][1365] SELECT c_asigna FROM dace004 WHERE exp_e='16-26863293' AND c_asigna='300113' AND status IN ('0','3','B') [1][0] OK
C:[09/11/2018 12:50:21.75][172.16.4.131][1352] SELECT pre_cod_asig1,pre_cod_asig2,pre_cod_asig3,pre_cod_asig4,pre_cod_asig5,pre_cod_asig6,pre_cod_asig7 FROM tblaca009 WHERE pensum='5' AND c_uni_ca='3' AND c_asigna='300207' [1][0] OK
C:[09/11/2018 12:50:21.75][172.16.4.131][1365] SELECT c_asigna FROM dace004 WHERE exp_e='16-26863293' AND c_asigna='300101' AND status IN ('0','3','B') [1][0] OK
C:[09/11/2018 12:50:21.75][172.16.4.131][1352] SELECT pre_cod_asig1,pre_cod_asig2,pre_cod_asig3,pre_cod_asig4,pre_cod_asig5,pre_cod_asig6,pre_cod_asig7 FROM tblaca009 WHERE pensum='5' AND c_uni_ca='3' AND c_asigna='300314' [1][0] OK
C:[09/11/2018 12:50:21.75][172.16.4.131][1365] SELECT c_asigna FROM dace004 WHERE exp_e='16-26863293' AND c_asigna='300106' AND status IN ('0','3','B') [1][0] OK
C:[09/11/2018 12:50:21.75][172.16.4.131][1352] SELECT pre_cod_asig1,pre_cod_asig2,pre_cod_asig3,pre_cod_asig4,pre_cod_asig5,pre_cod_asig6,pre_cod_asig7 FROM tblaca009 WHERE pensum='5' AND c_uni_ca='3' AND c_asigna='300213' [1][0] OK
C:[09/11/2018 12:50:21.75][172.16.4.131][1365] SELECT c_asigna FROM dace004 WHERE exp_e='16-26863293' AND c_asigna='300101' AND status IN ('0','3','B') [1][0] OK
C:[09/11/2018 12:50:21.75][172.16.4.131][1352] SELECT pre_cod_asig1,pre_cod_asig2,pre_cod_asig3,pre_cod_asig4,pre_cod_asig5,pre_cod_asig6,pre_cod_asig7 FROM tblaca009 WHERE pensum='5' AND c_uni_ca='3' AND c_asigna='300222' [1][0] OK
C:[09/11/2018 12:50:21.75][172.16.4.131][1365] SELECT c_asigna FROM dace004 WHERE exp_e='16-26863293' AND c_asigna='300112' AND status IN ('0','3','B') [1][0] OK
C:[09/11/2018 12:50:21.85][172.16.4.131][1396] SELECT par_cod_asig1,par_cod_asig2,par_cod_asig3 FROM tblaca009 WHERE pensum='5' AND c_uni_ca='3' AND c_asigna='300209' [1][0] OK
C:[09/11/2018 12:50:21.85][172.16.4.131][1396] SELECT par_cod_asig1,par_cod_asig2,par_cod_asig3 FROM tblaca009 WHERE pensum='5' AND c_uni_ca='3' AND c_asigna='300218' [1][0] OK
C:[09/11/2018 12:50:21.85][172.16.4.131][1410] SELECT c_asigna FROM dace004 WHERE exp_e='16-26863293' AND c_asigna='300228' AND status IN ('0','3','B','C') [0][0] OK
C:[09/11/2018 12:50:21.85][172.16.4.131][1396] SELECT par_cod_asig1,par_cod_asig2,par_cod_asig3 FROM tblaca009 WHERE pensum='5' AND c_uni_ca='3' AND c_asigna='300228' [1][0] OK
C:[09/11/2018 12:50:21.85][172.16.4.131][1396] SELECT par_cod_asig1,par_cod_asig2,par_cod_asig3 FROM tblaca009 WHERE pensum='5' AND c_uni_ca='3' AND c_asigna='311320' [1][0] OK
C:[09/11/2018 12:50:21.85][172.16.4.131][1396] SELECT par_cod_asig1,par_cod_asig2,par_cod_asig3 FROM tblaca009 WHERE pensum='5' AND c_uni_ca='3' AND c_asigna='300207' [1][0] OK
C:[09/11/2018 12:50:21.85][172.16.4.131][1396] SELECT par_cod_asig1,par_cod_asig2,par_cod_asig3 FROM tblaca009 WHERE pensum='5' AND c_uni_ca='3' AND c_asigna='300314' [1][0] OK
C:[09/11/2018 12:50:21.85][172.16.4.131][1396] SELECT par_cod_asig1,par_cod_asig2,par_cod_asig3 FROM tblaca009 WHERE pensum='5' AND c_uni_ca='3' AND c_asigna='300213' [1][0] OK
C:[09/11/2018 12:50:21.85][172.16.4.131][1410] SELECT c_asigna FROM dace004 WHERE exp_e='16-26863293' AND c_asigna='300209' AND status IN ('0','3','B','C') [0][0] OK
C:[09/11/2018 12:50:21.85][172.16.4.131][1396] SELECT par_cod_asig1,par_cod_asig2,par_cod_asig3 FROM tblaca009 WHERE pensum='5' AND c_uni_ca='3' AND c_asigna='300222' [1][0] OK
C:[09/11/2018 12:50:22.13][172.16.4.131][1526] SELECT horas_lab FROM tblaca008 WHERE c_asigna='300209' AND horas_teoricas > 0 [1][0] OK
C:[09/11/2018 12:50:22.13][172.16.4.131][1526] SELECT horas_lab FROM tblaca008 WHERE c_asigna='300218' AND horas_teoricas > 0 [0][0] OK
C:[09/11/2018 12:50:22.13][172.16.4.131][1526] SELECT horas_lab FROM tblaca008 WHERE c_asigna='300228' AND horas_teoricas > 0 [1][0] OK
C:[09/11/2018 12:55:01.29][172.16.4.131][1352] SELECT pre_cod_asig1,pre_cod_asig2,pre_cod_asig3,pre_cod_asig4,pre_cod_asig5,pre_cod_asig6,pre_cod_asig7 FROM tblaca009 WHERE pensum='5' AND c_uni_ca='3' AND c_asigna='300209' [1][0] OK
C:[09/11/2018 12:55:01.29][172.16.4.131][1365] SELECT c_asigna FROM dace004 WHERE exp_e='16-26863293' AND c_asigna='300101' AND status IN ('0','3','B') [1][0] OK
C:[09/11/2018 12:55:01.29][172.16.4.131][1352] SELECT pre_cod_asig1,pre_cod_asig2,pre_cod_asig3,pre_cod_asig4,pre_cod_asig5,pre_cod_asig6,pre_cod_asig7 FROM tblaca009 WHERE pensum='5' AND c_uni_ca='3' AND c_asigna='300218' [1][0] OK
C:[09/11/2018 12:55:01.29][172.16.4.131][1365] SELECT c_asigna FROM dace004 WHERE exp_e='16-26863293' AND c_asigna='300101' AND status IN ('0','3','B') [1][0] OK
C:[09/11/2018 12:55:01.29][172.16.4.131][1352] SELECT pre_cod_asig1,pre_cod_asig2,pre_cod_asig3,pre_cod_asig4,pre_cod_asig5,pre_cod_asig6,pre_cod_asig7 FROM tblaca009 WHERE pensum='5' AND c_uni_ca='3' AND c_asigna='300228' [1][0] OK
C:[09/11/2018 12:55:01.29][172.16.4.131][1365] SELECT c_asigna FROM dace004 WHERE exp_e='16-26863293' AND c_asigna='300101' AND status IN ('0','3','B') [1][0] OK
C:[09/11/2018 12:55:01.29][172.16.4.131][1352] SELECT pre_cod_asig1,pre_cod_asig2,pre_cod_asig3,pre_cod_asig4,pre_cod_asig5,pre_cod_asig6,pre_cod_asig7 FROM tblaca009 WHERE pensum='5' AND c_uni_ca='3' AND c_asigna='311320' [1][0] OK
C:[09/11/2018 12:55:01.29][172.16.4.131][1365] SELECT c_asigna FROM dace004 WHERE exp_e='16-26863293' AND c_asigna='300013' AND status IN ('0','3','B') [1][0] OK
C:[09/11/2018 12:55:01.29][172.16.4.131][1365] SELECT c_asigna FROM dace004 WHERE exp_e='16-26863293' AND c_asigna='300113' AND status IN ('0','3','B') [1][0] OK
C:[09/11/2018 12:55:01.29][172.16.4.131][1352] SELECT pre_cod_asig1,pre_cod_asig2,pre_cod_asig3,pre_cod_asig4,pre_cod_asig5,pre_cod_asig6,pre_cod_asig7 FROM tblaca009 WHERE pensum='5' AND c_uni_ca='3' AND c_asigna='300207' [1][0] OK
C:[09/11/2018 12:55:01.29][172.16.4.131][1365] SELECT c_asigna FROM dace004 WHERE exp_e='16-26863293' AND c_asigna='300101' AND status IN ('0','3','B') [1][0] OK
C:[09/11/2018 12:55:01.29][172.16.4.131][1352] SELECT pre_cod_asig1,pre_cod_asig2,pre_cod_asig3,pre_cod_asig4,pre_cod_asig5,pre_cod_asig6,pre_cod_asig7 FROM tblaca009 WHERE pensum='5' AND c_uni_ca='3' AND c_asigna='300314' [1][0] OK
C:[09/11/2018 12:55:01.29][172.16.4.131][1365] SELECT c_asigna FROM dace004 WHERE exp_e='16-26863293' AND c_asigna='300106' AND status IN ('0','3','B') [1][0] OK
C:[09/11/2018 12:55:01.29][172.16.4.131][1352] SELECT pre_cod_asig1,pre_cod_asig2,pre_cod_asig3,pre_cod_asig4,pre_cod_asig5,pre_cod_asig6,pre_cod_asig7 FROM tblaca009 WHERE pensum='5' AND c_uni_ca='3' AND c_asigna='300213' [1][0] OK
C:[09/11/2018 12:55:01.29][172.16.4.131][1365] SELECT c_asigna FROM dace004 WHERE exp_e='16-26863293' AND c_asigna='300101' AND status IN ('0','3','B') [1][0] OK
C:[09/11/2018 12:55:01.29][172.16.4.131][1352] SELECT pre_cod_asig1,pre_cod_asig2,pre_cod_asig3,pre_cod_asig4,pre_cod_asig5,pre_cod_asig6,pre_cod_asig7 FROM tblaca009 WHERE pensum='5' AND c_uni_ca='3' AND c_asigna='300222' [1][0] OK
C:[09/11/2018 12:55:01.29][172.16.4.131][1365] SELECT c_asigna FROM dace004 WHERE exp_e='16-26863293' AND c_asigna='300112' AND status IN ('0','3','B') [1][0] OK
C:[09/11/2018 12:55:01.43][172.16.4.131][1396] SELECT par_cod_asig1,par_cod_asig2,par_cod_asig3 FROM tblaca009 WHERE pensum='5' AND c_uni_ca='3' AND c_asigna='300209' [1][0] OK
C:[09/11/2018 12:55:01.43][172.16.4.131][1396] SELECT par_cod_asig1,par_cod_asig2,par_cod_asig3 FROM tblaca009 WHERE pensum='5' AND c_uni_ca='3' AND c_asigna='300218' [1][0] OK
C:[09/11/2018 12:55:01.43][172.16.4.131][1410] SELECT c_asigna FROM dace004 WHERE exp_e='16-26863293' AND c_asigna='300228' AND status IN ('0','3','B','C') [0][0] OK
C:[09/11/2018 12:55:01.43][172.16.4.131][1396] SELECT par_cod_asig1,par_cod_asig2,par_cod_asig3 FROM tblaca009 WHERE pensum='5' AND c_uni_ca='3' AND c_asigna='300228' [1][0] OK
C:[09/11/2018 12:55:01.43][172.16.4.131][1396] SELECT par_cod_asig1,par_cod_asig2,par_cod_asig3 FROM tblaca009 WHERE pensum='5' AND c_uni_ca='3' AND c_asigna='311320' [1][0] OK
C:[09/11/2018 12:55:01.43][172.16.4.131][1396] SELECT par_cod_asig1,par_cod_asig2,par_cod_asig3 FROM tblaca009 WHERE pensum='5' AND c_uni_ca='3' AND c_asigna='300207' [1][0] OK
C:[09/11/2018 12:55:01.43][172.16.4.131][1396] SELECT par_cod_asig1,par_cod_asig2,par_cod_asig3 FROM tblaca009 WHERE pensum='5' AND c_uni_ca='3' AND c_asigna='300314' [1][0] OK
C:[09/11/2018 12:55:01.43][172.16.4.131][1396] SELECT par_cod_asig1,par_cod_asig2,par_cod_asig3 FROM tblaca009 WHERE pensum='5' AND c_uni_ca='3' AND c_asigna='300213' [1][0] OK
C:[09/11/2018 12:55:01.43][172.16.4.131][1410] SELECT c_asigna FROM dace004 WHERE exp_e='16-26863293' AND c_asigna='300209' AND status IN ('0','3','B','C') [0][0] OK
C:[09/11/2018 12:55:01.43][172.16.4.131][1396] SELECT par_cod_asig1,par_cod_asig2,par_cod_asig3 FROM tblaca009 WHERE pensum='5' AND c_uni_ca='3' AND c_asigna='300222' [1][0] OK
C:[09/11/2018 12:55:02.72][172.16.4.131][1526] SELECT horas_lab FROM tblaca008 WHERE c_asigna='300209' AND horas_teoricas > 0 [1][0] OK
C:[09/11/2018 12:55:02.72][172.16.4.131][1526] SELECT horas_lab FROM tblaca008 WHERE c_asigna='300218' AND horas_teoricas > 0 [0][0] OK
C:[09/11/2018 12:55:02.72][172.16.4.131][1526] SELECT horas_lab FROM tblaca008 WHERE c_asigna='300228' AND horas_teoricas > 0 [1][0] OK
C:[09/11/2018 15:16:42.59][172.16.4.210][1352] SELECT pre_cod_asig1,pre_cod_asig2,pre_cod_asig3,pre_cod_asig4,pre_cod_asig5,pre_cod_asig6,pre_cod_asig7 FROM tblaca009 WHERE pensum='5' AND c_uni_ca='6' AND c_asigna='300318' [1][0] OK
C:[09/11/2018 15:16:42.59][172.16.4.210][1365] SELECT c_asigna FROM dace004 WHERE exp_e='15-27219522' AND c_asigna='300228' AND status IN ('0','3','B') [1][0] OK
C:[09/11/2018 15:16:42.59][172.16.4.210][1365] SELECT c_asigna FROM dace004 WHERE exp_e='15-27219522' AND c_asigna='300207' AND status IN ('0','3','B') [1][0] OK
C:[09/11/2018 15:16:42.59][172.16.4.210][1365] SELECT c_asigna FROM dace004 WHERE exp_e='15-27219522' AND c_asigna='300218' AND status IN ('0','3','B') [1][0] OK
C:[09/11/2018 15:16:42.59][172.16.4.210][1352] SELECT pre_cod_asig1,pre_cod_asig2,pre_cod_asig3,pre_cod_asig4,pre_cod_asig5,pre_cod_asig6,pre_cod_asig7 FROM tblaca009 WHERE pensum='5' AND c_uni_ca='6' AND c_asigna='300428' [1][0] OK
C:[09/11/2018 15:16:42.59][172.16.4.210][1365] SELECT c_asigna FROM dace004 WHERE exp_e='15-27219522' AND c_asigna='300317' AND status IN ('0','3','B') [1][0] OK
C:[09/11/2018 15:16:42.59][172.16.4.210][1365] SELECT c_asigna FROM dace004 WHERE exp_e='15-27219522' AND c_asigna='300209' AND status IN ('0','3','B') [1][0] OK
C:[09/11/2018 15:16:42.59][172.16.4.210][1352] SELECT pre_cod_asig1,pre_cod_asig2,pre_cod_asig3,pre_cod_asig4,pre_cod_asig5,pre_cod_asig6,pre_cod_asig7 FROM tblaca009 WHERE pensum='5' AND c_uni_ca='6' AND c_asigna='342444' [1][0] OK
C:[09/11/2018 15:16:42.59][172.16.4.210][1365] SELECT c_asigna FROM dace004 WHERE exp_e='15-27219522' AND c_asigna='340323' AND status IN ('0','3','B') [1][0] OK
C:[09/11/2018 15:16:42.59][172.16.4.210][1352] SELECT pre_cod_asig1,pre_cod_asig2,pre_cod_asig3,pre_cod_asig4,pre_cod_asig5,pre_cod_asig6,pre_cod_asig7 FROM tblaca009 WHERE pensum='5' AND c_uni_ca='6' AND c_asigna='344445' [1][0] OK
C:[09/11/2018 15:16:42.59][172.16.4.210][1352] SELECT pre_cod_asig1,pre_cod_asig2,pre_cod_asig3,pre_cod_asig4,pre_cod_asig5,pre_cod_asig6,pre_cod_asig7 FROM tblaca009 WHERE pensum='5' AND c_uni_ca='6' AND c_asigna='344446' [1][0] OK
C:[09/11/2018 15:16:42.59][172.16.4.210][1365] SELECT c_asigna FROM dace004 WHERE exp_e='15-27219522' AND c_asigna='300317' AND status IN ('0','3','B') [1][0] OK
C:[09/11/2018 15:16:42.59][172.16.4.210][1365] SELECT c_asigna FROM dace004 WHERE exp_e='15-27219522' AND c_asigna='300313' AND status IN ('0','3','B') [1][0] OK
C:[09/11/2018 15:16:42.59][172.16.4.210][1365] SELECT c_asigna FROM dace004 WHERE exp_e='15-27219522' AND c_asigna='300209' AND status IN ('0','3','B') [1][0] OK
C:[09/11/2018 15:16:42.59][172.16.4.210][1365] SELECT c_asigna FROM dace004 WHERE exp_e='15-27219522' AND c_asigna='300222' AND status IN ('0','3','B') [1][0] OK
C:[09/11/2018 15:16:42.59][172.16.4.210][1365] SELECT c_asigna FROM dace004 WHERE exp_e='15-27219522' AND c_asigna='300226' AND status IN ('0','3','B') [1][0] OK
C:[09/11/2018 15:16:43.59][172.16.4.210][1396] SELECT par_cod_asig1,par_cod_asig2,par_cod_asig3 FROM tblaca009 WHERE pensum='5' AND c_uni_ca='6' AND c_asigna='300318' [1][0] OK
C:[09/11/2018 15:16:43.59][172.16.4.210][1396] SELECT par_cod_asig1,par_cod_asig2,par_cod_asig3 FROM tblaca009 WHERE pensum='5' AND c_uni_ca='6' AND c_asigna='300428' [1][0] OK
C:[09/11/2018 15:16:43.59][172.16.4.210][1396] SELECT par_cod_asig1,par_cod_asig2,par_cod_asig3 FROM tblaca009 WHERE pensum='5' AND c_uni_ca='6' AND c_asigna='342444' [1][0] OK
C:[09/11/2018 15:16:43.59][172.16.4.210][1396] SELECT par_cod_asig1,par_cod_asig2,par_cod_asig3 FROM tblaca009 WHERE pensum='5' AND c_uni_ca='6' AND c_asigna='344445' [1][0] OK
C:[09/11/2018 15:16:43.59][172.16.4.210][1396] SELECT par_cod_asig1,par_cod_asig2,par_cod_asig3 FROM tblaca009 WHERE pensum='5' AND c_uni_ca='6' AND c_asigna='344446' [1][0] OK
C:[09/11/2018 15:16:43.24][172.16.4.210][1526] SELECT horas_lab FROM tblaca008 WHERE c_asigna='300318' AND horas_teoricas > 0 [1][0] OK
C:[09/11/2018 15:16:43.24][172.16.4.210][1526] SELECT horas_lab FROM tblaca008 WHERE c_asigna='300428' AND horas_teoricas > 0 [1][0] OK
C:[09/11/2018 15:16:43.24][172.16.4.210][1526] SELECT horas_lab FROM tblaca008 WHERE c_asigna='342444' AND horas_teoricas > 0 [1][0] OK
C:[09/11/2018 15:16:43.24][172.16.4.210][1526] SELECT horas_lab FROM tblaca008 WHERE c_asigna='344445' AND horas_teoricas > 0 [1][0] OK
C:[09/11/2018 15:16:43.24][172.16.4.210][1526] SELECT horas_lab FROM tblaca008 WHERE c_asigna='344446' AND horas_teoricas > 0 [1][0] OK
C:[09/11/2018 15:25:08.62][172.16.4.210][1352] SELECT pre_cod_asig1,pre_cod_asig2,pre_cod_asig3,pre_cod_asig4,pre_cod_asig5,pre_cod_asig6,pre_cod_asig7 FROM tblaca009 WHERE pensum='5' AND c_uni_ca='4' AND c_asigna='300226' [1][0] OK
C:[09/11/2018 15:25:08.62][172.16.4.210][1365] SELECT c_asigna FROM dace004 WHERE exp_e='15-28459900' AND c_asigna='300116' AND status IN ('0','3','B') [1][0] OK
C:[09/11/2018 15:25:08.62][172.16.4.210][1352] SELECT pre_cod_asig1,pre_cod_asig2,pre_cod_asig3,pre_cod_asig4,pre_cod_asig5,pre_cod_asig6,pre_cod_asig7 FROM tblaca009 WHERE pensum='5' AND c_uni_ca='4' AND c_asigna='300318' [1][0] OK
C:[09/11/2018 15:25:08.62][172.16.4.210][1365] SELECT c_asigna FROM dace004 WHERE exp_e='15-28459900' AND c_asigna='300228' AND status IN ('0','3','B') [1][0] OK
C:[09/11/2018 15:25:08.62][172.16.4.210][1365] SELECT c_asigna FROM dace004 WHERE exp_e='15-28459900' AND c_asigna='300207' AND status IN ('0','3','B') [1][0] OK
C:[09/11/2018 15:25:08.62][172.16.4.210][1365] SELECT c_asigna FROM dace004 WHERE exp_e='15-28459900' AND c_asigna='300218' AND status IN ('0','3','B') [1][0] OK
C:[09/11/2018 15:25:09.36][172.16.4.210][1396] SELECT par_cod_asig1,par_cod_asig2,par_cod_asig3 FROM tblaca009 WHERE pensum='5' AND c_uni_ca='4' AND c_asigna='300226' [1][0] OK
C:[09/11/2018 15:25:09.36][172.16.4.210][1396] SELECT par_cod_asig1,par_cod_asig2,par_cod_asig3 FROM tblaca009 WHERE pensum='5' AND c_uni_ca='4' AND c_asigna='300318' [1][0] OK
C:[09/11/2018 15:25:09.64][172.16.4.210][1526] SELECT horas_lab FROM tblaca008 WHERE c_asigna='300226' AND horas_teoricas > 0 [1][0] OK
C:[09/11/2018 15:25:09.64][172.16.4.210][1526] SELECT horas_lab FROM tblaca008 WHERE c_asigna='300318' AND horas_teoricas > 0 [1][0] OK
C:[09/11/2018 15:28:45.69][172.16.4.210][1352] SELECT pre_cod_asig1,pre_cod_asig2,pre_cod_asig3,pre_cod_asig4,pre_cod_asig5,pre_cod_asig6,pre_cod_asig7 FROM tblaca009 WHERE pensum='5' AND c_uni_ca='4' AND c_asigna='300226' [1][0] OK
C:[09/11/2018 15:28:45.69][172.16.4.210][1365] SELECT c_asigna FROM dace004 WHERE exp_e='15-28459900' AND c_asigna='300116' AND status IN ('0','3','B') [1][0] OK
C:[09/11/2018 15:28:45.69][172.16.4.210][1352] SELECT pre_cod_asig1,pre_cod_asig2,pre_cod_asig3,pre_cod_asig4,pre_cod_asig5,pre_cod_asig6,pre_cod_asig7 FROM tblaca009 WHERE pensum='5' AND c_uni_ca='4' AND c_asigna='300318' [1][0] OK
C:[09/11/2018 15:28:45.69][172.16.4.210][1365] SELECT c_asigna FROM dace004 WHERE exp_e='15-28459900' AND c_asigna='300228' AND status IN ('0','3','B') [1][0] OK
C:[09/11/2018 15:28:45.69][172.16.4.210][1365] SELECT c_asigna FROM dace004 WHERE exp_e='15-28459900' AND c_asigna='300207' AND status IN ('0','3','B') [1][0] OK
C:[09/11/2018 15:28:45.69][172.16.4.210][1365] SELECT c_asigna FROM dace004 WHERE exp_e='15-28459900' AND c_asigna='300218' AND status IN ('0','3','B') [1][0] OK
C:[09/11/2018 15:28:45.47][172.16.4.210][1396] SELECT par_cod_asig1,par_cod_asig2,par_cod_asig3 FROM tblaca009 WHERE pensum='5' AND c_uni_ca='4' AND c_asigna='300226' [1][0] OK
C:[09/11/2018 15:28:45.47][172.16.4.210][1396] SELECT par_cod_asig1,par_cod_asig2,par_cod_asig3 FROM tblaca009 WHERE pensum='5' AND c_uni_ca='4' AND c_asigna='300318' [1][0] OK
C:[09/11/2018 15:28:45.69][172.16.4.210][1526] SELECT horas_lab FROM tblaca008 WHERE c_asigna='300226' AND horas_teoricas > 0 [1][0] OK
C:[09/11/2018 15:28:45.69][172.16.4.210][1526] SELECT horas_lab FROM tblaca008 WHERE c_asigna='300318' AND horas_teoricas > 0 [1][0] OK
C:[12/11/2018 09:11:26.55][172.16.4.245][1352] SELECT pre_cod_asig1,pre_cod_asig2,pre_cod_asig3,pre_cod_asig4,pre_cod_asig5,pre_cod_asig6,pre_cod_asig7 FROM tblaca009 WHERE pensum='5' AND c_uni_ca='4' AND c_asigna='300207' [1][0] OK
C:[12/11/2018 09:11:26.55][172.16.4.245][1365] SELECT c_asigna FROM dace004 WHERE exp_e='17-27975141' AND c_asigna='300101' AND status IN ('0','3','B') [1][0] OK
C:[12/11/2018 09:11:26.55][172.16.4.245][1352] SELECT pre_cod_asig1,pre_cod_asig2,pre_cod_asig3,pre_cod_asig4,pre_cod_asig5,pre_cod_asig6,pre_cod_asig7 FROM tblaca009 WHERE pensum='5' AND c_uni_ca='4' AND c_asigna='300213' [1][0] OK
C:[12/11/2018 09:11:26.55][172.16.4.245][1365] SELECT c_asigna FROM dace004 WHERE exp_e='17-27975141' AND c_asigna='300101' AND status IN ('0','3','B') [1][0] OK
C:[12/11/2018 09:11:26.55][172.16.4.245][1352] SELECT pre_cod_asig1,pre_cod_asig2,pre_cod_asig3,pre_cod_asig4,pre_cod_asig5,pre_cod_asig6,pre_cod_asig7 FROM tblaca009 WHERE pensum='5' AND c_uni_ca='4' AND c_asigna='300222' [1][0] OK
C:[12/11/2018 09:11:26.55][172.16.4.245][1365] SELECT c_asigna FROM dace004 WHERE exp_e='17-27975141' AND c_asigna='300112' AND status IN ('0','3','B') [1][0] OK
C:[12/11/2018 09:11:26.55][172.16.4.245][1352] SELECT pre_cod_asig1,pre_cod_asig2,pre_cod_asig3,pre_cod_asig4,pre_cod_asig5,pre_cod_asig6,pre_cod_asig7 FROM tblaca009 WHERE pensum='5' AND c_uni_ca='4' AND c_asigna='300314' [1][0] OK
C:[12/11/2018 09:11:26.55][172.16.4.245][1365] SELECT c_asigna FROM dace004 WHERE exp_e='17-27975141' AND c_asigna='300106' AND status IN ('0','3','B') [1][0] OK
C:[12/11/2018 09:11:26.55][172.16.4.245][1352] SELECT pre_cod_asig1,pre_cod_asig2,pre_cod_asig3,pre_cod_asig4,pre_cod_asig5,pre_cod_asig6,pre_cod_asig7 FROM tblaca009 WHERE pensum='5' AND c_uni_ca='4' AND c_asigna='330310' [1][0] OK
C:[12/11/2018 09:11:26.55][172.16.4.245][1365] SELECT c_asigna FROM dace004 WHERE exp_e='17-27975141' AND c_asigna='300013' AND status IN ('0','3','B') [1][0] OK
C:[12/11/2018 09:11:26.55][172.16.4.245][1365] SELECT c_asigna FROM dace004 WHERE exp_e='17-27975141' AND c_asigna='300113' AND status IN ('0','3','B') [1][0] OK
C:[12/11/2018 09:11:26.60][172.16.4.245][1396] SELECT par_cod_asig1,par_cod_asig2,par_cod_asig3 FROM tblaca009 WHERE pensum='5' AND c_uni_ca='4' AND c_asigna='300207' [1][0] OK
C:[12/11/2018 09:11:26.60][172.16.4.245][1396] SELECT par_cod_asig1,par_cod_asig2,par_cod_asig3 FROM tblaca009 WHERE pensum='5' AND c_uni_ca='4' AND c_asigna='300213' [1][0] OK
C:[12/11/2018 09:11:26.60][172.16.4.245][1410] SELECT c_asigna FROM dace004 WHERE exp_e='17-27975141' AND c_asigna='300209' AND status IN ('0','3','B','C') [1][0] OK
C:[12/11/2018 09:11:26.60][172.16.4.245][1396] SELECT par_cod_asig1,par_cod_asig2,par_cod_asig3 FROM tblaca009 WHERE pensum='5' AND c_uni_ca='4' AND c_asigna='300222' [1][0] OK
C:[12/11/2018 09:11:26.60][172.16.4.245][1396] SELECT par_cod_asig1,par_cod_asig2,par_cod_asig3 FROM tblaca009 WHERE pensum='5' AND c_uni_ca='4' AND c_asigna='300314' [1][0] OK
C:[12/11/2018 09:11:26.60][172.16.4.245][1396] SELECT par_cod_asig1,par_cod_asig2,par_cod_asig3 FROM tblaca009 WHERE pensum='5' AND c_uni_ca='4' AND c_asigna='330310' [1][0] OK
C:[12/11/2018 09:11:27.01][172.16.4.245][1526] SELECT horas_lab FROM tblaca008 WHERE c_asigna='300207' AND horas_teoricas > 0 [1][0] OK
C:[12/11/2018 09:11:27.01][172.16.4.245][1526] SELECT horas_lab FROM tblaca008 WHERE c_asigna='300213' AND horas_teoricas > 0 [1][0] OK
C:[12/11/2018 09:11:27.01][172.16.4.245][1526] SELECT horas_lab FROM tblaca008 WHERE c_asigna='300222' AND horas_teoricas > 0 [1][0] OK
C:[12/11/2018 09:11:27.01][172.16.4.245][1526] SELECT horas_lab FROM tblaca008 WHERE c_asigna='300314' AND horas_teoricas > 0 [0][0] OK
C:[12/11/2018 09:11:27.01][172.16.4.245][1526] SELECT horas_lab FROM tblaca008 WHERE c_asigna='330310' AND horas_teoricas > 0 [1][0] OK
C:[12/11/2018 09:14:11.80][172.16.4.245][1352] SELECT pre_cod_asig1,pre_cod_asig2,pre_cod_asig3,pre_cod_asig4,pre_cod_asig5,pre_cod_asig6,pre_cod_asig7 FROM tblaca009 WHERE pensum='5' AND c_uni_ca='4' AND c_asigna='300207' [1][0] OK
C:[12/11/2018 09:14:11.80][172.16.4.245][1365] SELECT c_asigna FROM dace004 WHERE exp_e='17-27975141' AND c_asigna='300101' AND status IN ('0','3','B') [1][0] OK
C:[12/11/2018 09:14:11.80][172.16.4.245][1352] SELECT pre_cod_asig1,pre_cod_asig2,pre_cod_asig3,pre_cod_asig4,pre_cod_asig5,pre_cod_asig6,pre_cod_asig7 FROM tblaca009 WHERE pensum='5' AND c_uni_ca='4' AND c_asigna='300213' [1][0] OK
C:[12/11/2018 09:14:11.80][172.16.4.245][1365] SELECT c_asigna FROM dace004 WHERE exp_e='17-27975141' AND c_asigna='300101' AND status IN ('0','3','B') [1][0] OK
C:[12/11/2018 09:14:11.80][172.16.4.245][1352] SELECT pre_cod_asig1,pre_cod_asig2,pre_cod_asig3,pre_cod_asig4,pre_cod_asig5,pre_cod_asig6,pre_cod_asig7 FROM tblaca009 WHERE pensum='5' AND c_uni_ca='4' AND c_asigna='300222' [1][0] OK
C:[12/11/2018 09:14:11.80][172.16.4.245][1365] SELECT c_asigna FROM dace004 WHERE exp_e='17-27975141' AND c_asigna='300112' AND status IN ('0','3','B') [1][0] OK
C:[12/11/2018 09:14:11.80][172.16.4.245][1352] SELECT pre_cod_asig1,pre_cod_asig2,pre_cod_asig3,pre_cod_asig4,pre_cod_asig5,pre_cod_asig6,pre_cod_asig7 FROM tblaca009 WHERE pensum='5' AND c_uni_ca='4' AND c_asigna='300314' [1][0] OK
C:[12/11/2018 09:14:11.80][172.16.4.245][1365] SELECT c_asigna FROM dace004 WHERE exp_e='17-27975141' AND c_asigna='300106' AND status IN ('0','3','B') [1][0] OK
C:[12/11/2018 09:14:11.80][172.16.4.245][1352] SELECT pre_cod_asig1,pre_cod_asig2,pre_cod_asig3,pre_cod_asig4,pre_cod_asig5,pre_cod_asig6,pre_cod_asig7 FROM tblaca009 WHERE pensum='5' AND c_uni_ca='4' AND c_asigna='330310' [1][0] OK
C:[12/11/2018 09:14:11.80][172.16.4.245][1365] SELECT c_asigna FROM dace004 WHERE exp_e='17-27975141' AND c_asigna='300013' AND status IN ('0','3','B') [1][0] OK
C:[12/11/2018 09:14:11.80][172.16.4.245][1365] SELECT c_asigna FROM dace004 WHERE exp_e='17-27975141' AND c_asigna='300113' AND status IN ('0','3','B') [1][0] OK
C:[12/11/2018 09:14:12.17][172.16.4.245][1396] SELECT par_cod_asig1,par_cod_asig2,par_cod_asig3 FROM tblaca009 WHERE pensum='5' AND c_uni_ca='4' AND c_asigna='300207' [1][0] OK
C:[12/11/2018 09:14:12.17][172.16.4.245][1396] SELECT par_cod_asig1,par_cod_asig2,par_cod_asig3 FROM tblaca009 WHERE pensum='5' AND c_uni_ca='4' AND c_asigna='300213' [1][0] OK
C:[12/11/2018 09:14:12.17][172.16.4.245][1410] SELECT c_asigna FROM dace004 WHERE exp_e='17-27975141' AND c_asigna='300209' AND status IN ('0','3','B','C') [1][0] OK
C:[12/11/2018 09:14:12.17][172.16.4.245][1396] SELECT par_cod_asig1,par_cod_asig2,par_cod_asig3 FROM tblaca009 WHERE pensum='5' AND c_uni_ca='4' AND c_asigna='300222' [1][0] OK
C:[12/11/2018 09:14:12.17][172.16.4.245][1396] SELECT par_cod_asig1,par_cod_asig2,par_cod_asig3 FROM tblaca009 WHERE pensum='5' AND c_uni_ca='4' AND c_asigna='300314' [1][0] OK
C:[12/11/2018 09:14:12.17][172.16.4.245][1396] SELECT par_cod_asig1,par_cod_asig2,par_cod_asig3 FROM tblaca009 WHERE pensum='5' AND c_uni_ca='4' AND c_asigna='330310' [1][0] OK
C:[12/11/2018 09:14:12.96][172.16.4.245][1526] SELECT horas_lab FROM tblaca008 WHERE c_asigna='300207' AND horas_teoricas > 0 [1][0] OK
C:[12/11/2018 09:14:12.96][172.16.4.245][1526] SELECT horas_lab FROM tblaca008 WHERE c_asigna='300213' AND horas_teoricas > 0 [1][0] OK
C:[12/11/2018 09:14:12.96][172.16.4.245][1526] SELECT horas_lab FROM tblaca008 WHERE c_asigna='300222' AND horas_teoricas > 0 [1][0] OK
C:[12/11/2018 09:14:12.96][172.16.4.245][1526] SELECT horas_lab FROM tblaca008 WHERE c_asigna='300314' AND horas_teoricas > 0 [0][0] OK
C:[12/11/2018 09:14:12.96][172.16.4.245][1526] SELECT horas_lab FROM tblaca008 WHERE c_asigna='330310' AND horas_teoricas > 0 [1][0] OK
C:[12/11/2018 09:18:32.06][172.16.4.210][1352] SELECT pre_cod_asig1,pre_cod_asig2,pre_cod_asig3,pre_cod_asig4,pre_cod_asig5,pre_cod_asig6,pre_cod_asig7 FROM tblaca009 WHERE pensum='5' AND c_uni_ca='4' AND c_asigna='300207' [1][0] OK
C:[12/11/2018 09:18:32.06][172.16.4.210][1365] SELECT c_asigna FROM dace004 WHERE exp_e='18-28534389' AND c_asigna='300101' AND status IN ('0','3','B') [1][0] OK
C:[12/11/2018 09:18:32.06][172.16.4.210][1352] SELECT pre_cod_asig1,pre_cod_asig2,pre_cod_asig3,pre_cod_asig4,pre_cod_asig5,pre_cod_asig6,pre_cod_asig7 FROM tblaca009 WHERE pensum='5' AND c_uni_ca='4' AND c_asigna='300209' [1][0] OK
C:[12/11/2018 09:18:32.06][172.16.4.210][1365] SELECT c_asigna FROM dace004 WHERE exp_e='18-28534389' AND c_asigna='300101' AND status IN ('0','3','B') [1][0] OK
C:[12/11/2018 09:18:32.06][172.16.4.210][1352] SELECT pre_cod_asig1,pre_cod_asig2,pre_cod_asig3,pre_cod_asig4,pre_cod_asig5,pre_cod_asig6,pre_cod_asig7 FROM tblaca009 WHERE pensum='5' AND c_uni_ca='4' AND c_asigna='300213' [1][0] OK
C:[12/11/2018 09:18:32.06][172.16.4.210][1365] SELECT c_asigna FROM dace004 WHERE exp_e='18-28534389' AND c_asigna='300101' AND status IN ('0','3','B') [1][0] OK
C:[12/11/2018 09:18:32.06][172.16.4.210][1352] SELECT pre_cod_asig1,pre_cod_asig2,pre_cod_asig3,pre_cod_asig4,pre_cod_asig5,pre_cod_asig6,pre_cod_asig7 FROM tblaca009 WHERE pensum='5' AND c_uni_ca='4' AND c_asigna='300222' [1][0] OK
C:[12/11/2018 09:18:32.06][172.16.4.210][1365] SELECT c_asigna FROM dace004 WHERE exp_e='18-28534389' AND c_asigna='300112' AND status IN ('0','3','B') [1][0] OK
C:[12/11/2018 09:18:32.06][172.16.4.210][1352] SELECT pre_cod_asig1,pre_cod_asig2,pre_cod_asig3,pre_cod_asig4,pre_cod_asig5,pre_cod_asig6,pre_cod_asig7 FROM tblaca009 WHERE pensum='5' AND c_uni_ca='4' AND c_asigna='300228' [1][0] OK
C:[12/11/2018 09:18:32.06][172.16.4.210][1365] SELECT c_asigna FROM dace004 WHERE exp_e='18-28534389' AND c_asigna='300101' AND status IN ('0','3','B') [1][0] OK
C:[12/11/2018 09:18:33.31][172.16.4.210][1396] SELECT par_cod_asig1,par_cod_asig2,par_cod_asig3 FROM tblaca009 WHERE pensum='5' AND c_uni_ca='4' AND c_asigna='300207' [1][0] OK
C:[12/11/2018 09:18:33.31][172.16.4.210][1396] SELECT par_cod_asig1,par_cod_asig2,par_cod_asig3 FROM tblaca009 WHERE pensum='5' AND c_uni_ca='4' AND c_asigna='300209' [1][0] OK
C:[12/11/2018 09:18:33.31][172.16.4.210][1396] SELECT par_cod_asig1,par_cod_asig2,par_cod_asig3 FROM tblaca009 WHERE pensum='5' AND c_uni_ca='4' AND c_asigna='300213' [1][0] OK
C:[12/11/2018 09:18:33.31][172.16.4.210][1410] SELECT c_asigna FROM dace004 WHERE exp_e='18-28534389' AND c_asigna='300209' AND status IN ('0','3','B','C') [0][0] OK
C:[12/11/2018 09:18:33.31][172.16.4.210][1396] SELECT par_cod_asig1,par_cod_asig2,par_cod_asig3 FROM tblaca009 WHERE pensum='5' AND c_uni_ca='4' AND c_asigna='300222' [1][0] OK
C:[12/11/2018 09:18:33.31][172.16.4.210][1396] SELECT par_cod_asig1,par_cod_asig2,par_cod_asig3 FROM tblaca009 WHERE pensum='5' AND c_uni_ca='4' AND c_asigna='300228' [1][0] OK
C:[12/11/2018 09:18:33.09][172.16.4.210][1526] SELECT horas_lab FROM tblaca008 WHERE c_asigna='300207' AND horas_teoricas > 0 [1][0] OK
C:[12/11/2018 09:18:33.09][172.16.4.210][1526] SELECT horas_lab FROM tblaca008 WHERE c_asigna='300209' AND horas_teoricas > 0 [1][0] OK
C:[12/11/2018 10:06:32.32][172.16.4.210][1352] SELECT pre_cod_asig1,pre_cod_asig2,pre_cod_asig3,pre_cod_asig4,pre_cod_asig5,pre_cod_asig6,pre_cod_asig7 FROM tblaca009 WHERE pensum='5' AND c_uni_ca='6' AND c_asigna='300013' [1][0] OK
C:[12/11/2018 10:06:32.32][172.16.4.210][1352] SELECT pre_cod_asig1,pre_cod_asig2,pre_cod_asig3,pre_cod_asig4,pre_cod_asig5,pre_cod_asig6,pre_cod_asig7 FROM tblaca009 WHERE pensum='5' AND c_uni_ca='6' AND c_asigna='300101' [1][0] OK
C:[12/11/2018 10:06:32.32][172.16.4.210][1352] SELECT pre_cod_asig1,pre_cod_asig2,pre_cod_asig3,pre_cod_asig4,pre_cod_asig5,pre_cod_asig6,pre_cod_asig7 FROM tblaca009 WHERE pensum='5' AND c_uni_ca='6' AND c_asigna='300112' [1][0] OK
C:[12/11/2018 10:06:32.32][172.16.4.210][1352] SELECT pre_cod_asig1,pre_cod_asig2,pre_cod_asig3,pre_cod_asig4,pre_cod_asig5,pre_cod_asig6,pre_cod_asig7 FROM tblaca009 WHERE pensum='5' AND c_uni_ca='6' AND c_asigna='300113' [1][0] OK
C:[12/11/2018 10:06:32.32][172.16.4.210][1352] SELECT pre_cod_asig1,pre_cod_asig2,pre_cod_asig3,pre_cod_asig4,pre_cod_asig5,pre_cod_asig6,pre_cod_asig7 FROM tblaca009 WHERE pensum='5' AND c_uni_ca='6' AND c_asigna='300116' [1][0] OK
C:[12/11/2018 10:06:32.94][172.16.4.210][1396] SELECT par_cod_asig1,par_cod_asig2,par_cod_asig3 FROM tblaca009 WHERE pensum='5' AND c_uni_ca='6' AND c_asigna='300013' [1][0] OK
C:[12/11/2018 10:06:32.94][172.16.4.210][1396] SELECT par_cod_asig1,par_cod_asig2,par_cod_asig3 FROM tblaca009 WHERE pensum='5' AND c_uni_ca='6' AND c_asigna='300101' [1][0] OK
C:[12/11/2018 10:06:32.94][172.16.4.210][1396] SELECT par_cod_asig1,par_cod_asig2,par_cod_asig3 FROM tblaca009 WHERE pensum='5' AND c_uni_ca='6' AND c_asigna='300112' [1][0] OK
C:[12/11/2018 10:06:32.94][172.16.4.210][1396] SELECT par_cod_asig1,par_cod_asig2,par_cod_asig3 FROM tblaca009 WHERE pensum='5' AND c_uni_ca='6' AND c_asigna='300113' [1][0] OK
C:[12/11/2018 10:06:32.94][172.16.4.210][1410] SELECT c_asigna FROM dace004 WHERE exp_e='18-28030068' AND c_asigna='300013' AND status IN ('0','3','B','C') [0][0] OK
C:[12/11/2018 10:06:32.94][172.16.4.210][1396] SELECT par_cod_asig1,par_cod_asig2,par_cod_asig3 FROM tblaca009 WHERE pensum='5' AND c_uni_ca='6' AND c_asigna='300116' [1][0] OK
C:[12/11/2018 10:06:32.72][172.16.4.210][1526] SELECT horas_lab FROM tblaca008 WHERE c_asigna='300013' AND horas_teoricas > 0 [1][0] OK
C:[12/11/2018 10:06:32.72][172.16.4.210][1526] SELECT horas_lab FROM tblaca008 WHERE c_asigna='300101' AND horas_teoricas > 0 [1][0] OK
C:[12/11/2018 10:06:32.72][172.16.4.210][1526] SELECT horas_lab FROM tblaca008 WHERE c_asigna='300112' AND horas_teoricas > 0 [1][0] OK
C:[12/11/2018 10:06:32.72][172.16.4.210][1526] SELECT horas_lab FROM tblaca008 WHERE c_asigna='300113' AND horas_teoricas > 0 [0][0] OK
C:[12/11/2018 10:06:32.72][172.16.4.210][1526] SELECT horas_lab FROM tblaca008 WHERE c_asigna='300116' AND horas_teoricas > 0 [1][0] OK
C:[12/11/2018 10:25:07.65][172.17.119.105][1352] SELECT pre_cod_asig1,pre_cod_asig2,pre_cod_asig3,pre_cod_asig4,pre_cod_asig5,pre_cod_asig6,pre_cod_asig7 FROM tblaca009 WHERE pensum='5' AND c_uni_ca='6' AND c_asigna='300013' [1][0] OK
C:[12/11/2018 10:25:07.65][172.17.119.105][1352] SELECT pre_cod_asig1,pre_cod_asig2,pre_cod_asig3,pre_cod_asig4,pre_cod_asig5,pre_cod_asig6,pre_cod_asig7 FROM tblaca009 WHERE pensum='5' AND c_uni_ca='6' AND c_asigna='300101' [1][0] OK
C:[12/11/2018 10:25:07.90][172.17.119.105][1396] SELECT par_cod_asig1,par_cod_asig2,par_cod_asig3 FROM tblaca009 WHERE pensum='5' AND c_uni_ca='6' AND c_asigna='300013' [1][0] OK
C:[12/11/2018 10:25:07.90][172.17.119.105][1396] SELECT par_cod_asig1,par_cod_asig2,par_cod_asig3 FROM tblaca009 WHERE pensum='5' AND c_uni_ca='6' AND c_asigna='300101' [1][0] OK
C:[12/11/2018 10:25:07.74][172.17.119.105][1526] SELECT horas_lab FROM tblaca008 WHERE c_asigna='300013' AND horas_teoricas > 0 [1][0] OK
C:[12/11/2018 10:25:07.74][172.17.119.105][1526] SELECT horas_lab FROM tblaca008 WHERE c_asigna='300101' AND horas_teoricas > 0 [1][0] OK
C:[12/11/2018 11:18:54.64][172.16.4.163][1352] SELECT pre_cod_asig1,pre_cod_asig2,pre_cod_asig3,pre_cod_asig4,pre_cod_asig5,pre_cod_asig6,pre_cod_asig7 FROM tblaca009 WHERE pensum='5' AND c_uni_ca='3' AND c_asigna='311824' [1][0] OK
C:[12/11/2018 11:18:54.64][172.16.4.163][1365] SELECT c_asigna FROM dace004 WHERE exp_e='13-26138694' AND c_asigna='311796' AND status IN ('0','3','B') [1][0] OK
C:[12/11/2018 11:18:54.64][172.16.4.163][1365] SELECT c_asigna FROM dace004 WHERE exp_e='13-26138694' AND c_asigna='315671' AND status IN ('0','3','B') [1][0] OK
C:[12/11/2018 11:18:54.64][172.16.4.163][1365] SELECT c_asigna FROM dace004 WHERE exp_e='13-26138694' AND c_asigna='311552' AND status IN ('0','3','B') [1][0] OK
C:[12/11/2018 11:18:54.64][172.16.4.163][1365] SELECT c_asigna FROM dace004 WHERE exp_e='13-26138694' AND c_asigna='311430' AND status IN ('0','3','B') [1][0] OK
C:[12/11/2018 11:18:54.64][172.16.4.163][1365] SELECT c_asigna FROM dace004 WHERE exp_e='13-26138694' AND c_asigna='300317' AND status IN ('0','3','B') [1][0] OK
C:[12/11/2018 11:18:54.64][172.16.4.163][1365] SELECT c_asigna FROM dace004 WHERE exp_e='13-26138694' AND c_asigna='300318' AND status IN ('0','3','B') [1][0] OK
C:[12/11/2018 11:18:54.64][172.16.4.163][1365] SELECT c_asigna FROM dace004 WHERE exp_e='13-26138694' AND c_asigna='300313' AND status IN ('0','3','B') [1][0] OK
C:[12/11/2018 11:18:54.64][172.16.4.163][1352] SELECT pre_cod_asig1,pre_cod_asig2,pre_cod_asig3,pre_cod_asig4,pre_cod_asig5,pre_cod_asig6,pre_cod_asig7 FROM tblaca009 WHERE pensum='5' AND c_uni_ca='3' AND c_asigna='311826' [1][0] OK
C:[12/11/2018 11:18:54.64][172.16.4.163][1365] SELECT c_asigna FROM dace004 WHERE exp_e='13-26138694' AND c_asigna='311799' AND status IN ('0','3','B') [1][0] OK
C:[12/11/2018 11:18:54.64][172.16.4.163][1352] SELECT pre_cod_asig1,pre_cod_asig2,pre_cod_asig3,pre_cod_asig4,pre_cod_asig5,pre_cod_asig6,pre_cod_asig7 FROM tblaca009 WHERE pensum='5' AND c_uni_ca='3' AND c_asigna='311827' [1][0] OK
C:[12/11/2018 11:18:54.64][172.16.4.163][1365] SELECT c_asigna FROM dace004 WHERE exp_e='13-26138694' AND c_asigna='311704' AND status IN ('0','3','B') [1][0] OK
C:[12/11/2018 11:18:54.64][172.16.4.163][1352] SELECT pre_cod_asig1,pre_cod_asig2,pre_cod_asig3,pre_cod_asig4,pre_cod_asig5,pre_cod_asig6,pre_cod_asig7 FROM tblaca009 WHERE pensum='5' AND c_uni_ca='3' AND c_asigna='300956' [1][0] OK
C:[12/11/2018 11:18:54.64][172.16.4.163][1365] SELECT c_asigna FROM dace004 WHERE exp_e='13-26138694' AND c_asigna='300422' AND status IN ('0','3','B') [1][0] OK
C:[12/11/2018 11:18:54.64][172.16.4.163][1365] SELECT c_asigna FROM dace004 WHERE exp_e='13-26138694' AND c_asigna='300105' AND status IN ('0','3','B') [1][0] OK
C:[12/11/2018 11:18:54.64][172.16.4.163][1365] SELECT c_asigna FROM dace004 WHERE exp_e='13-26138694' AND c_asigna='300314' AND status IN ('0','3','B') [1][0] OK
C:[12/11/2018 11:18:54.64][172.16.4.163][1352] SELECT pre_cod_asig1,pre_cod_asig2,pre_cod_asig3,pre_cod_asig4,pre_cod_asig5,pre_cod_asig6,pre_cod_asig7 FROM tblaca009 WHERE pensum='5' AND c_uni_ca='3' AND c_asigna='300890' [1][0] OK
C:[12/11/2018 11:18:54.64][172.16.4.163][1352] SELECT pre_cod_asig1,pre_cod_asig2,pre_cod_asig3,pre_cod_asig4,pre_cod_asig5,pre_cod_asig6,pre_cod_asig7 FROM tblaca009 WHERE pensum='5' AND c_uni_ca='3' AND c_asigna='311091' [1][0] OK
C:[12/11/2018 11:18:54.64][172.16.4.163][1365] SELECT c_asigna FROM dace004 WHERE exp_e='13-26138694' AND c_asigna='311825' AND status IN ('0','3','B') [1][0] OK
C:[12/11/2018 11:18:54.64][172.16.4.163][1352] SELECT pre_cod_asig1,pre_cod_asig2,pre_cod_asig3,pre_cod_asig4,pre_cod_asig5,pre_cod_asig6,pre_cod_asig7 FROM tblaca009 WHERE pensum='5' AND c_uni_ca='3' AND c_asigna='311094' [1][0] OK
C:[12/11/2018 11:18:54.64][172.16.4.163][1365] SELECT c_asigna FROM dace004 WHERE exp_e='13-26138694' AND c_asigna='311822' AND status IN ('0','3','B') [1][0] OK
C:[12/11/2018 11:18:54.64][172.16.4.163][1365] SELECT c_asigna FROM dace004 WHERE exp_e='13-26138694' AND c_asigna='311823' AND status IN ('0','3','B') [1][0] OK
C:[12/11/2018 11:18:55.39][172.16.4.163][1396] SELECT par_cod_asig1,par_cod_asig2,par_cod_asig3 FROM tblaca009 WHERE pensum='5' AND c_uni_ca='3' AND c_asigna='311824' [1][0] OK
C:[12/11/2018 11:18:55.39][172.16.4.163][1396] SELECT par_cod_asig1,par_cod_asig2,par_cod_asig3 FROM tblaca009 WHERE pensum='5' AND c_uni_ca='3' AND c_asigna='311826' [1][0] OK
C:[12/11/2018 11:18:55.39][172.16.4.163][1396] SELECT par_cod_asig1,par_cod_asig2,par_cod_asig3 FROM tblaca009 WHERE pensum='5' AND c_uni_ca='3' AND c_asigna='311827' [1][0] OK
C:[12/11/2018 11:18:55.39][172.16.4.163][1396] SELECT par_cod_asig1,par_cod_asig2,par_cod_asig3 FROM tblaca009 WHERE pensum='5' AND c_uni_ca='3' AND c_asigna='300956' [1][0] OK
C:[12/11/2018 11:18:55.39][172.16.4.163][1396] SELECT par_cod_asig1,par_cod_asig2,par_cod_asig3 FROM tblaca009 WHERE pensum='5' AND c_uni_ca='3' AND c_asigna='300890' [1][0] OK
C:[12/11/2018 11:18:55.39][172.16.4.163][1396] SELECT par_cod_asig1,par_cod_asig2,par_cod_asig3 FROM tblaca009 WHERE pensum='5' AND c_uni_ca='3' AND c_asigna='311091' [1][0] OK
C:[12/11/2018 11:18:55.39][172.16.4.163][1396] SELECT par_cod_asig1,par_cod_asig2,par_cod_asig3 FROM tblaca009 WHERE pensum='5' AND c_uni_ca='3' AND c_asigna='311094' [1][0] OK
C:[12/11/2018 11:18:55.29][172.16.4.163][1526] SELECT horas_lab FROM tblaca008 WHERE c_asigna='311824' AND horas_teoricas > 0 [1][0] OK
C:[12/11/2018 11:18:55.29][172.16.4.163][1526] SELECT horas_lab FROM tblaca008 WHERE c_asigna='311826' AND horas_teoricas > 0 [1][0] OK
C:[12/11/2018 11:18:55.29][172.16.4.163][1526] SELECT horas_lab FROM tblaca008 WHERE c_asigna='311827' AND horas_teoricas > 0 [1][0] OK
C:[12/11/2018 11:18:55.29][172.16.4.163][1526] SELECT horas_lab FROM tblaca008 WHERE c_asigna='300956' AND horas_teoricas > 0 [1][0] OK
C:[12/11/2018 11:18:55.29][172.16.4.163][1526] SELECT horas_lab FROM tblaca008 WHERE c_asigna='300890' AND horas_teoricas > 0 [1][0] OK
C:[12/11/2018 11:18:55.29][172.16.4.163][1526] SELECT horas_lab FROM tblaca008 WHERE c_asigna='311091' AND horas_teoricas > 0 [1][0] OK
C:[12/11/2018 11:18:55.29][172.16.4.163][1526] SELECT horas_lab FROM tblaca008 WHERE c_asigna='311094' AND horas_teoricas > 0 [1][0] OK
C:[12/11/2018 11:20:14.61][172.16.4.163][1352] SELECT pre_cod_asig1,pre_cod_asig2,pre_cod_asig3,pre_cod_asig4,pre_cod_asig5,pre_cod_asig6,pre_cod_asig7 FROM tblaca009 WHERE pensum='5' AND c_uni_ca='3' AND c_asigna='311824' [1][0] OK
C:[12/11/2018 11:20:14.61][172.16.4.163][1365] SELECT c_asigna FROM dace004 WHERE exp_e='13-26138694' AND c_asigna='311796' AND status IN ('0','3','B') [1][0] OK
C:[12/11/2018 11:20:14.61][172.16.4.163][1365] SELECT c_asigna FROM dace004 WHERE exp_e='13-26138694' AND c_asigna='315671' AND status IN ('0','3','B') [1][0] OK
C:[12/11/2018 11:20:14.61][172.16.4.163][1365] SELECT c_asigna FROM dace004 WHERE exp_e='13-26138694' AND c_asigna='311552' AND status IN ('0','3','B') [1][0] OK
C:[12/11/2018 11:20:14.61][172.16.4.163][1365] SELECT c_asigna FROM dace004 WHERE exp_e='13-26138694' AND c_asigna='311430' AND status IN ('0','3','B') [1][0] OK
C:[12/11/2018 11:20:14.61][172.16.4.163][1365] SELECT c_asigna FROM dace004 WHERE exp_e='13-26138694' AND c_asigna='300317' AND status IN ('0','3','B') [1][0] OK
C:[12/11/2018 11:20:14.61][172.16.4.163][1365] SELECT c_asigna FROM dace004 WHERE exp_e='13-26138694' AND c_asigna='300318' AND status IN ('0','3','B') [1][0] OK
C:[12/11/2018 11:20:14.61][172.16.4.163][1365] SELECT c_asigna FROM dace004 WHERE exp_e='13-26138694' AND c_asigna='300313' AND status IN ('0','3','B') [1][0] OK
C:[12/11/2018 11:20:14.61][172.16.4.163][1352] SELECT pre_cod_asig1,pre_cod_asig2,pre_cod_asig3,pre_cod_asig4,pre_cod_asig5,pre_cod_asig6,pre_cod_asig7 FROM tblaca009 WHERE pensum='5' AND c_uni_ca='3' AND c_asigna='311826' [1][0] OK
C:[12/11/2018 11:20:14.61][172.16.4.163][1365] SELECT c_asigna FROM dace004 WHERE exp_e='13-26138694' AND c_asigna='311799' AND status IN ('0','3','B') [1][0] OK
C:[12/11/2018 11:20:14.61][172.16.4.163][1352] SELECT pre_cod_asig1,pre_cod_asig2,pre_cod_asig3,pre_cod_asig4,pre_cod_asig5,pre_cod_asig6,pre_cod_asig7 FROM tblaca009 WHERE pensum='5' AND c_uni_ca='3' AND c_asigna='311827' [1][0] OK
C:[12/11/2018 11:20:14.61][172.16.4.163][1365] SELECT c_asigna FROM dace004 WHERE exp_e='13-26138694' AND c_asigna='311704' AND status IN ('0','3','B') [1][0] OK
C:[12/11/2018 11:20:14.61][172.16.4.163][1352] SELECT pre_cod_asig1,pre_cod_asig2,pre_cod_asig3,pre_cod_asig4,pre_cod_asig5,pre_cod_asig6,pre_cod_asig7 FROM tblaca009 WHERE pensum='5' AND c_uni_ca='3' AND c_asigna='300956' [1][0] OK
C:[12/11/2018 11:20:14.61][172.16.4.163][1365] SELECT c_asigna FROM dace004 WHERE exp_e='13-26138694' AND c_asigna='300422' AND status IN ('0','3','B') [1][0] OK
C:[12/11/2018 11:20:14.61][172.16.4.163][1365] SELECT c_asigna FROM dace004 WHERE exp_e='13-26138694' AND c_asigna='300105' AND status IN ('0','3','B') [1][0] OK
C:[12/11/2018 11:20:14.61][172.16.4.163][1365] SELECT c_asigna FROM dace004 WHERE exp_e='13-26138694' AND c_asigna='300314' AND status IN ('0','3','B') [1][0] OK
C:[12/11/2018 11:20:14.61][172.16.4.163][1352] SELECT pre_cod_asig1,pre_cod_asig2,pre_cod_asig3,pre_cod_asig4,pre_cod_asig5,pre_cod_asig6,pre_cod_asig7 FROM tblaca009 WHERE pensum='5' AND c_uni_ca='3' AND c_asigna='300890' [1][0] OK
C:[12/11/2018 11:20:14.61][172.16.4.163][1352] SELECT pre_cod_asig1,pre_cod_asig2,pre_cod_asig3,pre_cod_asig4,pre_cod_asig5,pre_cod_asig6,pre_cod_asig7 FROM tblaca009 WHERE pensum='5' AND c_uni_ca='3' AND c_asigna='311091' [1][0] OK
C:[12/11/2018 11:20:14.61][172.16.4.163][1365] SELECT c_asigna FROM dace004 WHERE exp_e='13-26138694' AND c_asigna='311825' AND status IN ('0','3','B') [1][0] OK
C:[12/11/2018 11:20:14.61][172.16.4.163][1352] SELECT pre_cod_asig1,pre_cod_asig2,pre_cod_asig3,pre_cod_asig4,pre_cod_asig5,pre_cod_asig6,pre_cod_asig7 FROM tblaca009 WHERE pensum='5' AND c_uni_ca='3' AND c_asigna='311094' [1][0] OK
C:[12/11/2018 11:20:14.61][172.16.4.163][1365] SELECT c_asigna FROM dace004 WHERE exp_e='13-26138694' AND c_asigna='311822' AND status IN ('0','3','B') [1][0] OK
C:[12/11/2018 11:20:14.61][172.16.4.163][1365] SELECT c_asigna FROM dace004 WHERE exp_e='13-26138694' AND c_asigna='311823' AND status IN ('0','3','B') [1][0] OK
C:[12/11/2018 11:20:14.37][172.16.4.163][1396] SELECT par_cod_asig1,par_cod_asig2,par_cod_asig3 FROM tblaca009 WHERE pensum='5' AND c_uni_ca='3' AND c_asigna='311824' [1][0] OK
C:[12/11/2018 11:20:14.37][172.16.4.163][1396] SELECT par_cod_asig1,par_cod_asig2,par_cod_asig3 FROM tblaca009 WHERE pensum='5' AND c_uni_ca='3' AND c_asigna='311826' [1][0] OK
C:[12/11/2018 11:20:14.37][172.16.4.163][1396] SELECT par_cod_asig1,par_cod_asig2,par_cod_asig3 FROM tblaca009 WHERE pensum='5' AND c_uni_ca='3' AND c_asigna='311827' [1][0] OK
C:[12/11/2018 11:20:14.37][172.16.4.163][1396] SELECT par_cod_asig1,par_cod_asig2,par_cod_asig3 FROM tblaca009 WHERE pensum='5' AND c_uni_ca='3' AND c_asigna='300956' [1][0] OK
C:[12/11/2018 11:20:14.37][172.16.4.163][1396] SELECT par_cod_asig1,par_cod_asig2,par_cod_asig3 FROM tblaca009 WHERE pensum='5' AND c_uni_ca='3' AND c_asigna='300890' [1][0] OK
C:[12/11/2018 11:20:14.37][172.16.4.163][1396] SELECT par_cod_asig1,par_cod_asig2,par_cod_asig3 FROM tblaca009 WHERE pensum='5' AND c_uni_ca='3' AND c_asigna='311091' [1][0] OK
C:[12/11/2018 11:20:14.37][172.16.4.163][1396] SELECT par_cod_asig1,par_cod_asig2,par_cod_asig3 FROM tblaca009 WHERE pensum='5' AND c_uni_ca='3' AND c_asigna='311094' [1][0] OK
C:[12/11/2018 11:20:14.27][172.16.4.163][1526] SELECT horas_lab FROM tblaca008 WHERE c_asigna='311824' AND horas_teoricas > 0 [1][0] OK
C:[12/11/2018 11:20:14.27][172.16.4.163][1526] SELECT horas_lab FROM tblaca008 WHERE c_asigna='311826' AND horas_teoricas > 0 [1][0] OK
C:[12/11/2018 11:20:14.27][172.16.4.163][1526] SELECT horas_lab FROM tblaca008 WHERE c_asigna='311827' AND horas_teoricas > 0 [1][0] OK
C:[12/11/2018 11:20:14.27][172.16.4.163][1526] SELECT horas_lab FROM tblaca008 WHERE c_asigna='300956' AND horas_teoricas > 0 [1][0] OK
C:[12/11/2018 11:20:14.27][172.16.4.163][1526] SELECT horas_lab FROM tblaca008 WHERE c_asigna='300890' AND horas_teoricas > 0 [1][0] OK
C:[12/11/2018 11:20:14.27][172.16.4.163][1526] SELECT horas_lab FROM tblaca008 WHERE c_asigna='311091' AND horas_teoricas > 0 [1][0] OK
C:[12/11/2018 11:20:14.27][172.16.4.163][1526] SELECT horas_lab FROM tblaca008 WHERE c_asigna='311094' AND horas_teoricas > 0 [1][0] OK
C:[12/11/2018 11:26:10.24][172.16.4.163][1352] SELECT pre_cod_asig1,pre_cod_asig2,pre_cod_asig3,pre_cod_asig4,pre_cod_asig5,pre_cod_asig6,pre_cod_asig7 FROM tblaca009 WHERE pensum='5' AND c_uni_ca='3' AND c_asigna='311824' [1][0] OK
C:[12/11/2018 11:26:10.24][172.16.4.163][1365] SELECT c_asigna FROM dace004 WHERE exp_e='13-26362355' AND c_asigna='311796' AND status IN ('0','3','B') [1][0] OK
C:[12/11/2018 11:26:10.24][172.16.4.163][1365] SELECT c_asigna FROM dace004 WHERE exp_e='13-26362355' AND c_asigna='315671' AND status IN ('0','3','B') [1][0] OK
C:[12/11/2018 11:26:10.24][172.16.4.163][1365] SELECT c_asigna FROM dace004 WHERE exp_e='13-26362355' AND c_asigna='311552' AND status IN ('0','3','B') [1][0] OK
C:[12/11/2018 11:26:10.24][172.16.4.163][1365] SELECT c_asigna FROM dace004 WHERE exp_e='13-26362355' AND c_asigna='311430' AND status IN ('0','3','B') [1][0] OK
C:[12/11/2018 11:26:10.24][172.16.4.163][1365] SELECT c_asigna FROM dace004 WHERE exp_e='13-26362355' AND c_asigna='300317' AND status IN ('0','3','B') [1][0] OK
C:[12/11/2018 11:26:10.24][172.16.4.163][1365] SELECT c_asigna FROM dace004 WHERE exp_e='13-26362355' AND c_asigna='300318' AND status IN ('0','3','B') [1][0] OK
C:[12/11/2018 11:26:10.24][172.16.4.163][1365] SELECT c_asigna FROM dace004 WHERE exp_e='13-26362355' AND c_asigna='300313' AND status IN ('0','3','B') [1][0] OK
C:[12/11/2018 11:26:10.24][172.16.4.163][1352] SELECT pre_cod_asig1,pre_cod_asig2,pre_cod_asig3,pre_cod_asig4,pre_cod_asig5,pre_cod_asig6,pre_cod_asig7 FROM tblaca009 WHERE pensum='5' AND c_uni_ca='3' AND c_asigna='311826' [1][0] OK
C:[12/11/2018 11:26:10.24][172.16.4.163][1365] SELECT c_asigna FROM dace004 WHERE exp_e='13-26362355' AND c_asigna='311799' AND status IN ('0','3','B') [1][0] OK
C:[12/11/2018 11:26:10.24][172.16.4.163][1352] SELECT pre_cod_asig1,pre_cod_asig2,pre_cod_asig3,pre_cod_asig4,pre_cod_asig5,pre_cod_asig6,pre_cod_asig7 FROM tblaca009 WHERE pensum='5' AND c_uni_ca='3' AND c_asigna='311827' [1][0] OK
C:[12/11/2018 11:26:10.24][172.16.4.163][1365] SELECT c_asigna FROM dace004 WHERE exp_e='13-26362355' AND c_asigna='311704' AND status IN ('0','3','B') [1][0] OK
C:[12/11/2018 11:26:10.24][172.16.4.163][1352] SELECT pre_cod_asig1,pre_cod_asig2,pre_cod_asig3,pre_cod_asig4,pre_cod_asig5,pre_cod_asig6,pre_cod_asig7 FROM tblaca009 WHERE pensum='5' AND c_uni_ca='3' AND c_asigna='300956' [1][0] OK
C:[12/11/2018 11:26:10.24][172.16.4.163][1365] SELECT c_asigna FROM dace004 WHERE exp_e='13-26362355' AND c_asigna='300422' AND status IN ('0','3','B') [1][0] OK
C:[12/11/2018 11:26:10.24][172.16.4.163][1365] SELECT c_asigna FROM dace004 WHERE exp_e='13-26362355' AND c_asigna='300105' AND status IN ('0','3','B') [1][0] OK
C:[12/11/2018 11:26:10.24][172.16.4.163][1365] SELECT c_asigna FROM dace004 WHERE exp_e='13-26362355' AND c_asigna='300314' AND status IN ('0','3','B') [1][0] OK
C:[12/11/2018 11:26:10.24][172.16.4.163][1352] SELECT pre_cod_asig1,pre_cod_asig2,pre_cod_asig3,pre_cod_asig4,pre_cod_asig5,pre_cod_asig6,pre_cod_asig7 FROM tblaca009 WHERE pensum='5' AND c_uni_ca='3' AND c_asigna='300890' [1][0] OK
C:[12/11/2018 11:26:10.24][172.16.4.163][1352] SELECT pre_cod_asig1,pre_cod_asig2,pre_cod_asig3,pre_cod_asig4,pre_cod_asig5,pre_cod_asig6,pre_cod_asig7 FROM tblaca009 WHERE pensum='5' AND c_uni_ca='3' AND c_asigna='311091' [1][0] OK
C:[12/11/2018 11:26:10.24][172.16.4.163][1365] SELECT c_asigna FROM dace004 WHERE exp_e='13-26362355' AND c_asigna='311825' AND status IN ('0','3','B') [1][0] OK
C:[12/11/2018 11:26:10.24][172.16.4.163][1352] SELECT pre_cod_asig1,pre_cod_asig2,pre_cod_asig3,pre_cod_asig4,pre_cod_asig5,pre_cod_asig6,pre_cod_asig7 FROM tblaca009 WHERE pensum='5' AND c_uni_ca='3' AND c_asigna='311094' [1][0] OK
C:[12/11/2018 11:26:10.24][172.16.4.163][1365] SELECT c_asigna FROM dace004 WHERE exp_e='13-26362355' AND c_asigna='311822' AND status IN ('0','3','B') [1][0] OK
C:[12/11/2018 11:26:10.24][172.16.4.163][1365] SELECT c_asigna FROM dace004 WHERE exp_e='13-26362355' AND c_asigna='311823' AND status IN ('0','3','B') [1][0] OK
C:[12/11/2018 11:26:11.01][172.16.4.163][1396] SELECT par_cod_asig1,par_cod_asig2,par_cod_asig3 FROM tblaca009 WHERE pensum='5' AND c_uni_ca='3' AND c_asigna='311824' [1][0] OK
C:[12/11/2018 11:26:11.01][172.16.4.163][1396] SELECT par_cod_asig1,par_cod_asig2,par_cod_asig3 FROM tblaca009 WHERE pensum='5' AND c_uni_ca='3' AND c_asigna='311826' [1][0] OK
C:[12/11/2018 11:26:11.01][172.16.4.163][1396] SELECT par_cod_asig1,par_cod_asig2,par_cod_asig3 FROM tblaca009 WHERE pensum='5' AND c_uni_ca='3' AND c_asigna='311827' [1][0] OK
C:[12/11/2018 11:26:11.01][172.16.4.163][1396] SELECT par_cod_asig1,par_cod_asig2,par_cod_asig3 FROM tblaca009 WHERE pensum='5' AND c_uni_ca='3' AND c_asigna='300956' [1][0] OK
C:[12/11/2018 11:26:11.01][172.16.4.163][1396] SELECT par_cod_asig1,par_cod_asig2,par_cod_asig3 FROM tblaca009 WHERE pensum='5' AND c_uni_ca='3' AND c_asigna='300890' [1][0] OK
C:[12/11/2018 11:26:11.01][172.16.4.163][1396] SELECT par_cod_asig1,par_cod_asig2,par_cod_asig3 FROM tblaca009 WHERE pensum='5' AND c_uni_ca='3' AND c_asigna='311091' [1][0] OK
C:[12/11/2018 11:26:11.01][172.16.4.163][1396] SELECT par_cod_asig1,par_cod_asig2,par_cod_asig3 FROM tblaca009 WHERE pensum='5' AND c_uni_ca='3' AND c_asigna='311094' [1][0] OK
C:[12/11/2018 11:26:11.91][172.16.4.163][1526] SELECT horas_lab FROM tblaca008 WHERE c_asigna='311824' AND horas_teoricas > 0 [1][0] OK
C:[12/11/2018 11:26:11.91][172.16.4.163][1526] SELECT horas_lab FROM tblaca008 WHERE c_asigna='311826' AND horas_teoricas > 0 [1][0] OK
C:[12/11/2018 11:26:11.91][172.16.4.163][1526] SELECT horas_lab FROM tblaca008 WHERE c_asigna='311827' AND horas_teoricas > 0 [1][0] OK
C:[12/11/2018 11:26:11.91][172.16.4.163][1526] SELECT horas_lab FROM tblaca008 WHERE c_asigna='300956' AND horas_teoricas > 0 [1][0] OK
C:[12/11/2018 11:26:11.91][172.16.4.163][1526] SELECT horas_lab FROM tblaca008 WHERE c_asigna='300890' AND horas_teoricas > 0 [1][0] OK
C:[12/11/2018 11:26:11.91][172.16.4.163][1526] SELECT horas_lab FROM tblaca008 WHERE c_asigna='311091' AND horas_teoricas > 0 [1][0] OK
C:[12/11/2018 11:26:11.91][172.16.4.163][1526] SELECT horas_lab FROM tblaca008 WHERE c_asigna='311094' AND horas_teoricas > 0 [1][0] OK
C:[12/11/2018 11:27:01.77][172.17.119.105][1352] SELECT pre_cod_asig1,pre_cod_asig2,pre_cod_asig3,pre_cod_asig4,pre_cod_asig5,pre_cod_asig6,pre_cod_asig7 FROM tblaca009 WHERE pensum='5' AND c_uni_ca='6' AND c_asigna='300013' [1][0] OK
C:[12/11/2018 11:27:01.77][172.17.119.105][1352] SELECT pre_cod_asig1,pre_cod_asig2,pre_cod_asig3,pre_cod_asig4,pre_cod_asig5,pre_cod_asig6,pre_cod_asig7 FROM tblaca009 WHERE pensum='5' AND c_uni_ca='6' AND c_asigna='300113' [1][0] OK
C:[12/11/2018 11:27:01.77][172.17.119.105][1352] SELECT pre_cod_asig1,pre_cod_asig2,pre_cod_asig3,pre_cod_asig4,pre_cod_asig5,pre_cod_asig6,pre_cod_asig7 FROM tblaca009 WHERE pensum='5' AND c_uni_ca='6' AND c_asigna='300116' [1][0] OK
C:[12/11/2018 11:27:01.77][172.17.119.105][1352] SELECT pre_cod_asig1,pre_cod_asig2,pre_cod_asig3,pre_cod_asig4,pre_cod_asig5,pre_cod_asig6,pre_cod_asig7 FROM tblaca009 WHERE pensum='5' AND c_uni_ca='6' AND c_asigna='300209' [1][0] OK
C:[12/11/2018 11:27:01.77][172.17.119.105][1365] SELECT c_asigna FROM dace004 WHERE exp_e='18-28161205' AND c_asigna='300101' AND status IN ('0','3','B') [1][0] OK
C:[12/11/2018 11:27:01.77][172.17.119.105][1352] SELECT pre_cod_asig1,pre_cod_asig2,pre_cod_asig3,pre_cod_asig4,pre_cod_asig5,pre_cod_asig6,pre_cod_asig7 FROM tblaca009 WHERE pensum='5' AND c_uni_ca='6' AND c_asigna='300314' [1][0] OK
C:[12/11/2018 11:27:01.77][172.17.119.105][1365] SELECT c_asigna FROM dace004 WHERE exp_e='18-28161205' AND c_asigna='300106' AND status IN ('0','3','B') [1][0] OK
C:[12/11/2018 11:27:01.64][172.17.119.105][1396] SELECT par_cod_asig1,par_cod_asig2,par_cod_asig3 FROM tblaca009 WHERE pensum='5' AND c_uni_ca='6' AND c_asigna='300013' [1][0] OK
C:[12/11/2018 11:27:01.64][172.17.119.105][1396] SELECT par_cod_asig1,par_cod_asig2,par_cod_asig3 FROM tblaca009 WHERE pensum='5' AND c_uni_ca='6' AND c_asigna='300113' [1][0] OK
C:[12/11/2018 11:27:01.64][172.17.119.105][1410] SELECT c_asigna FROM dace004 WHERE exp_e='18-28161205' AND c_asigna='300013' AND status IN ('0','3','B','C') [0][0] OK
C:[12/11/2018 11:27:01.64][172.17.119.105][1396] SELECT par_cod_asig1,par_cod_asig2,par_cod_asig3 FROM tblaca009 WHERE pensum='5' AND c_uni_ca='6' AND c_asigna='300116' [1][0] OK
C:[12/11/2018 11:27:01.64][172.17.119.105][1396] SELECT par_cod_asig1,par_cod_asig2,par_cod_asig3 FROM tblaca009 WHERE pensum='5' AND c_uni_ca='6' AND c_asigna='300209' [1][0] OK
C:[12/11/2018 11:27:01.64][172.17.119.105][1396] SELECT par_cod_asig1,par_cod_asig2,par_cod_asig3 FROM tblaca009 WHERE pensum='5' AND c_uni_ca='6' AND c_asigna='300314' [1][0] OK
C:[12/11/2018 11:27:01.42][172.17.119.105][1526] SELECT horas_lab FROM tblaca008 WHERE c_asigna='300013' AND horas_teoricas > 0 [1][0] OK
C:[12/11/2018 11:27:01.42][172.17.119.105][1526] SELECT horas_lab FROM tblaca008 WHERE c_asigna='300113' AND horas_teoricas > 0 [0][0] OK
C:[12/11/2018 11:27:01.42][172.17.119.105][1526] SELECT horas_lab FROM tblaca008 WHERE c_asigna='300116' AND horas_teoricas > 0 [1][0] OK
C:[12/11/2018 11:27:01.42][172.17.119.105][1526] SELECT horas_lab FROM tblaca008 WHERE c_asigna='300209' AND horas_teoricas > 0 [1][0] OK
C:[12/11/2018 11:32:07.55][172.17.119.105][1352] SELECT pre_cod_asig1,pre_cod_asig2,pre_cod_asig3,pre_cod_asig4,pre_cod_asig5,pre_cod_asig6,pre_cod_asig7 FROM tblaca009 WHERE pensum='5' AND c_uni_ca='2' AND c_asigna='300013' [1][0] OK
C:[12/11/2018 11:32:07.55][172.17.119.105][1352] SELECT pre_cod_asig1,pre_cod_asig2,pre_cod_asig3,pre_cod_asig4,pre_cod_asig5,pre_cod_asig6,pre_cod_asig7 FROM tblaca009 WHERE pensum='5' AND c_uni_ca='2' AND c_asigna='300112' [1][0] OK
C:[12/11/2018 11:32:07.55][172.17.119.105][1352] SELECT pre_cod_asig1,pre_cod_asig2,pre_cod_asig3,pre_cod_asig4,pre_cod_asig5,pre_cod_asig6,pre_cod_asig7 FROM tblaca009 WHERE pensum='5' AND c_uni_ca='2' AND c_asigna='300116' [1][0] OK
C:[12/11/2018 11:32:07.55][172.17.119.105][1352] SELECT pre_cod_asig1,pre_cod_asig2,pre_cod_asig3,pre_cod_asig4,pre_cod_asig5,pre_cod_asig6,pre_cod_asig7 FROM tblaca009 WHERE pensum='5' AND c_uni_ca='2' AND c_asigna='300207' [1][0] OK
C:[12/11/2018 11:32:07.55][172.17.119.105][1365] SELECT c_asigna FROM dace004 WHERE exp_e='18-27923348' AND c_asigna='300101' AND status IN ('0','3','B') [1][0] OK
C:[12/11/2018 11:32:07.18][172.17.119.105][1396] SELECT par_cod_asig1,par_cod_asig2,par_cod_asig3 FROM tblaca009 WHERE pensum='5' AND c_uni_ca='2' AND c_asigna='300013' [1][0] OK
C:[12/11/2018 11:32:07.18][172.17.119.105][1396] SELECT par_cod_asig1,par_cod_asig2,par_cod_asig3 FROM tblaca009 WHERE pensum='5' AND c_uni_ca='2' AND c_asigna='300112' [1][0] OK
C:[12/11/2018 11:32:07.18][172.17.119.105][1396] SELECT par_cod_asig1,par_cod_asig2,par_cod_asig3 FROM tblaca009 WHERE pensum='5' AND c_uni_ca='2' AND c_asigna='300116' [1][0] OK
C:[12/11/2018 11:32:07.18][172.17.119.105][1396] SELECT par_cod_asig1,par_cod_asig2,par_cod_asig3 FROM tblaca009 WHERE pensum='5' AND c_uni_ca='2' AND c_asigna='300207' [1][0] OK
C:[12/11/2018 11:32:07.91][172.17.119.105][1526] SELECT horas_lab FROM tblaca008 WHERE c_asigna='300013' AND horas_teoricas > 0 [1][0] OK
C:[12/11/2018 11:32:07.91][172.17.119.105][1526] SELECT horas_lab FROM tblaca008 WHERE c_asigna='300112' AND horas_teoricas > 0 [1][0] OK
C:[12/11/2018 11:32:07.91][172.17.119.105][1526] SELECT horas_lab FROM tblaca008 WHERE c_asigna='300116' AND horas_teoricas > 0 [1][0] OK
C:[12/11/2018 11:32:07.91][172.17.119.105][1526] SELECT horas_lab FROM tblaca008 WHERE c_asigna='300207' AND horas_teoricas > 0 [1][0] OK
C:[12/11/2018 12:13:43.20][172.17.138.177][1352] SELECT pre_cod_asig1,pre_cod_asig2,pre_cod_asig3,pre_cod_asig4,pre_cod_asig5,pre_cod_asig6,pre_cod_asig7 FROM tblaca009 WHERE pensum='5' AND c_uni_ca='5' AND c_asigna='300213' [1][0] OK
C:[12/11/2018 12:13:43.20][172.17.138.177][1365] SELECT c_asigna FROM dace004 WHERE exp_e='18-27765250' AND c_asigna='300101' AND status IN ('0','3','B') [1][0] OK
C:[12/11/2018 12:13:43.20][172.17.138.177][1352] SELECT pre_cod_asig1,pre_cod_asig2,pre_cod_asig3,pre_cod_asig4,pre_cod_asig5,pre_cod_asig6,pre_cod_asig7 FROM tblaca009 WHERE pensum='5' AND c_uni_ca='5' AND c_asigna='300218' [1][0] OK
C:[12/11/2018 12:13:43.20][172.17.138.177][1365] SELECT c_asigna FROM dace004 WHERE exp_e='18-27765250' AND c_asigna='300101' AND status IN ('0','3','B') [1][0] OK
C:[12/11/2018 12:13:43.20][172.17.138.177][1352] SELECT pre_cod_asig1,pre_cod_asig2,pre_cod_asig3,pre_cod_asig4,pre_cod_asig5,pre_cod_asig6,pre_cod_asig7 FROM tblaca009 WHERE pensum='5' AND c_uni_ca='5' AND c_asigna='300222' [1][0] OK
C:[12/11/2018 12:13:43.20][172.17.138.177][1365] SELECT c_asigna FROM dace004 WHERE exp_e='18-27765250' AND c_asigna='300112' AND status IN ('0','3','B') [1][0] OK
C:[12/11/2018 12:13:43.20][172.17.138.177][1352] SELECT pre_cod_asig1,pre_cod_asig2,pre_cod_asig3,pre_cod_asig4,pre_cod_asig5,pre_cod_asig6,pre_cod_asig7 FROM tblaca009 WHERE pensum='5' AND c_uni_ca='5' AND c_asigna='300226' [1][0] OK
C:[12/11/2018 12:13:43.20][172.17.138.177][1365] SELECT c_asigna FROM dace004 WHERE exp_e='18-27765250' AND c_asigna='300116' AND status IN ('0','3','B') [1][0] OK
C:[12/11/2018 12:13:43.20][172.17.138.177][1352] SELECT pre_cod_asig1,pre_cod_asig2,pre_cod_asig3,pre_cod_asig4,pre_cod_asig5,pre_cod_asig6,pre_cod_asig7 FROM tblaca009 WHERE pensum='5' AND c_uni_ca='5' AND c_asigna='300228' [1][0] OK
C:[12/11/2018 12:13:43.20][172.17.138.177][1365] SELECT c_asigna FROM dace004 WHERE exp_e='18-27765250' AND c_asigna='300101' AND status IN ('0','3','B') [1][0] OK
C:[12/11/2018 12:13:43.20][172.17.138.177][1352] SELECT pre_cod_asig1,pre_cod_asig2,pre_cod_asig3,pre_cod_asig4,pre_cod_asig5,pre_cod_asig6,pre_cod_asig7 FROM tblaca009 WHERE pensum='5' AND c_uni_ca='5' AND c_asigna='300314' [1][0] OK
C:[12/11/2018 12:13:43.20][172.17.138.177][1365] SELECT c_asigna FROM dace004 WHERE exp_e='18-27765250' AND c_asigna='300106' AND status IN ('0','3','B') [1][0] OK
C:[12/11/2018 12:13:43.20][172.17.138.177][1352] SELECT pre_cod_asig1,pre_cod_asig2,pre_cod_asig3,pre_cod_asig4,pre_cod_asig5,pre_cod_asig6,pre_cod_asig7 FROM tblaca009 WHERE pensum='5' AND c_uni_ca='5' AND c_asigna='300428' [1][0] OK
C:[12/11/2018 12:13:43.20][172.17.138.177][1365] SELECT c_asigna FROM dace004 WHERE exp_e='18-27765250' AND c_asigna='300317' AND status IN ('0','3','B') [1][0] OK
C:[12/11/2018 12:13:43.20][172.17.138.177][1365] SELECT c_asigna FROM dace004 WHERE exp_e='18-27765250' AND c_asigna='300209' AND status IN ('0','3','B') [1][0] OK
C:[12/11/2018 12:13:43.75][172.17.138.177][1396] SELECT par_cod_asig1,par_cod_asig2,par_cod_asig3 FROM tblaca009 WHERE pensum='5' AND c_uni_ca='5' AND c_asigna='300213' [1][0] OK
C:[12/11/2018 12:13:43.75][172.17.138.177][1410] SELECT c_asigna FROM dace004 WHERE exp_e='18-27765250' AND c_asigna='300209' AND status IN ('0','3','B','C') [1][0] OK
C:[12/11/2018 12:13:43.75][172.17.138.177][1396] SELECT par_cod_asig1,par_cod_asig2,par_cod_asig3 FROM tblaca009 WHERE pensum='5' AND c_uni_ca='5' AND c_asigna='300218' [1][0] OK
C:[12/11/2018 12:13:43.75][172.17.138.177][1410] SELECT c_asigna FROM dace004 WHERE exp_e='18-27765250' AND c_asigna='300228' AND status IN ('0','3','B','C') [0][0] OK
C:[12/11/2018 12:13:43.75][172.17.138.177][1396] SELECT par_cod_asig1,par_cod_asig2,par_cod_asig3 FROM tblaca009 WHERE pensum='5' AND c_uni_ca='5' AND c_asigna='300222' [1][0] OK
C:[12/11/2018 12:13:43.75][172.17.138.177][1396] SELECT par_cod_asig1,par_cod_asig2,par_cod_asig3 FROM tblaca009 WHERE pensum='5' AND c_uni_ca='5' AND c_asigna='300226' [1][0] OK
C:[12/11/2018 12:13:43.75][172.17.138.177][1396] SELECT par_cod_asig1,par_cod_asig2,par_cod_asig3 FROM tblaca009 WHERE pensum='5' AND c_uni_ca='5' AND c_asigna='300228' [1][0] OK
C:[12/11/2018 12:13:43.75][172.17.138.177][1396] SELECT par_cod_asig1,par_cod_asig2,par_cod_asig3 FROM tblaca009 WHERE pensum='5' AND c_uni_ca='5' AND c_asigna='300314' [1][0] OK
C:[12/11/2018 12:13:43.75][172.17.138.177][1396] SELECT par_cod_asig1,par_cod_asig2,par_cod_asig3 FROM tblaca009 WHERE pensum='5' AND c_uni_ca='5' AND c_asigna='300428' [1][0] OK
C:[12/11/2018 12:13:44.93][172.17.138.177][1526] SELECT horas_lab FROM tblaca008 WHERE c_asigna='300213' AND horas_teoricas > 0 [1][0] OK
C:[12/11/2018 12:13:44.93][172.17.138.177][1526] SELECT horas_lab FROM tblaca008 WHERE c_asigna='300218' AND horas_teoricas > 0 [0][0] OK
C:[12/11/2018 12:13:44.93][172.17.138.177][1526] SELECT horas_lab FROM tblaca008 WHERE c_asigna='300222' AND horas_teoricas > 0 [1][0] OK
C:[12/11/2018 12:13:44.93][172.17.138.177][1526] SELECT horas_lab FROM tblaca008 WHERE c_asigna='300226' AND horas_teoricas > 0 [1][0] OK
C:[12/11/2018 12:13:44.93][172.17.138.177][1526] SELECT horas_lab FROM tblaca008 WHERE c_asigna='300228' AND horas_teoricas > 0 [1][0] OK
C:[12/11/2018 12:13:44.93][172.17.138.177][1526] SELECT horas_lab FROM tblaca008 WHERE c_asigna='300314' AND horas_teoricas > 0 [0][0] OK
C:[12/11/2018 12:13:44.93][172.17.138.177][1526] SELECT horas_lab FROM tblaca008 WHERE c_asigna='300428' AND horas_teoricas > 0 [1][0] OK
C:[12/11/2018 12:22:41.47][172.16.4.163][1352] SELECT pre_cod_asig1,pre_cod_asig2,pre_cod_asig3,pre_cod_asig4,pre_cod_asig5,pre_cod_asig6,pre_cod_asig7 FROM tblaca009 WHERE pensum='5' AND c_uni_ca='4' AND c_asigna='333563' [1][0] OK
C:[12/11/2018 12:22:41.47][172.16.4.163][1365] SELECT c_asigna FROM dace004 WHERE exp_e='14-26649386' AND c_asigna='333440' AND status IN ('0','3','B') [1][0] OK
C:[12/11/2018 12:22:41.47][172.16.4.163][1365] SELECT c_asigna FROM dace004 WHERE exp_e='14-26649386' AND c_asigna='333442' AND status IN ('0','3','B') [1][0] OK
C:[12/11/2018 12:22:41.47][172.16.4.163][1365] SELECT c_asigna FROM dace004 WHERE exp_e='14-26649386' AND c_asigna='300209' AND status IN ('0','3','B') [1][0] OK
C:[12/11/2018 12:22:41.47][172.16.4.163][1365] SELECT c_asigna FROM dace004 WHERE exp_e='14-26649386' AND c_asigna='330310' AND status IN ('0','3','B') [1][0] OK
C:[12/11/2018 12:22:41.47][172.16.4.163][1365] SELECT c_asigna FROM dace004 WHERE exp_e='14-26649386' AND c_asigna='300317' AND status IN ('0','3','B') [1][0] OK
C:[12/11/2018 12:22:41.47][172.16.4.163][1365] SELECT c_asigna FROM dace004 WHERE exp_e='14-26649386' AND c_asigna='333326' AND status IN ('0','3','B') [1][0] OK
C:[12/11/2018 12:22:41.47][172.16.4.163][1352] SELECT pre_cod_asig1,pre_cod_asig2,pre_cod_asig3,pre_cod_asig4,pre_cod_asig5,pre_cod_asig6,pre_cod_asig7 FROM tblaca009 WHERE pensum='5' AND c_uni_ca='4' AND c_asigna='300677' [1][0] OK
C:[12/11/2018 12:22:41.47][172.16.4.163][1352] SELECT pre_cod_asig1,pre_cod_asig2,pre_cod_asig3,pre_cod_asig4,pre_cod_asig5,pre_cod_asig6,pre_cod_asig7 FROM tblaca009 WHERE pensum='5' AND c_uni_ca='4' AND c_asigna='332604' [1][0] OK
C:[12/11/2018 12:22:41.47][172.16.4.163][1365] SELECT c_asigna FROM dace004 WHERE exp_e='14-26649386' AND c_asigna='332558' AND status IN ('0','3','B') [1][0] OK
C:[12/11/2018 12:22:41.47][172.16.4.163][1352] SELECT pre_cod_asig1,pre_cod_asig2,pre_cod_asig3,pre_cod_asig4,pre_cod_asig5,pre_cod_asig6,pre_cod_asig7 FROM tblaca009 WHERE pensum='5' AND c_uni_ca='4' AND c_asigna='333606' [1][0] OK
C:[12/11/2018 12:22:41.47][172.16.4.163][1365] SELECT c_asigna FROM dace004 WHERE exp_e='14-26649386' AND c_asigna='333584' AND status IN ('0','3','B') [1][0] OK
C:[12/11/2018 12:22:41.47][172.16.4.163][1352] SELECT pre_cod_asig1,pre_cod_asig2,pre_cod_asig3,pre_cod_asig4,pre_cod_asig5,pre_cod_asig6,pre_cod_asig7 FROM tblaca009 WHERE pensum='5' AND c_uni_ca='4' AND c_asigna='333611' [1][0] OK
C:[12/11/2018 12:22:41.47][172.16.4.163][1365] SELECT c_asigna FROM dace004 WHERE exp_e='14-26649386' AND c_asigna='333584' AND status IN ('0','3','B') [1][0] OK
C:[12/11/2018 12:22:41.47][172.16.4.163][1352] SELECT pre_cod_asig1,pre_cod_asig2,pre_cod_asig3,pre_cod_asig4,pre_cod_asig5,pre_cod_asig6,pre_cod_asig7 FROM tblaca009 WHERE pensum='5' AND c_uni_ca='4' AND c_asigna='333639' [1][0] OK
C:[12/11/2018 12:22:41.47][172.16.4.163][1365] SELECT c_asigna FROM dace004 WHERE exp_e='14-26649386' AND c_asigna='333585' AND status IN ('0','3','B') [1][0] OK
C:[12/11/2018 12:22:41.47][172.16.4.163][1352] SELECT pre_cod_asig1,pre_cod_asig2,pre_cod_asig3,pre_cod_asig4,pre_cod_asig5,pre_cod_asig6,pre_cod_asig7 FROM tblaca009 WHERE pensum='5' AND c_uni_ca='4' AND c_asigna='333683' [1][0] OK
C:[12/11/2018 12:22:41.47][172.16.4.163][1365] SELECT c_asigna FROM dace004 WHERE exp_e='14-26649386' AND c_asigna='333564' AND status IN ('0','3','B') [1][0] OK
C:[12/11/2018 12:22:41.84][172.16.4.163][1396] SELECT par_cod_asig1,par_cod_asig2,par_cod_asig3 FROM tblaca009 WHERE pensum='5' AND c_uni_ca='4' AND c_asigna='333563' [1][0] OK
C:[12/11/2018 12:22:41.84][172.16.4.163][1396] SELECT par_cod_asig1,par_cod_asig2,par_cod_asig3 FROM tblaca009 WHERE pensum='5' AND c_uni_ca='4' AND c_asigna='300677' [1][0] OK
C:[12/11/2018 12:22:41.84][172.16.4.163][1396] SELECT par_cod_asig1,par_cod_asig2,par_cod_asig3 FROM tblaca009 WHERE pensum='5' AND c_uni_ca='4' AND c_asigna='332604' [1][0] OK
C:[12/11/2018 12:22:41.84][172.16.4.163][1396] SELECT par_cod_asig1,par_cod_asig2,par_cod_asig3 FROM tblaca009 WHERE pensum='5' AND c_uni_ca='4' AND c_asigna='333606' [1][0] OK
C:[12/11/2018 12:22:41.84][172.16.4.163][1396] SELECT par_cod_asig1,par_cod_asig2,par_cod_asig3 FROM tblaca009 WHERE pensum='5' AND c_uni_ca='4' AND c_asigna='333611' [1][0] OK
C:[12/11/2018 12:22:41.84][172.16.4.163][1396] SELECT par_cod_asig1,par_cod_asig2,par_cod_asig3 FROM tblaca009 WHERE pensum='5' AND c_uni_ca='4' AND c_asigna='333639' [1][0] OK
C:[12/11/2018 12:22:41.84][172.16.4.163][1396] SELECT par_cod_asig1,par_cod_asig2,par_cod_asig3 FROM tblaca009 WHERE pensum='5' AND c_uni_ca='4' AND c_asigna='333683' [1][0] OK
C:[12/11/2018 12:22:42.77][172.16.4.163][1526] SELECT horas_lab FROM tblaca008 WHERE c_asigna='333563' AND horas_teoricas > 0 [1][0] OK
C:[12/11/2018 12:22:42.77][172.16.4.163][1526] SELECT horas_lab FROM tblaca008 WHERE c_asigna='300677' AND horas_teoricas > 0 [1][0] OK
C:[12/11/2018 12:22:42.77][172.16.4.163][1526] SELECT horas_lab FROM tblaca008 WHERE c_asigna='332604' AND horas_teoricas > 0 [1][0] OK
C:[12/11/2018 12:22:42.77][172.16.4.163][1526] SELECT horas_lab FROM tblaca008 WHERE c_asigna='333606' AND horas_teoricas > 0 [1][0] OK
C:[12/11/2018 12:22:42.77][172.16.4.163][1526] SELECT horas_lab FROM tblaca008 WHERE c_asigna='333611' AND horas_teoricas > 0 [1][0] OK
C:[12/11/2018 12:22:42.77][172.16.4.163][1526] SELECT horas_lab FROM tblaca008 WHERE c_asigna='333639' AND horas_teoricas > 0 [1][0] OK
C:[12/11/2018 12:22:42.77][172.16.4.163][1526] SELECT horas_lab FROM tblaca008 WHERE c_asigna='333683' AND horas_teoricas > 0 [1][0] OK
C:[12/11/2018 12:39:38.33][172.16.5.189][1352] SELECT pre_cod_asig1,pre_cod_asig2,pre_cod_asig3,pre_cod_asig4,pre_cod_asig5,pre_cod_asig6,pre_cod_asig7 FROM tblaca009 WHERE pensum='5' AND c_uni_ca='2' AND c_asigna='300422' [1][0] OK
C:[12/11/2018 12:39:38.33][172.16.5.189][1365] SELECT c_asigna FROM dace004 WHERE exp_e='14-25002297' AND c_asigna='300105' AND status IN ('0','3','B') [1][0] OK
C:[12/11/2018 12:39:38.33][172.16.5.189][1365] SELECT c_asigna FROM dace004 WHERE exp_e='14-25002297' AND c_asigna='300314' AND status IN ('0','3','B') [1][0] OK
C:[12/11/2018 12:39:38.33][172.16.5.189][1352] SELECT pre_cod_asig1,pre_cod_asig2,pre_cod_asig3,pre_cod_asig4,pre_cod_asig5,pre_cod_asig6,pre_cod_asig7 FROM tblaca009 WHERE pensum='5' AND c_uni_ca='2' AND c_asigna='320437' [1][0] OK
C:[12/11/2018 12:39:38.33][172.16.5.189][1365] SELECT c_asigna FROM dace004 WHERE exp_e='14-25002297' AND c_asigna='300317' AND status IN ('0','3','B') [1][0] OK
C:[12/11/2018 12:39:38.33][172.16.5.189][1365] SELECT c_asigna FROM dace004 WHERE exp_e='14-25002297' AND c_asigna='300313' AND status IN ('0','3','B') [1][0] OK
C:[12/11/2018 12:39:38.33][172.16.5.189][1365] SELECT c_asigna FROM dace004 WHERE exp_e='14-25002297' AND c_asigna='300209' AND status IN ('0','3','B') [1][0] OK
C:[12/11/2018 12:39:38.33][172.16.5.189][1365] SELECT c_asigna FROM dace004 WHERE exp_e='14-25002297' AND c_asigna='300226' AND status IN ('0','3','B') [1][0] OK
C:[12/11/2018 12:39:38.33][172.16.5.189][1352] SELECT pre_cod_asig1,pre_cod_asig2,pre_cod_asig3,pre_cod_asig4,pre_cod_asig5,pre_cod_asig6,pre_cod_asig7 FROM tblaca009 WHERE pensum='5' AND c_uni_ca='2' AND c_asigna='322436' [1][0] OK
C:[12/11/2018 12:39:38.33][172.16.5.189][1365] SELECT c_asigna FROM dace004 WHERE exp_e='14-25002297' AND c_asigna='300317' AND status IN ('0','3','B') [1][0] OK
C:[12/11/2018 12:39:38.33][172.16.5.189][1365] SELECT c_asigna FROM dace004 WHERE exp_e='14-25002297' AND c_asigna='320311' AND status IN ('0','3','B') [1][0] OK
C:[12/11/2018 12:39:38.33][172.16.5.189][1352] SELECT pre_cod_asig1,pre_cod_asig2,pre_cod_asig3,pre_cod_asig4,pre_cod_asig5,pre_cod_asig6,pre_cod_asig7 FROM tblaca009 WHERE pensum='5' AND c_uni_ca='2' AND c_asigna='311561' [1][0] OK
C:[12/11/2018 12:39:38.33][172.16.5.189][1365] SELECT c_asigna FROM dace004 WHERE exp_e='14-25002297' AND c_asigna='300318' AND status IN ('0','3','B') [1][0] OK
C:[12/11/2018 12:39:38.33][172.16.5.189][1352] SELECT pre_cod_asig1,pre_cod_asig2,pre_cod_asig3,pre_cod_asig4,pre_cod_asig5,pre_cod_asig6,pre_cod_asig7 FROM tblaca009 WHERE pensum='5' AND c_uni_ca='2' AND c_asigna='322550' [1][0] OK
C:[12/11/2018 12:39:38.33][172.16.5.189][1365] SELECT c_asigna FROM dace004 WHERE exp_e='14-25002297' AND c_asigna='322433' AND status IN ('0','3','B') [1][0] OK
C:[12/11/2018 12:39:38.33][172.16.5.189][1352] SELECT pre_cod_asig1,pre_cod_asig2,pre_cod_asig3,pre_cod_asig4,pre_cod_asig5,pre_cod_asig6,pre_cod_asig7 FROM tblaca009 WHERE pensum='5' AND c_uni_ca='2' AND c_asigna='322560' [1][0] OK
C:[12/11/2018 12:39:38.33][172.16.5.189][1352] SELECT pre_cod_asig1,pre_cod_asig2,pre_cod_asig3,pre_cod_asig4,pre_cod_asig5,pre_cod_asig6,pre_cod_asig7 FROM tblaca009 WHERE pensum='5' AND c_uni_ca='2' AND c_asigna='323528' [1][0] OK
C:[12/11/2018 12:39:39.45][172.16.5.189][1396] SELECT par_cod_asig1,par_cod_asig2,par_cod_asig3 FROM tblaca009 WHERE pensum='5' AND c_uni_ca='2' AND c_asigna='300422' [1][0] OK
C:[12/11/2018 12:39:39.45][172.16.5.189][1396] SELECT par_cod_asig1,par_cod_asig2,par_cod_asig3 FROM tblaca009 WHERE pensum='5' AND c_uni_ca='2' AND c_asigna='320437' [1][0] OK
C:[12/11/2018 12:39:39.45][172.16.5.189][1396] SELECT par_cod_asig1,par_cod_asig2,par_cod_asig3 FROM tblaca009 WHERE pensum='5' AND c_uni_ca='2' AND c_asigna='322436' [1][0] OK
C:[12/11/2018 12:39:39.45][172.16.5.189][1396] SELECT par_cod_asig1,par_cod_asig2,par_cod_asig3 FROM tblaca009 WHERE pensum='5' AND c_uni_ca='2' AND c_asigna='311561' [1][0] OK
C:[12/11/2018 12:39:39.45][172.16.5.189][1396] SELECT par_cod_asig1,par_cod_asig2,par_cod_asig3 FROM tblaca009 WHERE pensum='5' AND c_uni_ca='2' AND c_asigna='322550' [1][0] OK
C:[12/11/2018 12:39:39.45][172.16.5.189][1396] SELECT par_cod_asig1,par_cod_asig2,par_cod_asig3 FROM tblaca009 WHERE pensum='5' AND c_uni_ca='2' AND c_asigna='322560' [1][0] OK
C:[12/11/2018 12:39:39.45][172.16.5.189][1410] SELECT c_asigna FROM dace004 WHERE exp_e='14-25002297' AND c_asigna='323528' AND status IN ('0','3','B','C') [0][0] OK
C:[12/11/2018 12:39:39.45][172.16.5.189][1396] SELECT par_cod_asig1,par_cod_asig2,par_cod_asig3 FROM tblaca009 WHERE pensum='5' AND c_uni_ca='2' AND c_asigna='323528' [1][0] OK
C:[12/11/2018 12:39:39.47][172.16.5.189][1526] SELECT horas_lab FROM tblaca008 WHERE c_asigna='300422' AND horas_teoricas > 0 [0][0] OK
C:[12/11/2018 12:39:39.47][172.16.5.189][1526] SELECT horas_lab FROM tblaca008 WHERE c_asigna='320437' AND horas_teoricas > 0 [1][0] OK
C:[12/11/2018 12:39:39.47][172.16.5.189][1526] SELECT horas_lab FROM tblaca008 WHERE c_asigna='322436' AND horas_teoricas > 0 [1][0] OK
C:[12/11/2018 12:39:39.47][172.16.5.189][1526] SELECT horas_lab FROM tblaca008 WHERE c_asigna='311561' AND horas_teoricas > 0 [1][0] OK
C:[12/11/2018 12:39:39.47][172.16.5.189][1526] SELECT horas_lab FROM tblaca008 WHERE c_asigna='322550' AND horas_teoricas > 0 [1][0] OK
C:[12/11/2018 12:39:39.47][172.16.5.189][1526] SELECT horas_lab FROM tblaca008 WHERE c_asigna='322560' AND horas_teoricas > 0 [1][0] OK
C:[12/11/2018 12:39:39.47][172.16.5.189][1526] SELECT horas_lab FROM tblaca008 WHERE c_asigna='323528' AND horas_teoricas > 0 [1][0] OK
C:[12/11/2018 14:00:07.84][172.17.138.177][1352] SELECT pre_cod_asig1,pre_cod_asig2,pre_cod_asig3,pre_cod_asig4,pre_cod_asig5,pre_cod_asig6,pre_cod_asig7 FROM tblaca009 WHERE pensum='5' AND c_uni_ca='5' AND c_asigna='300101' [1][0] OK
C:[12/11/2018 14:00:07.84][172.17.138.177][1352] SELECT pre_cod_asig1,pre_cod_asig2,pre_cod_asig3,pre_cod_asig4,pre_cod_asig5,pre_cod_asig6,pre_cod_asig7 FROM tblaca009 WHERE pensum='5' AND c_uni_ca='5' AND c_asigna='300222' [1][0] OK
C:[12/11/2018 14:00:07.84][172.17.138.177][1365] SELECT c_asigna FROM dace004 WHERE exp_e='18-27296593' AND c_asigna='300112' AND status IN ('0','3','B') [1][0] OK
C:[12/11/2018 14:00:07.84][172.17.138.177][1352] SELECT pre_cod_asig1,pre_cod_asig2,pre_cod_asig3,pre_cod_asig4,pre_cod_asig5,pre_cod_asig6,pre_cod_asig7 FROM tblaca009 WHERE pensum='5' AND c_uni_ca='5' AND c_asigna='300226' [1][0] OK
C:[12/11/2018 14:00:07.84][172.17.138.177][1365] SELECT c_asigna FROM dace004 WHERE exp_e='18-27296593' AND c_asigna='300116' AND status IN ('0','3','B') [1][0] OK
C:[12/11/2018 14:00:07.04][172.17.138.177][1396] SELECT par_cod_asig1,par_cod_asig2,par_cod_asig3 FROM tblaca009 WHERE pensum='5' AND c_uni_ca='5' AND c_asigna='300101' [1][0] OK
C:[12/11/2018 14:00:07.04][172.17.138.177][1396] SELECT par_cod_asig1,par_cod_asig2,par_cod_asig3 FROM tblaca009 WHERE pensum='5' AND c_uni_ca='5' AND c_asigna='300222' [1][0] OK
C:[12/11/2018 14:00:07.04][172.17.138.177][1396] SELECT par_cod_asig1,par_cod_asig2,par_cod_asig3 FROM tblaca009 WHERE pensum='5' AND c_uni_ca='5' AND c_asigna='300226' [1][0] OK
C:[12/11/2018 14:00:07.43][172.17.138.177][1526] SELECT horas_lab FROM tblaca008 WHERE c_asigna='300101' AND horas_teoricas > 0 [1][0] OK
C:[12/11/2018 14:00:07.43][172.17.138.177][1526] SELECT horas_lab FROM tblaca008 WHERE c_asigna='300222' AND horas_teoricas > 0 [1][0] OK
C:[12/11/2018 14:00:07.43][172.17.138.177][1526] SELECT horas_lab FROM tblaca008 WHERE c_asigna='300226' AND horas_teoricas > 0 [1][0] OK
C:[12/11/2018 14:04:22.98][172.17.138.177][1352] SELECT pre_cod_asig1,pre_cod_asig2,pre_cod_asig3,pre_cod_asig4,pre_cod_asig5,pre_cod_asig6,pre_cod_asig7 FROM tblaca009 WHERE pensum='5' AND c_uni_ca='5' AND c_asigna='300101' [1][0] OK
C:[12/11/2018 14:04:22.98][172.17.138.177][1352] SELECT pre_cod_asig1,pre_cod_asig2,pre_cod_asig3,pre_cod_asig4,pre_cod_asig5,pre_cod_asig6,pre_cod_asig7 FROM tblaca009 WHERE pensum='5' AND c_uni_ca='5' AND c_asigna='300222' [1][0] OK
C:[12/11/2018 14:04:22.98][172.17.138.177][1365] SELECT c_asigna FROM dace004 WHERE exp_e='18-27296593' AND c_asigna='300112' AND status IN ('0','3','B') [1][0] OK
C:[12/11/2018 14:04:22.98][172.17.138.177][1352] SELECT pre_cod_asig1,pre_cod_asig2,pre_cod_asig3,pre_cod_asig4,pre_cod_asig5,pre_cod_asig6,pre_cod_asig7 FROM tblaca009 WHERE pensum='5' AND c_uni_ca='5' AND c_asigna='300226' [1][0] OK
C:[12/11/2018 14:04:22.98][172.17.138.177][1365] SELECT c_asigna FROM dace004 WHERE exp_e='18-27296593' AND c_asigna='300116' AND status IN ('0','3','B') [1][0] OK
C:[12/11/2018 14:04:22.60][172.17.138.177][1396] SELECT par_cod_asig1,par_cod_asig2,par_cod_asig3 FROM tblaca009 WHERE pensum='5' AND c_uni_ca='5' AND c_asigna='300101' [1][0] OK
C:[12/11/2018 14:04:22.60][172.17.138.177][1396] SELECT par_cod_asig1,par_cod_asig2,par_cod_asig3 FROM tblaca009 WHERE pensum='5' AND c_uni_ca='5' AND c_asigna='300222' [1][0] OK
C:[12/11/2018 14:04:22.60][172.17.138.177][1396] SELECT par_cod_asig1,par_cod_asig2,par_cod_asig3 FROM tblaca009 WHERE pensum='5' AND c_uni_ca='5' AND c_asigna='300226' [1][0] OK
C:[12/11/2018 14:04:22.00][172.17.138.177][1526] SELECT horas_lab FROM tblaca008 WHERE c_asigna='300101' AND horas_teoricas > 0 [1][0] OK
C:[12/11/2018 14:04:22.00][172.17.138.177][1526] SELECT horas_lab FROM tblaca008 WHERE c_asigna='300222' AND horas_teoricas > 0 [1][0] OK
C:[12/11/2018 14:04:22.00][172.17.138.177][1526] SELECT horas_lab FROM tblaca008 WHERE c_asigna='300226' AND horas_teoricas > 0 [1][0] OK
C:[12/11/2018 14:46:39.50][172.17.124.63][1352] SELECT pre_cod_asig1,pre_cod_asig2,pre_cod_asig3,pre_cod_asig4,pre_cod_asig5,pre_cod_asig6,pre_cod_asig7 FROM tblaca009 WHERE pensum='5' AND c_uni_ca='4' AND c_asigna='311561' [1][0] OK
C:[12/11/2018 14:46:39.50][172.17.124.63][1365] SELECT c_asigna FROM dace004 WHERE exp_e='12-22594341' AND c_asigna='300318' AND status IN ('0','3','B') [1][0] OK
C:[12/11/2018 14:46:39.50][172.17.124.63][1352] SELECT pre_cod_asig1,pre_cod_asig2,pre_cod_asig3,pre_cod_asig4,pre_cod_asig5,pre_cod_asig6,pre_cod_asig7 FROM tblaca009 WHERE pensum='5' AND c_uni_ca='4' AND c_asigna='333611' [1][0] OK
C:[12/11/2018 14:46:39.50][172.17.124.63][1365] SELECT c_asigna FROM dace004 WHERE exp_e='12-22594341' AND c_asigna='333584' AND status IN ('0','3','B') [1][0] OK
C:[12/11/2018 14:46:39.50][172.17.124.63][1352] SELECT pre_cod_asig1,pre_cod_asig2,pre_cod_asig3,pre_cod_asig4,pre_cod_asig5,pre_cod_asig6,pre_cod_asig7 FROM tblaca009 WHERE pensum='5' AND c_uni_ca='4' AND c_asigna='333737' [1][0] OK
C:[12/11/2018 14:46:39.50][172.17.124.63][1365] SELECT c_asigna FROM dace004 WHERE exp_e='12-22594341' AND c_asigna='333683' AND status IN ('0','3','B') [1][0] OK
C:[12/11/2018 14:46:39.26][172.17.124.63][1396] SELECT par_cod_asig1,par_cod_asig2,par_cod_asig3 FROM tblaca009 WHERE pensum='5' AND c_uni_ca='4' AND c_asigna='311561' [1][0] OK
C:[12/11/2018 14:46:39.26][172.17.124.63][1396] SELECT par_cod_asig1,par_cod_asig2,par_cod_asig3 FROM tblaca009 WHERE pensum='5' AND c_uni_ca='4' AND c_asigna='333611' [1][0] OK
C:[12/11/2018 14:46:39.26][172.17.124.63][1396] SELECT par_cod_asig1,par_cod_asig2,par_cod_asig3 FROM tblaca009 WHERE pensum='5' AND c_uni_ca='4' AND c_asigna='333737' [1][0] OK
C:[12/11/2018 14:46:39.65][172.17.124.63][1526] SELECT horas_lab FROM tblaca008 WHERE c_asigna='311561' AND horas_teoricas > 0 [1][0] OK
C:[12/11/2018 14:46:39.65][172.17.124.63][1526] SELECT horas_lab FROM tblaca008 WHERE c_asigna='333611' AND horas_teoricas > 0 [1][0] OK
C:[12/11/2018 14:46:39.65][172.17.124.63][1526] SELECT horas_lab FROM tblaca008 WHERE c_asigna='333737' AND horas_teoricas > 0 [1][0] OK
C:[13/11/2018 09:37:16.75][172.16.1.127][1352] SELECT pre_cod_asig1,pre_cod_asig2,pre_cod_asig3,pre_cod_asig4,pre_cod_asig5,pre_cod_asig6,pre_cod_asig7 FROM tblaca009 WHERE pensum='5' AND c_uni_ca='3' AND c_asigna='300101' [1][0] OK
C:[13/11/2018 09:37:16.75][172.16.1.127][1352] SELECT pre_cod_asig1,pre_cod_asig2,pre_cod_asig3,pre_cod_asig4,pre_cod_asig5,pre_cod_asig6,pre_cod_asig7 FROM tblaca009 WHERE pensum='5' AND c_uni_ca='3' AND c_asigna='300105' [1][0] OK
C:[13/11/2018 09:37:16.75][172.16.1.127][1352] SELECT pre_cod_asig1,pre_cod_asig2,pre_cod_asig3,pre_cod_asig4,pre_cod_asig5,pre_cod_asig6,pre_cod_asig7 FROM tblaca009 WHERE pensum='5' AND c_uni_ca='3' AND c_asigna='300112' [1][0] OK
C:[13/11/2018 09:37:16.75][172.16.1.127][1352] SELECT pre_cod_asig1,pre_cod_asig2,pre_cod_asig3,pre_cod_asig4,pre_cod_asig5,pre_cod_asig6,pre_cod_asig7 FROM tblaca009 WHERE pensum='5' AND c_uni_ca='3' AND c_asigna='300314' [1][0] OK
C:[13/11/2018 09:37:16.75][172.16.1.127][1365] SELECT c_asigna FROM dace004 WHERE exp_e='18-27729388' AND c_asigna='300106' AND status IN ('0','3','B') [1][0] OK
C:[13/11/2018 09:37:16.45][172.16.1.127][1396] SELECT par_cod_asig1,par_cod_asig2,par_cod_asig3 FROM tblaca009 WHERE pensum='5' AND c_uni_ca='3' AND c_asigna='300101' [1][0] OK
C:[13/11/2018 09:37:16.45][172.16.1.127][1396] SELECT par_cod_asig1,par_cod_asig2,par_cod_asig3 FROM tblaca009 WHERE pensum='5' AND c_uni_ca='3' AND c_asigna='300105' [1][0] OK
C:[13/11/2018 09:37:16.45][172.16.1.127][1396] SELECT par_cod_asig1,par_cod_asig2,par_cod_asig3 FROM tblaca009 WHERE pensum='5' AND c_uni_ca='3' AND c_asigna='300112' [1][0] OK
C:[13/11/2018 09:37:16.45][172.16.1.127][1396] SELECT par_cod_asig1,par_cod_asig2,par_cod_asig3 FROM tblaca009 WHERE pensum='5' AND c_uni_ca='3' AND c_asigna='300314' [1][0] OK
C:[13/11/2018 09:37:16.91][172.16.1.127][1526] SELECT horas_lab FROM tblaca008 WHERE c_asigna='300101' AND horas_teoricas > 0 [1][0] OK
C:[13/11/2018 09:37:16.91][172.16.1.127][1526] SELECT horas_lab FROM tblaca008 WHERE c_asigna='300105' AND horas_teoricas > 0 [1][0] OK
C:[13/11/2018 09:37:16.91][172.16.1.127][1526] SELECT horas_lab FROM tblaca008 WHERE c_asigna='300112' AND horas_teoricas > 0 [1][0] OK
C:[13/11/2018 09:37:16.91][172.16.1.127][1526] SELECT horas_lab FROM tblaca008 WHERE c_asigna='300314' AND horas_teoricas > 0 [0][0] OK
C:[13/11/2018 10:08:40.90][172.17.119.113][1352] SELECT pre_cod_asig1,pre_cod_asig2,pre_cod_asig3,pre_cod_asig4,pre_cod_asig5,pre_cod_asig6,pre_cod_asig7 FROM tblaca009 WHERE pensum='5' AND c_uni_ca='2' AND c_asigna='300013' [1][0] OK
C:[13/11/2018 10:08:40.90][172.17.119.113][1352] SELECT pre_cod_asig1,pre_cod_asig2,pre_cod_asig3,pre_cod_asig4,pre_cod_asig5,pre_cod_asig6,pre_cod_asig7 FROM tblaca009 WHERE pensum='5' AND c_uni_ca='2' AND c_asigna='300113' [1][0] OK
C:[13/11/2018 10:08:40.90][172.17.119.113][1352] SELECT pre_cod_asig1,pre_cod_asig2,pre_cod_asig3,pre_cod_asig4,pre_cod_asig5,pre_cod_asig6,pre_cod_asig7 FROM tblaca009 WHERE pensum='5' AND c_uni_ca='2' AND c_asigna='300116' [1][0] OK
C:[13/11/2018 10:08:40.90][172.17.119.113][1352] SELECT pre_cod_asig1,pre_cod_asig2,pre_cod_asig3,pre_cod_asig4,pre_cod_asig5,pre_cod_asig6,pre_cod_asig7 FROM tblaca009 WHERE pensum='5' AND c_uni_ca='2' AND c_asigna='300207' [1][0] OK
C:[13/11/2018 10:08:40.90][172.17.119.113][1365] SELECT c_asigna FROM dace004 WHERE exp_e='18-27504373' AND c_asigna='300101' AND status IN ('0','3','B') [1][0] OK
C:[13/11/2018 10:08:40.90][172.17.119.113][1352] SELECT pre_cod_asig1,pre_cod_asig2,pre_cod_asig3,pre_cod_asig4,pre_cod_asig5,pre_cod_asig6,pre_cod_asig7 FROM tblaca009 WHERE pensum='5' AND c_uni_ca='2' AND c_asigna='300314' [1][0] OK
C:[13/11/2018 10:08:40.90][172.17.119.113][1365] SELECT c_asigna FROM dace004 WHERE exp_e='18-27504373' AND c_asigna='300106' AND status IN ('0','3','B') [1][0] OK
C:[13/11/2018 10:08:40.77][172.17.119.113][1396] SELECT par_cod_asig1,par_cod_asig2,par_cod_asig3 FROM tblaca009 WHERE pensum='5' AND c_uni_ca='2' AND c_asigna='300013' [1][0] OK
C:[13/11/2018 10:08:40.77][172.17.119.113][1396] SELECT par_cod_asig1,par_cod_asig2,par_cod_asig3 FROM tblaca009 WHERE pensum='5' AND c_uni_ca='2' AND c_asigna='300113' [1][0] OK
C:[13/11/2018 10:08:40.77][172.17.119.113][1410] SELECT c_asigna FROM dace004 WHERE exp_e='18-27504373' AND c_asigna='300013' AND status IN ('0','3','B','C') [0][0] OK
C:[13/11/2018 10:08:40.77][172.17.119.113][1396] SELECT par_cod_asig1,par_cod_asig2,par_cod_asig3 FROM tblaca009 WHERE pensum='5' AND c_uni_ca='2' AND c_asigna='300116' [1][0] OK
C:[13/11/2018 10:08:40.77][172.17.119.113][1396] SELECT par_cod_asig1,par_cod_asig2,par_cod_asig3 FROM tblaca009 WHERE pensum='5' AND c_uni_ca='2' AND c_asigna='300207' [1][0] OK
C:[13/11/2018 10:08:40.77][172.17.119.113][1396] SELECT par_cod_asig1,par_cod_asig2,par_cod_asig3 FROM tblaca009 WHERE pensum='5' AND c_uni_ca='2' AND c_asigna='300314' [1][0] OK
C:[13/11/2018 10:08:41.55][172.17.119.113][1526] SELECT horas_lab FROM tblaca008 WHERE c_asigna='300013' AND horas_teoricas > 0 [1][0] OK
C:[13/11/2018 10:08:41.55][172.17.119.113][1526] SELECT horas_lab FROM tblaca008 WHERE c_asigna='300113' AND horas_teoricas > 0 [0][0] OK
C:[13/11/2018 10:08:41.55][172.17.119.113][1526] SELECT horas_lab FROM tblaca008 WHERE c_asigna='300116' AND horas_teoricas > 0 [1][0] OK
C:[13/11/2018 10:08:41.55][172.17.119.113][1526] SELECT horas_lab FROM tblaca008 WHERE c_asigna='300207' AND horas_teoricas > 0 [1][0] OK
C:[13/11/2018 10:08:41.55][172.17.119.113][1526] SELECT horas_lab FROM tblaca008 WHERE c_asigna='300314' AND horas_teoricas > 0 [0][0] OK
C:[13/11/2018 10:12:23.46][172.17.119.113][1352] SELECT pre_cod_asig1,pre_cod_asig2,pre_cod_asig3,pre_cod_asig4,pre_cod_asig5,pre_cod_asig6,pre_cod_asig7 FROM tblaca009 WHERE pensum='5' AND c_uni_ca='5' AND c_asigna='300209' [1][0] OK
C:[13/11/2018 10:12:23.46][172.17.119.113][1365] SELECT c_asigna FROM dace004 WHERE exp_e='18-27975729' AND c_asigna='300101' AND status IN ('0','3','B') [1][0] OK
C:[13/11/2018 10:12:23.46][172.17.119.113][1352] SELECT pre_cod_asig1,pre_cod_asig2,pre_cod_asig3,pre_cod_asig4,pre_cod_asig5,pre_cod_asig6,pre_cod_asig7 FROM tblaca009 WHERE pensum='5' AND c_uni_ca='5' AND c_asigna='300213' [1][0] OK
C:[13/11/2018 10:12:23.46][172.17.119.113][1365] SELECT c_asigna FROM dace004 WHERE exp_e='18-27975729' AND c_asigna='300101' AND status IN ('0','3','B') [1][0] OK
C:[13/11/2018 10:12:23.46][172.17.119.113][1352] SELECT pre_cod_asig1,pre_cod_asig2,pre_cod_asig3,pre_cod_asig4,pre_cod_asig5,pre_cod_asig6,pre_cod_asig7 FROM tblaca009 WHERE pensum='5' AND c_uni_ca='5' AND c_asigna='300218' [1][0] OK
C:[13/11/2018 10:12:23.46][172.17.119.113][1365] SELECT c_asigna FROM dace004 WHERE exp_e='18-27975729' AND c_asigna='300101' AND status IN ('0','3','B') [1][0] OK
C:[13/11/2018 10:12:23.46][172.17.119.113][1352] SELECT pre_cod_asig1,pre_cod_asig2,pre_cod_asig3,pre_cod_asig4,pre_cod_asig5,pre_cod_asig6,pre_cod_asig7 FROM tblaca009 WHERE pensum='5' AND c_uni_ca='5' AND c_asigna='300228' [1][0] OK
C:[13/11/2018 10:12:23.46][172.17.119.113][1365] SELECT c_asigna FROM dace004 WHERE exp_e='18-27975729' AND c_asigna='300101' AND status IN ('0','3','B') [1][0] OK
C:[13/11/2018 10:12:23.46][172.17.119.113][1396] SELECT par_cod_asig1,par_cod_asig2,par_cod_asig3 FROM tblaca009 WHERE pensum='5' AND c_uni_ca='5' AND c_asigna='300209' [1][0] OK
C:[13/11/2018 10:12:23.46][172.17.119.113][1396] SELECT par_cod_asig1,par_cod_asig2,par_cod_asig3 FROM tblaca009 WHERE pensum='5' AND c_uni_ca='5' AND c_asigna='300213' [1][0] OK
C:[13/11/2018 10:12:23.46][172.17.119.113][1410] SELECT c_asigna FROM dace004 WHERE exp_e='18-27975729' AND c_asigna='300209' AND status IN ('0','3','B','C') [0][0] OK
C:[13/11/2018 10:12:23.46][172.17.119.113][1396] SELECT par_cod_asig1,par_cod_asig2,par_cod_asig3 FROM tblaca009 WHERE pensum='5' AND c_uni_ca='5' AND c_asigna='300218' [1][0] OK
C:[13/11/2018 10:12:23.46][172.17.119.113][1410] SELECT c_asigna FROM dace004 WHERE exp_e='18-27975729' AND c_asigna='300228' AND status IN ('0','3','B','C') [0][0] OK
C:[13/11/2018 10:12:23.46][172.17.119.113][1396] SELECT par_cod_asig1,par_cod_asig2,par_cod_asig3 FROM tblaca009 WHERE pensum='5' AND c_uni_ca='5' AND c_asigna='300228' [1][0] OK
C:[13/11/2018 10:12:24.45][172.17.119.113][1526] SELECT horas_lab FROM tblaca008 WHERE c_asigna='300209' AND horas_teoricas > 0 [1][0] OK
C:[13/11/2018 10:12:24.45][172.17.119.113][1526] SELECT horas_lab FROM tblaca008 WHERE c_asigna='300213' AND horas_teoricas > 0 [1][0] OK
C:[13/11/2018 10:12:24.45][172.17.119.113][1526] SELECT horas_lab FROM tblaca008 WHERE c_asigna='300218' AND horas_teoricas > 0 [0][0] OK
C:[13/11/2018 10:12:24.45][172.17.119.113][1526] SELECT horas_lab FROM tblaca008 WHERE c_asigna='300228' AND horas_teoricas > 0 [1][0] OK
C:[13/11/2018 10:37:12.18][172.17.138.177][1352] SELECT pre_cod_asig1,pre_cod_asig2,pre_cod_asig3,pre_cod_asig4,pre_cod_asig5,pre_cod_asig6,pre_cod_asig7 FROM tblaca009 WHERE pensum='5' AND c_uni_ca='4' AND c_asigna='300207' [1][0] OK
C:[13/11/2018 10:37:12.18][172.17.138.177][1365] SELECT c_asigna FROM dace004 WHERE exp_e='17-30357064' AND c_asigna='300101' AND status IN ('0','3','B') [1][0] OK
C:[13/11/2018 10:37:12.18][172.17.138.177][1352] SELECT pre_cod_asig1,pre_cod_asig2,pre_cod_asig3,pre_cod_asig4,pre_cod_asig5,pre_cod_asig6,pre_cod_asig7 FROM tblaca009 WHERE pensum='5' AND c_uni_ca='4' AND c_asigna='300226' [1][0] OK
C:[13/11/2018 10:37:12.18][172.17.138.177][1365] SELECT c_asigna FROM dace004 WHERE exp_e='17-30357064' AND c_asigna='300116' AND status IN ('0','3','B') [1][0] OK
C:[13/11/2018 10:37:12.18][172.17.138.177][1352] SELECT pre_cod_asig1,pre_cod_asig2,pre_cod_asig3,pre_cod_asig4,pre_cod_asig5,pre_cod_asig6,pre_cod_asig7 FROM tblaca009 WHERE pensum='5' AND c_uni_ca='4' AND c_asigna='300314' [1][0] OK
C:[13/11/2018 10:37:12.18][172.17.138.177][1365] SELECT c_asigna FROM dace004 WHERE exp_e='17-30357064' AND c_asigna='300106' AND status IN ('0','3','B') [1][0] OK
C:[13/11/2018 10:37:12.18][172.17.138.177][1352] SELECT pre_cod_asig1,pre_cod_asig2,pre_cod_asig3,pre_cod_asig4,pre_cod_asig5,pre_cod_asig6,pre_cod_asig7 FROM tblaca009 WHERE pensum='5' AND c_uni_ca='4' AND c_asigna='330310' [1][0] OK
C:[13/11/2018 10:37:12.18][172.17.138.177][1365] SELECT c_asigna FROM dace004 WHERE exp_e='17-30357064' AND c_asigna='300013' AND status IN ('0','3','B') [1][0] OK
C:[13/11/2018 10:37:12.18][172.17.138.177][1365] SELECT c_asigna FROM dace004 WHERE exp_e='17-30357064' AND c_asigna='300113' AND status IN ('0','3','B') [1][0] OK
C:[13/11/2018 10:37:12.18][172.17.138.177][1352] SELECT pre_cod_asig1,pre_cod_asig2,pre_cod_asig3,pre_cod_asig4,pre_cod_asig5,pre_cod_asig6,pre_cod_asig7 FROM tblaca009 WHERE pensum='5' AND c_uni_ca='4' AND c_asigna='333326' [1][0] OK
C:[13/11/2018 10:37:12.99][172.17.138.177][1396] SELECT par_cod_asig1,par_cod_asig2,par_cod_asig3 FROM tblaca009 WHERE pensum='5' AND c_uni_ca='4' AND c_asigna='300207' [1][0] OK
C:[13/11/2018 10:37:12.99][172.17.138.177][1396] SELECT par_cod_asig1,par_cod_asig2,par_cod_asig3 FROM tblaca009 WHERE pensum='5' AND c_uni_ca='4' AND c_asigna='300226' [1][0] OK
C:[13/11/2018 10:37:12.99][172.17.138.177][1396] SELECT par_cod_asig1,par_cod_asig2,par_cod_asig3 FROM tblaca009 WHERE pensum='5' AND c_uni_ca='4' AND c_asigna='300314' [1][0] OK
C:[13/11/2018 10:37:12.99][172.17.138.177][1396] SELECT par_cod_asig1,par_cod_asig2,par_cod_asig3 FROM tblaca009 WHERE pensum='5' AND c_uni_ca='4' AND c_asigna='330310' [1][0] OK
C:[13/11/2018 10:37:12.99][172.17.138.177][1396] SELECT par_cod_asig1,par_cod_asig2,par_cod_asig3 FROM tblaca009 WHERE pensum='5' AND c_uni_ca='4' AND c_asigna='333326' [1][0] OK
C:[13/11/2018 10:37:13.64][172.17.138.177][1526] SELECT horas_lab FROM tblaca008 WHERE c_asigna='300207' AND horas_teoricas > 0 [1][0] OK
C:[13/11/2018 10:37:13.64][172.17.138.177][1526] SELECT horas_lab FROM tblaca008 WHERE c_asigna='300226' AND horas_teoricas > 0 [1][0] OK
C:[13/11/2018 10:37:13.64][172.17.138.177][1526] SELECT horas_lab FROM tblaca008 WHERE c_asigna='300314' AND horas_teoricas > 0 [0][0] OK
C:[13/11/2018 10:37:13.64][172.17.138.177][1526] SELECT horas_lab FROM tblaca008 WHERE c_asigna='330310' AND horas_teoricas > 0 [1][0] OK
C:[13/11/2018 10:37:13.64][172.17.138.177][1526] SELECT horas_lab FROM tblaca008 WHERE c_asigna='333326' AND horas_teoricas > 0 [1][0] OK
C:[13/11/2018 11:07:33.67][172.17.119.113][1352] SELECT pre_cod_asig1,pre_cod_asig2,pre_cod_asig3,pre_cod_asig4,pre_cod_asig5,pre_cod_asig6,pre_cod_asig7 FROM tblaca009 WHERE pensum='5' AND c_uni_ca='6' AND c_asigna='300013' [1][0] OK
C:[13/11/2018 11:07:33.67][172.17.119.113][1352] SELECT pre_cod_asig1,pre_cod_asig2,pre_cod_asig3,pre_cod_asig4,pre_cod_asig5,pre_cod_asig6,pre_cod_asig7 FROM tblaca009 WHERE pensum='5' AND c_uni_ca='6' AND c_asigna='300112' [1][0] OK
C:[13/11/2018 11:07:33.67][172.17.119.113][1352] SELECT pre_cod_asig1,pre_cod_asig2,pre_cod_asig3,pre_cod_asig4,pre_cod_asig5,pre_cod_asig6,pre_cod_asig7 FROM tblaca009 WHERE pensum='5' AND c_uni_ca='6' AND c_asigna='300113' [1][0] OK
C:[13/11/2018 11:07:33.67][172.17.119.113][1352] SELECT pre_cod_asig1,pre_cod_asig2,pre_cod_asig3,pre_cod_asig4,pre_cod_asig5,pre_cod_asig6,pre_cod_asig7 FROM tblaca009 WHERE pensum='5' AND c_uni_ca='6' AND c_asigna='300116' [1][0] OK
C:[13/11/2018 11:07:33.17][172.17.119.113][1396] SELECT par_cod_asig1,par_cod_asig2,par_cod_asig3 FROM tblaca009 WHERE pensum='5' AND c_uni_ca='6' AND c_asigna='300013' [1][0] OK
C:[13/11/2018 11:07:33.17][172.17.119.113][1396] SELECT par_cod_asig1,par_cod_asig2,par_cod_asig3 FROM tblaca009 WHERE pensum='5' AND c_uni_ca='6' AND c_asigna='300112' [1][0] OK
C:[13/11/2018 11:07:33.17][172.17.119.113][1396] SELECT par_cod_asig1,par_cod_asig2,par_cod_asig3 FROM tblaca009 WHERE pensum='5' AND c_uni_ca='6' AND c_asigna='300113' [1][0] OK
C:[13/11/2018 11:07:33.17][172.17.119.113][1410] SELECT c_asigna FROM dace004 WHERE exp_e='18-28161960' AND c_asigna='300013' AND status IN ('0','3','B','C') [0][0] OK
C:[13/11/2018 11:07:33.17][172.17.119.113][1396] SELECT par_cod_asig1,par_cod_asig2,par_cod_asig3 FROM tblaca009 WHERE pensum='5' AND c_uni_ca='6' AND c_asigna='300116' [1][0] OK
C:[13/11/2018 11:07:33.81][172.17.119.113][1526] SELECT horas_lab FROM tblaca008 WHERE c_asigna='300013' AND horas_teoricas > 0 [1][0] OK
C:[13/11/2018 11:07:33.81][172.17.119.113][1526] SELECT horas_lab FROM tblaca008 WHERE c_asigna='300112' AND horas_teoricas > 0 [1][0] OK
C:[13/11/2018 11:07:33.81][172.17.119.113][1526] SELECT horas_lab FROM tblaca008 WHERE c_asigna='300113' AND horas_teoricas > 0 [0][0] OK
C:[13/11/2018 11:07:33.81][172.17.119.113][1526] SELECT horas_lab FROM tblaca008 WHERE c_asigna='300116' AND horas_teoricas > 0 [1][0] OK
C:[13/11/2018 11:16:24.40][172.17.138.177][1352] SELECT pre_cod_asig1,pre_cod_asig2,pre_cod_asig3,pre_cod_asig4,pre_cod_asig5,pre_cod_asig6,pre_cod_asig7 FROM tblaca009 WHERE pensum='5' AND c_uni_ca='4' AND c_asigna='300207' [1][0] OK
C:[13/11/2018 11:16:24.40][172.17.138.177][1365] SELECT c_asigna FROM dace004 WHERE exp_e='18-27390491' AND c_asigna='300101' AND status IN ('0','3','B') [1][0] OK
C:[13/11/2018 11:16:24.40][172.17.138.177][1352] SELECT pre_cod_asig1,pre_cod_asig2,pre_cod_asig3,pre_cod_asig4,pre_cod_asig5,pre_cod_asig6,pre_cod_asig7 FROM tblaca009 WHERE pensum='5' AND c_uni_ca='4' AND c_asigna='300209' [1][0] OK
C:[13/11/2018 11:16:24.40][172.17.138.177][1365] SELECT c_asigna FROM dace004 WHERE exp_e='18-27390491' AND c_asigna='300101' AND status IN ('0','3','B') [1][0] OK
C:[13/11/2018 11:16:24.40][172.17.138.177][1352] SELECT pre_cod_asig1,pre_cod_asig2,pre_cod_asig3,pre_cod_asig4,pre_cod_asig5,pre_cod_asig6,pre_cod_asig7 FROM tblaca009 WHERE pensum='5' AND c_uni_ca='4' AND c_asigna='300218' [1][0] OK
C:[13/11/2018 11:16:24.40][172.17.138.177][1365] SELECT c_asigna FROM dace004 WHERE exp_e='18-27390491' AND c_asigna='300101' AND status IN ('0','3','B') [1][0] OK
C:[13/11/2018 11:16:24.40][172.17.138.177][1352] SELECT pre_cod_asig1,pre_cod_asig2,pre_cod_asig3,pre_cod_asig4,pre_cod_asig5,pre_cod_asig6,pre_cod_asig7 FROM tblaca009 WHERE pensum='5' AND c_uni_ca='4' AND c_asigna='300226' [1][0] OK
C:[13/11/2018 11:16:24.40][172.17.138.177][1365] SELECT c_asigna FROM dace004 WHERE exp_e='18-27390491' AND c_asigna='300116' AND status IN ('0','3','B') [1][0] OK
C:[13/11/2018 11:16:24.40][172.17.138.177][1352] SELECT pre_cod_asig1,pre_cod_asig2,pre_cod_asig3,pre_cod_asig4,pre_cod_asig5,pre_cod_asig6,pre_cod_asig7 FROM tblaca009 WHERE pensum='5' AND c_uni_ca='4' AND c_asigna='300228' [1][0] OK
C:[13/11/2018 11:16:24.40][172.17.138.177][1365] SELECT c_asigna FROM dace004 WHERE exp_e='18-27390491' AND c_asigna='300101' AND status IN ('0','3','B') [1][0] OK
C:[13/11/2018 11:16:24.40][172.17.138.177][1352] SELECT pre_cod_asig1,pre_cod_asig2,pre_cod_asig3,pre_cod_asig4,pre_cod_asig5,pre_cod_asig6,pre_cod_asig7 FROM tblaca009 WHERE pensum='5' AND c_uni_ca='4' AND c_asigna='300314' [1][0] OK
C:[13/11/2018 11:16:24.40][172.17.138.177][1365] SELECT c_asigna FROM dace004 WHERE exp_e='18-27390491' AND c_asigna='300106' AND status IN ('0','3','B') [1][0] OK
C:[13/11/2018 11:16:24.90][172.17.138.177][1396] SELECT par_cod_asig1,par_cod_asig2,par_cod_asig3 FROM tblaca009 WHERE pensum='5' AND c_uni_ca='4' AND c_asigna='300207' [1][0] OK
C:[13/11/2018 11:16:24.90][172.17.138.177][1396] SELECT par_cod_asig1,par_cod_asig2,par_cod_asig3 FROM tblaca009 WHERE pensum='5' AND c_uni_ca='4' AND c_asigna='300209' [1][0] OK
C:[13/11/2018 11:16:24.90][172.17.138.177][1396] SELECT par_cod_asig1,par_cod_asig2,par_cod_asig3 FROM tblaca009 WHERE pensum='5' AND c_uni_ca='4' AND c_asigna='300218' [1][0] OK
C:[13/11/2018 11:16:24.90][172.17.138.177][1410] SELECT c_asigna FROM dace004 WHERE exp_e='18-27390491' AND c_asigna='300228' AND status IN ('0','3','B','C') [0][0] OK
C:[13/11/2018 11:16:24.90][172.17.138.177][1396] SELECT par_cod_asig1,par_cod_asig2,par_cod_asig3 FROM tblaca009 WHERE pensum='5' AND c_uni_ca='4' AND c_asigna='300226' [1][0] OK
C:[13/11/2018 11:16:24.90][172.17.138.177][1396] SELECT par_cod_asig1,par_cod_asig2,par_cod_asig3 FROM tblaca009 WHERE pensum='5' AND c_uni_ca='4' AND c_asigna='300228' [1][0] OK
C:[13/11/2018 11:16:24.90][172.17.138.177][1396] SELECT par_cod_asig1,par_cod_asig2,par_cod_asig3 FROM tblaca009 WHERE pensum='5' AND c_uni_ca='4' AND c_asigna='300314' [1][0] OK
C:[13/11/2018 11:16:24.81][172.17.138.177][1526] SELECT horas_lab FROM tblaca008 WHERE c_asigna='300207' AND horas_teoricas > 0 [1][0] OK
C:[13/11/2018 11:16:24.81][172.17.138.177][1526] SELECT horas_lab FROM tblaca008 WHERE c_asigna='300209' AND horas_teoricas > 0 [1][0] OK
C:[13/11/2018 11:16:24.81][172.17.138.177][1526] SELECT horas_lab FROM tblaca008 WHERE c_asigna='300218' AND horas_teoricas > 0 [0][0] OK
C:[13/11/2018 11:16:24.81][172.17.138.177][1526] SELECT horas_lab FROM tblaca008 WHERE c_asigna='300226' AND horas_teoricas > 0 [1][0] OK
C:[13/11/2018 11:16:24.81][172.17.138.177][1526] SELECT horas_lab FROM tblaca008 WHERE c_asigna='300228' AND horas_teoricas > 0 [1][0] OK
C:[13/11/2018 12:28:36.80][172.16.5.245][1352] SELECT pre_cod_asig1,pre_cod_asig2,pre_cod_asig3,pre_cod_asig4,pre_cod_asig5,pre_cod_asig6,pre_cod_asig7 FROM tblaca009 WHERE pensum='5' AND c_uni_ca='4' AND c_asigna='300218' [1][0] OK
C:[13/11/2018 12:28:36.80][172.16.5.245][1365] SELECT c_asigna FROM dace004 WHERE exp_e='18-29589504' AND c_asigna='300101' AND status IN ('0','3','B') [1][0] OK
C:[13/11/2018 12:28:36.80][172.16.5.245][1352] SELECT pre_cod_asig1,pre_cod_asig2,pre_cod_asig3,pre_cod_asig4,pre_cod_asig5,pre_cod_asig6,pre_cod_asig7 FROM tblaca009 WHERE pensum='5' AND c_uni_ca='4' AND c_asigna='300226' [1][0] OK
C:[13/11/2018 12:28:36.80][172.16.5.245][1365] SELECT c_asigna FROM dace004 WHERE exp_e='18-29589504' AND c_asigna='300116' AND status IN ('0','3','B') [1][0] OK
C:[13/11/2018 12:28:36.80][172.16.5.245][1352] SELECT pre_cod_asig1,pre_cod_asig2,pre_cod_asig3,pre_cod_asig4,pre_cod_asig5,pre_cod_asig6,pre_cod_asig7 FROM tblaca009 WHERE pensum='5' AND c_uni_ca='4' AND c_asigna='300228' [1][0] OK
C:[13/11/2018 12:28:36.80][172.16.5.245][1365] SELECT c_asigna FROM dace004 WHERE exp_e='18-29589504' AND c_asigna='300101' AND status IN ('0','3','B') [1][0] OK
C:[13/11/2018 12:28:36.80][172.16.5.245][1352] SELECT pre_cod_asig1,pre_cod_asig2,pre_cod_asig3,pre_cod_asig4,pre_cod_asig5,pre_cod_asig6,pre_cod_asig7 FROM tblaca009 WHERE pensum='5' AND c_uni_ca='4' AND c_asigna='300317' [1][0] OK
C:[13/11/2018 12:28:36.80][172.16.5.245][1365] SELECT c_asigna FROM dace004 WHERE exp_e='18-29589504' AND c_asigna='300207' AND status IN ('0','3','B') [1][0] OK
C:[13/11/2018 12:28:36.80][172.16.5.245][1365] SELECT c_asigna FROM dace004 WHERE exp_e='18-29589504' AND c_asigna='300209' AND status IN ('0','3','B') [1][0] OK
C:[13/11/2018 12:28:36.80][172.16.5.245][1352] SELECT pre_cod_asig1,pre_cod_asig2,pre_cod_asig3,pre_cod_asig4,pre_cod_asig5,pre_cod_asig6,pre_cod_asig7 FROM tblaca009 WHERE pensum='5' AND c_uni_ca='4' AND c_asigna='330310' [1][0] OK
C:[13/11/2018 12:28:36.80][172.16.5.245][1365] SELECT c_asigna FROM dace004 WHERE exp_e='18-29589504' AND c_asigna='300013' AND status IN ('0','3','B') [1][0] OK
C:[13/11/2018 12:28:36.80][172.16.5.245][1365] SELECT c_asigna FROM dace004 WHERE exp_e='18-29589504' AND c_asigna='300113' AND status IN ('0','3','B') [1][0] OK
C:[13/11/2018 12:28:36.80][172.16.5.245][1352] SELECT pre_cod_asig1,pre_cod_asig2,pre_cod_asig3,pre_cod_asig4,pre_cod_asig5,pre_cod_asig6,pre_cod_asig7 FROM tblaca009 WHERE pensum='5' AND c_uni_ca='4' AND c_asigna='333326' [1][0] OK
C:[13/11/2018 12:28:37.44][172.16.5.245][1396] SELECT par_cod_asig1,par_cod_asig2,par_cod_asig3 FROM tblaca009 WHERE pensum='5' AND c_uni_ca='4' AND c_asigna='300218' [1][0] OK
C:[13/11/2018 12:28:37.44][172.16.5.245][1410] SELECT c_asigna FROM dace004 WHERE exp_e='18-29589504' AND c_asigna='300228' AND status IN ('0','3','B','C') [0][0] OK
C:[13/11/2018 12:28:37.44][172.16.5.245][1396] SELECT par_cod_asig1,par_cod_asig2,par_cod_asig3 FROM tblaca009 WHERE pensum='5' AND c_uni_ca='4' AND c_asigna='300226' [1][0] OK
C:[13/11/2018 12:28:37.44][172.16.5.245][1396] SELECT par_cod_asig1,par_cod_asig2,par_cod_asig3 FROM tblaca009 WHERE pensum='5' AND c_uni_ca='4' AND c_asigna='300228' [1][0] OK
C:[13/11/2018 12:28:37.44][172.16.5.245][1396] SELECT par_cod_asig1,par_cod_asig2,par_cod_asig3 FROM tblaca009 WHERE pensum='5' AND c_uni_ca='4' AND c_asigna='300317' [1][0] OK
C:[13/11/2018 12:28:37.44][172.16.5.245][1396] SELECT par_cod_asig1,par_cod_asig2,par_cod_asig3 FROM tblaca009 WHERE pensum='5' AND c_uni_ca='4' AND c_asigna='330310' [1][0] OK
C:[13/11/2018 12:28:37.44][172.16.5.245][1396] SELECT par_cod_asig1,par_cod_asig2,par_cod_asig3 FROM tblaca009 WHERE pensum='5' AND c_uni_ca='4' AND c_asigna='333326' [1][0] OK
C:[13/11/2018 12:28:37.34][172.16.5.245][1526] SELECT horas_lab FROM tblaca008 WHERE c_asigna='300218' AND horas_teoricas > 0 [0][0] OK
C:[13/11/2018 12:28:37.34][172.16.5.245][1526] SELECT horas_lab FROM tblaca008 WHERE c_asigna='300226' AND horas_teoricas > 0 [1][0] OK
C:[13/11/2018 12:28:37.34][172.16.5.245][1526] SELECT horas_lab FROM tblaca008 WHERE c_asigna='300228' AND horas_teoricas > 0 [1][0] OK
C:[13/11/2018 12:28:37.34][172.16.5.245][1526] SELECT horas_lab FROM tblaca008 WHERE c_asigna='300317' AND horas_teoricas > 0 [1][0] OK
C:[13/11/2018 12:28:37.34][172.16.5.245][1526] SELECT horas_lab FROM tblaca008 WHERE c_asigna='330310' AND horas_teoricas > 0 [1][0] OK
C:[13/11/2018 12:28:37.34][172.16.5.245][1526] SELECT horas_lab FROM tblaca008 WHERE c_asigna='333326' AND horas_teoricas > 0 [1][0] OK
C:[13/11/2018 13:33:07.61][172.17.138.177][1352] SELECT pre_cod_asig1,pre_cod_asig2,pre_cod_asig3,pre_cod_asig4,pre_cod_asig5,pre_cod_asig6,pre_cod_asig7 FROM tblaca009 WHERE pensum='5' AND c_uni_ca='6' AND c_asigna='300112' [1][0] OK
C:[13/11/2018 13:33:07.61][172.17.138.177][1352] SELECT pre_cod_asig1,pre_cod_asig2,pre_cod_asig3,pre_cod_asig4,pre_cod_asig5,pre_cod_asig6,pre_cod_asig7 FROM tblaca009 WHERE pensum='5' AND c_uni_ca='6' AND c_asigna='300207' [1][0] OK
C:[13/11/2018 13:33:07.61][172.17.138.177][1365] SELECT c_asigna FROM dace004 WHERE exp_e='18-28534936' AND c_asigna='300101' AND status IN ('0','3','B') [1][0] OK
C:[13/11/2018 13:33:07.61][172.17.138.177][1352] SELECT pre_cod_asig1,pre_cod_asig2,pre_cod_asig3,pre_cod_asig4,pre_cod_asig5,pre_cod_asig6,pre_cod_asig7 FROM tblaca009 WHERE pensum='5' AND c_uni_ca='6' AND c_asigna='300209' [1][0] OK
C:[13/11/2018 13:33:07.61][172.17.138.177][1365] SELECT c_asigna FROM dace004 WHERE exp_e='18-28534936' AND c_asigna='300101' AND status IN ('0','3','B') [1][0] OK
C:[13/11/2018 13:33:07.61][172.17.138.177][1352] SELECT pre_cod_asig1,pre_cod_asig2,pre_cod_asig3,pre_cod_asig4,pre_cod_asig5,pre_cod_asig6,pre_cod_asig7 FROM tblaca009 WHERE pensum='5' AND c_uni_ca='6' AND c_asigna='300213' [1][0] OK
C:[13/11/2018 13:33:07.61][172.17.138.177][1365] SELECT c_asigna FROM dace004 WHERE exp_e='18-28534936' AND c_asigna='300101' AND status IN ('0','3','B') [1][0] OK
C:[13/11/2018 13:33:07.61][172.17.138.177][1352] SELECT pre_cod_asig1,pre_cod_asig2,pre_cod_asig3,pre_cod_asig4,pre_cod_asig5,pre_cod_asig6,pre_cod_asig7 FROM tblaca009 WHERE pensum='5' AND c_uni_ca='6' AND c_asigna='300226' [1][0] OK
C:[13/11/2018 13:33:07.61][172.17.138.177][1365] SELECT c_asigna FROM dace004 WHERE exp_e='18-28534936' AND c_asigna='300116' AND status IN ('0','3','B') [1][0] OK
C:[13/11/2018 13:33:07.30][172.17.138.177][1396] SELECT par_cod_asig1,par_cod_asig2,par_cod_asig3 FROM tblaca009 WHERE pensum='5' AND c_uni_ca='6' AND c_asigna='300112' [1][0] OK
C:[13/11/2018 13:33:07.30][172.17.138.177][1396] SELECT par_cod_asig1,par_cod_asig2,par_cod_asig3 FROM tblaca009 WHERE pensum='5' AND c_uni_ca='6' AND c_asigna='300207' [1][0] OK
C:[13/11/2018 13:33:07.30][172.17.138.177][1396] SELECT par_cod_asig1,par_cod_asig2,par_cod_asig3 FROM tblaca009 WHERE pensum='5' AND c_uni_ca='6' AND c_asigna='300209' [1][0] OK
C:[13/11/2018 13:33:07.30][172.17.138.177][1396] SELECT par_cod_asig1,par_cod_asig2,par_cod_asig3 FROM tblaca009 WHERE pensum='5' AND c_uni_ca='6' AND c_asigna='300213' [1][0] OK
C:[13/11/2018 13:33:07.30][172.17.138.177][1410] SELECT c_asigna FROM dace004 WHERE exp_e='18-28534936' AND c_asigna='300209' AND status IN ('0','3','B','C') [0][0] OK
C:[13/11/2018 13:33:07.30][172.17.138.177][1396] SELECT par_cod_asig1,par_cod_asig2,par_cod_asig3 FROM tblaca009 WHERE pensum='5' AND c_uni_ca='6' AND c_asigna='300226' [1][0] OK
C:[13/11/2018 13:33:08.09][172.17.138.177][1526] SELECT horas_lab FROM tblaca008 WHERE c_asigna='300112' AND horas_teoricas > 0 [1][0] OK
C:[13/11/2018 13:33:08.09][172.17.138.177][1526] SELECT horas_lab FROM tblaca008 WHERE c_asigna='300207' AND horas_teoricas > 0 [1][0] OK
C:[13/11/2018 13:33:08.09][172.17.138.177][1526] SELECT horas_lab FROM tblaca008 WHERE c_asigna='300209' AND horas_teoricas > 0 [1][0] OK
C:[13/11/2018 13:33:08.09][172.17.138.177][1526] SELECT horas_lab FROM tblaca008 WHERE c_asigna='300213' AND horas_teoricas > 0 [1][0] OK
C:[13/11/2018 13:33:08.09][172.17.138.177][1526] SELECT horas_lab FROM tblaca008 WHERE c_asigna='300226' AND horas_teoricas > 0 [1][0] OK
C:[14/11/2018 10:44:51.32][172.17.121.18][1352] SELECT pre_cod_asig1,pre_cod_asig2,pre_cod_asig3,pre_cod_asig4,pre_cod_asig5,pre_cod_asig6,pre_cod_asig7 FROM tblaca009 WHERE pensum='5' AND c_uni_ca='3' AND c_asigna='300207' [1][0] OK
C:[14/11/2018 10:44:51.32][172.17.121.18][1365] SELECT c_asigna FROM dace004 WHERE exp_e='17-27256985' AND c_asigna='300101' AND status IN ('0','3','B') [1][0] OK
C:[14/11/2018 10:44:51.32][172.17.121.18][1352] SELECT pre_cod_asig1,pre_cod_asig2,pre_cod_asig3,pre_cod_asig4,pre_cod_asig5,pre_cod_asig6,pre_cod_asig7 FROM tblaca009 WHERE pensum='5' AND c_uni_ca='3' AND c_asigna='300209' [1][0] OK
C:[14/11/2018 10:44:51.32][172.17.121.18][1365] SELECT c_asigna FROM dace004 WHERE exp_e='17-27256985' AND c_asigna='300101' AND status IN ('0','3','B') [1][0] OK
C:[14/11/2018 10:44:51.32][172.17.121.18][1352] SELECT pre_cod_asig1,pre_cod_asig2,pre_cod_asig3,pre_cod_asig4,pre_cod_asig5,pre_cod_asig6,pre_cod_asig7 FROM tblaca009 WHERE pensum='5' AND c_uni_ca='3' AND c_asigna='300213' [1][0] OK
C:[14/11/2018 10:44:51.32][172.17.121.18][1365] SELECT c_asigna FROM dace004 WHERE exp_e='17-27256985' AND c_asigna='300101' AND status IN ('0','3','B') [1][0] OK
C:[14/11/2018 10:44:51.32][172.17.121.18][1352] SELECT pre_cod_asig1,pre_cod_asig2,pre_cod_asig3,pre_cod_asig4,pre_cod_asig5,pre_cod_asig6,pre_cod_asig7 FROM tblaca009 WHERE pensum='5' AND c_uni_ca='3' AND c_asigna='300228' [1][0] OK
C:[14/11/2018 10:44:51.32][172.17.121.18][1365] SELECT c_asigna FROM dace004 WHERE exp_e='17-27256985' AND c_asigna='300101' AND status IN ('0','3','B') [1][0] OK
C:[14/11/2018 10:44:51.32][172.17.121.18][1352] SELECT pre_cod_asig1,pre_cod_asig2,pre_cod_asig3,pre_cod_asig4,pre_cod_asig5,pre_cod_asig6,pre_cod_asig7 FROM tblaca009 WHERE pensum='5' AND c_uni_ca='3' AND c_asigna='311320' [1][0] OK
C:[14/11/2018 10:44:51.32][172.17.121.18][1365] SELECT c_asigna FROM dace004 WHERE exp_e='17-27256985' AND c_asigna='300013' AND status IN ('0','3','B') [1][0] OK
C:[14/11/2018 10:44:51.32][172.17.121.18][1365] SELECT c_asigna FROM dace004 WHERE exp_e='17-27256985' AND c_asigna='300113' AND status IN ('0','3','B') [1][0] OK
C:[14/11/2018 10:44:52.84][172.17.121.18][1396] SELECT par_cod_asig1,par_cod_asig2,par_cod_asig3 FROM tblaca009 WHERE pensum='5' AND c_uni_ca='3' AND c_asigna='300207' [1][0] OK
C:[14/11/2018 10:44:52.84][172.17.121.18][1396] SELECT par_cod_asig1,par_cod_asig2,par_cod_asig3 FROM tblaca009 WHERE pensum='5' AND c_uni_ca='3' AND c_asigna='300209' [1][0] OK
C:[14/11/2018 10:44:52.84][172.17.121.18][1396] SELECT par_cod_asig1,par_cod_asig2,par_cod_asig3 FROM tblaca009 WHERE pensum='5' AND c_uni_ca='3' AND c_asigna='300213' [1][0] OK
C:[14/11/2018 10:44:52.84][172.17.121.18][1410] SELECT c_asigna FROM dace004 WHERE exp_e='17-27256985' AND c_asigna='300209' AND status IN ('0','3','B','C') [0][0] OK
C:[14/11/2018 10:44:52.84][172.17.121.18][1396] SELECT par_cod_asig1,par_cod_asig2,par_cod_asig3 FROM tblaca009 WHERE pensum='5' AND c_uni_ca='3' AND c_asigna='300228' [1][0] OK
C:[14/11/2018 10:44:52.84][172.17.121.18][1396] SELECT par_cod_asig1,par_cod_asig2,par_cod_asig3 FROM tblaca009 WHERE pensum='5' AND c_uni_ca='3' AND c_asigna='311320' [1][0] OK
C:[14/11/2018 10:44:52.60][172.17.121.18][1526] SELECT horas_lab FROM tblaca008 WHERE c_asigna='300207' AND horas_teoricas > 0 [1][0] OK
C:[14/11/2018 10:44:52.60][172.17.121.18][1526] SELECT horas_lab FROM tblaca008 WHERE c_asigna='300209' AND horas_teoricas > 0 [1][0] OK
C:[14/11/2018 10:44:52.60][172.17.121.18][1526] SELECT horas_lab FROM tblaca008 WHERE c_asigna='300213' AND horas_teoricas > 0 [1][0] OK
C:[14/11/2018 10:44:52.60][172.17.121.18][1526] SELECT horas_lab FROM tblaca008 WHERE c_asigna='300228' AND horas_teoricas > 0 [1][0] OK
C:[14/11/2018 10:44:52.60][172.17.121.18][1526] SELECT horas_lab FROM tblaca008 WHERE c_asigna='311320' AND horas_teoricas > 0 [1][0] OK
C:[14/11/2018 10:47:26.14][172.17.121.18][1352] SELECT pre_cod_asig1,pre_cod_asig2,pre_cod_asig3,pre_cod_asig4,pre_cod_asig5,pre_cod_asig6,pre_cod_asig7 FROM tblaca009 WHERE pensum='5' AND c_uni_ca='2' AND c_asigna='300207' [1][0] OK
C:[14/11/2018 10:47:26.14][172.17.121.18][1365] SELECT c_asigna FROM dace004 WHERE exp_e='17-27935381' AND c_asigna='300101' AND status IN ('0','3','B') [1][0] OK
C:[14/11/2018 10:47:26.14][172.17.121.18][1352] SELECT pre_cod_asig1,pre_cod_asig2,pre_cod_asig3,pre_cod_asig4,pre_cod_asig5,pre_cod_asig6,pre_cod_asig7 FROM tblaca009 WHERE pensum='5' AND c_uni_ca='2' AND c_asigna='300209' [1][0] OK
C:[14/11/2018 10:47:26.14][172.17.121.18][1365] SELECT c_asigna FROM dace004 WHERE exp_e='17-27935381' AND c_asigna='300101' AND status IN ('0','3','B') [1][0] OK
C:[14/11/2018 10:47:26.14][172.17.121.18][1352] SELECT pre_cod_asig1,pre_cod_asig2,pre_cod_asig3,pre_cod_asig4,pre_cod_asig5,pre_cod_asig6,pre_cod_asig7 FROM tblaca009 WHERE pensum='5' AND c_uni_ca='2' AND c_asigna='300213' [1][0] OK
C:[14/11/2018 10:47:26.14][172.17.121.18][1365] SELECT c_asigna FROM dace004 WHERE exp_e='17-27935381' AND c_asigna='300101' AND status IN ('0','3','B') [1][0] OK
C:[14/11/2018 10:47:26.14][172.17.121.18][1352] SELECT pre_cod_asig1,pre_cod_asig2,pre_cod_asig3,pre_cod_asig4,pre_cod_asig5,pre_cod_asig6,pre_cod_asig7 FROM tblaca009 WHERE pensum='5' AND c_uni_ca='2' AND c_asigna='300228' [1][0] OK
C:[14/11/2018 10:47:26.14][172.17.121.18][1365] SELECT c_asigna FROM dace004 WHERE exp_e='17-27935381' AND c_asigna='300101' AND status IN ('0','3','B') [1][0] OK
C:[14/11/2018 10:47:26.84][172.17.121.18][1396] SELECT par_cod_asig1,par_cod_asig2,par_cod_asig3 FROM tblaca009 WHERE pensum='5' AND c_uni_ca='2' AND c_asigna='300207' [1][0] OK
C:[14/11/2018 10:47:26.84][172.17.121.18][1396] SELECT par_cod_asig1,par_cod_asig2,par_cod_asig3 FROM tblaca009 WHERE pensum='5' AND c_uni_ca='2' AND c_asigna='300209' [1][0] OK
C:[14/11/2018 10:47:26.84][172.17.121.18][1396] SELECT par_cod_asig1,par_cod_asig2,par_cod_asig3 FROM tblaca009 WHERE pensum='5' AND c_uni_ca='2' AND c_asigna='300213' [1][0] OK
C:[14/11/2018 10:47:26.84][172.17.121.18][1410] SELECT c_asigna FROM dace004 WHERE exp_e='17-27935381' AND c_asigna='300209' AND status IN ('0','3','B','C') [0][0] OK
C:[14/11/2018 10:47:26.84][172.17.121.18][1396] SELECT par_cod_asig1,par_cod_asig2,par_cod_asig3 FROM tblaca009 WHERE pensum='5' AND c_uni_ca='2' AND c_asigna='300228' [1][0] OK
C:[14/11/2018 10:47:26.48][172.17.121.18][1526] SELECT horas_lab FROM tblaca008 WHERE c_asigna='300207' AND horas_teoricas > 0 [1][0] OK
C:[14/11/2018 10:47:26.48][172.17.121.18][1526] SELECT horas_lab FROM tblaca008 WHERE c_asigna='300209' AND horas_teoricas > 0 [1][0] OK
C:[14/11/2018 10:47:26.48][172.17.121.18][1526] SELECT horas_lab FROM tblaca008 WHERE c_asigna='300213' AND horas_teoricas > 0 [1][0] OK
C:[14/11/2018 10:47:26.48][172.17.121.18][1526] SELECT horas_lab FROM tblaca008 WHERE c_asigna='300228' AND horas_teoricas > 0 [1][0] OK
C:[14/11/2018 10:49:07.98][172.17.121.18][1352] SELECT pre_cod_asig1,pre_cod_asig2,pre_cod_asig3,pre_cod_asig4,pre_cod_asig5,pre_cod_asig6,pre_cod_asig7 FROM tblaca009 WHERE pensum='5' AND c_uni_ca='5' AND c_asigna='300207' [1][0] OK
C:[14/11/2018 10:49:07.98][172.17.121.18][1365] SELECT c_asigna FROM dace004 WHERE exp_e='17-27993774' AND c_asigna='300101' AND status IN ('0','3','B') [1][0] OK
C:[14/11/2018 10:49:07.98][172.17.121.18][1352] SELECT pre_cod_asig1,pre_cod_asig2,pre_cod_asig3,pre_cod_asig4,pre_cod_asig5,pre_cod_asig6,pre_cod_asig7 FROM tblaca009 WHERE pensum='5' AND c_uni_ca='5' AND c_asigna='300213' [1][0] OK
C:[14/11/2018 10:49:07.98][172.17.121.18][1365] SELECT c_asigna FROM dace004 WHERE exp_e='17-27993774' AND c_asigna='300101' AND status IN ('0','3','B') [1][0] OK
C:[14/11/2018 10:49:07.98][172.17.121.18][1352] SELECT pre_cod_asig1,pre_cod_asig2,pre_cod_asig3,pre_cod_asig4,pre_cod_asig5,pre_cod_asig6,pre_cod_asig7 FROM tblaca009 WHERE pensum='5' AND c_uni_ca='5' AND c_asigna='300222' [1][0] OK
C:[14/11/2018 10:49:07.98][172.17.121.18][1365] SELECT c_asigna FROM dace004 WHERE exp_e='17-27993774' AND c_asigna='300112' AND status IN ('0','3','B') [1][0] OK
C:[14/11/2018 10:49:07.98][172.17.121.18][1352] SELECT pre_cod_asig1,pre_cod_asig2,pre_cod_asig3,pre_cod_asig4,pre_cod_asig5,pre_cod_asig6,pre_cod_asig7 FROM tblaca009 WHERE pensum='5' AND c_uni_ca='5' AND c_asigna='300228' [1][0] OK
C:[14/11/2018 10:49:07.98][172.17.121.18][1365] SELECT c_asigna FROM dace004 WHERE exp_e='17-27993774' AND c_asigna='300101' AND status IN ('0','3','B') [1][0] OK
C:[14/11/2018 10:49:07.98][172.17.121.18][1396] SELECT par_cod_asig1,par_cod_asig2,par_cod_asig3 FROM tblaca009 WHERE pensum='5' AND c_uni_ca='5' AND c_asigna='300207' [1][0] OK
C:[14/11/2018 10:49:07.98][172.17.121.18][1396] SELECT par_cod_asig1,par_cod_asig2,par_cod_asig3 FROM tblaca009 WHERE pensum='5' AND c_uni_ca='5' AND c_asigna='300213' [1][0] OK
C:[14/11/2018 10:49:07.98][172.17.121.18][1410] SELECT c_asigna FROM dace004 WHERE exp_e='17-27993774' AND c_asigna='300209' AND status IN ('0','3','B','C') [1][0] OK
C:[14/11/2018 10:49:07.98][172.17.121.18][1396] SELECT par_cod_asig1,par_cod_asig2,par_cod_asig3 FROM tblaca009 WHERE pensum='5' AND c_uni_ca='5' AND c_asigna='300222' [1][0] OK
C:[14/11/2018 10:49:07.98][172.17.121.18][1396] SELECT par_cod_asig1,par_cod_asig2,par_cod_asig3 FROM tblaca009 WHERE pensum='5' AND c_uni_ca='5' AND c_asigna='300228' [1][0] OK
C:[14/11/2018 10:49:07.63][172.17.121.18][1526] SELECT horas_lab FROM tblaca008 WHERE c_asigna='300207' AND horas_teoricas > 0 [1][0] OK
C:[14/11/2018 10:49:07.63][172.17.121.18][1526] SELECT horas_lab FROM tblaca008 WHERE c_asigna='300213' AND horas_teoricas > 0 [1][0] OK
C:[14/11/2018 10:49:07.63][172.17.121.18][1526] SELECT horas_lab FROM tblaca008 WHERE c_asigna='300222' AND horas_teoricas > 0 [1][0] OK
C:[14/11/2018 10:49:07.63][172.17.121.18][1526] SELECT horas_lab FROM tblaca008 WHERE c_asigna='300228' AND horas_teoricas > 0 [1][0] OK
C:[14/11/2018 11:04:06.11][172.17.121.18][1352] SELECT pre_cod_asig1,pre_cod_asig2,pre_cod_asig3,pre_cod_asig4,pre_cod_asig5,pre_cod_asig6,pre_cod_asig7 FROM tblaca009 WHERE pensum='5' AND c_uni_ca='5' AND c_asigna='300209' [1][0] OK
C:[14/11/2018 11:04:06.11][172.17.121.18][1365] SELECT c_asigna FROM dace004 WHERE exp_e='17-26999918' AND c_asigna='300101' AND status IN ('0','3','B') [1][0] OK
C:[14/11/2018 11:04:06.11][172.17.121.18][1352] SELECT pre_cod_asig1,pre_cod_asig2,pre_cod_asig3,pre_cod_asig4,pre_cod_asig5,pre_cod_asig6,pre_cod_asig7 FROM tblaca009 WHERE pensum='5' AND c_uni_ca='5' AND c_asigna='300213' [1][0] OK
C:[14/11/2018 11:04:06.11][172.17.121.18][1365] SELECT c_asigna FROM dace004 WHERE exp_e='17-26999918' AND c_asigna='300101' AND status IN ('0','3','B') [1][0] OK
C:[14/11/2018 11:04:06.11][172.17.121.18][1352] SELECT pre_cod_asig1,pre_cod_asig2,pre_cod_asig3,pre_cod_asig4,pre_cod_asig5,pre_cod_asig6,pre_cod_asig7 FROM tblaca009 WHERE pensum='5' AND c_uni_ca='5' AND c_asigna='300218' [1][0] OK
C:[14/11/2018 11:04:06.11][172.17.121.18][1365] SELECT c_asigna FROM dace004 WHERE exp_e='17-26999918' AND c_asigna='300101' AND status IN ('0','3','B') [1][0] OK
C:[14/11/2018 11:04:06.11][172.17.121.18][1352] SELECT pre_cod_asig1,pre_cod_asig2,pre_cod_asig3,pre_cod_asig4,pre_cod_asig5,pre_cod_asig6,pre_cod_asig7 FROM tblaca009 WHERE pensum='5' AND c_uni_ca='5' AND c_asigna='300226' [1][0] OK
C:[14/11/2018 11:04:06.11][172.17.121.18][1365] SELECT c_asigna FROM dace004 WHERE exp_e='17-26999918' AND c_asigna='300116' AND status IN ('0','3','B') [1][0] OK
C:[14/11/2018 11:04:06.11][172.17.121.18][1352] SELECT pre_cod_asig1,pre_cod_asig2,pre_cod_asig3,pre_cod_asig4,pre_cod_asig5,pre_cod_asig6,pre_cod_asig7 FROM tblaca009 WHERE pensum='5' AND c_uni_ca='5' AND c_asigna='300228' [1][0] OK
C:[14/11/2018 11:04:06.11][172.17.121.18][1365] SELECT c_asigna FROM dace004 WHERE exp_e='17-26999918' AND c_asigna='300101' AND status IN ('0','3','B') [1][0] OK
C:[14/11/2018 11:04:07.35][172.17.121.18][1396] SELECT par_cod_asig1,par_cod_asig2,par_cod_asig3 FROM tblaca009 WHERE pensum='5' AND c_uni_ca='5' AND c_asigna='300209' [1][0] OK
C:[14/11/2018 11:04:07.35][172.17.121.18][1396] SELECT par_cod_asig1,par_cod_asig2,par_cod_asig3 FROM tblaca009 WHERE pensum='5' AND c_uni_ca='5' AND c_asigna='300213' [1][0] OK
C:[14/11/2018 11:04:07.35][172.17.121.18][1410] SELECT c_asigna FROM dace004 WHERE exp_e='17-26999918' AND c_asigna='300209' AND status IN ('0','3','B','C') [0][0] OK
C:[14/11/2018 11:04:07.35][172.17.121.18][1396] SELECT par_cod_asig1,par_cod_asig2,par_cod_asig3 FROM tblaca009 WHERE pensum='5' AND c_uni_ca='5' AND c_asigna='300218' [1][0] OK
C:[14/11/2018 11:04:07.35][172.17.121.18][1410] SELECT c_asigna FROM dace004 WHERE exp_e='17-26999918' AND c_asigna='300228' AND status IN ('0','3','B','C') [0][0] OK
C:[14/11/2018 11:04:07.35][172.17.121.18][1396] SELECT par_cod_asig1,par_cod_asig2,par_cod_asig3 FROM tblaca009 WHERE pensum='5' AND c_uni_ca='5' AND c_asigna='300226' [1][0] OK
C:[14/11/2018 11:04:07.35][172.17.121.18][1396] SELECT par_cod_asig1,par_cod_asig2,par_cod_asig3 FROM tblaca009 WHERE pensum='5' AND c_uni_ca='5' AND c_asigna='300228' [1][0] OK
C:[14/11/2018 11:04:07.25][172.17.121.18][1526] SELECT horas_lab FROM tblaca008 WHERE c_asigna='300209' AND horas_teoricas > 0 [1][0] OK
C:[14/11/2018 11:04:07.25][172.17.121.18][1526] SELECT horas_lab FROM tblaca008 WHERE c_asigna='300213' AND horas_teoricas > 0 [1][0] OK
C:[14/11/2018 11:04:07.25][172.17.121.18][1526] SELECT horas_lab FROM tblaca008 WHERE c_asigna='300218' AND horas_teoricas > 0 [0][0] OK
C:[14/11/2018 11:04:07.25][172.17.121.18][1526] SELECT horas_lab FROM tblaca008 WHERE c_asigna='300226' AND horas_teoricas > 0 [1][0] OK
C:[14/11/2018 11:04:07.25][172.17.121.18][1526] SELECT horas_lab FROM tblaca008 WHERE c_asigna='300228' AND horas_teoricas > 0 [1][0] OK
C:[14/11/2018 11:05:41.44][172.17.121.18][1352] SELECT pre_cod_asig1,pre_cod_asig2,pre_cod_asig3,pre_cod_asig4,pre_cod_asig5,pre_cod_asig6,pre_cod_asig7 FROM tblaca009 WHERE pensum='5' AND c_uni_ca='3' AND c_asigna='300209' [1][0] OK
C:[14/11/2018 11:05:41.44][172.17.121.18][1365] SELECT c_asigna FROM dace004 WHERE exp_e='17-26997569' AND c_asigna='300101' AND status IN ('0','3','B') [1][0] OK
C:[14/11/2018 11:05:41.44][172.17.121.18][1352] SELECT pre_cod_asig1,pre_cod_asig2,pre_cod_asig3,pre_cod_asig4,pre_cod_asig5,pre_cod_asig6,pre_cod_asig7 FROM tblaca009 WHERE pensum='5' AND c_uni_ca='3' AND c_asigna='300213' [1][0] OK
C:[14/11/2018 11:05:41.44][172.17.121.18][1365] SELECT c_asigna FROM dace004 WHERE exp_e='17-26997569' AND c_asigna='300101' AND status IN ('0','3','B') [1][0] OK
C:[14/11/2018 11:05:41.44][172.17.121.18][1352] SELECT pre_cod_asig1,pre_cod_asig2,pre_cod_asig3,pre_cod_asig4,pre_cod_asig5,pre_cod_asig6,pre_cod_asig7 FROM tblaca009 WHERE pensum='5' AND c_uni_ca='3' AND c_asigna='300218' [1][0] OK
C:[14/11/2018 11:05:41.44][172.17.121.18][1365] SELECT c_asigna FROM dace004 WHERE exp_e='17-26997569' AND c_asigna='300101' AND status IN ('0','3','B') [1][0] OK
C:[14/11/2018 11:05:41.44][172.17.121.18][1352] SELECT pre_cod_asig1,pre_cod_asig2,pre_cod_asig3,pre_cod_asig4,pre_cod_asig5,pre_cod_asig6,pre_cod_asig7 FROM tblaca009 WHERE pensum='5' AND c_uni_ca='3' AND c_asigna='300226' [1][0] OK
C:[14/11/2018 11:05:41.44][172.17.121.18][1365] SELECT c_asigna FROM dace004 WHERE exp_e='17-26997569' AND c_asigna='300116' AND status IN ('0','3','B') [1][0] OK
C:[14/11/2018 11:05:41.44][172.17.121.18][1352] SELECT pre_cod_asig1,pre_cod_asig2,pre_cod_asig3,pre_cod_asig4,pre_cod_asig5,pre_cod_asig6,pre_cod_asig7 FROM tblaca009 WHERE pensum='5' AND c_uni_ca='3' AND c_asigna='300228' [1][0] OK
C:[14/11/2018 11:05:41.44][172.17.121.18][1365] SELECT c_asigna FROM dace004 WHERE exp_e='17-26997569' AND c_asigna='300101' AND status IN ('0','3','B') [1][0] OK
C:[14/11/2018 11:05:41.69][172.17.121.18][1396] SELECT par_cod_asig1,par_cod_asig2,par_cod_asig3 FROM tblaca009 WHERE pensum='5' AND c_uni_ca='3' AND c_asigna='300209' [1][0] OK
C:[14/11/2018 11:05:41.69][172.17.121.18][1396] SELECT par_cod_asig1,par_cod_asig2,par_cod_asig3 FROM tblaca009 WHERE pensum='5' AND c_uni_ca='3' AND c_asigna='300213' [1][0] OK
C:[14/11/2018 11:05:41.69][172.17.121.18][1410] SELECT c_asigna FROM dace004 WHERE exp_e='17-26997569' AND c_asigna='300209' AND status IN ('0','3','B','C') [0][0] OK
C:[14/11/2018 11:05:41.69][172.17.121.18][1396] SELECT par_cod_asig1,par_cod_asig2,par_cod_asig3 FROM tblaca009 WHERE pensum='5' AND c_uni_ca='3' AND c_asigna='300218' [1][0] OK
C:[14/11/2018 11:05:41.69][172.17.121.18][1410] SELECT c_asigna FROM dace004 WHERE exp_e='17-26997569' AND c_asigna='300228' AND status IN ('0','3','B','C') [0][0] OK
C:[14/11/2018 11:05:41.69][172.17.121.18][1396] SELECT par_cod_asig1,par_cod_asig2,par_cod_asig3 FROM tblaca009 WHERE pensum='5' AND c_uni_ca='3' AND c_asigna='300226' [1][0] OK
C:[14/11/2018 11:05:41.69][172.17.121.18][1396] SELECT par_cod_asig1,par_cod_asig2,par_cod_asig3 FROM tblaca009 WHERE pensum='5' AND c_uni_ca='3' AND c_asigna='300228' [1][0] OK
C:[14/11/2018 11:05:41.58][172.17.121.18][1526] SELECT horas_lab FROM tblaca008 WHERE c_asigna='300209' AND horas_teoricas > 0 [1][0] OK
C:[14/11/2018 11:05:41.58][172.17.121.18][1526] SELECT horas_lab FROM tblaca008 WHERE c_asigna='300213' AND horas_teoricas > 0 [1][0] OK
C:[14/11/2018 11:05:41.58][172.17.121.18][1526] SELECT horas_lab FROM tblaca008 WHERE c_asigna='300218' AND horas_teoricas > 0 [0][0] OK
C:[14/11/2018 11:05:41.58][172.17.121.18][1526] SELECT horas_lab FROM tblaca008 WHERE c_asigna='300226' AND horas_teoricas > 0 [1][0] OK
C:[14/11/2018 11:05:41.58][172.17.121.18][1526] SELECT horas_lab FROM tblaca008 WHERE c_asigna='300228' AND horas_teoricas > 0 [1][0] OK
C:[14/11/2018 11:51:31.94][172.17.121.18][1352] SELECT pre_cod_asig1,pre_cod_asig2,pre_cod_asig3,pre_cod_asig4,pre_cod_asig5,pre_cod_asig6,pre_cod_asig7 FROM tblaca009 WHERE pensum='5' AND c_uni_ca='5' AND c_asigna='300113' [1][0] OK
C:[14/11/2018 11:51:31.94][172.17.121.18][1352] SELECT pre_cod_asig1,pre_cod_asig2,pre_cod_asig3,pre_cod_asig4,pre_cod_asig5,pre_cod_asig6,pre_cod_asig7 FROM tblaca009 WHERE pensum='5' AND c_uni_ca='5' AND c_asigna='300207' [1][0] OK
C:[14/11/2018 11:51:31.94][172.17.121.18][1365] SELECT c_asigna FROM dace004 WHERE exp_e='17-27256090' AND c_asigna='300101' AND status IN ('0','3','B') [1][0] OK
C:[14/11/2018 11:51:31.94][172.17.121.18][1352] SELECT pre_cod_asig1,pre_cod_asig2,pre_cod_asig3,pre_cod_asig4,pre_cod_asig5,pre_cod_asig6,pre_cod_asig7 FROM tblaca009 WHERE pensum='5' AND c_uni_ca='5' AND c_asigna='300218' [1][0] OK
C:[14/11/2018 11:51:31.94][172.17.121.18][1365] SELECT c_asigna FROM dace004 WHERE exp_e='17-27256090' AND c_asigna='300101' AND status IN ('0','3','B') [1][0] OK
C:[14/11/2018 11:51:31.94][172.17.121.18][1352] SELECT pre_cod_asig1,pre_cod_asig2,pre_cod_asig3,pre_cod_asig4,pre_cod_asig5,pre_cod_asig6,pre_cod_asig7 FROM tblaca009 WHERE pensum='5' AND c_uni_ca='5' AND c_asigna='300222' [1][0] OK
C:[14/11/2018 11:51:31.94][172.17.121.18][1365] SELECT c_asigna FROM dace004 WHERE exp_e='17-27256090' AND c_asigna='300112' AND status IN ('0','3','B') [1][0] OK
C:[14/11/2018 11:51:31.71][172.17.121.18][1396] SELECT par_cod_asig1,par_cod_asig2,par_cod_asig3 FROM tblaca009 WHERE pensum='5' AND c_uni_ca='5' AND c_asigna='300113' [1][0] OK
C:[14/11/2018 11:51:31.71][172.17.121.18][1410] SELECT c_asigna FROM dace004 WHERE exp_e='17-27256090' AND c_asigna='300013' AND status IN ('0','3','B','C') [1][0] OK
C:[14/11/2018 11:51:31.71][172.17.121.18][1396] SELECT par_cod_asig1,par_cod_asig2,par_cod_asig3 FROM tblaca009 WHERE pensum='5' AND c_uni_ca='5' AND c_asigna='300207' [1][0] OK
C:[14/11/2018 11:51:31.71][172.17.121.18][1396] SELECT par_cod_asig1,par_cod_asig2,par_cod_asig3 FROM tblaca009 WHERE pensum='5' AND c_uni_ca='5' AND c_asigna='300218' [1][0] OK
C:[14/11/2018 11:51:31.71][172.17.121.18][1410] SELECT c_asigna FROM dace004 WHERE exp_e='17-27256090' AND c_asigna='300228' AND status IN ('0','3','B','C') [1][0] OK
C:[14/11/2018 11:51:31.71][172.17.121.18][1396] SELECT par_cod_asig1,par_cod_asig2,par_cod_asig3 FROM tblaca009 WHERE pensum='5' AND c_uni_ca='5' AND c_asigna='300222' [1][0] OK
C:[14/11/2018 11:51:31.48][172.17.121.18][1526] SELECT horas_lab FROM tblaca008 WHERE c_asigna='300113' AND horas_teoricas > 0 [0][0] OK
C:[14/11/2018 11:51:31.48][172.17.121.18][1526] SELECT horas_lab FROM tblaca008 WHERE c_asigna='300207' AND horas_teoricas > 0 [1][0] OK
C:[14/11/2018 11:51:31.48][172.17.121.18][1526] SELECT horas_lab FROM tblaca008 WHERE c_asigna='300218' AND horas_teoricas > 0 [0][0] OK
C:[14/11/2018 11:51:31.48][172.17.121.18][1526] SELECT horas_lab FROM tblaca008 WHERE c_asigna='300222' AND horas_teoricas > 0 [1][0] OK
C:[14/11/2018 13:32:33.86][172.16.4.244][1352] SELECT pre_cod_asig1,pre_cod_asig2,pre_cod_asig3,pre_cod_asig4,pre_cod_asig5,pre_cod_asig6,pre_cod_asig7 FROM tblaca009 WHERE pensum='5' AND c_uni_ca='3' AND c_asigna='300676' [1][0] OK
C:[14/11/2018 13:32:33.86][172.16.4.244][1352] SELECT pre_cod_asig1,pre_cod_asig2,pre_cod_asig3,pre_cod_asig4,pre_cod_asig5,pre_cod_asig6,pre_cod_asig7 FROM tblaca009 WHERE pensum='5' AND c_uni_ca='3' AND c_asigna='311655' [1][0] OK
C:[14/11/2018 13:32:33.86][172.16.4.244][1365] SELECT c_asigna FROM dace004 WHERE exp_e='14-26030817' AND c_asigna='311556' AND status IN ('0','3','B') [1][0] OK
C:[14/11/2018 13:32:33.86][172.16.4.244][1352] SELECT pre_cod_asig1,pre_cod_asig2,pre_cod_asig3,pre_cod_asig4,pre_cod_asig5,pre_cod_asig6,pre_cod_asig7 FROM tblaca009 WHERE pensum='5' AND c_uni_ca='3' AND c_asigna='311674' [1][0] OK
C:[14/11/2018 13:32:33.86][172.16.4.244][1365] SELECT c_asigna FROM dace004 WHERE exp_e='14-26030817' AND c_asigna='310548' AND status IN ('0','3','B') [1][0] OK
C:[14/11/2018 13:32:33.86][172.16.4.244][1365] SELECT c_asigna FROM dace004 WHERE exp_e='14-26030817' AND c_asigna='311551' AND status IN ('0','3','B') [1][0] OK
C:[14/11/2018 13:32:33.86][172.16.4.244][1365] SELECT c_asigna FROM dace004 WHERE exp_e='14-26030817' AND c_asigna='311320' AND status IN ('0','3','B') [1][0] OK
C:[14/11/2018 13:32:33.86][172.16.4.244][1352] SELECT pre_cod_asig1,pre_cod_asig2,pre_cod_asig3,pre_cod_asig4,pre_cod_asig5,pre_cod_asig6,pre_cod_asig7 FROM tblaca009 WHERE pensum='5' AND c_uni_ca='3' AND c_asigna='311796' [1][0] OK
C:[14/11/2018 13:32:33.86][172.16.4.244][1365] SELECT c_asigna FROM dace004 WHERE exp_e='14-26030817' AND c_asigna='315671' AND status IN ('0','3','B') [1][0] OK
C:[14/11/2018 13:32:33.86][172.16.4.244][1352] SELECT pre_cod_asig1,pre_cod_asig2,pre_cod_asig3,pre_cod_asig4,pre_cod_asig5,pre_cod_asig6,pre_cod_asig7 FROM tblaca009 WHERE pensum='5' AND c_uni_ca='3' AND c_asigna='311799' [1][0] OK
C:[14/11/2018 13:32:33.86][172.16.4.244][1365] SELECT c_asigna FROM dace004 WHERE exp_e='14-26030817' AND c_asigna='311673' AND status IN ('0','3','B') [1][0] OK
C:[14/11/2018 13:32:34.22][172.16.4.244][1396] SELECT par_cod_asig1,par_cod_asig2,par_cod_asig3 FROM tblaca009 WHERE pensum='5' AND c_uni_ca='3' AND c_asigna='300676' [1][0] OK
C:[14/11/2018 13:32:34.22][172.16.4.244][1396] SELECT par_cod_asig1,par_cod_asig2,par_cod_asig3 FROM tblaca009 WHERE pensum='5' AND c_uni_ca='3' AND c_asigna='311655' [1][0] OK
C:[14/11/2018 13:32:34.22][172.16.4.244][1396] SELECT par_cod_asig1,par_cod_asig2,par_cod_asig3 FROM tblaca009 WHERE pensum='5' AND c_uni_ca='3' AND c_asigna='311674' [1][0] OK
C:[14/11/2018 13:32:34.22][172.16.4.244][1396] SELECT par_cod_asig1,par_cod_asig2,par_cod_asig3 FROM tblaca009 WHERE pensum='5' AND c_uni_ca='3' AND c_asigna='311796' [1][0] OK
C:[14/11/2018 13:32:34.22][172.16.4.244][1396] SELECT par_cod_asig1,par_cod_asig2,par_cod_asig3 FROM tblaca009 WHERE pensum='5' AND c_uni_ca='3' AND c_asigna='311799' [1][0] OK
C:[14/11/2018 13:32:34.88][172.16.4.244][1526] SELECT horas_lab FROM tblaca008 WHERE c_asigna='300676' AND horas_teoricas > 0 [1][0] OK
C:[14/11/2018 13:32:34.88][172.16.4.244][1526] SELECT horas_lab FROM tblaca008 WHERE c_asigna='311655' AND horas_teoricas > 0 [1][0] OK
C:[14/11/2018 13:32:34.88][172.16.4.244][1526] SELECT horas_lab FROM tblaca008 WHERE c_asigna='311674' AND horas_teoricas > 0 [1][0] OK
C:[14/11/2018 13:32:34.88][172.16.4.244][1526] SELECT horas_lab FROM tblaca008 WHERE c_asigna='311796' AND horas_teoricas > 0 [1][0] OK
C:[14/11/2018 13:32:34.88][172.16.4.244][1526] SELECT horas_lab FROM tblaca008 WHERE c_asigna='311799' AND horas_teoricas > 0 [1][0] OK
C:[14/11/2018 13:33:37.04][172.16.4.244][1352] SELECT pre_cod_asig1,pre_cod_asig2,pre_cod_asig3,pre_cod_asig4,pre_cod_asig5,pre_cod_asig6,pre_cod_asig7 FROM tblaca009 WHERE pensum='5' AND c_uni_ca='3' AND c_asigna='300676' [1][0] OK
C:[14/11/2018 13:33:37.04][172.16.4.244][1352] SELECT pre_cod_asig1,pre_cod_asig2,pre_cod_asig3,pre_cod_asig4,pre_cod_asig5,pre_cod_asig6,pre_cod_asig7 FROM tblaca009 WHERE pensum='5' AND c_uni_ca='3' AND c_asigna='311655' [1][0] OK
C:[14/11/2018 13:33:37.04][172.16.4.244][1365] SELECT c_asigna FROM dace004 WHERE exp_e='14-27219041' AND c_asigna='311556' AND status IN ('0','3','B') [1][0] OK
C:[14/11/2018 13:33:37.04][172.16.4.244][1352] SELECT pre_cod_asig1,pre_cod_asig2,pre_cod_asig3,pre_cod_asig4,pre_cod_asig5,pre_cod_asig6,pre_cod_asig7 FROM tblaca009 WHERE pensum='5' AND c_uni_ca='3' AND c_asigna='311673' [1][0] OK
C:[14/11/2018 13:33:37.04][172.16.4.244][1365] SELECT c_asigna FROM dace004 WHERE exp_e='14-27219041' AND c_asigna='311551' AND status IN ('0','3','B') [1][0] OK
C:[14/11/2018 13:33:37.04][172.16.4.244][1365] SELECT c_asigna FROM dace004 WHERE exp_e='14-27219041' AND c_asigna='311554' AND status IN ('0','3','B') [1][0] OK
C:[14/11/2018 13:33:37.04][172.16.4.244][1365] SELECT c_asigna FROM dace004 WHERE exp_e='14-27219041' AND c_asigna='311320' AND status IN ('0','3','B') [1][0] OK
C:[14/11/2018 13:33:37.04][172.16.4.244][1352] SELECT pre_cod_asig1,pre_cod_asig2,pre_cod_asig3,pre_cod_asig4,pre_cod_asig5,pre_cod_asig6,pre_cod_asig7 FROM tblaca009 WHERE pensum='5' AND c_uni_ca='3' AND c_asigna='311674' [1][0] OK
C:[14/11/2018 13:33:37.04][172.16.4.244][1365] SELECT c_asigna FROM dace004 WHERE exp_e='14-27219041' AND c_asigna='310548' AND status IN ('0','3','B') [1][0] OK
C:[14/11/2018 13:33:37.04][172.16.4.244][1365] SELECT c_asigna FROM dace004 WHERE exp_e='14-27219041' AND c_asigna='311551' AND status IN ('0','3','B') [1][0] OK
C:[14/11/2018 13:33:37.04][172.16.4.244][1365] SELECT c_asigna FROM dace004 WHERE exp_e='14-27219041' AND c_asigna='311320' AND status IN ('0','3','B') [1][0] OK
C:[14/11/2018 13:33:37.04][172.16.4.244][1352] SELECT pre_cod_asig1,pre_cod_asig2,pre_cod_asig3,pre_cod_asig4,pre_cod_asig5,pre_cod_asig6,pre_cod_asig7 FROM tblaca009 WHERE pensum='5' AND c_uni_ca='3' AND c_asigna='311796' [1][0] OK
C:[14/11/2018 13:33:37.04][172.16.4.244][1365] SELECT c_asigna FROM dace004 WHERE exp_e='14-27219041' AND c_asigna='315671' AND status IN ('0','3','B') [1][0] OK
C:[14/11/2018 13:33:38.66][172.16.4.244][1396] SELECT par_cod_asig1,par_cod_asig2,par_cod_asig3 FROM tblaca009 WHERE pensum='5' AND c_uni_ca='3' AND c_asigna='300676' [1][0] OK
C:[14/11/2018 13:33:38.66][172.16.4.244][1396] SELECT par_cod_asig1,par_cod_asig2,par_cod_asig3 FROM tblaca009 WHERE pensum='5' AND c_uni_ca='3' AND c_asigna='311655' [1][0] OK
C:[14/11/2018 13:33:38.66][172.16.4.244][1396] SELECT par_cod_asig1,par_cod_asig2,par_cod_asig3 FROM tblaca009 WHERE pensum='5' AND c_uni_ca='3' AND c_asigna='311673' [1][0] OK
C:[14/11/2018 13:33:38.66][172.16.4.244][1396] SELECT par_cod_asig1,par_cod_asig2,par_cod_asig3 FROM tblaca009 WHERE pensum='5' AND c_uni_ca='3' AND c_asigna='311674' [1][0] OK
C:[14/11/2018 13:33:38.66][172.16.4.244][1396] SELECT par_cod_asig1,par_cod_asig2,par_cod_asig3 FROM tblaca009 WHERE pensum='5' AND c_uni_ca='3' AND c_asigna='311796' [1][0] OK
C:[14/11/2018 13:33:38.31][172.16.4.244][1526] SELECT horas_lab FROM tblaca008 WHERE c_asigna='300676' AND horas_teoricas > 0 [1][0] OK
C:[14/11/2018 13:33:38.31][172.16.4.244][1526] SELECT horas_lab FROM tblaca008 WHERE c_asigna='311655' AND horas_teoricas > 0 [1][0] OK
C:[14/11/2018 13:33:38.31][172.16.4.244][1526] SELECT horas_lab FROM tblaca008 WHERE c_asigna='311673' AND horas_teoricas > 0 [1][0] OK
C:[14/11/2018 13:33:38.31][172.16.4.244][1526] SELECT horas_lab FROM tblaca008 WHERE c_asigna='311674' AND horas_teoricas > 0 [1][0] OK
C:[14/11/2018 13:33:38.31][172.16.4.244][1526] SELECT horas_lab FROM tblaca008 WHERE c_asigna='311796' AND horas_teoricas > 0 [1][0] OK
C:[15/11/2018 10:01:18.04][172.17.138.177][1352] SELECT pre_cod_asig1,pre_cod_asig2,pre_cod_asig3,pre_cod_asig4,pre_cod_asig5,pre_cod_asig6,pre_cod_asig7 FROM tblaca009 WHERE pensum='5' AND c_uni_ca='3' AND c_asigna='311826' [1][0] OK
C:[15/11/2018 10:01:18.04][172.17.138.177][1365] SELECT c_asigna FROM dace004 WHERE exp_e='13-25678810' AND c_asigna='311799' AND status IN ('0','3','B') [1][0] OK
C:[15/11/2018 10:01:18.04][172.17.138.177][1352] SELECT pre_cod_asig1,pre_cod_asig2,pre_cod_asig3,pre_cod_asig4,pre_cod_asig5,pre_cod_asig6,pre_cod_asig7 FROM tblaca009 WHERE pensum='5' AND c_uni_ca='3' AND c_asigna='300956' [1][0] OK
C:[15/11/2018 10:01:18.04][172.17.138.177][1365] SELECT c_asigna FROM dace004 WHERE exp_e='13-25678810' AND c_asigna='300422' AND status IN ('0','3','B') [1][0] OK
C:[15/11/2018 10:01:18.04][172.17.138.177][1365] SELECT c_asigna FROM dace004 WHERE exp_e='13-25678810' AND c_asigna='300105' AND status IN ('0','3','B') [1][0] OK
C:[15/11/2018 10:01:18.04][172.17.138.177][1365] SELECT c_asigna FROM dace004 WHERE exp_e='13-25678810' AND c_asigna='300314' AND status IN ('0','3','B') [1][0] OK
C:[15/11/2018 10:01:18.04][172.17.138.177][1352] SELECT pre_cod_asig1,pre_cod_asig2,pre_cod_asig3,pre_cod_asig4,pre_cod_asig5,pre_cod_asig6,pre_cod_asig7 FROM tblaca009 WHERE pensum='5' AND c_uni_ca='3' AND c_asigna='311939' [1][0] OK
C:[15/11/2018 10:01:18.04][172.17.138.177][1352] SELECT pre_cod_asig1,pre_cod_asig2,pre_cod_asig3,pre_cod_asig4,pre_cod_asig5,pre_cod_asig6,pre_cod_asig7 FROM tblaca009 WHERE pensum='5' AND c_uni_ca='3' AND c_asigna='311091' [1][0] OK
C:[15/11/2018 10:01:18.04][172.17.138.177][1365] SELECT c_asigna FROM dace004 WHERE exp_e='13-25678810' AND c_asigna='311825' AND status IN ('0','3','B') [1][0] OK
C:[15/11/2018 10:01:18.72][172.17.138.177][1396] SELECT par_cod_asig1,par_cod_asig2,par_cod_asig3 FROM tblaca009 WHERE pensum='5' AND c_uni_ca='3' AND c_asigna='311826' [1][0] OK
C:[15/11/2018 10:01:18.72][172.17.138.177][1396] SELECT par_cod_asig1,par_cod_asig2,par_cod_asig3 FROM tblaca009 WHERE pensum='5' AND c_uni_ca='3' AND c_asigna='300956' [1][0] OK
C:[15/11/2018 10:01:18.72][172.17.138.177][1396] SELECT par_cod_asig1,par_cod_asig2,par_cod_asig3 FROM tblaca009 WHERE pensum='5' AND c_uni_ca='3' AND c_asigna='311939' [1][0] OK
C:[15/11/2018 10:01:18.72][172.17.138.177][1410] SELECT c_asigna FROM dace004 WHERE exp_e='13-25678810' AND c_asigna='300956' AND status IN ('0','3','B','C') [0][0] OK
C:[15/11/2018 10:01:18.72][172.17.138.177][1396] SELECT par_cod_asig1,par_cod_asig2,par_cod_asig3 FROM tblaca009 WHERE pensum='5' AND c_uni_ca='3' AND c_asigna='311091' [1][0] OK
C:[15/11/2018 10:01:18.38][172.17.138.177][1526] SELECT horas_lab FROM tblaca008 WHERE c_asigna='311826' AND horas_teoricas > 0 [1][0] OK
C:[15/11/2018 10:01:18.38][172.17.138.177][1526] SELECT horas_lab FROM tblaca008 WHERE c_asigna='300956' AND horas_teoricas > 0 [1][0] OK
C:[15/11/2018 10:01:18.38][172.17.138.177][1526] SELECT horas_lab FROM tblaca008 WHERE c_asigna='311939' AND horas_teoricas > 0 [0][0] OK
C:[15/11/2018 10:01:18.38][172.17.138.177][1526] SELECT horas_lab FROM tblaca008 WHERE c_asigna='311091' AND horas_teoricas > 0 [1][0] OK
C:[15/11/2018 10:16:03.04][172.17.138.177][1352] SELECT pre_cod_asig1,pre_cod_asig2,pre_cod_asig3,pre_cod_asig4,pre_cod_asig5,pre_cod_asig6,pre_cod_asig7 FROM tblaca009 WHERE pensum='5' AND c_uni_ca='3' AND c_asigna='311824' [1][0] OK
C:[15/11/2018 10:16:03.04][172.17.138.177][1365] SELECT c_asigna FROM dace004 WHERE exp_e='12-24963882' AND c_asigna='311796' AND status IN ('0','3','B') [1][0] OK
C:[15/11/2018 10:16:03.04][172.17.138.177][1365] SELECT c_asigna FROM dace004 WHERE exp_e='12-24963882' AND c_asigna='315671' AND status IN ('0','3','B') [1][0] OK
C:[15/11/2018 10:16:03.04][172.17.138.177][1365] SELECT c_asigna FROM dace004 WHERE exp_e='12-24963882' AND c_asigna='311552' AND status IN ('0','3','B') [1][0] OK
C:[15/11/2018 10:16:03.04][172.17.138.177][1365] SELECT c_asigna FROM dace004 WHERE exp_e='12-24963882' AND c_asigna='311430' AND status IN ('0','3','B') [1][0] OK
C:[15/11/2018 10:16:03.04][172.17.138.177][1365] SELECT c_asigna FROM dace004 WHERE exp_e='12-24963882' AND c_asigna='300317' AND status IN ('0','3','B') [1][0] OK
C:[15/11/2018 10:16:03.04][172.17.138.177][1365] SELECT c_asigna FROM dace004 WHERE exp_e='12-24963882' AND c_asigna='300318' AND status IN ('0','3','B') [1][0] OK
C:[15/11/2018 10:16:03.04][172.17.138.177][1365] SELECT c_asigna FROM dace004 WHERE exp_e='12-24963882' AND c_asigna='300313' AND status IN ('0','3','B') [1][0] OK
C:[15/11/2018 10:16:03.04][172.17.138.177][1352] SELECT pre_cod_asig1,pre_cod_asig2,pre_cod_asig3,pre_cod_asig4,pre_cod_asig5,pre_cod_asig6,pre_cod_asig7 FROM tblaca009 WHERE pensum='5' AND c_uni_ca='3' AND c_asigna='311826' [1][0] OK
C:[15/11/2018 10:16:03.04][172.17.138.177][1365] SELECT c_asigna FROM dace004 WHERE exp_e='12-24963882' AND c_asigna='311799' AND status IN ('0','3','B') [1][0] OK
C:[15/11/2018 10:16:03.04][172.17.138.177][1352] SELECT pre_cod_asig1,pre_cod_asig2,pre_cod_asig3,pre_cod_asig4,pre_cod_asig5,pre_cod_asig6,pre_cod_asig7 FROM tblaca009 WHERE pensum='5' AND c_uni_ca='3' AND c_asigna='300956' [1][0] OK
C:[15/11/2018 10:16:03.04][172.17.138.177][1365] SELECT c_asigna FROM dace004 WHERE exp_e='12-24963882' AND c_asigna='300422' AND status IN ('0','3','B') [1][0] OK
C:[15/11/2018 10:16:03.04][172.17.138.177][1365] SELECT c_asigna FROM dace004 WHERE exp_e='12-24963882' AND c_asigna='300105' AND status IN ('0','3','B') [1][0] OK
C:[15/11/2018 10:16:03.04][172.17.138.177][1365] SELECT c_asigna FROM dace004 WHERE exp_e='12-24963882' AND c_asigna='300314' AND status IN ('0','3','B') [1][0] OK
C:[15/11/2018 10:16:04.79][172.17.138.177][1396] SELECT par_cod_asig1,par_cod_asig2,par_cod_asig3 FROM tblaca009 WHERE pensum='5' AND c_uni_ca='3' AND c_asigna='311824' [1][0] OK
C:[15/11/2018 10:16:04.79][172.17.138.177][1396] SELECT par_cod_asig1,par_cod_asig2,par_cod_asig3 FROM tblaca009 WHERE pensum='5' AND c_uni_ca='3' AND c_asigna='311826' [1][0] OK
C:[15/11/2018 10:16:04.79][172.17.138.177][1396] SELECT par_cod_asig1,par_cod_asig2,par_cod_asig3 FROM tblaca009 WHERE pensum='5' AND c_uni_ca='3' AND c_asigna='300956' [1][0] OK
C:[15/11/2018 10:16:04.19][172.17.138.177][1526] SELECT horas_lab FROM tblaca008 WHERE c_asigna='311824' AND horas_teoricas > 0 [1][0] OK
C:[15/11/2018 10:16:04.19][172.17.138.177][1526] SELECT horas_lab FROM tblaca008 WHERE c_asigna='311826' AND horas_teoricas > 0 [1][0] OK
C:[15/11/2018 10:16:04.19][172.17.138.177][1526] SELECT horas_lab FROM tblaca008 WHERE c_asigna='300956' AND horas_teoricas > 0 [1][0] OK
C:[15/11/2018 10:33:00.10][172.17.117.149][1352] SELECT pre_cod_asig1,pre_cod_asig2,pre_cod_asig3,pre_cod_asig4,pre_cod_asig5,pre_cod_asig6,pre_cod_asig7 FROM tblaca009 WHERE pensum='5' AND c_uni_ca='2' AND c_asigna='300101' [1][0] OK
C:[15/11/2018 10:33:00.10][172.17.117.149][1352] SELECT pre_cod_asig1,pre_cod_asig2,pre_cod_asig3,pre_cod_asig4,pre_cod_asig5,pre_cod_asig6,pre_cod_asig7 FROM tblaca009 WHERE pensum='5' AND c_uni_ca='2' AND c_asigna='300314' [1][0] OK
C:[15/11/2018 10:33:00.10][172.17.117.149][1365] SELECT c_asigna FROM dace004 WHERE exp_e='18-27731011' AND c_asigna='300106' AND status IN ('0','3','B') [1][0] OK
C:[15/11/2018 10:33:00.10][172.17.117.149][1352] SELECT pre_cod_asig1,pre_cod_asig2,pre_cod_asig3,pre_cod_asig4,pre_cod_asig5,pre_cod_asig6,pre_cod_asig7 FROM tblaca009 WHERE pensum='5' AND c_uni_ca='2' AND c_asigna='322449' [1][0] OK
C:[15/11/2018 10:33:00.10][172.17.117.149][1365] SELECT c_asigna FROM dace004 WHERE exp_e='18-27731011' AND c_asigna='300222' AND status IN ('0','3','B') [1][0] OK
C:[15/11/2018 10:33:00.73][172.17.117.149][1396] SELECT par_cod_asig1,par_cod_asig2,par_cod_asig3 FROM tblaca009 WHERE pensum='5' AND c_uni_ca='2' AND c_asigna='300101' [1][0] OK
C:[15/11/2018 10:33:00.73][172.17.117.149][1396] SELECT par_cod_asig1,par_cod_asig2,par_cod_asig3 FROM tblaca009 WHERE pensum='5' AND c_uni_ca='2' AND c_asigna='300314' [1][0] OK
C:[15/11/2018 10:33:00.73][172.17.117.149][1396] SELECT par_cod_asig1,par_cod_asig2,par_cod_asig3 FROM tblaca009 WHERE pensum='5' AND c_uni_ca='2' AND c_asigna='322449' [1][0] OK
C:[15/11/2018 10:33:00.13][172.17.117.149][1526] SELECT horas_lab FROM tblaca008 WHERE c_asigna='300101' AND horas_teoricas > 0 [1][0] OK
C:[15/11/2018 10:33:00.13][172.17.117.149][1526] SELECT horas_lab FROM tblaca008 WHERE c_asigna='300314' AND horas_teoricas > 0 [0][0] OK
C:[15/11/2018 10:33:00.13][172.17.117.149][1526] SELECT horas_lab FROM tblaca008 WHERE c_asigna='322449' AND horas_teoricas > 0 [1][0] OK
C:[15/11/2018 10:45:20.90][172.17.138.177][1352] SELECT pre_cod_asig1,pre_cod_asig2,pre_cod_asig3,pre_cod_asig4,pre_cod_asig5,pre_cod_asig6,pre_cod_asig7 FROM tblaca009 WHERE pensum='5' AND c_uni_ca='3' AND c_asigna='300101' [1][0] OK
C:[15/11/2018 10:45:20.90][172.17.138.177][1352] SELECT pre_cod_asig1,pre_cod_asig2,pre_cod_asig3,pre_cod_asig4,pre_cod_asig5,pre_cod_asig6,pre_cod_asig7 FROM tblaca009 WHERE pensum='5' AND c_uni_ca='3' AND c_asigna='300112' [1][0] OK
C:[15/11/2018 10:45:20.15][172.17.138.177][1396] SELECT par_cod_asig1,par_cod_asig2,par_cod_asig3 FROM tblaca009 WHERE pensum='5' AND c_uni_ca='3' AND c_asigna='300101' [1][0] OK
C:[15/11/2018 10:45:20.15][172.17.138.177][1396] SELECT par_cod_asig1,par_cod_asig2,par_cod_asig3 FROM tblaca009 WHERE pensum='5' AND c_uni_ca='3' AND c_asigna='300112' [1][0] OK
C:[15/11/2018 10:45:20.41][172.17.138.177][1526] SELECT horas_lab FROM tblaca008 WHERE c_asigna='300101' AND horas_teoricas > 0 [1][0] OK
C:[15/11/2018 10:45:20.41][172.17.138.177][1526] SELECT horas_lab FROM tblaca008 WHERE c_asigna='300112' AND horas_teoricas > 0 [1][0] OK
C:[15/11/2018 11:21:09.64][172.17.138.177][1352] SELECT pre_cod_asig1,pre_cod_asig2,pre_cod_asig3,pre_cod_asig4,pre_cod_asig5,pre_cod_asig6,pre_cod_asig7 FROM tblaca009 WHERE pensum='5' AND c_uni_ca='5' AND c_asigna='300207' [1][0] OK
C:[15/11/2018 11:21:09.64][172.17.138.177][1365] SELECT c_asigna FROM dace004 WHERE exp_e='18-27438863' AND c_asigna='300101' AND status IN ('0','3','B') [1][0] OK
C:[15/11/2018 11:21:09.64][172.17.138.177][1352] SELECT pre_cod_asig1,pre_cod_asig2,pre_cod_asig3,pre_cod_asig4,pre_cod_asig5,pre_cod_asig6,pre_cod_asig7 FROM tblaca009 WHERE pensum='5' AND c_uni_ca='5' AND c_asigna='300209' [1][0] OK
C:[15/11/2018 11:21:09.64][172.17.138.177][1365] SELECT c_asigna FROM dace004 WHERE exp_e='18-27438863' AND c_asigna='300101' AND status IN ('0','3','B') [1][0] OK
C:[15/11/2018 11:21:09.64][172.17.138.177][1352] SELECT pre_cod_asig1,pre_cod_asig2,pre_cod_asig3,pre_cod_asig4,pre_cod_asig5,pre_cod_asig6,pre_cod_asig7 FROM tblaca009 WHERE pensum='5' AND c_uni_ca='5' AND c_asigna='300213' [1][0] OK
C:[15/11/2018 11:21:09.64][172.17.138.177][1365] SELECT c_asigna FROM dace004 WHERE exp_e='18-27438863' AND c_asigna='300101' AND status IN ('0','3','B') [1][0] OK
C:[15/11/2018 11:21:09.64][172.17.138.177][1352] SELECT pre_cod_asig1,pre_cod_asig2,pre_cod_asig3,pre_cod_asig4,pre_cod_asig5,pre_cod_asig6,pre_cod_asig7 FROM tblaca009 WHERE pensum='5' AND c_uni_ca='5' AND c_asigna='300218' [1][0] OK
C:[15/11/2018 11:21:09.64][172.17.138.177][1365] SELECT c_asigna FROM dace004 WHERE exp_e='18-27438863' AND c_asigna='300101' AND status IN ('0','3','B') [1][0] OK
C:[15/11/2018 11:21:09.64][172.17.138.177][1352] SELECT pre_cod_asig1,pre_cod_asig2,pre_cod_asig3,pre_cod_asig4,pre_cod_asig5,pre_cod_asig6,pre_cod_asig7 FROM tblaca009 WHERE pensum='5' AND c_uni_ca='5' AND c_asigna='300222' [1][0] OK
C:[15/11/2018 11:21:09.64][172.17.138.177][1365] SELECT c_asigna FROM dace004 WHERE exp_e='18-27438863' AND c_asigna='300112' AND status IN ('0','3','B') [1][0] OK
C:[15/11/2018 11:21:09.64][172.17.138.177][1352] SELECT pre_cod_asig1,pre_cod_asig2,pre_cod_asig3,pre_cod_asig4,pre_cod_asig5,pre_cod_asig6,pre_cod_asig7 FROM tblaca009 WHERE pensum='5' AND c_uni_ca='5' AND c_asigna='300228' [1][0] OK
C:[15/11/2018 11:21:09.64][172.17.138.177][1365] SELECT c_asigna FROM dace004 WHERE exp_e='18-27438863' AND c_asigna='300101' AND status IN ('0','3','B') [1][0] OK
C:[15/11/2018 11:21:09.17][172.17.138.177][1396] SELECT par_cod_asig1,par_cod_asig2,par_cod_asig3 FROM tblaca009 WHERE pensum='5' AND c_uni_ca='5' AND c_asigna='300207' [1][0] OK
C:[15/11/2018 11:21:09.17][172.17.138.177][1396] SELECT par_cod_asig1,par_cod_asig2,par_cod_asig3 FROM tblaca009 WHERE pensum='5' AND c_uni_ca='5' AND c_asigna='300209' [1][0] OK
C:[15/11/2018 11:21:09.17][172.17.138.177][1396] SELECT par_cod_asig1,par_cod_asig2,par_cod_asig3 FROM tblaca009 WHERE pensum='5' AND c_uni_ca='5' AND c_asigna='300213' [1][0] OK
C:[15/11/2018 11:21:09.17][172.17.138.177][1410] SELECT c_asigna FROM dace004 WHERE exp_e='18-27438863' AND c_asigna='300209' AND status IN ('0','3','B','C') [0][0] OK
C:[15/11/2018 11:21:09.17][172.17.138.177][1396] SELECT par_cod_asig1,par_cod_asig2,par_cod_asig3 FROM tblaca009 WHERE pensum='5' AND c_uni_ca='5' AND c_asigna='300218' [1][0] OK
C:[15/11/2018 11:21:09.17][172.17.138.177][1410] SELECT c_asigna FROM dace004 WHERE exp_e='18-27438863' AND c_asigna='300228' AND status IN ('0','3','B','C') [0][0] OK
C:[15/11/2018 11:21:09.17][172.17.138.177][1396] SELECT par_cod_asig1,par_cod_asig2,par_cod_asig3 FROM tblaca009 WHERE pensum='5' AND c_uni_ca='5' AND c_asigna='300222' [1][0] OK
C:[15/11/2018 11:21:09.17][172.17.138.177][1396] SELECT par_cod_asig1,par_cod_asig2,par_cod_asig3 FROM tblaca009 WHERE pensum='5' AND c_uni_ca='5' AND c_asigna='300228' [1][0] OK
C:[15/11/2018 11:21:09.30][172.17.138.177][1526] SELECT horas_lab FROM tblaca008 WHERE c_asigna='300207' AND horas_teoricas > 0 [1][0] OK
C:[15/11/2018 11:21:09.30][172.17.138.177][1526] SELECT horas_lab FROM tblaca008 WHERE c_asigna='300209' AND horas_teoricas > 0 [1][0] OK
C:[15/11/2018 11:21:09.30][172.17.138.177][1526] SELECT horas_lab FROM tblaca008 WHERE c_asigna='300213' AND horas_teoricas > 0 [1][0] OK
C:[15/11/2018 11:21:09.30][172.17.138.177][1526] SELECT horas_lab FROM tblaca008 WHERE c_asigna='300218' AND horas_teoricas > 0 [0][0] OK
C:[15/11/2018 11:21:09.30][172.17.138.177][1526] SELECT horas_lab FROM tblaca008 WHERE c_asigna='300222' AND horas_teoricas > 0 [1][0] OK
C:[15/11/2018 11:21:09.30][172.17.138.177][1526] SELECT horas_lab FROM tblaca008 WHERE c_asigna='300228' AND horas_teoricas > 0 [1][0] OK
C:[15/11/2018 16:22:48.22][172.17.140.68][1352] SELECT pre_cod_asig1,pre_cod_asig2,pre_cod_asig3,pre_cod_asig4,pre_cod_asig5,pre_cod_asig6,pre_cod_asig7 FROM tblaca009 WHERE pensum='5' AND c_uni_ca='4' AND c_asigna='300317' [1][0] OK
C:[15/11/2018 16:22:48.22][172.17.140.68][1365] SELECT c_asigna FROM dace004 WHERE exp_e='15-27112359' AND c_asigna='300207' AND status IN ('0','3','B') [1][0] OK
C:[15/11/2018 16:22:48.22][172.17.140.68][1365] SELECT c_asigna FROM dace004 WHERE exp_e='15-27112359' AND c_asigna='300209' AND status IN ('0','3','B') [1][0] OK
C:[15/11/2018 16:22:48.59][172.17.140.68][1396] SELECT par_cod_asig1,par_cod_asig2,par_cod_asig3 FROM tblaca009 WHERE pensum='5' AND c_uni_ca='4' AND c_asigna='300317' [1][0] OK
C:[15/11/2018 16:22:48.74][172.17.140.68][1526] SELECT horas_lab FROM tblaca008 WHERE c_asigna='300317' AND horas_teoricas > 0 [1][0] OK
C:[15/11/2018 16:23:44.77][172.17.140.68][1352] SELECT pre_cod_asig1,pre_cod_asig2,pre_cod_asig3,pre_cod_asig4,pre_cod_asig5,pre_cod_asig6,pre_cod_asig7 FROM tblaca009 WHERE pensum='5' AND c_uni_ca='5' AND c_asigna='300317' [1][0] OK
C:[15/11/2018 16:23:44.77][172.17.140.68][1365] SELECT c_asigna FROM dace004 WHERE exp_e='15-26753664' AND c_asigna='300207' AND status IN ('0','3','B') [1][0] OK
C:[15/11/2018 16:23:44.77][172.17.140.68][1365] SELECT c_asigna FROM dace004 WHERE exp_e='15-26753664' AND c_asigna='300209' AND status IN ('0','3','B') [1][0] OK
C:[15/11/2018 16:23:45.15][172.17.140.68][1396] SELECT par_cod_asig1,par_cod_asig2,par_cod_asig3 FROM tblaca009 WHERE pensum='5' AND c_uni_ca='5' AND c_asigna='300317' [1][0] OK
C:[15/11/2018 16:23:45.29][172.17.140.68][1526] SELECT horas_lab FROM tblaca008 WHERE c_asigna='300317' AND horas_teoricas > 0 [1][0] OK
C:[16/11/2018 10:05:46.29][172.17.119.105][1352] SELECT pre_cod_asig1,pre_cod_asig2,pre_cod_asig3,pre_cod_asig4,pre_cod_asig5,pre_cod_asig6,pre_cod_asig7 FROM tblaca009 WHERE pensum='5' AND c_uni_ca='3' AND c_asigna='300207' [1][0] OK
C:[16/11/2018 10:05:46.29][172.17.119.105][1365] SELECT c_asigna FROM dace004 WHERE exp_e='16-27293532' AND c_asigna='300101' AND status IN ('0','3','B') [1][0] OK
C:[16/11/2018 10:05:46.29][172.17.119.105][1352] SELECT pre_cod_asig1,pre_cod_asig2,pre_cod_asig3,pre_cod_asig4,pre_cod_asig5,pre_cod_asig6,pre_cod_asig7 FROM tblaca009 WHERE pensum='5' AND c_uni_ca='3' AND c_asigna='300213' [1][0] OK
C:[16/11/2018 10:05:46.29][172.17.119.105][1365] SELECT c_asigna FROM dace004 WHERE exp_e='16-27293532' AND c_asigna='300101' AND status IN ('0','3','B') [1][0] OK
C:[16/11/2018 10:05:46.29][172.17.119.105][1352] SELECT pre_cod_asig1,pre_cod_asig2,pre_cod_asig3,pre_cod_asig4,pre_cod_asig5,pre_cod_asig6,pre_cod_asig7 FROM tblaca009 WHERE pensum='5' AND c_uni_ca='3' AND c_asigna='300218' [1][0] OK
C:[16/11/2018 10:05:46.29][172.17.119.105][1365] SELECT c_asigna FROM dace004 WHERE exp_e='16-27293532' AND c_asigna='300101' AND status IN ('0','3','B') [1][0] OK
C:[16/11/2018 10:05:46.29][172.17.119.105][1352] SELECT pre_cod_asig1,pre_cod_asig2,pre_cod_asig3,pre_cod_asig4,pre_cod_asig5,pre_cod_asig6,pre_cod_asig7 FROM tblaca009 WHERE pensum='5' AND c_uni_ca='3' AND c_asigna='300228' [1][0] OK
C:[16/11/2018 10:05:46.29][172.17.119.105][1365] SELECT c_asigna FROM dace004 WHERE exp_e='16-27293532' AND c_asigna='300101' AND status IN ('0','3','B') [1][0] OK
C:[16/11/2018 10:05:46.29][172.17.119.105][1352] SELECT pre_cod_asig1,pre_cod_asig2,pre_cod_asig3,pre_cod_asig4,pre_cod_asig5,pre_cod_asig6,pre_cod_asig7 FROM tblaca009 WHERE pensum='5' AND c_uni_ca='3' AND c_asigna='311320' [1][0] OK
C:[16/11/2018 10:05:46.29][172.17.119.105][1365] SELECT c_asigna FROM dace004 WHERE exp_e='16-27293532' AND c_asigna='300013' AND status IN ('0','3','B') [1][0] OK
C:[16/11/2018 10:05:46.29][172.17.119.105][1365] SELECT c_asigna FROM dace004 WHERE exp_e='16-27293532' AND c_asigna='300113' AND status IN ('0','3','B') [1][0] OK
C:[16/11/2018 10:05:47.67][172.17.119.105][1396] SELECT par_cod_asig1,par_cod_asig2,par_cod_asig3 FROM tblaca009 WHERE pensum='5' AND c_uni_ca='3' AND c_asigna='300207' [1][0] OK
C:[16/11/2018 10:05:47.67][172.17.119.105][1396] SELECT par_cod_asig1,par_cod_asig2,par_cod_asig3 FROM tblaca009 WHERE pensum='5' AND c_uni_ca='3' AND c_asigna='300213' [1][0] OK
C:[16/11/2018 10:05:47.67][172.17.119.105][1410] SELECT c_asigna FROM dace004 WHERE exp_e='16-27293532' AND c_asigna='300209' AND status IN ('0','3','B','C') [1][0] OK
C:[16/11/2018 10:05:47.67][172.17.119.105][1396] SELECT par_cod_asig1,par_cod_asig2,par_cod_asig3 FROM tblaca009 WHERE pensum='5' AND c_uni_ca='3' AND c_asigna='300218' [1][0] OK
C:[16/11/2018 10:05:47.67][172.17.119.105][1410] SELECT c_asigna FROM dace004 WHERE exp_e='16-27293532' AND c_asigna='300228' AND status IN ('0','3','B','C') [0][0] OK
C:[16/11/2018 10:05:47.67][172.17.119.105][1396] SELECT par_cod_asig1,par_cod_asig2,par_cod_asig3 FROM tblaca009 WHERE pensum='5' AND c_uni_ca='3' AND c_asigna='300228' [1][0] OK
C:[16/11/2018 10:05:47.67][172.17.119.105][1396] SELECT par_cod_asig1,par_cod_asig2,par_cod_asig3 FROM tblaca009 WHERE pensum='5' AND c_uni_ca='3' AND c_asigna='311320' [1][0] OK
C:[16/11/2018 10:05:47.56][172.17.119.105][1526] SELECT horas_lab FROM tblaca008 WHERE c_asigna='300207' AND horas_teoricas > 0 [1][0] OK
C:[16/11/2018 10:05:47.56][172.17.119.105][1526] SELECT horas_lab FROM tblaca008 WHERE c_asigna='300213' AND horas_teoricas > 0 [1][0] OK
C:[16/11/2018 10:05:47.56][172.17.119.105][1526] SELECT horas_lab FROM tblaca008 WHERE c_asigna='300218' AND horas_teoricas > 0 [0][0] OK
C:[16/11/2018 10:05:47.56][172.17.119.105][1526] SELECT horas_lab FROM tblaca008 WHERE c_asigna='300228' AND horas_teoricas > 0 [1][0] OK
C:[16/11/2018 10:05:47.56][172.17.119.105][1526] SELECT horas_lab FROM tblaca008 WHERE c_asigna='311320' AND horas_teoricas > 0 [1][0] OK
C:[16/11/2018 10:38:45.00][172.16.4.246][1352] SELECT pre_cod_asig1,pre_cod_asig2,pre_cod_asig3,pre_cod_asig4,pre_cod_asig5,pre_cod_asig6,pre_cod_asig7 FROM tblaca009 WHERE pensum='5' AND c_uni_ca='2' AND c_asigna='300422' [1][0] OK
C:[16/11/2018 10:38:45.00][172.16.4.246][1365] SELECT c_asigna FROM dace004 WHERE exp_e='14-26459091' AND c_asigna='300105' AND status IN ('0','3','B') [1][0] OK
C:[16/11/2018 10:38:45.00][172.16.4.246][1365] SELECT c_asigna FROM dace004 WHERE exp_e='14-26459091' AND c_asigna='300314' AND status IN ('0','3','B') [1][0] OK
C:[16/11/2018 10:38:45.00][172.16.4.246][1352] SELECT pre_cod_asig1,pre_cod_asig2,pre_cod_asig3,pre_cod_asig4,pre_cod_asig5,pre_cod_asig6,pre_cod_asig7 FROM tblaca009 WHERE pensum='5' AND c_uni_ca='2' AND c_asigna='311561' [1][0] OK
C:[16/11/2018 10:38:45.00][172.16.4.246][1365] SELECT c_asigna FROM dace004 WHERE exp_e='14-26459091' AND c_asigna='300318' AND status IN ('0','3','B') [1][0] OK
C:[16/11/2018 10:38:45.00][172.16.4.246][1352] SELECT pre_cod_asig1,pre_cod_asig2,pre_cod_asig3,pre_cod_asig4,pre_cod_asig5,pre_cod_asig6,pre_cod_asig7 FROM tblaca009 WHERE pensum='5' AND c_uni_ca='2' AND c_asigna='322550' [1][0] OK
C:[16/11/2018 10:38:45.00][172.16.4.246][1365] SELECT c_asigna FROM dace004 WHERE exp_e='14-26459091' AND c_asigna='322433' AND status IN ('0','3','B') [1][0] OK
C:[16/11/2018 10:38:45.00][172.16.4.246][1352] SELECT pre_cod_asig1,pre_cod_asig2,pre_cod_asig3,pre_cod_asig4,pre_cod_asig5,pre_cod_asig6,pre_cod_asig7 FROM tblaca009 WHERE pensum='5' AND c_uni_ca='2' AND c_asigna='322559' [1][0] OK
C:[16/11/2018 10:38:45.00][172.16.4.246][1365] SELECT c_asigna FROM dace004 WHERE exp_e='14-26459091' AND c_asigna='300428' AND status IN ('0','3','B') [1][0] OK
C:[16/11/2018 10:38:45.00][172.16.4.246][1365] SELECT c_asigna FROM dace004 WHERE exp_e='14-26459091' AND c_asigna='322436' AND status IN ('0','3','B') [1][0] OK
C:[16/11/2018 10:38:45.00][172.16.4.246][1352] SELECT pre_cod_asig1,pre_cod_asig2,pre_cod_asig3,pre_cod_asig4,pre_cod_asig5,pre_cod_asig6,pre_cod_asig7 FROM tblaca009 WHERE pensum='5' AND c_uni_ca='2' AND c_asigna='322560' [1][0] OK
C:[16/11/2018 10:38:45.00][172.16.4.246][1352] SELECT pre_cod_asig1,pre_cod_asig2,pre_cod_asig3,pre_cod_asig4,pre_cod_asig5,pre_cod_asig6,pre_cod_asig7 FROM tblaca009 WHERE pensum='5' AND c_uni_ca='2' AND c_asigna='323528' [1][0] OK
C:[16/11/2018 10:38:45.00][172.16.4.246][1352] SELECT pre_cod_asig1,pre_cod_asig2,pre_cod_asig3,pre_cod_asig4,pre_cod_asig5,pre_cod_asig6,pre_cod_asig7 FROM tblaca009 WHERE pensum='5' AND c_uni_ca='2' AND c_asigna='300676' [1][0] OK
C:[16/11/2018 10:38:45.00][172.16.4.246][1352] SELECT pre_cod_asig1,pre_cod_asig2,pre_cod_asig3,pre_cod_asig4,pre_cod_asig5,pre_cod_asig6,pre_cod_asig7 FROM tblaca009 WHERE pensum='5' AND c_uni_ca='2' AND c_asigna='322681' [1][0] OK
C:[16/11/2018 10:38:45.00][172.16.4.246][1365] SELECT c_asigna FROM dace004 WHERE exp_e='14-26459091' AND c_asigna='320437' AND status IN ('0','3','B') [1][0] OK
C:[16/11/2018 10:38:45.00][172.16.4.246][1365] SELECT c_asigna FROM dace004 WHERE exp_e='14-26459091' AND c_asigna='322449' AND status IN ('0','3','B') [1][0] OK
C:[16/11/2018 10:38:45.00][172.16.4.246][1365] SELECT c_asigna FROM dace004 WHERE exp_e='14-26459091' AND c_asigna='300313' AND status IN ('0','3','B') [1][0] OK
C:[16/11/2018 10:38:45.00][172.16.4.246][1365] SELECT c_asigna FROM dace004 WHERE exp_e='14-26459091' AND c_asigna='300209' AND status IN ('0','3','B') [1][0] OK
C:[16/11/2018 10:38:45.00][172.16.4.246][1365] SELECT c_asigna FROM dace004 WHERE exp_e='14-26459091' AND c_asigna='300226' AND status IN ('0','3','B') [1][0] OK
C:[16/11/2018 10:38:46.37][172.16.4.246][1396] SELECT par_cod_asig1,par_cod_asig2,par_cod_asig3 FROM tblaca009 WHERE pensum='5' AND c_uni_ca='2' AND c_asigna='300422' [1][0] OK
C:[16/11/2018 10:38:46.37][172.16.4.246][1396] SELECT par_cod_asig1,par_cod_asig2,par_cod_asig3 FROM tblaca009 WHERE pensum='5' AND c_uni_ca='2' AND c_asigna='311561' [1][0] OK
C:[16/11/2018 10:38:46.37][172.16.4.246][1396] SELECT par_cod_asig1,par_cod_asig2,par_cod_asig3 FROM tblaca009 WHERE pensum='5' AND c_uni_ca='2' AND c_asigna='322550' [1][0] OK
C:[16/11/2018 10:38:46.37][172.16.4.246][1396] SELECT par_cod_asig1,par_cod_asig2,par_cod_asig3 FROM tblaca009 WHERE pensum='5' AND c_uni_ca='2' AND c_asigna='322559' [1][0] OK
C:[16/11/2018 10:38:46.37][172.16.4.246][1396] SELECT par_cod_asig1,par_cod_asig2,par_cod_asig3 FROM tblaca009 WHERE pensum='5' AND c_uni_ca='2' AND c_asigna='322560' [1][0] OK
C:[16/11/2018 10:38:46.37][172.16.4.246][1410] SELECT c_asigna FROM dace004 WHERE exp_e='14-26459091' AND c_asigna='323528' AND status IN ('0','3','B','C') [0][0] OK
C:[16/11/2018 10:38:46.37][172.16.4.246][1396] SELECT par_cod_asig1,par_cod_asig2,par_cod_asig3 FROM tblaca009 WHERE pensum='5' AND c_uni_ca='2' AND c_asigna='323528' [1][0] OK
C:[16/11/2018 10:38:46.37][172.16.4.246][1396] SELECT par_cod_asig1,par_cod_asig2,par_cod_asig3 FROM tblaca009 WHERE pensum='5' AND c_uni_ca='2' AND c_asigna='300676' [1][0] OK
C:[16/11/2018 10:38:46.37][172.16.4.246][1396] SELECT par_cod_asig1,par_cod_asig2,par_cod_asig3 FROM tblaca009 WHERE pensum='5' AND c_uni_ca='2' AND c_asigna='322681' [1][0] OK
C:[16/11/2018 10:38:46.53][172.16.4.246][1526] SELECT horas_lab FROM tblaca008 WHERE c_asigna='300422' AND horas_teoricas > 0 [0][0] OK
C:[16/11/2018 10:38:46.53][172.16.4.246][1526] SELECT horas_lab FROM tblaca008 WHERE c_asigna='311561' AND horas_teoricas > 0 [1][0] OK
C:[16/11/2018 10:38:46.53][172.16.4.246][1526] SELECT horas_lab FROM tblaca008 WHERE c_asigna='322550' AND horas_teoricas > 0 [1][0] OK
C:[16/11/2018 10:38:46.53][172.16.4.246][1526] SELECT horas_lab FROM tblaca008 WHERE c_asigna='322559' AND horas_teoricas > 0 [1][0] OK
C:[16/11/2018 10:38:46.53][172.16.4.246][1526] SELECT horas_lab FROM tblaca008 WHERE c_asigna='322560' AND horas_teoricas > 0 [1][0] OK
C:[16/11/2018 10:38:46.53][172.16.4.246][1526] SELECT horas_lab FROM tblaca008 WHERE c_asigna='323528' AND horas_teoricas > 0 [1][0] OK
C:[16/11/2018 10:38:46.53][172.16.4.246][1526] SELECT horas_lab FROM tblaca008 WHERE c_asigna='300676' AND horas_teoricas > 0 [1][0] OK
C:[16/11/2018 10:38:46.53][172.16.4.246][1526] SELECT horas_lab FROM tblaca008 WHERE c_asigna='322681' AND horas_teoricas > 0 [1][0] OK
C:[19/11/2018 08:31:53.16][172.16.5.64][1352] SELECT pre_cod_asig1,pre_cod_asig2,pre_cod_asig3,pre_cod_asig4,pre_cod_asig5,pre_cod_asig6,pre_cod_asig7 FROM tblaca009 WHERE pensum='5' AND c_uni_ca='2' AND c_asigna='300209' [1][0] OK
C:[19/11/2018 08:31:53.16][172.16.5.64][1365] SELECT c_asigna FROM dace004 WHERE exp_e='18-28518346' AND c_asigna='300101' AND status IN ('0','3','B') [1][0] OK
C:[19/11/2018 08:31:53.16][172.16.5.64][1352] SELECT pre_cod_asig1,pre_cod_asig2,pre_cod_asig3,pre_cod_asig4,pre_cod_asig5,pre_cod_asig6,pre_cod_asig7 FROM tblaca009 WHERE pensum='5' AND c_uni_ca='2' AND c_asigna='300218' [1][0] OK
C:[19/11/2018 08:31:53.16][172.16.5.64][1365] SELECT c_asigna FROM dace004 WHERE exp_e='18-28518346' AND c_asigna='300101' AND status IN ('0','3','B') [1][0] OK
C:[19/11/2018 08:31:53.16][172.16.5.64][1352] SELECT pre_cod_asig1,pre_cod_asig2,pre_cod_asig3,pre_cod_asig4,pre_cod_asig5,pre_cod_asig6,pre_cod_asig7 FROM tblaca009 WHERE pensum='5' AND c_uni_ca='2' AND c_asigna='300222' [1][0] OK
C:[19/11/2018 08:31:53.16][172.16.5.64][1365] SELECT c_asigna FROM dace004 WHERE exp_e='18-28518346' AND c_asigna='300112' AND status IN ('0','3','B') [1][0] OK
C:[19/11/2018 08:31:53.16][172.16.5.64][1352] SELECT pre_cod_asig1,pre_cod_asig2,pre_cod_asig3,pre_cod_asig4,pre_cod_asig5,pre_cod_asig6,pre_cod_asig7 FROM tblaca009 WHERE pensum='5' AND c_uni_ca='2' AND c_asigna='300228' [1][0] OK
C:[19/11/2018 08:31:53.16][172.16.5.64][1365] SELECT c_asigna FROM dace004 WHERE exp_e='18-28518346' AND c_asigna='300101' AND status IN ('0','3','B') [1][0] OK
C:[19/11/2018 08:31:53.16][172.16.5.64][1352] SELECT pre_cod_asig1,pre_cod_asig2,pre_cod_asig3,pre_cod_asig4,pre_cod_asig5,pre_cod_asig6,pre_cod_asig7 FROM tblaca009 WHERE pensum='5' AND c_uni_ca='2' AND c_asigna='300314' [1][0] OK
C:[19/11/2018 08:31:53.16][172.16.5.64][1365] SELECT c_asigna FROM dace004 WHERE exp_e='18-28518346' AND c_asigna='300106' AND status IN ('0','3','B') [1][0] OK
C:[19/11/2018 08:31:54.00][172.16.5.64][1396] SELECT par_cod_asig1,par_cod_asig2,par_cod_asig3 FROM tblaca009 WHERE pensum='5' AND c_uni_ca='2' AND c_asigna='300209' [1][0] OK
C:[19/11/2018 08:31:54.00][172.16.5.64][1396] SELECT par_cod_asig1,par_cod_asig2,par_cod_asig3 FROM tblaca009 WHERE pensum='5' AND c_uni_ca='2' AND c_asigna='300218' [1][0] OK
C:[19/11/2018 08:31:54.00][172.16.5.64][1410] SELECT c_asigna FROM dace004 WHERE exp_e='18-28518346' AND c_asigna='300228' AND status IN ('0','3','B','C') [0][0] OK
C:[19/11/2018 08:31:54.00][172.16.5.64][1396] SELECT par_cod_asig1,par_cod_asig2,par_cod_asig3 FROM tblaca009 WHERE pensum='5' AND c_uni_ca='2' AND c_asigna='300222' [1][0] OK
C:[19/11/2018 08:31:54.00][172.16.5.64][1396] SELECT par_cod_asig1,par_cod_asig2,par_cod_asig3 FROM tblaca009 WHERE pensum='5' AND c_uni_ca='2' AND c_asigna='300228' [1][0] OK
C:[19/11/2018 08:31:54.00][172.16.5.64][1396] SELECT par_cod_asig1,par_cod_asig2,par_cod_asig3 FROM tblaca009 WHERE pensum='5' AND c_uni_ca='2' AND c_asigna='300314' [1][0] OK
C:[19/11/2018 08:31:54.77][172.16.5.64][1526] SELECT horas_lab FROM tblaca008 WHERE c_asigna='300209' AND horas_teoricas > 0 [1][0] OK
C:[19/11/2018 08:31:54.77][172.16.5.64][1526] SELECT horas_lab FROM tblaca008 WHERE c_asigna='300218' AND horas_teoricas > 0 [0][0] OK
C:[19/11/2018 08:31:54.77][172.16.5.64][1526] SELECT horas_lab FROM tblaca008 WHERE c_asigna='300222' AND horas_teoricas > 0 [1][0] OK
C:[19/11/2018 08:31:54.77][172.16.5.64][1526] SELECT horas_lab FROM tblaca008 WHERE c_asigna='300228' AND horas_teoricas > 0 [1][0] OK
C:[19/11/2018 08:31:54.77][172.16.5.64][1526] SELECT horas_lab FROM tblaca008 WHERE c_asigna='300314' AND horas_teoricas > 0 [0][0] OK
C:[19/11/2018 09:24:52.78][172.17.117.149][1352] SELECT pre_cod_asig1,pre_cod_asig2,pre_cod_asig3,pre_cod_asig4,pre_cod_asig5,pre_cod_asig6,pre_cod_asig7 FROM tblaca009 WHERE pensum='5' AND c_uni_ca='3' AND c_asigna='311704' [1][0] OK
C:[19/11/2018 09:24:52.78][172.17.117.149][1365] SELECT c_asigna FROM dace004 WHERE exp_e='12-25696112' AND c_asigna='315671' AND status IN ('0','3','B') [1][0] OK
C:[19/11/2018 09:24:52.78][172.17.117.149][1352] SELECT pre_cod_asig1,pre_cod_asig2,pre_cod_asig3,pre_cod_asig4,pre_cod_asig5,pre_cod_asig6,pre_cod_asig7 FROM tblaca009 WHERE pensum='5' AND c_uni_ca='3' AND c_asigna='311822' [1][0] OK
C:[19/11/2018 09:24:52.78][172.17.117.149][1365] SELECT c_asigna FROM dace004 WHERE exp_e='12-25696112' AND c_asigna='311795' AND status IN ('0','3','B') [1][0] OK
C:[19/11/2018 09:24:52.78][172.17.117.149][1352] SELECT pre_cod_asig1,pre_cod_asig2,pre_cod_asig3,pre_cod_asig4,pre_cod_asig5,pre_cod_asig6,pre_cod_asig7 FROM tblaca009 WHERE pensum='5' AND c_uni_ca='3' AND c_asigna='300956' [1][0] OK
C:[19/11/2018 09:24:52.78][172.17.117.149][1365] SELECT c_asigna FROM dace004 WHERE exp_e='12-25696112' AND c_asigna='300422' AND status IN ('0','3','B') [1][0] OK
C:[19/11/2018 09:24:52.78][172.17.117.149][1365] SELECT c_asigna FROM dace004 WHERE exp_e='12-25696112' AND c_asigna='300105' AND status IN ('0','3','B') [1][0] OK
C:[19/11/2018 09:24:52.78][172.17.117.149][1365] SELECT c_asigna FROM dace004 WHERE exp_e='12-25696112' AND c_asigna='300314' AND status IN ('0','3','B') [1][0] OK
C:[19/11/2018 09:24:52.78][172.17.117.149][1352] SELECT pre_cod_asig1,pre_cod_asig2,pre_cod_asig3,pre_cod_asig4,pre_cod_asig5,pre_cod_asig6,pre_cod_asig7 FROM tblaca009 WHERE pensum='5' AND c_uni_ca='3' AND c_asigna='300870' [1][0] OK
C:[19/11/2018 09:24:52.78][172.17.117.149][1352] SELECT pre_cod_asig1,pre_cod_asig2,pre_cod_asig3,pre_cod_asig4,pre_cod_asig5,pre_cod_asig6,pre_cod_asig7 FROM tblaca009 WHERE pensum='5' AND c_uni_ca='3' AND c_asigna='311933' [1][0] OK
C:[19/11/2018 09:24:52.78][172.17.117.149][1352] SELECT pre_cod_asig1,pre_cod_asig2,pre_cod_asig3,pre_cod_asig4,pre_cod_asig5,pre_cod_asig6,pre_cod_asig7 FROM tblaca009 WHERE pensum='5' AND c_uni_ca='3' AND c_asigna='311981' [1][0] OK
C:[19/11/2018 09:24:52.78][172.17.117.149][1365] SELECT c_asigna FROM dace004 WHERE exp_e='12-25696112' AND c_asigna='311824' AND status IN ('0','3','B') [1][0] OK
C:[19/11/2018 09:24:53.38][172.17.117.149][1396] SELECT par_cod_asig1,par_cod_asig2,par_cod_asig3 FROM tblaca009 WHERE pensum='5' AND c_uni_ca='3' AND c_asigna='311704' [1][0] OK
C:[19/11/2018 09:24:53.38][172.17.117.149][1396] SELECT par_cod_asig1,par_cod_asig2,par_cod_asig3 FROM tblaca009 WHERE pensum='5' AND c_uni_ca='3' AND c_asigna='311822' [1][0] OK
C:[19/11/2018 09:24:53.38][172.17.117.149][1396] SELECT par_cod_asig1,par_cod_asig2,par_cod_asig3 FROM tblaca009 WHERE pensum='5' AND c_uni_ca='3' AND c_asigna='300956' [1][0] OK
C:[19/11/2018 09:24:53.38][172.17.117.149][1396] SELECT par_cod_asig1,par_cod_asig2,par_cod_asig3 FROM tblaca009 WHERE pensum='5' AND c_uni_ca='3' AND c_asigna='300870' [1][0] OK
C:[19/11/2018 09:24:53.38][172.17.117.149][1396] SELECT par_cod_asig1,par_cod_asig2,par_cod_asig3 FROM tblaca009 WHERE pensum='5' AND c_uni_ca='3' AND c_asigna='311933' [1][0] OK
C:[19/11/2018 09:24:53.38][172.17.117.149][1396] SELECT par_cod_asig1,par_cod_asig2,par_cod_asig3 FROM tblaca009 WHERE pensum='5' AND c_uni_ca='3' AND c_asigna='311981' [1][0] OK
C:[19/11/2018 09:24:53.05][172.17.117.149][1526] SELECT horas_lab FROM tblaca008 WHERE c_asigna='311704' AND horas_teoricas > 0 [1][0] OK
C:[19/11/2018 09:24:53.05][172.17.117.149][1526] SELECT horas_lab FROM tblaca008 WHERE c_asigna='311822' AND horas_teoricas > 0 [1][0] OK
C:[19/11/2018 09:24:53.05][172.17.117.149][1526] SELECT horas_lab FROM tblaca008 WHERE c_asigna='300956' AND horas_teoricas > 0 [1][0] OK
C:[19/11/2018 09:24:53.05][172.17.117.149][1526] SELECT horas_lab FROM tblaca008 WHERE c_asigna='300870' AND horas_teoricas > 0 [1][0] OK
C:[19/11/2018 09:24:53.05][172.17.117.149][1526] SELECT horas_lab FROM tblaca008 WHERE c_asigna='311933' AND horas_teoricas > 0 [1][0] OK
C:[19/11/2018 09:24:53.05][172.17.117.149][1526] SELECT horas_lab FROM tblaca008 WHERE c_asigna='311981' AND horas_teoricas > 0 [1][0] OK
C:[19/11/2018 11:18:55.58][172.17.117.149][1352] SELECT pre_cod_asig1,pre_cod_asig2,pre_cod_asig3,pre_cod_asig4,pre_cod_asig5,pre_cod_asig6,pre_cod_asig7 FROM tblaca009 WHERE pensum='5' AND c_uni_ca='3' AND c_asigna='300013' [1][0] OK
C:[19/11/2018 11:18:55.58][172.17.117.149][1352] SELECT pre_cod_asig1,pre_cod_asig2,pre_cod_asig3,pre_cod_asig4,pre_cod_asig5,pre_cod_asig6,pre_cod_asig7 FROM tblaca009 WHERE pensum='5' AND c_uni_ca='3' AND c_asigna='300101' [1][0] OK
C:[19/11/2018 11:18:55.58][172.17.117.149][1352] SELECT pre_cod_asig1,pre_cod_asig2,pre_cod_asig3,pre_cod_asig4,pre_cod_asig5,pre_cod_asig6,pre_cod_asig7 FROM tblaca009 WHERE pensum='5' AND c_uni_ca='3' AND c_asigna='300112' [1][0] OK
C:[19/11/2018 11:18:55.58][172.17.117.149][1352] SELECT pre_cod_asig1,pre_cod_asig2,pre_cod_asig3,pre_cod_asig4,pre_cod_asig5,pre_cod_asig6,pre_cod_asig7 FROM tblaca009 WHERE pensum='5' AND c_uni_ca='3' AND c_asigna='300113' [1][0] OK
C:[19/11/2018 11:18:55.58][172.17.117.149][1352] SELECT pre_cod_asig1,pre_cod_asig2,pre_cod_asig3,pre_cod_asig4,pre_cod_asig5,pre_cod_asig6,pre_cod_asig7 FROM tblaca009 WHERE pensum='5' AND c_uni_ca='3' AND c_asigna='300116' [1][0] OK
C:[19/11/2018 11:18:55.58][172.17.117.149][1352] SELECT pre_cod_asig1,pre_cod_asig2,pre_cod_asig3,pre_cod_asig4,pre_cod_asig5,pre_cod_asig6,pre_cod_asig7 FROM tblaca009 WHERE pensum='5' AND c_uni_ca='3' AND c_asigna='300314' [1][0] OK
C:[19/11/2018 11:18:55.58][172.17.117.149][1365] SELECT c_asigna FROM dace004 WHERE exp_e='18-26999699' AND c_asigna='300106' AND status IN ('0','3','B') [1][0] OK
C:[19/11/2018 11:18:55.47][172.17.117.149][1396] SELECT par_cod_asig1,par_cod_asig2,par_cod_asig3 FROM tblaca009 WHERE pensum='5' AND c_uni_ca='3' AND c_asigna='300013' [1][0] OK
C:[19/11/2018 11:18:55.47][172.17.117.149][1396] SELECT par_cod_asig1,par_cod_asig2,par_cod_asig3 FROM tblaca009 WHERE pensum='5' AND c_uni_ca='3' AND c_asigna='300101' [1][0] OK
C:[19/11/2018 11:18:55.47][172.17.117.149][1396] SELECT par_cod_asig1,par_cod_asig2,par_cod_asig3 FROM tblaca009 WHERE pensum='5' AND c_uni_ca='3' AND c_asigna='300112' [1][0] OK
C:[19/11/2018 11:18:55.47][172.17.117.149][1396] SELECT par_cod_asig1,par_cod_asig2,par_cod_asig3 FROM tblaca009 WHERE pensum='5' AND c_uni_ca='3' AND c_asigna='300113' [1][0] OK
C:[19/11/2018 11:18:55.47][172.17.117.149][1410] SELECT c_asigna FROM dace004 WHERE exp_e='18-26999699' AND c_asigna='300013' AND status IN ('0','3','B','C') [0][0] OK
C:[19/11/2018 11:18:55.47][172.17.117.149][1396] SELECT par_cod_asig1,par_cod_asig2,par_cod_asig3 FROM tblaca009 WHERE pensum='5' AND c_uni_ca='3' AND c_asigna='300116' [1][0] OK
C:[19/11/2018 11:18:55.47][172.17.117.149][1396] SELECT par_cod_asig1,par_cod_asig2,par_cod_asig3 FROM tblaca009 WHERE pensum='5' AND c_uni_ca='3' AND c_asigna='300314' [1][0] OK
C:[19/11/2018 11:18:55.37][172.17.117.149][1526] SELECT horas_lab FROM tblaca008 WHERE c_asigna='300013' AND horas_teoricas > 0 [1][0] OK
C:[19/11/2018 11:18:55.37][172.17.117.149][1526] SELECT horas_lab FROM tblaca008 WHERE c_asigna='300101' AND horas_teoricas > 0 [1][0] OK
C:[19/11/2018 11:18:55.37][172.17.117.149][1526] SELECT horas_lab FROM tblaca008 WHERE c_asigna='300112' AND horas_teoricas > 0 [1][0] OK
C:[19/11/2018 11:18:55.37][172.17.117.149][1526] SELECT horas_lab FROM tblaca008 WHERE c_asigna='300113' AND horas_teoricas > 0 [0][0] OK
C:[19/11/2018 11:18:55.37][172.17.117.149][1526] SELECT horas_lab FROM tblaca008 WHERE c_asigna='300116' AND horas_teoricas > 0 [1][0] OK
C:[19/11/2018 11:18:55.37][172.17.117.149][1526] SELECT horas_lab FROM tblaca008 WHERE c_asigna='300314' AND horas_teoricas > 0 [0][0] OK
C:[19/11/2018 12:54:23.75][172.17.141.164][1352] SELECT pre_cod_asig1,pre_cod_asig2,pre_cod_asig3,pre_cod_asig4,pre_cod_asig5,pre_cod_asig6,pre_cod_asig7 FROM tblaca009 WHERE pensum='5' AND c_uni_ca='2' AND c_asigna='300317' [1][0] OK
C:[19/11/2018 12:54:23.75][172.17.141.164][1365] SELECT c_asigna FROM dace004 WHERE exp_e='14-25446975' AND c_asigna='300207' AND status IN ('0','3','B') [1][0] OK
C:[19/11/2018 12:54:23.75][172.17.141.164][1365] SELECT c_asigna FROM dace004 WHERE exp_e='14-25446975' AND c_asigna='300209' AND status IN ('0','3','B') [1][0] OK
C:[19/11/2018 12:54:23.75][172.17.141.164][1352] SELECT pre_cod_asig1,pre_cod_asig2,pre_cod_asig3,pre_cod_asig4,pre_cod_asig5,pre_cod_asig6,pre_cod_asig7 FROM tblaca009 WHERE pensum='5' AND c_uni_ca='2' AND c_asigna='300213' [1][0] OK
C:[19/11/2018 12:54:23.75][172.17.141.164][1365] SELECT c_asigna FROM dace004 WHERE exp_e='14-25446975' AND c_asigna='300101' AND status IN ('0','3','B') [1][0] OK
C:[19/11/2018 12:54:23.75][172.17.141.164][1352] SELECT pre_cod_asig1,pre_cod_asig2,pre_cod_asig3,pre_cod_asig4,pre_cod_asig5,pre_cod_asig6,pre_cod_asig7 FROM tblaca009 WHERE pensum='5' AND c_uni_ca='2' AND c_asigna='300314' [1][0] OK
C:[19/11/2018 12:54:23.75][172.17.141.164][1365] SELECT c_asigna FROM dace004 WHERE exp_e='14-25446975' AND c_asigna='300106' AND status IN ('0','3','B') [1][0] OK
C:[19/11/2018 12:54:23.62][172.17.141.164][1396] SELECT par_cod_asig1,par_cod_asig2,par_cod_asig3 FROM tblaca009 WHERE pensum='5' AND c_uni_ca='2' AND c_asigna='300317' [1][0] OK
C:[19/11/2018 12:54:23.62][172.17.141.164][1396] SELECT par_cod_asig1,par_cod_asig2,par_cod_asig3 FROM tblaca009 WHERE pensum='5' AND c_uni_ca='2' AND c_asigna='300213' [1][0] OK
C:[19/11/2018 12:54:23.62][172.17.141.164][1410] SELECT c_asigna FROM dace004 WHERE exp_e='14-25446975' AND c_asigna='300209' AND status IN ('0','3','B','C') [1][0] OK
C:[19/11/2018 12:54:23.62][172.17.141.164][1396] SELECT par_cod_asig1,par_cod_asig2,par_cod_asig3 FROM tblaca009 WHERE pensum='5' AND c_uni_ca='2' AND c_asigna='300314' [1][0] OK
C:[19/11/2018 12:54:23.14][172.17.141.164][1526] SELECT horas_lab FROM tblaca008 WHERE c_asigna='300317' AND horas_teoricas > 0 [1][0] OK
C:[19/11/2018 14:53:50.56][172.16.5.84][1352] SELECT pre_cod_asig1,pre_cod_asig2,pre_cod_asig3,pre_cod_asig4,pre_cod_asig5,pre_cod_asig6,pre_cod_asig7 FROM tblaca009 WHERE pensum='5' AND c_uni_ca='2' AND c_asigna='320323' [1][0] OK
C:[19/11/2018 14:53:50.56][172.16.5.84][1365] SELECT c_asigna FROM dace004 WHERE exp_e='15-24535878' AND c_asigna='300228' AND status IN ('0','3','B') [1][0] OK
C:[19/11/2018 14:53:50.56][172.16.5.84][1365] SELECT c_asigna FROM dace004 WHERE exp_e='15-24535878' AND c_asigna='300218' AND status IN ('0','3','B') [1][0] OK
C:[19/11/2018 14:53:50.56][172.16.5.84][1352] SELECT pre_cod_asig1,pre_cod_asig2,pre_cod_asig3,pre_cod_asig4,pre_cod_asig5,pre_cod_asig6,pre_cod_asig7 FROM tblaca009 WHERE pensum='5' AND c_uni_ca='2' AND c_asigna='300428' [1][0] OK
C:[19/11/2018 14:53:50.56][172.16.5.84][1365] SELECT c_asigna FROM dace004 WHERE exp_e='15-24535878' AND c_asigna='300317' AND status IN ('0','3','B') [1][0] OK
C:[19/11/2018 14:53:50.56][172.16.5.84][1365] SELECT c_asigna FROM dace004 WHERE exp_e='15-24535878' AND c_asigna='300209' AND status IN ('0','3','B') [1][0] OK
C:[19/11/2018 14:53:51.87][172.16.5.84][1396] SELECT par_cod_asig1,par_cod_asig2,par_cod_asig3 FROM tblaca009 WHERE pensum='5' AND c_uni_ca='2' AND c_asigna='320323' [1][0] OK
C:[19/11/2018 14:53:51.87][172.16.5.84][1396] SELECT par_cod_asig1,par_cod_asig2,par_cod_asig3 FROM tblaca009 WHERE pensum='5' AND c_uni_ca='2' AND c_asigna='300428' [1][0] OK
C:[19/11/2018 14:53:51.15][172.16.5.84][1526] SELECT horas_lab FROM tblaca008 WHERE c_asigna='320323' AND horas_teoricas > 0 [1][0] OK
C:[19/11/2018 14:53:51.15][172.16.5.84][1526] SELECT horas_lab FROM tblaca008 WHERE c_asigna='300428' AND horas_teoricas > 0 [1][0] OK
C:[20/11/2018 12:22:08.41][172.17.138.177][1352] SELECT pre_cod_asig1,pre_cod_asig2,pre_cod_asig3,pre_cod_asig4,pre_cod_asig5,pre_cod_asig6,pre_cod_asig7 FROM tblaca009 WHERE pensum='5' AND c_uni_ca='5' AND c_asigna='300317' [1][0] OK
C:[20/11/2018 12:22:08.41][172.17.138.177][1365] SELECT c_asigna FROM dace004 WHERE exp_e='15-26801326' AND c_asigna='300207' AND status IN ('0','3','B') [1][0] OK
C:[20/11/2018 12:22:08.41][172.17.138.177][1365] SELECT c_asigna FROM dace004 WHERE exp_e='15-26801326' AND c_asigna='300209' AND status IN ('0','3','B') [1][0] OK
C:[20/11/2018 12:22:08.41][172.17.138.177][1352] SELECT pre_cod_asig1,pre_cod_asig2,pre_cod_asig3,pre_cod_asig4,pre_cod_asig5,pre_cod_asig6,pre_cod_asig7 FROM tblaca009 WHERE pensum='5' AND c_uni_ca='5' AND c_asigna='351330' [1][0] OK
C:[20/11/2018 12:22:08.41][172.17.138.177][1365] SELECT c_asigna FROM dace004 WHERE exp_e='15-26801326' AND c_asigna='300218' AND status IN ('0','3','B') [1][0] OK
C:[20/11/2018 12:22:08.01][172.17.138.177][1396] SELECT par_cod_asig1,par_cod_asig2,par_cod_asig3 FROM tblaca009 WHERE pensum='5' AND c_uni_ca='5' AND c_asigna='300317' [1][0] OK
C:[20/11/2018 12:22:08.01][172.17.138.177][1396] SELECT par_cod_asig1,par_cod_asig2,par_cod_asig3 FROM tblaca009 WHERE pensum='5' AND c_uni_ca='5' AND c_asigna='351330' [1][0] OK
C:[20/11/2018 12:22:08.01][172.17.138.177][1410] SELECT c_asigna FROM dace004 WHERE exp_e='15-26801326' AND c_asigna='300318' AND status IN ('0','3','B','C') [1][0] OK
C:[20/11/2018 12:22:08.01][172.17.138.177][1410] SELECT c_asigna FROM dace004 WHERE exp_e='15-26801326' AND c_asigna='300317' AND status IN ('0','3','B','C') [0][0] OK
C:[20/11/2018 12:22:08.69][172.17.138.177][1526] SELECT horas_lab FROM tblaca008 WHERE c_asigna='300317' AND horas_teoricas > 0 [1][0] OK
C:[21/11/2018 14:27:57.53][172.16.5.84][1352] SELECT pre_cod_asig1,pre_cod_asig2,pre_cod_asig3,pre_cod_asig4,pre_cod_asig5,pre_cod_asig6,pre_cod_asig7 FROM tblaca009 WHERE pensum='5' AND c_uni_ca='2' AND c_asigna='320323' [1][0] OK
C:[21/11/2018 14:27:57.53][172.16.5.84][1365] SELECT c_asigna FROM dace004 WHERE exp_e='15-24535878' AND c_asigna='300228' AND status IN ('0','3','B') [1][0] OK
C:[21/11/2018 14:27:57.53][172.16.5.84][1365] SELECT c_asigna FROM dace004 WHERE exp_e='15-24535878' AND c_asigna='300218' AND status IN ('0','3','B') [1][0] OK
C:[21/11/2018 14:27:57.53][172.16.5.84][1352] SELECT pre_cod_asig1,pre_cod_asig2,pre_cod_asig3,pre_cod_asig4,pre_cod_asig5,pre_cod_asig6,pre_cod_asig7 FROM tblaca009 WHERE pensum='5' AND c_uni_ca='2' AND c_asigna='300428' [1][0] OK
C:[21/11/2018 14:27:57.53][172.16.5.84][1365] SELECT c_asigna FROM dace004 WHERE exp_e='15-24535878' AND c_asigna='300317' AND status IN ('0','3','B') [1][0] OK
C:[21/11/2018 14:27:57.53][172.16.5.84][1365] SELECT c_asigna FROM dace004 WHERE exp_e='15-24535878' AND c_asigna='300209' AND status IN ('0','3','B') [1][0] OK
C:[21/11/2018 14:27:58.29][172.16.5.84][1396] SELECT par_cod_asig1,par_cod_asig2,par_cod_asig3 FROM tblaca009 WHERE pensum='5' AND c_uni_ca='2' AND c_asigna='320323' [1][0] OK
C:[21/11/2018 14:27:58.29][172.16.5.84][1396] SELECT par_cod_asig1,par_cod_asig2,par_cod_asig3 FROM tblaca009 WHERE pensum='5' AND c_uni_ca='2' AND c_asigna='300428' [1][0] OK
C:[21/11/2018 14:27:58.54][172.16.5.84][1526] SELECT horas_lab FROM tblaca008 WHERE c_asigna='320323' AND horas_teoricas > 0 [1][0] OK
C:[21/11/2018 14:27:58.54][172.16.5.84][1526] SELECT horas_lab FROM tblaca008 WHERE c_asigna='300428' AND horas_teoricas > 0 [1][0] OK
C:[21/11/2018 14:37:48.34][172.16.5.251][1352] SELECT pre_cod_asig1,pre_cod_asig2,pre_cod_asig3,pre_cod_asig4,pre_cod_asig5,pre_cod_asig6,pre_cod_asig7 FROM tblaca009 WHERE pensum='5' AND c_uni_ca='5' AND c_asigna='300422' [1][0] OK
C:[21/11/2018 14:37:48.34][172.16.5.251][1365] SELECT c_asigna FROM dace004 WHERE exp_e='16-26330879' AND c_asigna='300105' AND status IN ('0','3','B') [1][0] OK
C:[21/11/2018 14:37:48.34][172.16.5.251][1365] SELECT c_asigna FROM dace004 WHERE exp_e='16-26330879' AND c_asigna='300314' AND status IN ('0','3','B') [1][0] OK
C:[21/11/2018 14:37:48.34][172.16.5.251][1352] SELECT pre_cod_asig1,pre_cod_asig2,pre_cod_asig3,pre_cod_asig4,pre_cod_asig5,pre_cod_asig6,pre_cod_asig7 FROM tblaca009 WHERE pensum='5' AND c_uni_ca='5' AND c_asigna='352440' [1][0] OK
C:[21/11/2018 14:37:48.34][172.16.5.251][1365] SELECT c_asigna FROM dace004 WHERE exp_e='16-26330879' AND c_asigna='300317' AND status IN ('0','3','B') [1][0] OK
C:[21/11/2018 14:37:48.34][172.16.5.251][1365] SELECT c_asigna FROM dace004 WHERE exp_e='16-26330879' AND c_asigna='300013' AND status IN ('0','3','B') [1][0] OK
C:[21/11/2018 14:37:48.34][172.16.5.251][1365] SELECT c_asigna FROM dace004 WHERE exp_e='16-26330879' AND c_asigna='300113' AND status IN ('0','3','B') [1][0] OK
C:[21/11/2018 14:37:48.34][172.16.5.251][1352] SELECT pre_cod_asig1,pre_cod_asig2,pre_cod_asig3,pre_cod_asig4,pre_cod_asig5,pre_cod_asig6,pre_cod_asig7 FROM tblaca009 WHERE pensum='5' AND c_uni_ca='5' AND c_asigna='355448' [1][0] OK
C:[21/11/2018 14:37:48.34][172.16.5.251][1365] SELECT c_asigna FROM dace004 WHERE exp_e='16-26330879' AND c_asigna='300313' AND status IN ('0','3','B') [1][0] OK
C:[21/11/2018 14:37:48.34][172.16.5.251][1365] SELECT c_asigna FROM dace004 WHERE exp_e='16-26330879' AND c_asigna='300209' AND status IN ('0','3','B') [1][0] OK
C:[21/11/2018 14:37:48.34][172.16.5.251][1365] SELECT c_asigna FROM dace004 WHERE exp_e='16-26330879' AND c_asigna='300226' AND status IN ('0','3','B') [1][0] OK
C:[21/11/2018 14:37:48.34][172.16.5.251][1365] SELECT c_asigna FROM dace004 WHERE exp_e='16-26330879' AND c_asigna='300222' AND status IN ('0','3','B') [1][0] OK
C:[21/11/2018 14:37:48.34][172.16.5.251][1352] SELECT pre_cod_asig1,pre_cod_asig2,pre_cod_asig3,pre_cod_asig4,pre_cod_asig5,pre_cod_asig6,pre_cod_asig7 FROM tblaca009 WHERE pensum='5' AND c_uni_ca='5' AND c_asigna='355571' [1][0] OK
C:[21/11/2018 14:37:48.34][172.16.5.251][1365] SELECT c_asigna FROM dace004 WHERE exp_e='16-26330879' AND c_asigna='355447' AND status IN ('0','3','B') [1][0] OK
C:[21/11/2018 14:37:48.34][172.16.5.251][1352] SELECT pre_cod_asig1,pre_cod_asig2,pre_cod_asig3,pre_cod_asig4,pre_cod_asig5,pre_cod_asig6,pre_cod_asig7 FROM tblaca009 WHERE pensum='5' AND c_uni_ca='5' AND c_asigna='355572' [1][0] OK
C:[21/11/2018 14:37:48.34][172.16.5.251][1365] SELECT c_asigna FROM dace004 WHERE exp_e='16-26330879' AND c_asigna='300428' AND status IN ('0','3','B') [1][0] OK
C:[21/11/2018 14:37:48.35][172.16.5.251][1396] SELECT par_cod_asig1,par_cod_asig2,par_cod_asig3 FROM tblaca009 WHERE pensum='5' AND c_uni_ca='5' AND c_asigna='300422' [1][0] OK
C:[21/11/2018 14:37:48.35][172.16.5.251][1396] SELECT par_cod_asig1,par_cod_asig2,par_cod_asig3 FROM tblaca009 WHERE pensum='5' AND c_uni_ca='5' AND c_asigna='352440' [1][0] OK
C:[21/11/2018 14:37:48.35][172.16.5.251][1396] SELECT par_cod_asig1,par_cod_asig2,par_cod_asig3 FROM tblaca009 WHERE pensum='5' AND c_uni_ca='5' AND c_asigna='355448' [1][0] OK
C:[21/11/2018 14:37:48.35][172.16.5.251][1396] SELECT par_cod_asig1,par_cod_asig2,par_cod_asig3 FROM tblaca009 WHERE pensum='5' AND c_uni_ca='5' AND c_asigna='355571' [1][0] OK
C:[21/11/2018 14:37:48.35][172.16.5.251][1396] SELECT par_cod_asig1,par_cod_asig2,par_cod_asig3 FROM tblaca009 WHERE pensum='5' AND c_uni_ca='5' AND c_asigna='355572' [1][0] OK
C:[21/11/2018 14:37:49.01][172.16.5.251][1526] SELECT horas_lab FROM tblaca008 WHERE c_asigna='300422' AND horas_teoricas > 0 [0][0] OK
C:[21/11/2018 14:37:49.01][172.16.5.251][1526] SELECT horas_lab FROM tblaca008 WHERE c_asigna='352440' AND horas_teoricas > 0 [1][0] OK
C:[21/11/2018 14:37:49.01][172.16.5.251][1526] SELECT horas_lab FROM tblaca008 WHERE c_asigna='355448' AND horas_teoricas > 0 [1][0] OK
C:[21/11/2018 14:37:49.01][172.16.5.251][1526] SELECT horas_lab FROM tblaca008 WHERE c_asigna='355571' AND horas_teoricas > 0 [1][0] OK
C:[21/11/2018 14:37:49.01][172.16.5.251][1526] SELECT horas_lab FROM tblaca008 WHERE c_asigna='355572' AND horas_teoricas > 0 [1][0] OK
C:[21/11/2018 14:44:46.67][172.16.5.251][1352] SELECT pre_cod_asig1,pre_cod_asig2,pre_cod_asig3,pre_cod_asig4,pre_cod_asig5,pre_cod_asig6,pre_cod_asig7 FROM tblaca009 WHERE pensum='5' AND c_uni_ca='5' AND c_asigna='351330' [1][0] OK
C:[21/11/2018 14:44:46.67][172.16.5.251][1365] SELECT c_asigna FROM dace004 WHERE exp_e='15-26001004' AND c_asigna='300218' AND status IN ('0','3','B') [1][0] OK
C:[21/11/2018 14:44:46.67][172.16.5.251][1352] SELECT pre_cod_asig1,pre_cod_asig2,pre_cod_asig3,pre_cod_asig4,pre_cod_asig5,pre_cod_asig6,pre_cod_asig7 FROM tblaca009 WHERE pensum='5' AND c_uni_ca='5' AND c_asigna='355350' [1][0] OK
C:[21/11/2018 14:44:46.67][172.16.5.251][1365] SELECT c_asigna FROM dace004 WHERE exp_e='15-26001004' AND c_asigna='300207' AND status IN ('0','3','B') [1][0] OK
C:[21/11/2018 14:44:46.67][172.16.5.251][1365] SELECT c_asigna FROM dace004 WHERE exp_e='15-26001004' AND c_asigna='300228' AND status IN ('0','3','B') [1][0] OK
C:[21/11/2018 14:44:46.67][172.16.5.251][1352] SELECT pre_cod_asig1,pre_cod_asig2,pre_cod_asig3,pre_cod_asig4,pre_cod_asig5,pre_cod_asig6,pre_cod_asig7 FROM tblaca009 WHERE pensum='5' AND c_uni_ca='5' AND c_asigna='300422' [1][0] OK
C:[21/11/2018 14:44:46.67][172.16.5.251][1365] SELECT c_asigna FROM dace004 WHERE exp_e='15-26001004' AND c_asigna='300105' AND status IN ('0','3','B') [1][0] OK
C:[21/11/2018 14:44:46.67][172.16.5.251][1365] SELECT c_asigna FROM dace004 WHERE exp_e='15-26001004' AND c_asigna='300314' AND status IN ('0','3','B') [1][0] OK
C:[21/11/2018 14:44:46.67][172.16.5.251][1352] SELECT pre_cod_asig1,pre_cod_asig2,pre_cod_asig3,pre_cod_asig4,pre_cod_asig5,pre_cod_asig6,pre_cod_asig7 FROM tblaca009 WHERE pensum='5' AND c_uni_ca='5' AND c_asigna='355448' [1][0] OK
C:[21/11/2018 14:44:46.67][172.16.5.251][1365] SELECT c_asigna FROM dace004 WHERE exp_e='15-26001004' AND c_asigna='300313' AND status IN ('0','3','B') [1][0] OK
C:[21/11/2018 14:44:46.67][172.16.5.251][1365] SELECT c_asigna FROM dace004 WHERE exp_e='15-26001004' AND c_asigna='300209' AND status IN ('0','3','B') [1][0] OK
C:[21/11/2018 14:44:46.67][172.16.5.251][1365] SELECT c_asigna FROM dace004 WHERE exp_e='15-26001004' AND c_asigna='300226' AND status IN ('0','3','B') [1][0] OK
C:[21/11/2018 14:44:46.67][172.16.5.251][1365] SELECT c_asigna FROM dace004 WHERE exp_e='15-26001004' AND c_asigna='300222' AND status IN ('0','3','B') [1][0] OK
C:[21/11/2018 14:44:46.67][172.16.5.251][1352] SELECT pre_cod_asig1,pre_cod_asig2,pre_cod_asig3,pre_cod_asig4,pre_cod_asig5,pre_cod_asig6,pre_cod_asig7 FROM tblaca009 WHERE pensum='5' AND c_uni_ca='5' AND c_asigna='355572' [1][0] OK
C:[21/11/2018 14:44:46.67][172.16.5.251][1365] SELECT c_asigna FROM dace004 WHERE exp_e='15-26001004' AND c_asigna='300428' AND status IN ('0','3','B') [1][0] OK
C:[21/11/2018 14:44:47.55][172.16.5.251][1396] SELECT par_cod_asig1,par_cod_asig2,par_cod_asig3 FROM tblaca009 WHERE pensum='5' AND c_uni_ca='5' AND c_asigna='351330' [1][0] OK
C:[21/11/2018 14:44:47.55][172.16.5.251][1410] SELECT c_asigna FROM dace004 WHERE exp_e='15-26001004' AND c_asigna='300318' AND status IN ('0','3','B','C') [1][0] OK
C:[21/11/2018 14:44:47.55][172.16.5.251][1410] SELECT c_asigna FROM dace004 WHERE exp_e='15-26001004' AND c_asigna='300317' AND status IN ('0','3','B','C') [1][0] OK
C:[21/11/2018 14:44:47.55][172.16.5.251][1396] SELECT par_cod_asig1,par_cod_asig2,par_cod_asig3 FROM tblaca009 WHERE pensum='5' AND c_uni_ca='5' AND c_asigna='355350' [1][0] OK
C:[21/11/2018 14:44:47.55][172.16.5.251][1396] SELECT par_cod_asig1,par_cod_asig2,par_cod_asig3 FROM tblaca009 WHERE pensum='5' AND c_uni_ca='5' AND c_asigna='300422' [1][0] OK
C:[21/11/2018 14:44:47.55][172.16.5.251][1396] SELECT par_cod_asig1,par_cod_asig2,par_cod_asig3 FROM tblaca009 WHERE pensum='5' AND c_uni_ca='5' AND c_asigna='355448' [1][0] OK
C:[21/11/2018 14:44:47.55][172.16.5.251][1396] SELECT par_cod_asig1,par_cod_asig2,par_cod_asig3 FROM tblaca009 WHERE pensum='5' AND c_uni_ca='5' AND c_asigna='355572' [1][0] OK
C:[21/11/2018 14:44:47.45][172.16.5.251][1526] SELECT horas_lab FROM tblaca008 WHERE c_asigna='351330' AND horas_teoricas > 0 [1][0] OK
C:[21/11/2018 14:44:47.45][172.16.5.251][1526] SELECT horas_lab FROM tblaca008 WHERE c_asigna='355350' AND horas_teoricas > 0 [1][0] OK
C:[21/11/2018 14:44:47.45][172.16.5.251][1526] SELECT horas_lab FROM tblaca008 WHERE c_asigna='300422' AND horas_teoricas > 0 [0][0] OK
C:[21/11/2018 14:44:47.45][172.16.5.251][1526] SELECT horas_lab FROM tblaca008 WHERE c_asigna='355448' AND horas_teoricas > 0 [1][0] OK
C:[21/11/2018 14:44:47.45][172.16.5.251][1526] SELECT horas_lab FROM tblaca008 WHERE c_asigna='355572' AND horas_teoricas > 0 [1][0] OK
C:[22/11/2018 10:21:19.34][172.17.121.244][1352] SELECT pre_cod_asig1,pre_cod_asig2,pre_cod_asig3,pre_cod_asig4,pre_cod_asig5,pre_cod_asig6,pre_cod_asig7 FROM tblaca009 WHERE pensum='5' AND c_uni_ca='3' AND c_asigna='300313' [1][0] OK
C:[22/11/2018 10:21:19.34][172.17.121.244][1365] SELECT c_asigna FROM dace004 WHERE exp_e='15-27308264' AND c_asigna='300213' AND status IN ('0','3','B') [1][0] OK
C:[22/11/2018 10:21:19.34][172.17.121.244][1365] SELECT c_asigna FROM dace004 WHERE exp_e='15-27308264' AND c_asigna='300226' AND status IN ('0','3','B') [1][0] OK
C:[22/11/2018 10:21:19.34][172.17.121.244][1365] SELECT c_asigna FROM dace004 WHERE exp_e='15-27308264' AND c_asigna='300222' AND status IN ('0','3','B') [1][0] OK
C:[22/11/2018 10:21:19.34][172.17.121.244][1365] SELECT c_asigna FROM dace004 WHERE exp_e='15-27308264' AND c_asigna='300209' AND status IN ('0','3','B') [1][0] OK
C:[22/11/2018 10:21:19.34][172.17.121.244][1352] SELECT pre_cod_asig1,pre_cod_asig2,pre_cod_asig3,pre_cod_asig4,pre_cod_asig5,pre_cod_asig6,pre_cod_asig7 FROM tblaca009 WHERE pensum='5' AND c_uni_ca='3' AND c_asigna='300428' [1][0] OK
C:[22/11/2018 10:21:19.34][172.17.121.244][1365] SELECT c_asigna FROM dace004 WHERE exp_e='15-27308264' AND c_asigna='300317' AND status IN ('0','3','B') [1][0] OK
C:[22/11/2018 10:21:19.34][172.17.121.244][1365] SELECT c_asigna FROM dace004 WHERE exp_e='15-27308264' AND c_asigna='300209' AND status IN ('0','3','B') [1][0] OK
C:[22/11/2018 10:21:19.34][172.17.121.244][1352] SELECT pre_cod_asig1,pre_cod_asig2,pre_cod_asig3,pre_cod_asig4,pre_cod_asig5,pre_cod_asig6,pre_cod_asig7 FROM tblaca009 WHERE pensum='5' AND c_uni_ca='3' AND c_asigna='312444' [1][0] OK
C:[22/11/2018 10:21:19.34][172.17.121.244][1365] SELECT c_asigna FROM dace004 WHERE exp_e='15-27308264' AND c_asigna='312333' AND status IN ('0','3','B') [1][0] OK
C:[22/11/2018 10:21:19.34][172.17.121.244][1352] SELECT pre_cod_asig1,pre_cod_asig2,pre_cod_asig3,pre_cod_asig4,pre_cod_asig5,pre_cod_asig6,pre_cod_asig7 FROM tblaca009 WHERE pensum='5' AND c_uni_ca='3' AND c_asigna='311552' [1][0] OK
C:[22/11/2018 10:21:19.34][172.17.121.244][1365] SELECT c_asigna FROM dace004 WHERE exp_e='15-27308264' AND c_asigna='300317' AND status IN ('0','3','B') [1][0] OK
C:[22/11/2018 10:21:19.34][172.17.121.244][1365] SELECT c_asigna FROM dace004 WHERE exp_e='15-27308264' AND c_asigna='300209' AND status IN ('0','3','B') [1][0] OK
C:[22/11/2018 10:21:19.96][172.17.121.244][1396] SELECT par_cod_asig1,par_cod_asig2,par_cod_asig3 FROM tblaca009 WHERE pensum='5' AND c_uni_ca='3' AND c_asigna='300313' [1][0] OK
C:[22/11/2018 10:21:19.96][172.17.121.244][1396] SELECT par_cod_asig1,par_cod_asig2,par_cod_asig3 FROM tblaca009 WHERE pensum='5' AND c_uni_ca='3' AND c_asigna='300428' [1][0] OK
C:[22/11/2018 10:21:19.96][172.17.121.244][1396] SELECT par_cod_asig1,par_cod_asig2,par_cod_asig3 FROM tblaca009 WHERE pensum='5' AND c_uni_ca='3' AND c_asigna='312444' [1][0] OK
C:[22/11/2018 10:21:19.96][172.17.121.244][1396] SELECT par_cod_asig1,par_cod_asig2,par_cod_asig3 FROM tblaca009 WHERE pensum='5' AND c_uni_ca='3' AND c_asigna='311552' [1][0] OK
C:[22/11/2018 10:21:19.51][172.17.121.244][1526] SELECT horas_lab FROM tblaca008 WHERE c_asigna='300313' AND horas_teoricas > 0 [1][0] OK
C:[22/11/2018 10:21:19.51][172.17.121.244][1526] SELECT horas_lab FROM tblaca008 WHERE c_asigna='300428' AND horas_teoricas > 0 [1][0] OK
C:[22/11/2018 10:21:19.51][172.17.121.244][1526] SELECT horas_lab FROM tblaca008 WHERE c_asigna='312444' AND horas_teoricas > 0 [1][0] OK
C:[22/11/2018 10:21:19.51][172.17.121.244][1526] SELECT horas_lab FROM tblaca008 WHERE c_asigna='311552' AND horas_teoricas > 0 [1][0] OK
C:[22/11/2018 10:25:29.48][172.17.138.177][1352] SELECT pre_cod_asig1,pre_cod_asig2,pre_cod_asig3,pre_cod_asig4,pre_cod_asig5,pre_cod_asig6,pre_cod_asig7 FROM tblaca009 WHERE pensum='5' AND c_uni_ca='5' AND c_asigna='300313' [1][0] OK
C:[22/11/2018 10:25:29.48][172.17.138.177][1365] SELECT c_asigna FROM dace004 WHERE exp_e='15-25849558' AND c_asigna='300213' AND status IN ('0','3','B') [1][0] OK
C:[22/11/2018 10:25:29.48][172.17.138.177][1365] SELECT c_asigna FROM dace004 WHERE exp_e='15-25849558' AND c_asigna='300226' AND status IN ('0','3','B') [1][0] OK
C:[22/11/2018 10:25:29.48][172.17.138.177][1365] SELECT c_asigna FROM dace004 WHERE exp_e='15-25849558' AND c_asigna='300222' AND status IN ('0','3','B') [1][0] OK
C:[22/11/2018 10:25:29.48][172.17.138.177][1365] SELECT c_asigna FROM dace004 WHERE exp_e='15-25849558' AND c_asigna='300209' AND status IN ('0','3','B') [1][0] OK
C:[22/11/2018 10:25:29.48][172.17.138.177][1352] SELECT pre_cod_asig1,pre_cod_asig2,pre_cod_asig3,pre_cod_asig4,pre_cod_asig5,pre_cod_asig6,pre_cod_asig7 FROM tblaca009 WHERE pensum='5' AND c_uni_ca='5' AND c_asigna='300428' [1][0] OK
C:[22/11/2018 10:25:29.48][172.17.138.177][1365] SELECT c_asigna FROM dace004 WHERE exp_e='15-25849558' AND c_asigna='300317' AND status IN ('0','3','B') [1][0] OK
C:[22/11/2018 10:25:29.48][172.17.138.177][1365] SELECT c_asigna FROM dace004 WHERE exp_e='15-25849558' AND c_asigna='300209' AND status IN ('0','3','B') [1][0] OK
C:[22/11/2018 10:25:29.48][172.17.138.177][1352] SELECT pre_cod_asig1,pre_cod_asig2,pre_cod_asig3,pre_cod_asig4,pre_cod_asig5,pre_cod_asig6,pre_cod_asig7 FROM tblaca009 WHERE pensum='5' AND c_uni_ca='5' AND c_asigna='355447' [1][0] OK
C:[22/11/2018 10:25:29.48][172.17.138.177][1365] SELECT c_asigna FROM dace004 WHERE exp_e='15-25849558' AND c_asigna='351330' AND status IN ('0','3','B') [1][0] OK
C:[22/11/2018 10:25:29.48][172.17.138.177][1352] SELECT pre_cod_asig1,pre_cod_asig2,pre_cod_asig3,pre_cod_asig4,pre_cod_asig5,pre_cod_asig6,pre_cod_asig7 FROM tblaca009 WHERE pensum='5' AND c_uni_ca='5' AND c_asigna='352440' [1][0] OK
C:[22/11/2018 10:25:29.48][172.17.138.177][1365] SELECT c_asigna FROM dace004 WHERE exp_e='15-25849558' AND c_asigna='300317' AND status IN ('0','3','B') [1][0] OK
C:[22/11/2018 10:25:29.48][172.17.138.177][1365] SELECT c_asigna FROM dace004 WHERE exp_e='15-25849558' AND c_asigna='300013' AND status IN ('0','3','B') [1][0] OK
C:[22/11/2018 10:25:29.48][172.17.138.177][1365] SELECT c_asigna FROM dace004 WHERE exp_e='15-25849558' AND c_asigna='300113' AND status IN ('0','3','B') [1][0] OK
C:[22/11/2018 10:25:29.73][172.17.138.177][1396] SELECT par_cod_asig1,par_cod_asig2,par_cod_asig3 FROM tblaca009 WHERE pensum='5' AND c_uni_ca='5' AND c_asigna='300313' [1][0] OK
C:[22/11/2018 10:25:29.73][172.17.138.177][1396] SELECT par_cod_asig1,par_cod_asig2,par_cod_asig3 FROM tblaca009 WHERE pensum='5' AND c_uni_ca='5' AND c_asigna='300428' [1][0] OK
C:[22/11/2018 10:25:29.73][172.17.138.177][1396] SELECT par_cod_asig1,par_cod_asig2,par_cod_asig3 FROM tblaca009 WHERE pensum='5' AND c_uni_ca='5' AND c_asigna='355447' [1][0] OK
C:[22/11/2018 10:25:29.73][172.17.138.177][1396] SELECT par_cod_asig1,par_cod_asig2,par_cod_asig3 FROM tblaca009 WHERE pensum='5' AND c_uni_ca='5' AND c_asigna='352440' [1][0] OK
C:[22/11/2018 10:25:29.25][172.17.138.177][1526] SELECT horas_lab FROM tblaca008 WHERE c_asigna='300313' AND horas_teoricas > 0 [1][0] OK
C:[22/11/2018 10:25:29.25][172.17.138.177][1526] SELECT horas_lab FROM tblaca008 WHERE c_asigna='300428' AND horas_teoricas > 0 [1][0] OK
C:[22/11/2018 10:25:29.25][172.17.138.177][1526] SELECT horas_lab FROM tblaca008 WHERE c_asigna='355447' AND horas_teoricas > 0 [1][0] OK
C:[23/11/2018 09:37:56.92][172.17.140.126][1352] SELECT pre_cod_asig1,pre_cod_asig2,pre_cod_asig3,pre_cod_asig4,pre_cod_asig5,pre_cod_asig6,pre_cod_asig7 FROM tblaca009 WHERE pensum='5' AND c_uni_ca='3' AND c_asigna='300313' [1][0] OK
C:[23/11/2018 09:37:56.92][172.17.140.126][1365] SELECT c_asigna FROM dace004 WHERE exp_e='12-24855456' AND c_asigna='300213' AND status IN ('0','3','B') [1][0] OK
C:[23/11/2018 09:37:56.92][172.17.140.126][1365] SELECT c_asigna FROM dace004 WHERE exp_e='12-24855456' AND c_asigna='300226' AND status IN ('0','3','B') [1][0] OK
C:[23/11/2018 09:37:56.92][172.17.140.126][1365] SELECT c_asigna FROM dace004 WHERE exp_e='12-24855456' AND c_asigna='300222' AND status IN ('0','3','B') [1][0] OK
C:[23/11/2018 09:37:56.92][172.17.140.126][1365] SELECT c_asigna FROM dace004 WHERE exp_e='12-24855456' AND c_asigna='300209' AND status IN ('0','3','B') [1][0] OK
C:[23/11/2018 09:37:56.92][172.17.140.126][1352] SELECT pre_cod_asig1,pre_cod_asig2,pre_cod_asig3,pre_cod_asig4,pre_cod_asig5,pre_cod_asig6,pre_cod_asig7 FROM tblaca009 WHERE pensum='5' AND c_uni_ca='3' AND c_asigna='300318' [1][0] OK
C:[23/11/2018 09:37:56.92][172.17.140.126][1365] SELECT c_asigna FROM dace004 WHERE exp_e='12-24855456' AND c_asigna='300228' AND status IN ('0','3','B') [1][0] OK
C:[23/11/2018 09:37:56.92][172.17.140.126][1365] SELECT c_asigna FROM dace004 WHERE exp_e='12-24855456' AND c_asigna='300207' AND status IN ('0','3','B') [1][0] OK
C:[23/11/2018 09:37:56.92][172.17.140.126][1365] SELECT c_asigna FROM dace004 WHERE exp_e='12-24855456' AND c_asigna='300218' AND status IN ('0','3','B') [1][0] OK
C:[23/11/2018 09:37:57.05][172.17.140.126][1396] SELECT par_cod_asig1,par_cod_asig2,par_cod_asig3 FROM tblaca009 WHERE pensum='5' AND c_uni_ca='3' AND c_asigna='300313' [1][0] OK
C:[23/11/2018 09:37:57.05][172.17.140.126][1396] SELECT par_cod_asig1,par_cod_asig2,par_cod_asig3 FROM tblaca009 WHERE pensum='5' AND c_uni_ca='3' AND c_asigna='300318' [1][0] OK
C:[23/11/2018 09:37:57.32][172.17.140.126][1526] SELECT horas_lab FROM tblaca008 WHERE c_asigna='300313' AND horas_teoricas > 0 [1][0] OK
C:[23/11/2018 09:37:57.32][172.17.140.126][1526] SELECT horas_lab FROM tblaca008 WHERE c_asigna='300318' AND horas_teoricas > 0 [1][0] OK
C:[23/11/2018 10:38:36.89][172.17.115.60][1352] SELECT pre_cod_asig1,pre_cod_asig2,pre_cod_asig3,pre_cod_asig4,pre_cod_asig5,pre_cod_asig6,pre_cod_asig7 FROM tblaca009 WHERE pensum='5' AND c_uni_ca='6' AND c_asigna='300676' [1][0] OK
C:[23/11/2018 10:38:36.89][172.17.115.60][1352] SELECT pre_cod_asig1,pre_cod_asig2,pre_cod_asig3,pre_cod_asig4,pre_cod_asig5,pre_cod_asig6,pre_cod_asig7 FROM tblaca009 WHERE pensum='5' AND c_uni_ca='6' AND c_asigna='344939' [1][0] OK
C:[23/11/2018 10:38:36.89][172.17.115.60][1365] SELECT c_asigna FROM dace004 WHERE exp_e='12-25696067' AND c_asigna='344834' AND status IN ('0','3','B') [1][0] OK
C:[23/11/2018 10:38:36.89][172.17.115.60][1365] SELECT c_asigna FROM dace004 WHERE exp_e='12-25696067' AND c_asigna='344812' AND status IN ('0','3','B') [1][0] OK
C:[23/11/2018 10:38:36.89][172.17.115.60][1352] SELECT pre_cod_asig1,pre_cod_asig2,pre_cod_asig3,pre_cod_asig4,pre_cod_asig5,pre_cod_asig6,pre_cod_asig7 FROM tblaca009 WHERE pensum='5' AND c_uni_ca='6' AND c_asigna='344046' [1][0] OK
C:[23/11/2018 10:38:36.89][172.17.115.60][1365] SELECT c_asigna FROM dace004 WHERE exp_e='12-25696067' AND c_asigna='344834' AND status IN ('0','3','B') [1][0] OK
C:[23/11/2018 10:38:36.89][172.17.115.60][1365] SELECT c_asigna FROM dace004 WHERE exp_e='12-25696067' AND c_asigna='344732' AND status IN ('0','3','B') [1][0] OK
C:[23/11/2018 10:38:36.89][172.17.115.60][1352] SELECT pre_cod_asig1,pre_cod_asig2,pre_cod_asig3,pre_cod_asig4,pre_cod_asig5,pre_cod_asig6,pre_cod_asig7 FROM tblaca009 WHERE pensum='5' AND c_uni_ca='6' AND c_asigna='344047' [1][0] OK
C:[23/11/2018 10:38:36.89][172.17.115.60][1365] SELECT c_asigna FROM dace004 WHERE exp_e='12-25696067' AND c_asigna='344715' AND status IN ('0','3','B') [1][0] OK
C:[23/11/2018 10:38:36.89][172.17.115.60][1365] SELECT c_asigna FROM dace004 WHERE exp_e='12-25696067' AND c_asigna='344843' AND status IN ('0','3','B') [1][0] OK
C:[23/11/2018 10:38:36.89][172.17.115.60][1365] SELECT c_asigna FROM dace004 WHERE exp_e='12-25696067' AND c_asigna='300313' AND status IN ('0','3','B') [1][0] OK
C:[23/11/2018 10:38:36.89][172.17.115.60][1352] SELECT pre_cod_asig1,pre_cod_asig2,pre_cod_asig3,pre_cod_asig4,pre_cod_asig5,pre_cod_asig6,pre_cod_asig7 FROM tblaca009 WHERE pensum='5' AND c_uni_ca='6' AND c_asigna='344948' [1][0] OK
C:[23/11/2018 10:38:36.40][172.17.115.60][1396] SELECT par_cod_asig1,par_cod_asig2,par_cod_asig3 FROM tblaca009 WHERE pensum='5' AND c_uni_ca='6' AND c_asigna='300676' [1][0] OK
C:[23/11/2018 10:38:36.40][172.17.115.60][1396] SELECT par_cod_asig1,par_cod_asig2,par_cod_asig3 FROM tblaca009 WHERE pensum='5' AND c_uni_ca='6' AND c_asigna='344939' [1][0] OK
C:[23/11/2018 10:38:36.40][172.17.115.60][1410] SELECT c_asigna FROM dace004 WHERE exp_e='12-25696067' AND c_asigna='300956' AND status IN ('0','3','B','C') [1][0] OK
C:[23/11/2018 10:38:36.40][172.17.115.60][1396] SELECT par_cod_asig1,par_cod_asig2,par_cod_asig3 FROM tblaca009 WHERE pensum='5' AND c_uni_ca='6' AND c_asigna='344046' [1][0] OK
C:[23/11/2018 10:38:36.40][172.17.115.60][1396] SELECT par_cod_asig1,par_cod_asig2,par_cod_asig3 FROM tblaca009 WHERE pensum='5' AND c_uni_ca='6' AND c_asigna='344047' [1][0] OK
C:[23/11/2018 10:38:36.40][172.17.115.60][1396] SELECT par_cod_asig1,par_cod_asig2,par_cod_asig3 FROM tblaca009 WHERE pensum='5' AND c_uni_ca='6' AND c_asigna='344948' [1][0] OK
C:[23/11/2018 10:38:36.17][172.17.115.60][1526] SELECT horas_lab FROM tblaca008 WHERE c_asigna='300676' AND horas_teoricas > 0 [1][0] OK
C:[23/11/2018 10:38:36.17][172.17.115.60][1526] SELECT horas_lab FROM tblaca008 WHERE c_asigna='344939' AND horas_teoricas > 0 [0][0] OK
C:[23/11/2018 10:38:36.17][172.17.115.60][1526] SELECT horas_lab FROM tblaca008 WHERE c_asigna='344046' AND horas_teoricas > 0 [1][0] OK
C:[23/11/2018 10:38:36.17][172.17.115.60][1526] SELECT horas_lab FROM tblaca008 WHERE c_asigna='344047' AND horas_teoricas > 0 [1][0] OK
C:[23/11/2018 10:38:36.17][172.17.115.60][1526] SELECT horas_lab FROM tblaca008 WHERE c_asigna='344948' AND horas_teoricas > 0 [1][0] OK
C:[23/11/2018 10:55:01.93][172.17.115.60][1352] SELECT pre_cod_asig1,pre_cod_asig2,pre_cod_asig3,pre_cod_asig4,pre_cod_asig5,pre_cod_asig6,pre_cod_asig7 FROM tblaca009 WHERE pensum='5' AND c_uni_ca='6' AND c_asigna='344812' [1][0] OK
C:[23/11/2018 10:55:01.93][172.17.115.60][1365] SELECT c_asigna FROM dace004 WHERE exp_e='12-22908415' AND c_asigna='344715' AND status IN ('0','3','B') [1][0] OK
C:[23/11/2018 10:55:01.93][172.17.115.60][1365] SELECT c_asigna FROM dace004 WHERE exp_e='12-22908415' AND c_asigna='344742' AND status IN ('0','3','B') [1][0] OK
C:[23/11/2018 10:55:01.93][172.17.115.60][1352] SELECT pre_cod_asig1,pre_cod_asig2,pre_cod_asig3,pre_cod_asig4,pre_cod_asig5,pre_cod_asig6,pre_cod_asig7 FROM tblaca009 WHERE pensum='5' AND c_uni_ca='6' AND c_asigna='344843' [1][0] OK
C:[23/11/2018 10:55:01.93][172.17.115.60][1365] SELECT c_asigna FROM dace004 WHERE exp_e='12-22908415' AND c_asigna='344714' AND status IN ('0','3','B') [1][0] OK
C:[23/11/2018 10:55:01.93][172.17.115.60][1365] SELECT c_asigna FROM dace004 WHERE exp_e='12-22908415' AND c_asigna='344715' AND status IN ('0','3','B') [1][0] OK
C:[23/11/2018 10:55:01.93][172.17.115.60][1365] SELECT c_asigna FROM dace004 WHERE exp_e='12-22908415' AND c_asigna='300313' AND status IN ('0','3','B') [1][0] OK
C:[23/11/2018 10:55:01.93][172.17.115.60][1352] SELECT pre_cod_asig1,pre_cod_asig2,pre_cod_asig3,pre_cod_asig4,pre_cod_asig5,pre_cod_asig6,pre_cod_asig7 FROM tblaca009 WHERE pensum='5' AND c_uni_ca='6' AND c_asigna='300956' [1][0] OK
C:[23/11/2018 10:55:01.93][172.17.115.60][1365] SELECT c_asigna FROM dace004 WHERE exp_e='12-22908415' AND c_asigna='300422' AND status IN ('0','3','B') [1][0] OK
C:[23/11/2018 10:55:01.93][172.17.115.60][1365] SELECT c_asigna FROM dace004 WHERE exp_e='12-22908415' AND c_asigna='300105' AND status IN ('0','3','B') [1][0] OK
C:[23/11/2018 10:55:01.93][172.17.115.60][1365] SELECT c_asigna FROM dace004 WHERE exp_e='12-22908415' AND c_asigna='300314' AND status IN ('0','3','B') [1][0] OK
C:[23/11/2018 10:55:01.93][172.17.115.60][1352] SELECT pre_cod_asig1,pre_cod_asig2,pre_cod_asig3,pre_cod_asig4,pre_cod_asig5,pre_cod_asig6,pre_cod_asig7 FROM tblaca009 WHERE pensum='5' AND c_uni_ca='6' AND c_asigna='344046' [1][0] OK
C:[23/11/2018 10:55:01.93][172.17.115.60][1365] SELECT c_asigna FROM dace004 WHERE exp_e='12-22908415' AND c_asigna='344834' AND status IN ('0','3','B') [1][0] OK
C:[23/11/2018 10:55:01.93][172.17.115.60][1365] SELECT c_asigna FROM dace004 WHERE exp_e='12-22908415' AND c_asigna='344732' AND status IN ('0','3','B') [1][0] OK
C:[23/11/2018 10:55:01.93][172.17.115.60][1352] SELECT pre_cod_asig1,pre_cod_asig2,pre_cod_asig3,pre_cod_asig4,pre_cod_asig5,pre_cod_asig6,pre_cod_asig7 FROM tblaca009 WHERE pensum='5' AND c_uni_ca='6' AND c_asigna='344948' [1][0] OK
C:[23/11/2018 10:55:01.93][172.17.115.60][1352] SELECT pre_cod_asig1,pre_cod_asig2,pre_cod_asig3,pre_cod_asig4,pre_cod_asig5,pre_cod_asig6,pre_cod_asig7 FROM tblaca009 WHERE pensum='5' AND c_uni_ca='6' AND c_asigna='344953' [1][0] OK
C:[23/11/2018 10:55:01.93][172.17.115.60][1352] SELECT pre_cod_asig1,pre_cod_asig2,pre_cod_asig3,pre_cod_asig4,pre_cod_asig5,pre_cod_asig6,pre_cod_asig7 FROM tblaca009 WHERE pensum='5' AND c_uni_ca='6' AND c_asigna='344965' [1][0] OK
C:[23/11/2018 10:55:01.93][172.17.115.60][1365] SELECT c_asigna FROM dace004 WHERE exp_e='12-22908415' AND c_asigna='344714' AND status IN ('0','3','B') [1][0] OK
C:[23/11/2018 10:55:01.18][172.17.115.60][1396] SELECT par_cod_asig1,par_cod_asig2,par_cod_asig3 FROM tblaca009 WHERE pensum='5' AND c_uni_ca='6' AND c_asigna='344812' [1][0] OK
C:[23/11/2018 10:55:01.18][172.17.115.60][1396] SELECT par_cod_asig1,par_cod_asig2,par_cod_asig3 FROM tblaca009 WHERE pensum='5' AND c_uni_ca='6' AND c_asigna='344843' [1][0] OK
C:[23/11/2018 10:55:01.18][172.17.115.60][1396] SELECT par_cod_asig1,par_cod_asig2,par_cod_asig3 FROM tblaca009 WHERE pensum='5' AND c_uni_ca='6' AND c_asigna='300956' [1][0] OK
C:[23/11/2018 10:55:01.18][172.17.115.60][1396] SELECT par_cod_asig1,par_cod_asig2,par_cod_asig3 FROM tblaca009 WHERE pensum='5' AND c_uni_ca='6' AND c_asigna='344046' [1][0] OK
C:[23/11/2018 10:55:01.18][172.17.115.60][1396] SELECT par_cod_asig1,par_cod_asig2,par_cod_asig3 FROM tblaca009 WHERE pensum='5' AND c_uni_ca='6' AND c_asigna='344948' [1][0] OK
C:[23/11/2018 10:55:01.18][172.17.115.60][1396] SELECT par_cod_asig1,par_cod_asig2,par_cod_asig3 FROM tblaca009 WHERE pensum='5' AND c_uni_ca='6' AND c_asigna='344953' [1][0] OK
C:[23/11/2018 10:55:01.18][172.17.115.60][1396] SELECT par_cod_asig1,par_cod_asig2,par_cod_asig3 FROM tblaca009 WHERE pensum='5' AND c_uni_ca='6' AND c_asigna='344965' [1][0] OK
C:[23/11/2018 10:55:02.08][172.17.115.60][1526] SELECT horas_lab FROM tblaca008 WHERE c_asigna='344812' AND horas_teoricas > 0 [1][0] OK
C:[23/11/2018 10:55:02.08][172.17.115.60][1526] SELECT horas_lab FROM tblaca008 WHERE c_asigna='344843' AND horas_teoricas > 0 [1][0] OK
C:[23/11/2018 10:55:02.08][172.17.115.60][1526] SELECT horas_lab FROM tblaca008 WHERE c_asigna='300956' AND horas_teoricas > 0 [1][0] OK
C:[23/11/2018 10:55:02.08][172.17.115.60][1526] SELECT horas_lab FROM tblaca008 WHERE c_asigna='344046' AND horas_teoricas > 0 [1][0] OK
C:[23/11/2018 10:55:02.08][172.17.115.60][1526] SELECT horas_lab FROM tblaca008 WHERE c_asigna='344948' AND horas_teoricas > 0 [1][0] OK
C:[23/11/2018 10:55:02.08][172.17.115.60][1526] SELECT horas_lab FROM tblaca008 WHERE c_asigna='344953' AND horas_teoricas > 0 [1][0] OK
C:[23/11/2018 10:55:02.08][172.17.115.60][1526] SELECT horas_lab FROM tblaca008 WHERE c_asigna='344965' AND horas_teoricas > 0 [1][0] OK
C:[27/11/2018 09:41:05.37][172.16.1.127][1352] SELECT pre_cod_asig1,pre_cod_asig2,pre_cod_asig3,pre_cod_asig4,pre_cod_asig5,pre_cod_asig6,pre_cod_asig7 FROM tblaca009 WHERE pensum='5' AND c_uni_ca='6' AND c_asigna='300313' [1][0] OK
C:[27/11/2018 09:41:05.37][172.16.1.127][1365] SELECT c_asigna FROM dace004 WHERE exp_e='15-27504446' AND c_asigna='300213' AND status IN ('0','3','B') [1][0] OK
C:[27/11/2018 09:41:05.37][172.16.1.127][1365] SELECT c_asigna FROM dace004 WHERE exp_e='15-27504446' AND c_asigna='300226' AND status IN ('0','3','B') [1][0] OK
C:[27/11/2018 09:41:05.37][172.16.1.127][1365] SELECT c_asigna FROM dace004 WHERE exp_e='15-27504446' AND c_asigna='300222' AND status IN ('0','3','B') [1][0] OK
C:[27/11/2018 09:41:05.37][172.16.1.127][1365] SELECT c_asigna FROM dace004 WHERE exp_e='15-27504446' AND c_asigna='300209' AND status IN ('0','3','B') [1][0] OK
C:[27/11/2018 09:41:05.37][172.16.1.127][1352] SELECT pre_cod_asig1,pre_cod_asig2,pre_cod_asig3,pre_cod_asig4,pre_cod_asig5,pre_cod_asig6,pre_cod_asig7 FROM tblaca009 WHERE pensum='5' AND c_uni_ca='6' AND c_asigna='300317' [1][0] OK
C:[27/11/2018 09:41:05.37][172.16.1.127][1365] SELECT c_asigna FROM dace004 WHERE exp_e='15-27504446' AND c_asigna='300207' AND status IN ('0','3','B') [1][0] OK
C:[27/11/2018 09:41:05.37][172.16.1.127][1365] SELECT c_asigna FROM dace004 WHERE exp_e='15-27504446' AND c_asigna='300209' AND status IN ('0','3','B') [1][0] OK
C:[27/11/2018 09:41:05.37][172.16.1.127][1352] SELECT pre_cod_asig1,pre_cod_asig2,pre_cod_asig3,pre_cod_asig4,pre_cod_asig5,pre_cod_asig6,pre_cod_asig7 FROM tblaca009 WHERE pensum='5' AND c_uni_ca='6' AND c_asigna='300318' [1][0] OK
C:[27/11/2018 09:41:05.37][172.16.1.127][1365] SELECT c_asigna FROM dace004 WHERE exp_e='15-27504446' AND c_asigna='300228' AND status IN ('0','3','B') [1][0] OK
C:[27/11/2018 09:41:05.37][172.16.1.127][1365] SELECT c_asigna FROM dace004 WHERE exp_e='15-27504446' AND c_asigna='300207' AND status IN ('0','3','B') [1][0] OK
C:[27/11/2018 09:41:05.37][172.16.1.127][1365] SELECT c_asigna FROM dace004 WHERE exp_e='15-27504446' AND c_asigna='300218' AND status IN ('0','3','B') [1][0] OK
C:[27/11/2018 09:41:05.87][172.16.1.127][1396] SELECT par_cod_asig1,par_cod_asig2,par_cod_asig3 FROM tblaca009 WHERE pensum='5' AND c_uni_ca='6' AND c_asigna='300313' [1][0] OK
C:[27/11/2018 09:41:05.87][172.16.1.127][1396] SELECT par_cod_asig1,par_cod_asig2,par_cod_asig3 FROM tblaca009 WHERE pensum='5' AND c_uni_ca='6' AND c_asigna='300317' [1][0] OK
C:[27/11/2018 09:41:05.87][172.16.1.127][1396] SELECT par_cod_asig1,par_cod_asig2,par_cod_asig3 FROM tblaca009 WHERE pensum='5' AND c_uni_ca='6' AND c_asigna='300318' [1][0] OK
C:[27/11/2018 09:41:05.27][172.16.1.127][1526] SELECT horas_lab FROM tblaca008 WHERE c_asigna='300313' AND horas_teoricas > 0 [1][0] OK
C:[27/11/2018 09:41:05.27][172.16.1.127][1526] SELECT horas_lab FROM tblaca008 WHERE c_asigna='300317' AND horas_teoricas > 0 [1][0] OK
C:[27/11/2018 09:41:05.27][172.16.1.127][1526] SELECT horas_lab FROM tblaca008 WHERE c_asigna='300318' AND horas_teoricas > 0 [1][0] OK
C:[27/11/2018 10:33:22.01][172.17.117.149][1352] SELECT pre_cod_asig1,pre_cod_asig2,pre_cod_asig3,pre_cod_asig4,pre_cod_asig5,pre_cod_asig6,pre_cod_asig7 FROM tblaca009 WHERE pensum='5' AND c_uni_ca='5' AND c_asigna='300112' [1][0] OK
C:[27/11/2018 10:33:22.15][172.17.117.149][1396] SELECT par_cod_asig1,par_cod_asig2,par_cod_asig3 FROM tblaca009 WHERE pensum='5' AND c_uni_ca='5' AND c_asigna='300112' [1][0] OK
C:[27/11/2018 10:33:22.29][172.17.117.149][1526] SELECT horas_lab FROM tblaca008 WHERE c_asigna='300112' AND horas_teoricas > 0 [1][0] OK
C:[27/11/2018 11:08:15.28][172.17.119.113][1352] SELECT pre_cod_asig1,pre_cod_asig2,pre_cod_asig3,pre_cod_asig4,pre_cod_asig5,pre_cod_asig6,pre_cod_asig7 FROM tblaca009 WHERE pensum='5' AND c_uni_ca='4' AND c_asigna='300207' [1][0] OK
C:[27/11/2018 11:08:15.28][172.17.119.113][1365] SELECT c_asigna FROM dace004 WHERE exp_e='17-27921925' AND c_asigna='300101' AND status IN ('0','3','B') [1][0] OK
C:[27/11/2018 11:08:15.28][172.17.119.113][1352] SELECT pre_cod_asig1,pre_cod_asig2,pre_cod_asig3,pre_cod_asig4,pre_cod_asig5,pre_cod_asig6,pre_cod_asig7 FROM tblaca009 WHERE pensum='5' AND c_uni_ca='4' AND c_asigna='300213' [1][0] OK
C:[27/11/2018 11:08:15.28][172.17.119.113][1365] SELECT c_asigna FROM dace004 WHERE exp_e='17-27921925' AND c_asigna='300101' AND status IN ('0','3','B') [1][0] OK
C:[27/11/2018 11:08:15.28][172.17.119.113][1352] SELECT pre_cod_asig1,pre_cod_asig2,pre_cod_asig3,pre_cod_asig4,pre_cod_asig5,pre_cod_asig6,pre_cod_asig7 FROM tblaca009 WHERE pensum='5' AND c_uni_ca='4' AND c_asigna='300222' [1][0] OK
C:[27/11/2018 11:08:15.28][172.17.119.113][1365] SELECT c_asigna FROM dace004 WHERE exp_e='17-27921925' AND c_asigna='300112' AND status IN ('0','3','B') [1][0] OK
C:[27/11/2018 11:08:15.28][172.17.119.113][1352] SELECT pre_cod_asig1,pre_cod_asig2,pre_cod_asig3,pre_cod_asig4,pre_cod_asig5,pre_cod_asig6,pre_cod_asig7 FROM tblaca009 WHERE pensum='5' AND c_uni_ca='4' AND c_asigna='300226' [1][0] OK
C:[27/11/2018 11:08:15.28][172.17.119.113][1365] SELECT c_asigna FROM dace004 WHERE exp_e='17-27921925' AND c_asigna='300116' AND status IN ('0','3','B') [1][0] OK
C:[27/11/2018 11:08:15.28][172.17.119.113][1352] SELECT pre_cod_asig1,pre_cod_asig2,pre_cod_asig3,pre_cod_asig4,pre_cod_asig5,pre_cod_asig6,pre_cod_asig7 FROM tblaca009 WHERE pensum='5' AND c_uni_ca='4' AND c_asigna='300314' [1][0] OK
C:[27/11/2018 11:08:15.28][172.17.119.113][1365] SELECT c_asigna FROM dace004 WHERE exp_e='17-27921925' AND c_asigna='300106' AND status IN ('0','3','B') [1][0] OK
C:[27/11/2018 11:08:16.52][172.17.119.113][1396] SELECT par_cod_asig1,par_cod_asig2,par_cod_asig3 FROM tblaca009 WHERE pensum='5' AND c_uni_ca='4' AND c_asigna='300207' [1][0] OK
C:[27/11/2018 11:08:16.52][172.17.119.113][1396] SELECT par_cod_asig1,par_cod_asig2,par_cod_asig3 FROM tblaca009 WHERE pensum='5' AND c_uni_ca='4' AND c_asigna='300213' [1][0] OK
C:[27/11/2018 11:08:16.52][172.17.119.113][1410] SELECT c_asigna FROM dace004 WHERE exp_e='17-27921925' AND c_asigna='300209' AND status IN ('0','3','B','C') [1][0] OK
C:[27/11/2018 11:08:16.52][172.17.119.113][1396] SELECT par_cod_asig1,par_cod_asig2,par_cod_asig3 FROM tblaca009 WHERE pensum='5' AND c_uni_ca='4' AND c_asigna='300222' [1][0] OK
C:[27/11/2018 11:08:16.52][172.17.119.113][1396] SELECT par_cod_asig1,par_cod_asig2,par_cod_asig3 FROM tblaca009 WHERE pensum='5' AND c_uni_ca='4' AND c_asigna='300226' [1][0] OK
C:[27/11/2018 11:08:16.52][172.17.119.113][1396] SELECT par_cod_asig1,par_cod_asig2,par_cod_asig3 FROM tblaca009 WHERE pensum='5' AND c_uni_ca='4' AND c_asigna='300314' [1][0] OK
C:[27/11/2018 11:08:16.32][172.17.119.113][1526] SELECT horas_lab FROM tblaca008 WHERE c_asigna='300207' AND horas_teoricas > 0 [1][0] OK
C:[27/11/2018 11:08:16.32][172.17.119.113][1526] SELECT horas_lab FROM tblaca008 WHERE c_asigna='300213' AND horas_teoricas > 0 [1][0] OK
C:[27/11/2018 11:08:16.32][172.17.119.113][1526] SELECT horas_lab FROM tblaca008 WHERE c_asigna='300222' AND horas_teoricas > 0 [1][0] OK
C:[27/11/2018 11:08:16.32][172.17.119.113][1526] SELECT horas_lab FROM tblaca008 WHERE c_asigna='300226' AND horas_teoricas > 0 [1][0] OK
C:[27/11/2018 11:08:16.32][172.17.119.113][1526] SELECT horas_lab FROM tblaca008 WHERE c_asigna='300314' AND horas_teoricas > 0 [0][0] OK
